******************************************************************************
               TMS320C6x Linker PC v8.2.2                      
******************************************************************************
>> Linked Wed Apr  3 19:33:59 2019

OUTPUT FILE NAME:   <Lab6.out>
ENTRY POINT SYMBOL: "_c_int00"  address: 11819fe0


MEMORY CONFIGURATION

         name            origin    length      used     unused   attr    fill
----------------------  --------  ---------  --------  --------  ----  --------
  IROM                  11700000   00100000  00000000  00100000  R  X
  IRAM                  11800000   00038000  0002c876  0000b78a  RW X
  L3_CBA_RAM            80000000   00020000  00000000  00020000  RW X
  DDR                   c3000000   01000000  00000000  01000000  RW X


SEGMENT ALLOCATION MAP

run origin  load origin   length   init length attrs members
----------  ----------- ---------- ----------- ----- -------
11800000    11800000    0001d580   0001d580    r-x
  11800000    11800000    0001d560   0001d560    r-x .text
  1181d560    1181d560    00000020   00000020    r-- .const.1
1181d580    1181d580    00008d30   00000000    rw-
  1181d580    1181d580    00008d30   00000000    rw- .far.1
118262b0    118262b0    00000050   00000050    r--
  118262b0    118262b0    00000050   00000050    r-- .const.2
11826300    11826300    00000068   00000000    rw-
  11826300    11826300    00000068   00000000    rw- .far.2
11826368    11826368    0000268e   0000268e    r--
  11826368    11826368    0000268e   0000268e    r-- .const.3
118289f8    118289f8    000030df   00000000    rw-
  118289f8    118289f8    00002000   00000000    rw- .stack
  1182a9f8    1182a9f8    00000dd4   00000000    rw- .fardata
  1182b7cc    1182b7cc    0000006c   00000000    rw- .bss
  1182b838    1182b838    0000029f   00000000    rw- .neardata
1182bad8    1182bad8    0000002c   00000000    r--
  1182bad8    1182bad8    0000002c   00000000    r-- .rodata
1182bb04    1182bb04    000000e4   000000e4    r--
  1182bb04    1182bb04    000000e4   000000e4    r-- .switch
1182bc00    1182bc00    00000200   00000200    r-x
  1182bc00    1182bc00    00000200   00000200    r-x .vecs
1182be00    1182be00    00000120   00000000    rw-
  1182be00    1182be00    00000120   00000000    rw- .cio
1182bf20    1182bf20    00000970   00000970    r--
  1182bf20    1182bf20    00000970   00000970    r-- .cinit


SECTION ALLOCATION MAP

 output                                  attributes/
section   page    origin      length       input sections
--------  ----  ----------  ----------   ----------------
.stack     0    118289f8    00002000     UNINITIALIZED
                  118289f8    00000008     boot.ae674 : boot.oe674 (.stack)
                  11828a00    00001ff8     --HOLE--

.bss       0    1182b7cc    0000006c     UNINITIALIZED
                  1182b7cc    00000004     evmomapl138_bsl.lib : evmomapl138_i2c.obj (.bss)
                  1182b7d0    00000004     (.common:EDMA3_0_Regs)
                  1182b7d4    00000004     (.common:EDMA3_1_Regs)
                  1182b7d8    00000004     (.common:Image_data)
                  1182b7dc    00000004     (.common:LCD_Image)
                  1182b7e0    00000004     (.common:LCD_mem)
                  1182b7e4    00000004     (.common:Linux_Image)
                  1182b7e8    00000004     (.common:Thres_Image)
                  1182b7ec    00000004     (.common:blue)
                  1182b7f0    00000004     (.common:c)
                  1182b7f4    00000004     (.common:cbar)
                  1182b7f8    00000004     (.common:current)
                  1182b7fc    00000004     (.common:delta)
                  1182b800    00000004     (.common:green)
                  1182b804    00000004     (.common:hue)
                  1182b808    00000004     (.common:index)
                  1182b80c    00000004     (.common:k)
                  1182b810    00000004     (.common:largest_num_pixels)
                  1182b814    00000004     (.common:largest_object)
                  1182b818    00000004     (.common:min)
                  1182b81c    00000004     (.common:pic_data)
                  1182b820    00000004     (.common:ptrshrdmem)
                  1182b824    00000004     (.common:r)
                  1182b828    00000004     (.common:rbar)
                  1182b82c    00000004     (.common:red)
                  1182b830    00000004     (.common:sat)
                  1182b834    00000004     (.common:value)

.neardata 
*          0    1182b838    0000029f     UNINITIALIZED
                  1182b838    000000fc     user_Lab6.obj (.neardata)
                  1182b934    00000084     ColorVision.obj (.neardata)
                  1182b9b8    00000080     COECSL_edma3.obj (.neardata)
                  1182ba38    00000068     Ladar.obj (.neardata)
                  1182baa0    00000028     COECSL_mcbsp.obj (.neardata)
                  1182bac8    00000008     LCDprintf.obj (.neardata)
                  1182bad0    00000007     ColorLCD.obj (.neardata)

.rodata    0    1182bad8    0000002c     UNINITIALIZED
                  1182bad8    0000002c     Lab6_pe674.oe674 (.rodata)

.cinit     0    1182bf20    00000970     
                  1182bf20    0000087b     (.cinit..fardata.load) [load image, compression = rle]
                  1182c79b    0000006d     (.cinit..neardata.load) [load image, compression = rle]
                  1182c808    00000032     (.cinit..rodata.load) [load image, compression = rle]
                  1182c83a    0000000b     (.cinit..far.1.load) [load image, compression = rle]
                  1182c845    00000009     (.cinit..bss.load) [load image, compression = rle]
                  1182c84e    00000009     (.cinit..far.2.load) [load image, compression = rle]
                  1182c857    00000001     --HOLE-- [fill = 0]
                  1182c858    00000008     (__TI_handler_table)
                  1182c860    00000030     (__TI_cinit_table)

.init_array 
*          0    11800000    00000000     UNINITIALIZED

.vecs      0    1182bc00    00000200     
                  1182bc00    00000200     Lab6_pe674.oe674 (.vecs)

xdc.meta   0    11800000    00000108     COPY SECTION
                  11800000    00000108     Lab6_pe674.oe674 (xdc.meta)

.text      0    11800000    0001d560     
                  11800000    000023e0     user_Lab6.obj (.text)
                  118023e0    00001f20     Ladar.obj (.text)
                  11804300    00001ce0     rts6740_elf.lib : _printfi.obj (.text:__TI_printfi)
                  11805fe0    00001a80                     : _scanfi.obj (.text:__TI_scanfi)
                  11807a60    000012e0     ColorVision.obj (.text)
                  11808d40    00000fe0     evmomapl138_bsl.lib : evmomapl138.obj (.text)
                  11809d20    00000960     ColorLCD.obj (.text)
                  1180a680    000008a0     ti.targets.rts6000.ae674 : System.oe674 (.text:xdc_runtime_System_doPrint__I)
                  1180af20    00000780     evmomapl138_bsl.lib : evmomapl138_vpif.obj (.text)
                  1180b6a0    00000780     sysbios.ae674 : BIOS.obj (.text:ti_sysbios_family_c64p_Exception_handler__I)
                  1180be20    00000680     COECSL_mcbsp.obj (.text)
                  1180c4a0    00000680     rts6740_elf.lib : _printfi.obj (.text:_pconv_a)
                  1180cb20    000005c0                     : divd.obj (.text:__c6xabi_divd)
                  1180d0e0    00000560     evmomapl138_bsl.lib : evmomapl138_i2c.obj (.text)
                  1180d640    00000540                         : evmomapl138_i2c_gpio.obj (.text)
                  1180db80    00000540                         : evmomapl138_uart.obj (.text)
                  1180e0c0    00000500     rts6740_elf.lib : _printfi.obj (.text:_pconv_g)
                  1180e5c0    000004e0                     : strtod.obj (.text:strtod)
                  1180eaa0    000004c0     COECSL_edma3.obj (.text)
                  1180ef60    000004a0     evmomapl138_bsl.lib : evmomapl138_spi.obj (.text)
                  1180f400    000004a0     rts6740_elf.lib : strtoll.obj (.text:strtoll)
                  1180f8a0    00000480     evmomapl138_bsl.lib : evmomapl138_gpio.obj (.text)
                  1180fd20    00000440     rts6740_elf.lib : strtoull.obj (.text:strtoull)
                  11810160    00000420                     : _printfi.obj (.text:_pconv_e)
                  11810580    000003e0                     : fputs.obj (.text:fputs)
                  11810960    000003c0     sysbios.ae674 : BIOS.obj (.text:ti_sysbios_timers_timer64_Timer_Module_startup__E)
                  11810d20    000003a0     rts6740_elf.lib : strtol.obj (.text:strtol)
                  118110c0    00000360                     : fmodf.obj (.text:fmodf)
                  11811420    00000340     sysbios.ae674 : BIOS.obj (.text:ti_sysbios_knl_Semaphore_pend__E)
                  11811760    00000340                   : BIOS.obj (.text:ti_sysbios_timers_timer64_Timer_deviceConfig__I)
                  11811aa0    00000340     Lab6_pe674.oe674 (.text:xdc_runtime_System_printfExtend__I)
                  11811de0    00000320     rts6740_elf.lib : cos.obj (.text:cos)
                  11812100    00000300                     : strtoul.obj (.text:strtoul)
                  11812400    000002e0                     : sin.obj (.text:sin)
                  118126e0    000002e0     sysbios.ae674 : BIOS.obj (.text:ti_sysbios_timers_timer64_Timer_setPeriodMicroSecs__E)
                  118129c0    000002c0     ti.targets.rts6000.ae674 : LoggerBuf.oe674 (.text:xdc_runtime_LoggerBuf_write8__E)
                  11812c80    000002a0     rts6740_elf.lib : divf.obj (.text:__c6xabi_divf)
                  11812f20    000002a0                     : _printfi.obj (.text:_pconv_f)
                  118131c0    000002a0                     : _printfi.obj (.text:fcvt)
                  11813460    00000280                     : cosf.obj (.text:cosf)
                  118136e0    00000260                     : imath64.obj (.text:__c6xabi_divull)
                  11813940    00000260                     : sinf.obj (.text:sinf)
                  11813ba0    00000260     ti.targets.rts6000.ae674 : Startup.oe674 (.text:xdc_runtime_Startup_startMods__I)
                  11813e00    00000240     sysbios.ae674 : BIOS.obj (.text:ti_sysbios_family_c64p_Exception_internalHandler__I)
                  11814040    00000220     rts6740_elf.lib : fputc.obj (.text:fputc)
                  11814260    00000220                     : setvbuf.obj (.text:setvbuf)
                  11814480    00000200                     : _printfi.obj (.text:_ltostr)
                  11814680    00000200     sysbios.ae674 : c64p_Hwi_disp_always.obj (.text:_ti_sysbios_family_c64p_Hwi_dispatchAlways)
                  11814880    00000200     ti.targets.rts6000.ae674 : Error.oe674 (.text:xdc_runtime_Error_policyDefault__E)
                  11814a80    000001e0     sysbios.ae674 : BIOS.obj (.text:ti_sysbios_family_c64p_Cache_block__I)
                  11814c60    000001e0     ti.targets.rts6000.ae674 : LoggerBuf.oe674 (.text:xdc_runtime_LoggerBuf_write4__E)
                  11814e40    000001e0                              : Text.oe674 (.text:xdc_runtime_Text_putSite__E)
                  11815020    000001c0     rts6740_elf.lib : imath40.obj (.text:__c6xabi_divul)
                  118151e0    000001c0                     : frexp.obj (.text:frexp)
                  118153a0    000001c0     sysbios.ae674 : BIOS.obj (.text:ti_sysbios_heaps_HeapMem_alloc__E)
                  11815560    000001c0                   : BIOS.obj (.text:ti_sysbios_knl_Task_checkStacks__E)
                  11815720    000001a0     rts6740_elf.lib : hostrename.obj (.text:HOSTrename)
                  118158c0    000001a0     LCDprintf.obj (.text)
                  11815a60    000001a0     rts6740_elf.lib : _scanfi.obj (.text:_sproc_str)
                  11815c00    000001a0                     : frexpf.obj (.text:frexpf)
                  11815da0    000001a0     sysbios.ae674 : BIOS.obj (.text:ti_sysbios_family_c64p_Cache_getL2InitSize__I)
                  11815f40    000001a0                   : BIOS.obj (.text:ti_sysbios_timers_timer64_Timer_start__E)
                  118160e0    00000180     evmomapl138_bsl.lib : evmomapl138_timer.obj (.text)
                  11816260    00000180     rts6740_elf.lib : ldexp.obj (.text:ldexp)
                  118163e0    00000180                     : ldexpf.obj (.text:ldexpf)
                  11816560    00000180     sysbios.ae674 : c64p_Exception_asm.obj (.text)
                  118166e0    00000180                   : BIOS.obj (.text:ti_sysbios_knl_Task_sleep__E)
                  11816860    00000160                   : BIOS.obj (.text:ti_sysbios_heaps_HeapMem_free__E)
                  118169c0    00000160     ti.targets.rts6000.ae674 : Text.oe674 (.text:xdc_runtime_Text_putMod__E)
                  11816b20    00000140     rts6740_elf.lib : fclose.obj (.text:__TI_closefile)
                  11816c60    00000140                     : sscanf.obj (.text:_chkmbc)
                  11816da0    00000140                     : getdevice.obj (.text:getdevice)
                  11816ee0    00000140     sysbios.ae674 : BIOS.obj (.text:ti_sysbios_family_c64p_Cache_Module_startup__E)
                  11817020    00000140                   : BIOS.obj (.text:ti_sysbios_family_c64p_Cache_getL1DInitSize__I)
                  11817160    00000140                   : BIOS.obj (.text:ti_sysbios_family_c64p_Cache_getL1PInitSize__I)
                  118172a0    00000140                   : BIOS.obj (.text:ti_sysbios_knl_Task_postInit__I)
                  118173e0    00000140     ti.targets.rts6000.ae674 : LoggerBuf.oe674 (.text:xdc_runtime_LoggerBuf_setFilterLevel__E)
                  11817520    00000140                              : Text.oe674 (.text:xdc_runtime_Text_putLab__E)
                  11817660    00000120     boot.ae674 : autoinit.oe674 (.text:_auto_init_elf)
                  11817780    00000120     rts6740_elf.lib : fseek.obj (.text:fseek)
                  118178a0    00000120     sysbios.ae674 : BIOS.obj (.text:ti_sysbios_family_c64p_Hwi_Module_startup__E)
                  118179c0    00000120                   : BIOS.obj (.text:ti_sysbios_knl_Clock_workFunc__E)
                  11817ae0    00000120     ti.targets.rts6000.ae674 : LoggerBuf.oe674 (.text:xdc_runtime_LoggerBuf_getFilterLevel__E)
                  11817c00    00000100     rts6740_elf.lib : copy_decompress_rle.obj (.text:__TI_decompress_rle_core)
                  11817d00    00000100                     : _io_perm.obj (.text:__TI_wrt_ok)
                  11817e00    00000100                     : atoi.obj (.text:atoi)
                  11817f00    00000100     pru.obj (.text)
                  11818000    00000100     sysbios.ae674 : BIOS.obj (.text:ti_sysbios_knl_Swi_restoreHwi__E)
                  11818100    00000100                   : BIOS.obj (.text:ti_sysbios_timers_timer64_Timer_initDevice__I)
                  11818200    00000100     ti.targets.rts6000.ae674 : Error.oe674 (.text:xdc_runtime_Error_print__E)
                  11818300    00000100                              : Memory.oe674 (.text:xdc_runtime_Memory_alloc__E)
                  11818400    00000100                              : Startup.oe674 (.text:xdc_runtime_Startup_exec__E)
                  11818500    000000e0     rts6740_elf.lib : hostlseek.obj (.text:HOSTlseek)
                  118185e0    000000e0                     : hostopen.obj (.text:HOSTopen)
                  118186c0    000000e0                     : hostwrite.obj (.text:HOSTwrite)
                  118187a0    000000e0                     : divi.obj (.text:__divi)
                  11818880    000000e0                     : close.obj (.text:close)
                  11818960    000000e0                     : exit.obj (.text:exit)
                  11818a40    000000e0                     : ltoa.obj (.text:ltoa)
                  11818b20    000000e0                     : memset.obj (.text:memset)
                  11818c00    000000e0                     : printf.obj (.text:printf)
                  11818ce0    000000e0     sysbios.ae674 : BIOS.obj (.text:ti_sysbios_knl_Swi_runLoop__I)
                  11818dc0    000000e0                   : BIOS.obj (.text:ti_sysbios_knl_Task_Module_startup__E)
                  11818ea0    000000e0                   : BIOS.obj (.text:ti_sysbios_knl_Task_exit__E)
                  11818f80    000000e0                   : BIOS.obj (.text:ti_sysbios_knl_Task_schedule__I)
                  11819060    000000e0                   : BIOS.obj (.text:ti_sysbios_timers_timer64_Timer_startup__E)
                  11819140    000000e0     ti.targets.rts6000.ae674 : Text.oe674 (.text:xdc_runtime_Text_visitRope2__I)
                  11819220    000000c0     rts6740_elf.lib : hostread.obj (.text:HOSTread)
                  118192e0    000000c0                     : hostunlink.obj (.text:HOSTunlink)
                  118193a0    000000c0                     : fflush.obj (.text:__TI_doflush)
                  11819460    000000c0                     : divu.obj (.text:__divu)
                  11819520    000000c0                     : _printfi.obj (.text:_ecpy)
                  118195e0    000000c0     sysbios.ae674 : BIOS.obj (.text:ti_sysbios_family_c64p_Hwi_dispatchCore__I)
                  118196a0    000000c0                   : BIOS.obj (.text:ti_sysbios_heaps_HeapMem_getStats__E)
                  11819760    000000c0                   : BIOS.obj (.text:ti_sysbios_knl_Semaphore_post__E)
                  11819820    000000c0                   : BIOS.obj (.text:ti_sysbios_knl_Swi_run__I)
                  118198e0    000000c0                   : BIOS.obj (.text:ti_sysbios_knl_Swi_schedule__I)
                  118199a0    000000c0                   : BIOS.obj (.text:ti_sysbios_knl_Task_startCore__E)
                  11819a60    000000c0     rts6740_elf.lib : tls.obj (.text:tls:init:__TI_tls_init)
                  11819b20    000000c0     ti.targets.rts6000.ae674 : Error.oe674 (.text:xdc_runtime_Error_setX__E)
                  11819be0    000000c0                              : SysMin.oe674 (.text:xdc_runtime_SysMin_abort__E)
                  11819ca0    000000c0                              : SysMin.oe674 (.text:xdc_runtime_SysMin_flush__E)
                  11819d60    000000a0     rts6740_elf.lib : hostclose.obj (.text:HOSTclose)
                  11819e00    000000a0                     : fopen.obj (.text:__TI_cleanup)
                  11819ea0    000000a0                     : round.obj (.text:__c6xabi_nround)
                  11819f40    000000a0                     : remu.obj (.text:__remu)
                  11819fe0    000000a0     boot.ae674 : boot.oe674 (.text:_c_int00)
                  1181a080    000000a0     rts6740_elf.lib : memcpy64.obj (.text:memcpy)
                  1181a120    000000a0                     : modf.obj (.text:modf)
                  1181a1c0    000000a0     sysbios.ae674 : BIOS.obj (.text:ti_sysbios_family_c64p_Exception_Module_startup__E)
                  1181a260    000000a0                   : BIOS.obj (.text:ti_sysbios_family_c64p_Hwi_eventMap__E)
                  1181a300    000000a0                   : BIOS.obj (.text:ti_sysbios_family_c64p_Hwi_getStackInfo__E)
                  1181a3a0    000000a0                   : BIOS.obj (.text:ti_sysbios_gates_GateMutex_enter__E)
                  1181a440    000000a0                   : BIOS.obj (.text:ti_sysbios_heaps_HeapMem_init__I)
                  1181a4e0    000000a0                   : BIOS.obj (.text:ti_sysbios_knl_Task_allBlockedFunction__I)
                  1181a580    000000a0                   : BIOS.obj (.text:ti_sysbios_timers_timer64_Timer_stop__E)
                  1181a620    000000a0     ti.targets.rts6000.ae674 : SysMin.oe674 (.text:xdc_runtime_SysMin_putch__E)
                  1181a6c0    000000a0                              : System.oe674 (.text:xdc_runtime_System_formatNum__I)
                  1181a760    000000a0                              : System.oe674 (.text:xdc_runtime_System_putchar__I)
                  1181a800    000000a0                              : Text.oe674 (.text:xdc_runtime_Text_printVisFxn__I)
                  1181a8a0    000000a0                              : Text.oe674 (.text:xdc_runtime_Text_xprintf__I)
                  1181a940    00000080     rts6740_elf.lib : trgmsg.obj (.text:__TI_readmsg)
                  1181a9c0    00000080                     : llshift.obj (.text:__c6xabi_llshl)
                  1181aa40    00000080                     : roundf.obj (.text:__c6xabi_roundf)
                  1181aac0    00000080     sysbios.ae674 : c62_TaskSupport_asm.obj (.text:_ti_sysbios_family_c62_TaskSupport_swap__E)
                  1181ab40    00000080     rts6740_elf.lib : getdevice.obj (.text:finddevice)
                  1181abc0    00000080     sysbios.ae674 : BIOS.obj (.text:ti_sysbios_family_c64p_Cache_wait__E)
                  1181ac40    00000080                   : BIOS.obj (.text:ti_sysbios_hal_Hwi_checkStack)
                  1181acc0    00000080                   : BIOS.obj (.text:ti_sysbios_hal_Hwi_initStack)
                  1181ad40    00000080                   : BIOS.obj (.text:ti_sysbios_knl_Idle_run__E)
                  1181adc0    00000080                   : BIOS.obj (.text:ti_sysbios_knl_Swi_post__E)
                  1181ae40    00000080                   : BIOS.obj (.text:ti_sysbios_knl_Swi_startup__E)
                  1181aec0    00000080                   : BIOS.obj (.text:ti_sysbios_knl_Task_processVitalTaskFlag__I)
                  1181af40    00000080                   : BIOS.obj (.text:ti_sysbios_knl_Task_restoreHwi__E)
                  1181afc0    00000080                   : BIOS.obj (.text:ti_sysbios_knl_Task_restore__E)
                  1181b040    00000080     Lab6_pe674.oe674 (.text:ti_sysbios_rts_MemAlloc_alloc)
                  1181b0c0    00000080     rts6740_elf.lib : unlink.obj (.text:unlink)
                  1181b140    00000080     ti.targets.rts6000.ae674 : LoggerBuf.oe674 (.text:xdc_runtime_LoggerBuf_Module_startup__E)
                  1181b1c0    00000080                              : LoggerBuf.oe674 (.text:xdc_runtime_LoggerBuf_filterOutEvent__I)
                  1181b240    00000080                              : System.oe674 (.text:xdc_runtime_System_atexit__E)
                  1181b2c0    00000080                              : System.oe674 (.text:xdc_runtime_System_avprintf__E)
                  1181b340    00000080                              : System.oe674 (.text:xdc_runtime_System_processAtExit__E)
                  1181b3c0    00000080                              : System.oe674 (.text:xdc_runtime_System_vprintf__E)
                  1181b440    00000060     rts6740_elf.lib : trgmsg.obj (.text:__TI_writemsg)
                  1181b4a0    00000060                     : llshift.obj (.text:__c6xabi_llshru)
                  1181b500    00000060                     : imath64.obj (.text:__c6xabi_remull)
                  1181b560    00000060                     : imath64.obj (.text:_subcull)
                  1181b5c0    00000060     sysbios.ae674 : c64p_Hwi_asm_switch.obj (.text:_ti_sysbios_family_c64p_Hwi_switchAndDispatch__I)
                  1181b620    00000060                   : c64p_Hwi_asm_switch.obj (.text:_ti_sysbios_family_xxx_Hwi_switchAndRunFunc)
                  1181b680    00000060     rts6740_elf.lib : lseek.obj (.text:lseek)
                  1181b6e0    00000060                     : memccpy.obj (.text:memccpy)
                  1181b740    00000060                     : modff.obj (.text:modff)
                  1181b7a0    00000060                     : sprintf.obj (.text:sprintf)
                  1181b800    00000060                     : sscanf.obj (.text:sscanf)
                  1181b860    00000060                     : _scanfi.obj (.text:strrchr)
                  1181b8c0    00000060     Lab6_pe674.oe674 (.text:ti_sysbios_BIOS_atExitFunc__I)
                  1181b920    00000060     Lab6_pe674.oe674 (.text:ti_sysbios_BIOS_errorRaiseHook__I)
                  1181b980    00000060     Lab6_pe674.oe674 (.text:ti_sysbios_BIOS_rtsLock__I)
                  1181b9e0    00000060     Lab6_pe674.oe674 (.text:ti_sysbios_BIOS_rtsUnlock__I)
                  1181ba40    00000060     sysbios.ae674 : BIOS.obj (.text:ti_sysbios_family_c62_TaskSupport_start__E)
                  1181baa0    00000060                   : BIOS.obj (.text:ti_sysbios_family_c64p_Cache_marInit__I)
                  1181bb00    00000060                   : BIOS.obj (.text:ti_sysbios_family_c64p_Cache_setMar__E)
                  1181bb60    00000060     Lab6_pe674.oe674 (.text:ti_sysbios_heaps_HeapMem_Object__get__S)
                  1181bbc0    00000060     sysbios.ae674 : BIOS.obj (.text:ti_sysbios_knl_Clock_Module_startup__E)
                  1181bc20    00000060     Lab6_pe674.oe674 (.text:ti_sysbios_knl_Clock_doTick__I)
                  1181bc80    00000060     sysbios.ae674 : BIOS.obj (.text:ti_sysbios_knl_Semaphore_pendTimeout__I)
                  1181bce0    00000060                   : BIOS.obj (.text:ti_sysbios_knl_Swi_Module_startup__E)
                  1181bd40    00000060     Lab6_pe674.oe674 (.text:ti_sysbios_knl_Swi_Object__get__S)
                  1181bda0    00000060     Lab6_pe674.oe674 (.text:ti_sysbios_knl_Task_Object__get__S)
                  1181be00    00000060     sysbios.ae674 : BIOS.obj (.text:ti_sysbios_knl_Task_enter__I)
                  1181be60    00000060                   : BIOS.obj (.text:ti_sysbios_knl_Task_unblockI__E)
                  1181bec0    00000060     rts6740_elf.lib : write.obj (.text:write)
                  1181bf20    00000060     Lab6_pe674.oe674 (.text:xdc_runtime_LoggerBuf_Object__get__S)
                  1181bf80    00000060     ti.targets.rts6000.ae674 : LoggerBuf.oe674 (.text:xdc_runtime_LoggerBuf_reset__E)
                  1181bfe0    00000060     Lab6_pe674.oe674 (.text:xdc_runtime_SysMin_output__I)
                  1181c040    00000040     rts6740_elf.lib : frcmpyd_div.obj (.text:__TI_frcmpyd_div)
                  1181c080    00000040                     : isinf.obj (.text:__c6xabi_isinf)
                  1181c0c0    00000040                     : _printfi.obj (.text:__c6xabi_isnan)
                  1181c100    00000040                     : args_main.obj (.text:_args_main)
                  1181c140    00000040                     : sprintf.obj (.text:_outs)
                  1181c180    00000040                     : vsprintf.obj (.text:_outs)
                  1181c1c0    00000040     sysbios.ae674 : c62_TaskSupport_asm.obj (.text:_ti_sysbios_family_c62_TaskSupport_buildTaskStack)
                  1181c200    00000040     Lab6_pe674.oe674 (.text:free)
                  1181c240    00000040     Lab6_pe674.oe674 (.text:ti_sysbios_BIOS_exitFunc__I)
                  1181c280    00000040     Lab6_pe674.oe674 (.text:ti_sysbios_BIOS_registerRTSLock__I)
                  1181c2c0    00000040     Lab6_pe674.oe674 (.text:ti_sysbios_BIOS_removeRTSLock__I)
                  1181c300    00000040     Lab6_pe674.oe674 (.text:ti_sysbios_BIOS_startFunc__I)
                  1181c340    00000040     Lab6_pe674.oe674 (.text:ti_sysbios_family_c64p_Hwi_Module__startupDone__F)
                  1181c380    00000040     sysbios.ae674 : BIOS.obj (.text:ti_sysbios_family_c64p_Hwi_disableInterrupt__E)
                  1181c3c0    00000040                   : BIOS.obj (.text:ti_sysbios_family_c64p_Hwi_dispatchC__I)
                  1181c400    00000040                   : BIOS.obj (.text:ti_sysbios_family_c64p_Hwi_enableInterrupt__E)
                  1181c440    00000040                   : BIOS.obj (.text:ti_sysbios_family_c64p_primus_TimerSupport_enable__E)
                  1181c480    00000040                   : BIOS.obj (.text:ti_sysbios_gates_GateMutex_leave__E)
                  1181c4c0    00000040     Lab6_pe674.oe674 (.text:ti_sysbios_hal_Hwi_HwiProxy_getStackInfo__E)
                  1181c500    00000040     Lab6_pe674.oe674 (.text:ti_sysbios_knl_Clock_Module_State_clockQ)
                  1181c540    00000040     Lab6_pe674.oe674 (.text:ti_sysbios_knl_Queue_Object__get__S)
                  1181c580    00000040     Lab6_pe674.oe674 (.text:ti_sysbios_timers_timer64_Timer_Module__startupDone__F)
                  1181c5c0    00000040     rts6740_elf.lib : vsprintf.obj (.text:vsprintf)
                  1181c600    00000040     ti.targets.rts6000.ae674 : Error.oe674 (.text:xdc_runtime_Error_check__E)
                  1181c640    00000040                              : Error.oe674 (.text:xdc_runtime_Error_init__E)
                  1181c680    00000040     Lab6_pe674.oe674 (.text:xdc_runtime_IHeap_alloc)
                  1181c6c0    00000040     Lab6_pe674.oe674 (.text:xdc_runtime_IHeap_free)
                  1181c700    00000040     ti.targets.rts6000.ae674 : LoggerBuf.oe674 (.text:xdc_runtime_LoggerBuf_write0__E)
                  1181c740    00000040                              : LoggerBuf.oe674 (.text:xdc_runtime_LoggerBuf_write1__E)
                  1181c780    00000040                              : LoggerBuf.oe674 (.text:xdc_runtime_LoggerBuf_write2__E)
                  1181c7c0    00000040                              : Registry.oe674 (.text:xdc_runtime_Registry_findById__E)
                  1181c800    00000040     Lab6_pe674.oe674 (.text:xdc_runtime_Startup_exec__I)
                  1181c840    00000040     ti.targets.rts6000.ae674 : SysMin.oe674 (.text:xdc_runtime_SysMin_Module_startup__E)
                  1181c880    00000040                              : SysMin.oe674 (.text:xdc_runtime_SysMin_exit__E)
                  1181c8c0    00000040                              : System.oe674 (.text:xdc_runtime_System_abort__E)
                  1181c900    00000040     Lab6_pe674.oe674 (.text:xdc_runtime_System_aprintf__E)
                  1181c940    00000040     ti.targets.rts6000.ae674 : System.oe674 (.text:xdc_runtime_System_exit__E)
                  1181c980    00000040     Lab6_pe674.oe674 (.text:xdc_runtime_System_printf__E)
                  1181c9c0    00000040     Lab6_pe674.oe674 (.text:xdc_runtime_Text_visitRope__I)
                  1181ca00    00000020     rts6740_elf.lib : errno.obj (.text:__c6xabi_errno_addr)
                  1181ca20    00000020                     : trunc.obj (.text:__c6xabi_trunc)
                  1181ca40    00000020                     : truncf.obj (.text:__c6xabi_truncf)
                  1181ca60    00000020                     : sscanf.obj (.text:_inpchar)
                  1181ca80    00000020                     : _lock.obj (.text:_nop)
                  1181caa0    00000020                     : printf.obj (.text:_outc)
                  1181cac0    00000020                     : sprintf.obj (.text:_outc)
                  1181cae0    00000020                     : vsprintf.obj (.text:_outc)
                  1181cb00    00000020                     : printf.obj (.text:_outs)
                  1181cb20    00000020                     : _lock.obj (.text:_register_lock)
                  1181cb40    00000020                     : _lock.obj (.text:_register_unlock)
                  1181cb60    00000020     sysbios.ae674 : c62_TaskSupport_asm.obj (.text:_ti_sysbios_family_c62_TaskSupport_glue)
                  1181cb80    00000020     rts6740_elf.lib : sscanf.obj (.text:_uninpchar)
                  1181cba0    00000020                     : exit.obj (.text:abort)
                  1181cbc0    00000020                     : copy_decompress_none.obj (.text:decompress:none:__TI_decompress_none)
                  1181cbe0    00000020                     : copy_decompress_rle.obj (.text:decompress:rle24:__TI_decompress_rle24)
                  1181cc00    00000020     Lab6_pe674.oe674 (.text:malloc)
                  1181cc20    00000020     Lab6_pe674.oe674 (.text:ti_sysbios_BIOS_RtsGateProxy_enter__E)
                  1181cc40    00000020     Lab6_pe674.oe674 (.text:ti_sysbios_BIOS_RtsGateProxy_leave__E)
                  1181cc60    00000020     sysbios.ae674 : BIOS.obj (.text:ti_sysbios_BIOS_linkedWithIncorrectBootLibrary__E)
                  1181cc80    00000020     Lab6_pe674.oe674 (.text:ti_sysbios_BIOS_nullFunc__I)
                  1181cca0    00000020     sysbios.ae674 : BIOS.obj (.text:ti_sysbios_BIOS_setThreadType__E)
                  1181ccc0    00000020                   : BIOS.obj (.text:ti_sysbios_BIOS_start__E)
                  1181cce0    00000020     Lab6_pe674.oe674 (.text:ti_sysbios_family_c62_TaskSupport_Module__startupDone__S)
                  1181cd00    00000020     sysbios.ae674 : BIOS.obj (.text:ti_sysbios_family_c62_TaskSupport_checkStack__E)
                  1181cd20    00000020                   : BIOS.obj (.text:ti_sysbios_family_c64p_Cache_inv__E)
                  1181cd40    00000020                   : BIOS.obj (.text:ti_sysbios_family_c64p_Cache_wb__E)
                  1181cd60    00000020     Lab6_pe674.oe674 (.text:ti_sysbios_family_c64p_Hwi_Module__startupDone__S)
                  1181cd80    00000020     sysbios.ae674 : BIOS.obj (.text:ti_sysbios_family_c64p_Hwi_clearInterrupt__E)
                  1181cda0    00000020                   : BIOS.obj (.text:ti_sysbios_family_c64p_Hwi_startup__E)
                  1181cdc0    00000020                   : BIOS.obj (.text:ti_sysbios_family_c64p_Hwi_switchFromBootStack__E)
                  1181cde0    00000020                   : BIOS.obj (.text:ti_sysbios_family_c64p_TimestampProvider_Module_startup__E)
                  1181ce00    00000020                   : BIOS.obj (.text:ti_sysbios_family_c64p_TimestampProvider_get64__E)
                  1181ce20    00000020                   : BIOS.obj (.text:ti_sysbios_gates_GateHwi_enter__E)
                  1181ce40    00000020                   : BIOS.obj (.text:ti_sysbios_gates_GateHwi_leave__E)
                  1181ce60    00000020                   : BIOS.obj (.text:ti_sysbios_gates_GateHwi_query__E)
                  1181ce80    00000020                   : BIOS.obj (.text:ti_sysbios_gates_GateMutex_query__E)
                  1181cea0    00000020     Lab6_pe674.oe674 (.text:ti_sysbios_hal_Hwi_HwiProxy_Module__startupDone__S)
                  1181cec0    00000020     Lab6_pe674.oe674 (.text:ti_sysbios_hal_Hwi_HwiProxy_clearInterrupt__E)
                  1181cee0    00000020     Lab6_pe674.oe674 (.text:ti_sysbios_hal_Hwi_HwiProxy_disableInterrupt__E)
                  1181cf00    00000020     Lab6_pe674.oe674 (.text:ti_sysbios_hal_Hwi_HwiProxy_enableInterrupt__E)
                  1181cf20    00000020     Lab6_pe674.oe674 (.text:ti_sysbios_hal_Hwi_HwiProxy_startup__E)
                  1181cf40    00000020     Lab6_pe674.oe674 (.text:ti_sysbios_hal_Hwi_HwiProxy_switchFromBootStack__E)
                  1181cf60    00000020     sysbios.ae674 : BIOS.obj (.text:ti_sysbios_hal_Hwi_Module_startup__E)
                  1181cf80    00000020     Lab6_pe674.oe674 (.text:ti_sysbios_heaps_HeapMem_Module_GateProxy_enter__E)
                  1181cfa0    00000020     Lab6_pe674.oe674 (.text:ti_sysbios_heaps_HeapMem_Module_GateProxy_leave__E)
                  1181cfc0    00000020     Lab6_pe674.oe674 (.text:ti_sysbios_heaps_HeapMem_Module_GateProxy_query__E)
                  1181cfe0    00000020     sysbios.ae674 : BIOS.obj (.text:ti_sysbios_heaps_HeapMem_isBlocking__E)
                  1181d000    00000020     Lab6_pe674.oe674 (.text:ti_sysbios_knl_Clock_TimerProxy_Module__startupDone__S)
                  1181d020    00000020     Lab6_pe674.oe674 (.text:ti_sysbios_knl_Clock_TimerProxy_getMaxTicks__E)
                  1181d040    00000020     sysbios.ae674 : BIOS.obj (.text:ti_sysbios_knl_Clock_getTicks__E)
                  1181d060    00000020                   : BIOS.obj (.text:ti_sysbios_knl_Clock_logTick__E)
                  1181d080    00000020                   : BIOS.obj (.text:ti_sysbios_knl_Idle_loop__E)
                  1181d0a0    00000020                   : BIOS.obj (.text:ti_sysbios_knl_Queue_empty__E)
                  1181d0c0    00000020                   : BIOS.obj (.text:ti_sysbios_knl_Swi_disable__E)
                  1181d0e0    00000020     Lab6_pe674.oe674 (.text:ti_sysbios_knl_Task_SupportProxy_Module__startupDone__S)
                  1181d100    00000020     Lab6_pe674.oe674 (.text:ti_sysbios_knl_Task_SupportProxy_checkStack__E)
                  1181d120    00000020     Lab6_pe674.oe674 (.text:ti_sysbios_knl_Task_SupportProxy_start__E)
                  1181d140    00000020     Lab6_pe674.oe674 (.text:ti_sysbios_knl_Task_SupportProxy_swap__E)
                  1181d160    00000020     sysbios.ae674 : BIOS.obj (.text:ti_sysbios_knl_Task_disable__E)
                  1181d180    00000020                   : BIOS.obj (.text:ti_sysbios_knl_Task_sleepTimeout__I)
                  1181d1a0    00000020                   : BIOS.obj (.text:ti_sysbios_knl_Task_startup__E)
                  1181d1c0    00000020     Lab6_pe674.oe674 (.text:ti_sysbios_timers_timer64_Timer_Module__startupDone__S)
                  1181d1e0    00000020     Lab6_pe674.oe674 (.text:ti_sysbios_timers_timer64_Timer_TimerSupportProxy_enable__E)
                  1181d200    00000020     sysbios.ae674 : BIOS.obj (.text:ti_sysbios_timers_timer64_Timer_getMaxTicks__E)
                  1181d220    00000020     Lab6_pe674.oe674 (.text:xdc_iargToPtr)
                  1181d240    00000020     ti.targets.rts6000.ae674 : Error.oe674 (.text:xdc_runtime_Error_getSite__E)
                  1181d260    00000020                              : Error.oe674 (.text:xdc_runtime_Error_raiseX__E)
                  1181d280    00000020                              : Gate.oe674 (.text:xdc_runtime_Gate_enterSystem__E)
                  1181d2a0    00000020                              : Gate.oe674 (.text:xdc_runtime_Gate_leaveSystem__E)
                  1181d2c0    00000020     Lab6_pe674.oe674 (.text:xdc_runtime_LoggerBuf_Module_GateProxy_enter__E)
                  1181d2e0    00000020     Lab6_pe674.oe674 (.text:xdc_runtime_LoggerBuf_Module_GateProxy_leave__E)
                  1181d300    00000020     Lab6_pe674.oe674 (.text:xdc_runtime_LoggerBuf_TimestampProxy_get64__E)
                  1181d320    00000020     ti.targets.rts6000.ae674 : LoggerBuf.oe674 (.text:xdc_runtime_LoggerBuf_disable__E)
                  1181d340    00000020                              : LoggerBuf.oe674 (.text:xdc_runtime_LoggerBuf_enable__E)
                  1181d360    00000020     Lab6_pe674.oe674 (.text:xdc_runtime_Memory_HeapProxy_alloc__E)
                  1181d380    00000020     Lab6_pe674.oe674 (.text:xdc_runtime_Memory_HeapProxy_free__E)
                  1181d3a0    00000020     ti.targets.rts6000.ae674 : Memory.oe674 (.text:xdc_runtime_Memory_free__E)
                  1181d3c0    00000020                              : Memory.oe674 (.text:xdc_runtime_Memory_getMaxDefaultTypeAlign__E)
                  1181d3e0    00000020     Lab6_pe674.oe674 (.text:xdc_runtime_Startup_reset__I)
                  1181d400    00000020     ti.targets.rts6000.ae674 : Startup.oe674 (.text:xdc_runtime_Startup_rtsDone__E)
                  1181d420    00000020                              : SysMin.oe674 (.text:xdc_runtime_SysMin_ready__E)
                  1181d440    00000020     Lab6_pe674.oe674 (.text:xdc_runtime_System_Module_GateProxy_enter__E)
                  1181d460    00000020     Lab6_pe674.oe674 (.text:xdc_runtime_System_Module_GateProxy_leave__E)
                  1181d480    00000020     ti.targets.rts6000.ae674 : System.oe674 (.text:xdc_runtime_System_Module_startup__E)
                  1181d4a0    00000020     Lab6_pe674.oe674 (.text:xdc_runtime_System_SupportProxy_abort__E)
                  1181d4c0    00000020     Lab6_pe674.oe674 (.text:xdc_runtime_System_SupportProxy_exit__E)
                  1181d4e0    00000020     Lab6_pe674.oe674 (.text:xdc_runtime_System_SupportProxy_putch__E)
                  1181d500    00000020     Lab6_pe674.oe674 (.text:xdc_runtime_System_SupportProxy_ready__E)
                  1181d520    00000020     ti.targets.rts6000.ae674 : System.oe674 (.text:xdc_runtime_System_vsnprintf__E)
                  1181d540    00000020                              : Text.oe674 (.text:xdc_runtime_Text_ropeText__E)

.const.1   0    1181d560    00000020     
                  1181d560    00000018     ColorLCD.obj (.const:$P$T0$1)
                  1181d578    00000008     Lab6_pe674.oe674 (.const:ti_sysbios_knl_Idle_funcList__C)

.far.1     0    1181d580    00008d30     UNINITIALIZED
                  1181d580    000028c0     Lab6_pe674.oe674 (.far:taskStackSection)
                  1181fe40    00001000     (.common:ti_sysbios_heaps_HeapMem_Instance_State_0_buf__A)
                  11820e40    00000fa0     (.common:enc0_array)
                  11821de0    00000c00     (.common:object_stats)
                  118229e0    00000578     (.common:LADARinBuffer)
                  11822f58    00000400     (.common:equivalency_objects)
                  11823358    00000400     (.common:temp_equivalency_objects)
                  11823758    000003e8     (.common:LADARangle)
                  11823b40    000003e8     (.common:LADARdataX)
                  11823f28    000003e8     (.common:LADARdataY)
                  11824310    000003e8     (.common:LADARdistance)
                  118246f8    000003e8     (.common:newLADARangle)
                  11824ae0    000003e8     (.common:newLADARdataX)
                  11824ec8    000003e8     (.common:newLADARdataY)
                  118252b0    000003e8     (.common:newLADARdistance)
                  11825698    0000039c     (.common:final_object_stats)
                  11825a34    00000004     --HOLE--
                  11825a38    00000200     (.common:xdc_runtime_LoggerBuf_Instance_State_0_entryArr__A)
                  11825c38    00000200     (.common:xdc_runtime_SysMin_Module_State_0_outbuf__A)
                  11825e38    00000140     (.common:__TI_tmpnams)
                  11825f78    00000102     (.common:fromLinuxstring)
                  1182607a    00000006     --HOLE--
                  11826080    00000102     (.common:toLinuxstring)
                  11826182    00000006     --HOLE--
                  11826188    00000028     (.common:i2cdata)
                  118261b0    0000001e     (.common:LADARoutBuffer)
                  118261ce    00000002     --HOLE--
                  118261d0    00000014     (.common:Optitrackdata)
                  118261e4    0000000c     (.common:LADARps)
                  118261f0    0000000c     (.common:OPTITRACKps)
                  118261fc    00000004     --HOLE--
                  11826200    0000009c     (.common:f28335recData)
                  1182629c    0000000c     (.common:ROBOTps)
                  118262a8    00000008     (.common:parmbuf)

.const.2   0    118262b0    00000050     
                  118262b0    00000050     rts6740_elf.lib : strtod.obj (.const:digits)

.far.2     0    11826300    00000068     UNINITIALIZED
                  11826300    00000068     (.common:f28335TXData)

.const.3   0    11826368    0000268e     
                  11826368    000019b9     Lab6_pe674.oe674 (.const:xdc_runtime_Text_charTab__A)
                  11827d21    00000001     Lab6_pe674.oe674 (.const:ti_sysbios_timers_timer64_Timer_localTimerBaseId__C)
                  11827d22    00000002     Lab6_pe674.oe674 (.const:ti_sysbios_family_c64p_Cache_Module__id__C)
                  11827d24    00000518     sysbios.ae674 : BIOS.obj (.const:.string)
                  1182823c    00000004     Lab6_pe674.oe674 (.const:ti_sysbios_BIOS_installedErrorHook__C)
                  11828240    00000101     rts6740_elf.lib : ctype.obj (.const:.string:_ctypes_)
                  11828341    00000001     --HOLE-- [fill = 0]
                  11828342    00000002     Lab6_pe674.oe674 (.const:ti_sysbios_family_c64p_Exception_Module__id__C)
                  11828344    000000f8     user_Lab6.obj (.const:.string)
                  1182843c    00000004     Lab6_pe674.oe674 (.const:ti_sysbios_family_c64p_Cache_EMIFA_BASE__C)
                  11828440    000000cc     Lab6_pe674.oe674 (.const:xdc_runtime_Text_nodeTab__A)
                  1182850c    00000004     Lab6_pe674.oe674 (.const:ti_sysbios_family_c64p_Cache_EMIFA_CFG__C)
                  11828510    00000080     evmomapl138_bsl.lib : evmomapl138.obj (.const:bitval_u32)
                  11828590    00000058     ti.targets.rts6000.ae674 : Error.oe674 (.const:.string)
                  118285e8    00000048     rts6740_elf.lib : strtod.obj (.const:powerof10)
                  11828630    00000044     Ladar.obj (.const:.string)
                  11828674    00000040     evmomapl138_bsl.lib : evmomapl138.obj (.const:.string)
                  118286b4    00000040     ti.targets.rts6000.ae674 : Text.oe674 (.const:.string)
                  118286f4    0000003c     Lab6_pe674.oe674 (.const:xdc_runtime_LoggerBuf_Module__FXNS__C)
                  11828730    00000030     Lab6_pe674.oe674 (.const:xdc_runtime_Startup_sfxnTab__A)
                  11828760    0000002c     ti.targets.rts6000.ae674 : Startup.oe674 (.const:.string)
                  1182878c    00000028     Lab6_pe674.oe674 (.const:ti_sysbios_heaps_HeapMem_Module__FXNS__C)
                  118287b4    00000024     rts6740_elf.lib : _printfi.obj (.const:.string)
                  118287d8    00000024     Lab6_pe674.oe674 (.const:ti_sysbios_gates_GateHwi_Module__FXNS__C)
                  118287fc    00000024     Lab6_pe674.oe674 (.const:ti_sysbios_gates_GateMutex_Module__FXNS__C)
                  11828820    00000018     ti.targets.rts6000.ae674 : System.oe674 (.const:.string)
                  11828838    00000018     Lab6_pe674.oe674 (.const:xdc_runtime_Startup_sfxnRts__A)
                  11828850    00000010     evmomapl138_bsl.lib : evmomapl138_uart.obj (.const:.string)
                  11828860    00000008     Lab6_pe674.oe674 (.const:xdc_runtime_Startup_firstFxns__A)
                  11828868    00000008     Lab6_pe674.oe674 (.const:xdc_runtime_Startup_firstFxns__C)
                  11828870    00000008     Lab6_pe674.oe674 (.const:xdc_runtime_Startup_lastFxns__C)
                  11828878    00000007     rts6740_elf.lib : _scanfi.obj (.const:.string:flit$1)
                  1182887f    00000001     --HOLE-- [fill = 0]
                  11828880    00000006                     : _scanfi.obj (.const:.string:barr$2)
                  11828886    00000002     Lab6_pe674.oe674 (.const:ti_sysbios_family_c64p_Exception_useInternalBuffer__C)
                  11828888    00000004     Ladar.obj (.const:.string:$P$T0$1)
                  1182888c    00000004     Lab6_pe674.oe674 (.const:ti_sysbios_family_c64p_Cache_EMIFA_LENGTH__C)
                  11828890    00000004     Lab6_pe674.oe674 (.const:ti_sysbios_family_c64p_Cache_EMIFB_BASE__C)
                  11828894    00000004     Lab6_pe674.oe674 (.const:ti_sysbios_family_c64p_Cache_EMIFB_CFG__C)
                  11828898    00000004     Lab6_pe674.oe674 (.const:ti_sysbios_family_c64p_Cache_EMIFB_LENGTH__C)
                  1182889c    00000004     Lab6_pe674.oe674 (.const:ti_sysbios_family_c64p_Cache_EMIFC_BASE__C)
                  118288a0    00000004     Lab6_pe674.oe674 (.const:ti_sysbios_family_c64p_Cache_EMIFC_CFG__C)
                  118288a4    00000004     Lab6_pe674.oe674 (.const:ti_sysbios_family_c64p_Cache_EMIFC_LENGTH__C)
                  118288a8    00000004     Lab6_pe674.oe674 (.const:ti_sysbios_family_c64p_Cache_E_invalidL1CacheSize__C)
                  118288ac    00000004     Lab6_pe674.oe674 (.const:ti_sysbios_family_c64p_Cache_E_invalidL2CacheSize__C)
                  118288b0    00000004     Lab6_pe674.oe674 (.const:ti_sysbios_family_c64p_Cache_MAR0_31__C)
                  118288b4    00000004     Lab6_pe674.oe674 (.const:ti_sysbios_family_c64p_Cache_MAR128_159__C)
                  118288b8    00000004     Lab6_pe674.oe674 (.const:ti_sysbios_family_c64p_Cache_MAR160_191__C)
                  118288bc    00000004     Lab6_pe674.oe674 (.const:ti_sysbios_family_c64p_Cache_MAR192_223__C)
                  118288c0    00000004     Lab6_pe674.oe674 (.const:ti_sysbios_family_c64p_Cache_MAR224_255__C)
                  118288c4    00000004     Lab6_pe674.oe674 (.const:ti_sysbios_family_c64p_Cache_MAR32_63__C)
                  118288c8    00000004     Lab6_pe674.oe674 (.const:ti_sysbios_family_c64p_Cache_MAR64_95__C)
                  118288cc    00000004     Lab6_pe674.oe674 (.const:ti_sysbios_family_c64p_Cache_MAR96_127__C)
                  118288d0    00000004     Lab6_pe674.oe674 (.const:ti_sysbios_family_c64p_Exception_E_exceptionMax__C)
                  118288d4    00000004     Lab6_pe674.oe674 (.const:ti_sysbios_family_c64p_Exception_exceptionHook__C)
                  118288d8    00000004     Lab6_pe674.oe674 (.const:ti_sysbios_family_c64p_Exception_externalHook__C)
                  118288dc    00000004     Lab6_pe674.oe674 (.const:ti_sysbios_family_c64p_Exception_internalHook__C)
                  118288e0    00000004     Lab6_pe674.oe674 (.const:ti_sysbios_family_c64p_Exception_nmiHook__C)
                  118288e4    00000004     Lab6_pe674.oe674 (.const:ti_sysbios_gates_GateMutex_Instance_State_sem__O)
                  118288e8    00000004     Lab6_pe674.oe674 (.const:ti_sysbios_hal_Hwi_E_stackOverflow__C)
                  118288ec    00000004     Lab6_pe674.oe674 (.const:ti_sysbios_heaps_HeapMem_E_memory__C)
                  118288f0    00000004     Lab6_pe674.oe674 (.const:ti_sysbios_heaps_HeapMem_Module__gateObj__C)
                  118288f4    00000004     Lab6_pe674.oe674 (.const:ti_sysbios_heaps_HeapMem_Object__count__C)
                  118288f8    00000004     Lab6_pe674.oe674 (.const:ti_sysbios_heaps_HeapMem_Object__table__C)
                  118288fc    00000004     Lab6_pe674.oe674 (.const:ti_sysbios_knl_Clock_Module_State_clockQ__O)
                  11828900    00000004     Lab6_pe674.oe674 (.const:ti_sysbios_knl_Idle_funcList__A)
                  11828904    00000004     Lab6_pe674.oe674 (.const:ti_sysbios_knl_Semaphore_Instance_State_pendQ__O)
                  11828908    00000004     Lab6_pe674.oe674 (.const:ti_sysbios_knl_Swi_Object__count__C)
                  1182890c    00000004     Lab6_pe674.oe674 (.const:ti_sysbios_knl_Swi_Object__table__C)
                  11828910    00000004     Lab6_pe674.oe674 (.const:ti_sysbios_knl_Task_E_spOutOfBounds__C)
                  11828914    00000004     Lab6_pe674.oe674 (.const:ti_sysbios_knl_Task_E_stackOverflow__C)
                  11828918    00000004     Lab6_pe674.oe674 (.const:ti_sysbios_knl_Task_Module_State_inactiveQ__O)
                  1182891c    00000004     Lab6_pe674.oe674 (.const:ti_sysbios_knl_Task_Object__count__C)
                  11828920    00000004     Lab6_pe674.oe674 (.const:ti_sysbios_knl_Task_Object__table__C)
                  11828924    00000004     Lab6_pe674.oe674 (.const:ti_sysbios_knl_Task_allBlockedFunc__C)
                  11828928    00000004     Lab6_pe674.oe674 (.const:ti_sysbios_knl_Task_numConstructedTasks__C)
                  1182892c    00000004     Lab6_pe674.oe674 (.const:ti_sysbios_timers_timer64_Timer_E_cannotSupport__C)
                  11828930    00000004     Lab6_pe674.oe674 (.const:ti_sysbios_timers_timer64_Timer_anyMaskHigh__C)
                  11828934    00000004     Lab6_pe674.oe674 (.const:ti_sysbios_timers_timer64_Timer_anyMask__C)
                  11828938    00000004     Lab6_pe674.oe674 (.const:ti_sysbios_timers_timer64_Timer_freqDivisor__C)
                  1182893c    00000004     Lab6_pe674.oe674 (.const:ti_sysbios_timers_timer64_Timer_numLocalTimers__C)
                  11828940    00000004     Lab6_pe674.oe674 (.const:ti_sysbios_timers_timer64_Timer_numTimerDevices__C)
                  11828944    00000004     Lab6_pe674.oe674 (.const:xdc_runtime_Assert_E_assertFailed__C)
                  11828948    00000004     Lab6_pe674.oe674 (.const:xdc_runtime_Error_E_memory__C)
                  1182894c    00000004     Lab6_pe674.oe674 (.const:xdc_runtime_Error_Module__diagsEnabled__C)
                  11828950    00000004     Lab6_pe674.oe674 (.const:xdc_runtime_Error_Module__diagsIncluded__C)
                  11828954    00000004     Lab6_pe674.oe674 (.const:xdc_runtime_Error_Module__diagsMask__C)
                  11828958    00000004     Lab6_pe674.oe674 (.const:xdc_runtime_Error_Module__loggerFxn8__C)
                  1182895c    00000004     Lab6_pe674.oe674 (.const:xdc_runtime_Error_Module__loggerObj__C)
                  11828960    00000004     Lab6_pe674.oe674 (.const:xdc_runtime_Error_policyFxn__C)
                  11828964    00000004     Lab6_pe674.oe674 (.const:xdc_runtime_Error_policy__C)
                  11828968    00000004     Lab6_pe674.oe674 (.const:xdc_runtime_Error_raiseHook__C)
                  1182896c    00000004     Lab6_pe674.oe674 (.const:xdc_runtime_IFilterLogger_Interface__BASE__C)
                  11828970    00000004     Lab6_pe674.oe674 (.const:xdc_runtime_IGateProvider_Interface__BASE__C)
                  11828974    00000004     Lab6_pe674.oe674 (.const:xdc_runtime_IHeap_Interface__BASE__C)
                  11828978    00000004     Lab6_pe674.oe674 (.const:xdc_runtime_ILogger_Interface__BASE__C)
                  1182897c    00000004     Lab6_pe674.oe674 (.const:xdc_runtime_IModule_Interface__BASE__C)
                  11828980    00000004     Lab6_pe674.oe674 (.const:xdc_runtime_Log_L_error__C)
                  11828984    00000004     Lab6_pe674.oe674 (.const:xdc_runtime_LoggerBuf_E_badLevel__C)
                  11828988    00000004     Lab6_pe674.oe674 (.const:xdc_runtime_LoggerBuf_Module__gateObj__C)
                  1182898c    00000004     Lab6_pe674.oe674 (.const:xdc_runtime_LoggerBuf_Object__count__C)
                  11828990    00000004     Lab6_pe674.oe674 (.const:xdc_runtime_LoggerBuf_Object__table__C)
                  11828994    00000004     Lab6_pe674.oe674 (.const:xdc_runtime_LoggerBuf_statusLogger__C)
                  11828998    00000004     Lab6_pe674.oe674 (.const:xdc_runtime_Memory_defaultHeapInstance__C)
                  1182899c    00000004     Lab6_pe674.oe674 (.const:xdc_runtime_Startup_execImpl__C)
                  118289a0    00000004     Lab6_pe674.oe674 (.const:xdc_runtime_Startup_maxPasses__C)
                  118289a4    00000004     Lab6_pe674.oe674 (.const:xdc_runtime_Startup_sfxnRts__C)
                  118289a8    00000004     Lab6_pe674.oe674 (.const:xdc_runtime_Startup_sfxnTab__C)
                  118289ac    00000004     Lab6_pe674.oe674 (.const:xdc_runtime_Startup_startModsFxn__C)
                  118289b0    00000004     Lab6_pe674.oe674 (.const:xdc_runtime_SysMin_bufSize__C)
                  118289b4    00000004     Lab6_pe674.oe674 (.const:xdc_runtime_SysMin_outputFunc__C)
                  118289b8    00000004     Lab6_pe674.oe674 (.const:xdc_runtime_System_Module__gateObj__C)
                  118289bc    00000004     Lab6_pe674.oe674 (.const:xdc_runtime_System_abortFxn__C)
                  118289c0    00000004     Lab6_pe674.oe674 (.const:xdc_runtime_System_exitFxn__C)
                  118289c4    00000004     Lab6_pe674.oe674 (.const:xdc_runtime_System_extendFxn__C)
                  118289c8    00000004     Lab6_pe674.oe674 (.const:xdc_runtime_System_maxAtexitHandlers__C)
                  118289cc    00000004     Lab6_pe674.oe674 (.const:xdc_runtime_Text_charTab__C)
                  118289d0    00000004     Lab6_pe674.oe674 (.const:xdc_runtime_Text_nodeTab__C)
                  118289d4    00000004     Lab6_pe674.oe674 (.const:xdc_runtime_Text_visitRopeFxn__C)
                  118289d8    00000002     Lab6_pe674.oe674 (.const:ti_sysbios_hal_Hwi_Module__id__C)
                  118289da    00000002     Lab6_pe674.oe674 (.const:ti_sysbios_heaps_HeapMem_Module__id__C)
                  118289dc    00000002     Lab6_pe674.oe674 (.const:ti_sysbios_knl_Task_Module__id__C)
                  118289de    00000002     Lab6_pe674.oe674 (.const:ti_sysbios_timers_timer64_Timer_Module__id__C)
                  118289e0    00000002     Lab6_pe674.oe674 (.const:ti_sysbios_timers_timer64_Timer_startupNeeded__C)
                  118289e2    00000002     Lab6_pe674.oe674 (.const:ti_sysbios_timers_timer64_Timer_useTimer64pRegMap__C)
                  118289e4    00000002     Lab6_pe674.oe674 (.const:xdc_runtime_Error_Module__loggerDefined__C)
                  118289e6    00000002     Lab6_pe674.oe674 (.const:xdc_runtime_Error_maxDepth__C)
                  118289e8    00000002     Lab6_pe674.oe674 (.const:xdc_runtime_LoggerBuf_Module__id__C)
                  118289ea    00000002     Lab6_pe674.oe674 (.const:xdc_runtime_LoggerBuf_filterByLevel__C)
                  118289ec    00000002     Lab6_pe674.oe674 (.const:xdc_runtime_Memory_Module__id__C)
                  118289ee    00000002     Lab6_pe674.oe674 (.const:xdc_runtime_SysMin_flushAtExit__C)
                  118289f0    00000002     Lab6_pe674.oe674 (.const:xdc_runtime_Text_isLoaded__C)
                  118289f2    00000002     Lab6_pe674.oe674 (.const:xdc_runtime_Text_registryModsLastId__C)
                  118289f4    00000002     Lab6_pe674.oe674 (.const:xdc_runtime_Text_unnamedModsLastId__C)

.fardata   0    1182a9f8    00000dd4     UNINITIALIZED
                  1182a9f8    0000025c     ColorVision.obj (.fardata:PRUCode)
                  1182ac54    00000004     rts6740_elf.lib : _lock.obj (.fardata:_lock)
                  1182ac58    000001e0                     : defs.obj (.fardata:_ftable)
                  1182ae38    00000114     Lab6_pe674.oe674 (.fardata:ti_sysbios_knl_Task_Object__table__V)
                  1182af4c    00000004     rts6740_elf.lib : _lock.obj (.fardata:_unlock)
                  1182af50    000000c0     Lab6_pe674.oe674 (.fardata:ti_sysbios_knl_Swi_Object__table__V)
                  1182b010    000000a0     rts6740_elf.lib : write.obj (.fardata:_stream)
                  1182b0b0    00000080     Lab6_pe674.oe674 (.fardata:ti_sysbios_knl_Swi_Module_State_0_readyQ__A)
                  1182b130    00000080     Lab6_pe674.oe674 (.fardata:ti_sysbios_knl_Task_Module_State_0_readyQ__A)
                  1182b1b0    00000078     rts6740_elf.lib : write.obj (.fardata:_device)
                  1182b228    00000078     Lab6_pe674.oe674 (.fardata:ti_sysbios_family_c64p_Hwi_Object__table__V)
                  1182b2a0    0000006c     Lab6_pe674.oe674 (.fardata:ti_sysbios_family_c64p_Hwi_Module__state__V)
                  1182b30c    00000004     rts6740_elf.lib : defs.obj (.fardata)
                  1182b310    00000060     Lab6_pe674.oe674 (.fardata:ti_sysbios_timers_timer64_Timer_Module_State_0_device__A)
                  1182b370    00000050     Ladar.obj (.fardata:cornersX)
                  1182b3c0    00000050     Ladar.obj (.fardata:cornersY)
                  1182b410    00000050     Lab6_pe674.oe674 (.fardata:ti_sysbios_timers_timer64_Timer_Object__table__V)
                  1182b460    00000048     Lab6_pe674.oe674 (.fardata:ti_sysbios_knl_Task_Module__state__V)
                  1182b4a8    00000040     rts6740_elf.lib : cos.obj (.fardata:R$1)
                  1182b4e8    00000040                     : sin.obj (.fardata:R$1)
                  1182b528    00000040     Lab6_pe674.oe674 (.fardata:ti_sysbios_gates_GateMutex_Object__table__V)
                  1182b568    00000040     Lab6_pe674.oe674 (.fardata:ti_sysbios_knl_Clock_Object__table__V)
                  1182b5a8    00000030     Lab6_pe674.oe674 (.fardata:ti_sysbios_family_c64p_Exception_Module__state__V)
                  1182b5d8    0000002c     Lab6_pe674.oe674 (.fardata:ti_sysbios_knl_Clock_Module__state__V)
                  1182b604    00000004     rts6740_elf.lib : errno.obj (.fardata)
                  1182b608    00000028     Lab6_pe674.oe674 (.fardata:ti_sysbios_hal_Hwi_Object__table__V)
                  1182b630    00000024     Lab6_pe674.oe674 (.fardata:ti_sysbios_BIOS_Module__state__V)
                  1182b654    00000004     Lab6_pe674.oe674 (.fardata:ti_sysbios_family_c64p_Cache_Module__state__V)
                  1182b658    00000024     Lab6_pe674.oe674 (.fardata:xdc_runtime_LoggerBuf_Object__table__V)
                  1182b67c    00000004     Lab6_pe674.oe674 (.fardata:ti_sysbios_family_c64p_primus_TimerSupport_Module__state__V)
                  1182b680    00000020     Lab6_pe674.oe674 (.fardata:ti_sysbios_timers_timer64_Timer_Module_State_0_gctrl__A)
                  1182b6a0    00000020     Lab6_pe674.oe674 (.fardata:ti_sysbios_timers_timer64_Timer_Module_State_0_handles__A)
                  1182b6c0    00000020     Lab6_pe674.oe674 (.fardata:ti_sysbios_timers_timer64_Timer_Module_State_0_intFreqs__A)
                  1182b6e0    00000020     Lab6_pe674.oe674 (.fardata:xdc_runtime_Error_IgnoreBlock)
                  1182b700    0000001c     Lab6_pe674.oe674 (.fardata:ti_sysbios_knl_Swi_Module__state__V)
                  1182b71c    00000004     Lab6_pe674.oe674 (.fardata:xdc_runtime_Memory_Module__state__V)
                  1182b720    00000018     Lab6_pe674.oe674 (.fardata:ti_sysbios_heaps_HeapMem_Object__table__V)
                  1182b738    00000018     Lab6_pe674.oe674 (.fardata:ti_sysbios_timers_timer64_Timer_Module__state__V)
                  1182b750    00000010     rts6740_elf.lib : cosf.obj (.fardata:R$1)
                  1182b760    00000010                     : sinf.obj (.fardata:R$1)
                  1182b770    00000010     Lab6_pe674.oe674 (.fardata:xdc_runtime_System_Module_State_0_atexitHandlers__A)
                  1182b780    0000000c     rts6740_elf.lib : exit.obj (.fardata)
                  1182b78c    0000000c     Lab6_pe674.oe674 (.fardata:xdc_runtime_SysMin_Module__state__V)
                  1182b798    00000008     Lab6_pe674.oe674 (.fardata:ti_sysbios_family_c64p_primus_TimerSupport_Module_State_0_suspSrc__A)
                  1182b7a0    00000008     Lab6_pe674.oe674 (.fardata:xdc_runtime_Registry_Module__state__V)
                  1182b7a8    00000008     Lab6_pe674.oe674 (.fardata:xdc_runtime_Startup_Module__state__V)
                  1182b7b0    00000008     Lab6_pe674.oe674 (.fardata:xdc_runtime_System_Module__state__V)
                  1182b7b8    00000006     Lab6_pe674.oe674 (.fardata:xdc_runtime_LoggerBuf_Module__state__V)
                  1182b7be    00000002     Lab6_pe674.oe674 (.fardata:xdc_runtime_Error_Module__state__V)
                  1182b7c0    00000004     Lab6_pe674.oe674 (.fardata:ti_sysbios_gates_GateHwi_Object__table__V)
                  1182b7c4    00000004     --HOLE--
                  1182b7c8    00000004     Lab6_pe674.oe674 (.fardata:ti_sysbios_knl_Task_Module_State_0_idleTask__A)

.switch    0    1182bb04    000000e4     
                  1182bb04    00000040     user_Lab6.obj (.switch:RobotControl)
                  1182bb44    00000038     rts6740_elf.lib : _printfi.obj (.switch:__TI_printfi)
                  1182bb7c    00000028                     : _scanfi.obj (.switch:__TI_scanfi)
                  1182bba4    00000024     evmomapl138_bsl.lib : evmomapl138_gpio.obj (.switch:getRegisterBankAndBit)
                  1182bbc8    00000010                         : evmomapl138_spi.obj (.switch:SPI_init)
                  1182bbd8    00000010     ColorVision.obj (.switch:userProcessColorImageFunc_laser)

.cio       0    1182be00    00000120     UNINITIALIZED
                  1182be00    00000120     rts6740_elf.lib : trgmsg.obj (.cio)

MODULE SUMMARY

       Module                     code     ro data   rw data
       ------                     ----     -------   -------
    .\
       user_Lab6.obj              9184     312       4804   
       Ladar.obj                  7968     72        5718   
       ColorVision.obj            4832     16        6908   
       COECSL_edma3.obj           1216     0         4136   
       ColorLCD.obj               2400     24        11     
       COECSL_mcbsp.obj           1664     0         300    
       LCDprintf.obj              416      0         8      
       pru.obj                    256      0         0      
    +--+--------------------------+--------+---------+---------+
       Total:                     27936    424       21885  
                                                            
    C:\hzhou39_decamar2_ashwina2\SE423Repo\Labs\Lab6\Lab6Project\Debug\configPkg\package\cfg\
       Lab6_pe674.oe674           4608     7490      17376  
    +--+--------------------------+--------+---------+---------+
       Total:                     4608     7490      17376  
                                                            
    C:/hzhou39_decamar2_ashwina2/SE423Repo/LabFiles/bsl_forSYSBIOS/lib/evmomapl138_bsl.lib
       evmomapl138.obj            4064     192       0      
       evmomapl138_vpif.obj       1920     0         0      
       evmomapl138_i2c.obj        1376     0         4      
       evmomapl138_uart.obj       1344     16        0      
       evmomapl138_i2c_gpio.obj   1344     0         0      
       evmomapl138_spi.obj        1184     16        0      
       evmomapl138_gpio.obj       1152     36        0      
       evmomapl138_timer.obj      384      0         0      
    +--+--------------------------+--------+---------+---------+
       Total:                     12768    260       4      
                                                            
    C:\CCStudio_v8\bios_6_70_01_03\packages\ti\targets\rts6000\lib\boot.ae674
       autoinit.oe674             288      0         0      
       boot.oe674                 160      0         0      
    +--+--------------------------+--------+---------+---------+
       Total:                     448      0         0      
                                                            
    C:\CCStudio_v8\bios_6_70_01_03\packages\ti\targets\rts6000\lib\ti.targets.rts6000.ae674
       System.oe674               3232     24        0      
       LoggerBuf.oe674            2400     0         0      
       Text.oe674                 1728     64        0      
       Error.oe674                1152     88        0      
       Startup.oe674              896      44        0      
       SysMin.oe674               704      0         0      
       Memory.oe674               320      0         0      
       Gate.oe674                 64       0         0      
       Registry.oe674             64       0         0      
    +--+--------------------------+--------+---------+---------+
       Total:                     10560    220       0      
                                                            
    C:\CCStudio_v8\ccsv8\tools\compiler\ti-cgt-c6000_8.2.2\lib\rts6740_elf.lib
       _printfi.obj               13504    92        0      
       _scanfi.obj                7296     53        0      
       divd.obj                   1472     0         0      
       strtod.obj                 1248     152       0      
       strtoll.obj                1184     0         0      
       strtoull.obj               1088     0         0      
       fputs.obj                  992      0         0      
       strtol.obj                 928      0         0      
       cos.obj                    800      0         64     
       fmodf.obj                  864      0         0      
       defs.obj                   0        0         804    
       imath64.obj                800      0         0      
       sin.obj                    736      0         64     
       strtoul.obj                768      0         0      
       divf.obj                   672      0         0      
       cosf.obj                   640      0         16     
       sinf.obj                   608      0         16     
       fputc.obj                  544      0         0      
       setvbuf.obj                544      0         0      
       trgmsg.obj                 224      0         288    
       sscanf.obj                 480      0         0      
       frexp.obj                  448      0         0      
       getdevice.obj              448      0         0      
       imath40.obj                448      0         0      
       frexpf.obj                 416      0         0      
       hostrename.obj             416      0         0      
       ldexp.obj                  384      0         0      
       ldexpf.obj                 384      0         0      
       write.obj                  96       0         280    
       fclose.obj                 320      0         0      
       copy_decompress_rle.obj    288      0         0      
       fseek.obj                  288      0         0      
       printf.obj                 288      0         0      
       exit.obj                   256      0         12     
       ctype.obj                  0        257       0      
       _io_perm.obj               256      0         0      
       atoi.obj                   256      0         0      
       hostopen.obj               224      0         8      
       close.obj                  224      0         0      
       divi.obj                   224      0         0      
       hostlseek.obj              224      0         0      
       hostwrite.obj              224      0         0      
       llshift.obj                224      0         0      
       ltoa.obj                   224      0         0      
       memset.obj                 224      0         0      
       divu.obj                   192      0         0      
       fflush.obj                 192      0         0      
       hostread.obj               192      0         0      
       hostunlink.obj             192      0         0      
       sprintf.obj                192      0         0      
       tls.obj                    192      0         0      
       fopen.obj                  160      0         0      
       hostclose.obj              160      0         0      
       memcpy64.obj               160      0         0      
       modf.obj                   160      0         0      
       remu.obj                   160      0         0      
       round.obj                  160      0         0      
       vsprintf.obj               160      0         0      
       roundf.obj                 128      0         0      
       unlink.obj                 128      0         0      
       _lock.obj                  96       0         8      
       lseek.obj                  96       0         0      
       memccpy.obj                96       0         0      
       modff.obj                  96       0         0      
       args_main.obj              64       0         0      
       frcmpyd_div.obj            64       0         0      
       isinf.obj                  64       0         0      
       errno.obj                  32       0         4      
       copy_decompress_none.obj   32       0         0      
       trunc.obj                  32       0         0      
       truncf.obj                 32       0         0      
    +--+--------------------------+--------+---------+---------+
       Total:                     45408    554       1564   
                                                            
    C:\hzhou39_decamar2_ashwina2\SE423Repo\Labs\Lab6\SYSBIOS\src\sysbios\sysbios.ae674
       BIOS.obj                   17632    1304      0      
       c64p_Hwi_disp_always.obj   512      0         0      
       c64p_Exception_asm.obj     384      0         0      
       c62_TaskSupport_asm.obj    224      0         0      
       c64p_Hwi_asm_switch.obj    192      0         0      
    +--+--------------------------+--------+---------+---------+
       Total:                     18944    1304      0      
                                                            
       Stack:                     0        0         8192   
       Linker Generated:          0        2415      0      
    +--+--------------------------+--------+---------+---------+
       Grand Total:               120672   12667     49021  


LINKER GENERATED COPY TABLES

__TI_cinit_table @ 1182c860 records: 6, size/record: 8, table size: 48
	.fardata: load addr=1182bf20, load size=0000087b bytes, run addr=1182a9f8, run size=00000dd4 bytes, compression=rle
	.neardata: load addr=1182c79b, load size=0000006d bytes, run addr=1182b838, run size=0000029f bytes, compression=rle
	.rodata: load addr=1182c808, load size=00000032 bytes, run addr=1182bad8, run size=0000002c bytes, compression=rle
	.far.1: load addr=1182c83a, load size=0000000b bytes, run addr=1181d580, run size=00008d30 bytes, compression=rle
	.bss: load addr=1182c845, load size=00000009 bytes, run addr=1182b7cc, run size=0000006c bytes, compression=rle
	.far.2: load addr=1182c84e, load size=00000009 bytes, run addr=11826300, run size=00000068 bytes, compression=rle


LINKER GENERATED HANDLER TABLE

__TI_handler_table @ 1182c858 records: 2, size/record: 4, table size: 8
	index: 0, handler: __TI_decompress_rle24
	index: 1, handler: __TI_decompress_none


GLOBAL SYMBOLS: SORTED ALPHABETICALLY BY Name 

address   name                                                                
-------   ----                                                                
1180272c  Bresenhamline                                                       
1181cba0  C$$EXIT                                                             
1181b498  C$$IO$$                                                             
1182badc  CLK_addtime                                                         
1182bae0  CLK_startMcBSP                                                      
1182b978  Cdifference                                                         
11807a84  Check_Equivalency                                                   
1180202c  ComWithLinux                                                        
1180ec6c  EDMA3_0_ISR                                                         
1182b7d0  EDMA3_0_Regs                                                        
1180eb80  EDMA3_1_ISR                                                         
1182b7d4  EDMA3_1_Regs                                                        
11809c10  EVMOMAPL138_enableDsp                                               
1180958c  EVMOMAPL138_init                                                    
11809408  EVMOMAPL138_initRAM                                                 
1180930c  EVMOMAPL138_lpscTransition                                          
118092c0  EVMOMAPL138_pinmuxConfig                                            
1182ba0c  F28335_Extra1                                                       
1182ba10  F28335_Extra2                                                       
1182ba14  F28335_Extra3                                                       
1182ba18  F28335_Extra4                                                       
11807b04  Fix_Equivalency                                                     
1180fca8  GPIO_getInput                                                       
1180fc40  GPIO_getOutput                                                      
1180f9e4  GPIO_setDir                                                         
1180fa50  GPIO_setOutput                                                      
1180fac0  GPIO_toggleLoop                                                     
11819d60  HOSTclose                                                           
11818500  HOSTlseek                                                           
118185e0  HOSTopen                                                            
11819220  HOSTread                                                            
11815720  HOSTrename                                                          
118192e0  HOSTunlink                                                          
118186c0  HOSTwrite                                                           
1182baf0  HWI4_VPIF95                                                         
1182baf8  HWI5_EDMA3_1                                                        
1182baf4  HWI7_PRU6                                                           
1182bae4  HWI8_EDMA3_0                                                        
1180da2c  I2CGPIO_getInput                                                    
1180d8d0  I2CGPIO_getInputAll                                                 
1180d7e4  I2CGPIO_init                                                        
1180d6b0  I2CGPIO_setOutput                                                   
1180d640  I2CGPIO_setOutputAll                                                
1180d0e0  I2C_init                                                            
1180d360  I2C_read                                                            
1180d1ec  I2C_write                                                           
1182b7d8  Image_data                                                          
1182b894  Kp_front_wall                                                       
1182b890  Kp_right_wall                                                       
1182b8a4  Kp_sharp_right                                                      
11803d10  LADAR_Get_and_Process_Scan                                          
118036cc  LADAR_scan                                                          
11803460  LADAR_sendG                                                         
11823758  LADARangle                                                          
1182ba74  LADARcenterFt                                                       
11823b40  LADARdataX                                                          
11823f28  LADARdataY                                                          
11803850  LADARdetections2xy                                                  
11824310  LADARdistance                                                       
118229e0  LADARinBuffer                                                       
1182ba70  LADARleftFt                                                         
118261b0  LADARoutBuffer                                                      
1182ba40  LADARprocess                                                        
118261e4  LADARps                                                             
1182ba3c  LADARready                                                          
1182ba78  LADARrightFt                                                        
11804234  LADARtask                                                           
1180a278  LCD                                                                 
11815a0c  LCDPrintfLine                                                       
1182b7dc  LCD_Image                                                           
1182b7e0  LCD_mem                                                             
118026c8  LCD_saturate                                                        
1182bac8  LCDnewMsgLine1                                                      
1182bacc  LCDnewMsgLine2                                                      
118158c0  LCDvPrintfLine                                                      
1182b844  LVvalue1                                                            
1182b848  LVvalue2                                                            
1182b7e4  Linux_Image                                                         
[...]
1182b7a0  xdc_runtime_Registry_Module__state__V                               
1182b7a8  xdc_runtime_Startup_Module__state__V                                
1182b7b0  xdc_runtime_System_Module__state__V                                 
1182b7b8  xdc_runtime_LoggerBuf_Module__state__V                              
1182b7be  xdc_runtime_Error_Module__state__V                                  
1182b7c0  ti_sysbios_gates_GateHwi_Object__table__V                           
1182b7c8  ti_sysbios_knl_Task_Module_State_0_idleTask__A                      
1182b7cc  __TI_STATIC_BASE                                                    
1182b7d0  EDMA3_0_Regs                                                        
1182b7d4  EDMA3_1_Regs                                                        
1182b7d8  Image_data                                                          
1182b7dc  LCD_Image                                                           
1182b7e0  LCD_mem                                                             
1182b7e4  Linux_Image                                                         
1182b7e8  Thres_Image                                                         
1182b7ec  blue                                                                
1182b7f0  c                                                                   
1182b7f4  cbar                                                                
1182b7f8  current                                                             
1182b7fc  delta                                                               
1182b800  green                                                               
1182b804  hue                                                                 
1182b808  index                                                               
1182b80c  k                                                                   
1182b810  largest_num_pixels                                                  
1182b814  largest_object                                                      
1182b818  min                                                                 
1182b81c  pic_data                                                            
1182b820  ptrshrdmem                                                          
1182b824  r                                                                   
1182b828  rbar                                                                
1182b82c  red                                                                 
1182b830  sat                                                                 
1182b834  value                                                               
1182b838  vref                                                                
1182b83c  turn                                                                
1182b840  tskcount                                                            
1182b844  LVvalue1                                                            
1182b848  LVvalue2                                                            
1182b84c  new_LV_data                                                         
1182b850  newnavdata                                                          
1182b854  newvref                                                             
1182b858  newturn                                                             
1182b85c  new_ref_right_wall                                                  
1182b860  new_left_turn_Start_threshold                                       
1182b864  new_left_turn_Stop_threshold                                        
1182b868  new_Kp_right_wall                                                   
1182b86c  new_Kp_front_wall                                                   
1182b870  new_front_turn_velocity                                             
1182b874  new_turn_command_saturation                                         
1182b878  new_sharp_right_threshold                                           
1182b87c  new_Kp_sharp_right                                                  
1182b880  new_left_turn_corner_threshold                                      
1182b884  ref_right_wall                                                      
1182b888  left_turn_Start_threshold                                           
1182b88c  left_turn_Stop_threshold                                            
1182b890  Kp_right_wall                                                       
1182b894  Kp_front_wall                                                       
1182b898  front_turn_velocity                                                 
1182b89c  turn_command_saturation                                             
1182b8a0  sharp_right_threshold                                               
1182b8a4  Kp_sharp_right                                                      
1182b8a8  left_turn_corner_threshold                                          
1182b8ac  wall_follow_state                                                   
1182b8b0  trackableIDerror                                                    
1182b8b4  firstdata                                                           
1182b8b8  new_optitrack                                                       
1182b8bc  previous_frame                                                      
1182b8c0  frame_error                                                         
1182b8c4  temp_theta                                                          
1182b8c8  tempOPTITRACK_theta                                                 
1182b8cc  temp_trackableID                                                    
1182b8d0  trackableID                                                         
1182b8d4  errorcheck                                                          
1182b8d8  Vadc2                                                               
1182b8dc  Vadc3                                                               
1182b8e0  rate2                                                               
1182b8e4  rate3                                                               
1182b8e8  count                                                               
1182b8ec  cntturn                                                             
1182b8f0  gyro_zero                                                           
1182b8f4  gyro_sum                                                            
1182b8f8  orientation                                                         
1182b8fc  angular_vel                                                         
1182b900  old_angular_vel                                                     
1182b904  avg_wheel                                                           
1182b908  old_avg_wheel                                                       
1182b90c  p1_current                                                          
1182b910  p2_current                                                          
1182b914  p1_old                                                              
1182b918  p2_old                                                              
1182b91c  v1                                                                  
1182b920  v2                                                                  
1182b924  x                                                                   
1182b928  y                                                                   
1182b92c  timecount                                                           
1182b930  whichled                                                            
1182b934  updateLCD                                                           
1182b938  testvar                                                             
1182b93c  noimagefound                                                        
1182b940  object_x                                                            
1182b944  object_y                                                            
1182b948  new_coordata                                                        
1182b94c  numpels                                                             
1182b950  new_num_found_objects                                               
1182b954  new_object_theta                                                    
1182b958  new_C20                                                             
1182b95c  new_C02                                                             
1182b960  top                                                                 
1182b964  left                                                                
1182b968  num_unique_objects                                                  
1182b96c  current_object                                                      
1182b970  color                                                               
1182b974  color2                                                              
1182b978  Cdifference                                                         
1182b97c  neighbor_type                                                       
1182b980  too_many_objects                                                    
1182b984  object_detected                                                     
1182b988  print_hue                                                           
1182b989  print_sat                                                           
1182b98a  print_val                                                           
1182b98b  print_r                                                             
1182b98c  print_b                                                             
1182b98d  print_g                                                             
1182b990  specs_s                                                             
1182b994  specs_srad                                                          
1182b998  specs_v                                                             
1182b99c  specs_vrad                                                          
1182b9a0  specs_h                                                             
1182b9a4  specs_h2                                                            
1182b9a8  specs_hrad                                                          
1182b9ac  VPIF_beginning_line                                                 
1182b9b0  equivalency                                                         
1182b9b4  done                                                                
1182b9b8  f28335RecFirsttime                                                  
1182b9bc  enc1                                                                
1182b9c0  enc2                                                                
1182b9c4  enc3                                                                
1182b9c8  enc4                                                                
1182b9cc  compass                                                             
1182b9d0  switchstate                                                         
1182b9d4  adcA0                                                               
1182b9d8  adcB0                                                               
1182b9dc  adcA1                                                               
1182b9e0  adcB1                                                               
1182b9e4  adcA2                                                               
1182b9e8  adcB2                                                               
1182b9ec  adcA3                                                               
1182b9f0  adcB3                                                               
1182b9f4  adcA4                                                               
1182b9f8  adcB4                                                               
1182b9fc  adcA5                                                               
1182ba00  adcB5                                                               
1182ba04  adcA6                                                               
1182ba08  adcA7                                                               
1182ba0c  F28335_Extra1                                                       
1182ba10  F28335_Extra2                                                       
1182ba14  F28335_Extra3                                                       
1182ba18  F28335_Extra4                                                       
1182ba1c  new_sendtolinux_F28335_Extra                                        
1182ba20  send_F28335_Extra1                                                  
1182ba24  send_F28335_Extra2                                                  
1182ba28  send_F28335_Extra3                                                  
1182ba2c  send_F28335_Extra4                                                  
1182ba30  num_EDMA3_0                                                         
1182ba34  numofints                                                           
1182ba38  scalingLadar                                                        
1182ba3c  LADARready                                                          
1182ba40  LADARprocess                                                        
1182ba44  uart1count                                                          
1182ba48  numReadings                                                         
1182ba4c  errL                                                                
1182ba50  errC                                                                
1182ba54  errR                                                                
1182ba58  tLADARleftFt                                                        
1182ba5c  tLADARcenterFt                                                      
1182ba60  tLADARrightFt                                                       
1182ba64  cPrevLADARdata                                                      
1182ba65  cLADARdata                                                          
1182ba68  iLADARrcv                                                           
1182ba6c  cCommandName                                                        
1182ba70  LADARleftFt                                                         
1182ba74  LADARcenterFt                                                       
1182ba78  LADARrightFt                                                        
1182ba7c  numreadings_lastscan                                                
1182ba80  startAngle                                                          
1182ba84  stepSize                                                            
1182ba88  newLADARdata                                                        
1182ba8c  robotX                                                              
1182ba90  robotY                                                              
1182ba94  robotT                                                              
1182ba98  tempSign                                                            
1182ba9c  tempOff                                                             
1182baa0  servosPosted                                                        
1182baa4  newServos                                                           
1182baa8  McBSPrecerror                                                       
1182baac  firsttimeintMCBSPrec                                                
1182bab0  timeint                                                             
1182bab4  mcbspReset                                                          
1182bab8  testcount                                                           
1182babc  danindex                                                            
1182bac0  firsttimeLine1                                                      
1182bac4  firsttimeLine2                                                      
1182bac8  LCDnewMsgLine1                                                      
1182bacc  LCDnewMsgLine2                                                      
1182bad0  bluegain                                                            
1182bad4  bkgrnd_red                                                          
1182bad5  bkgrnd_green                                                        
1182bad6  bkgrnd_blue                                                         
1182bad8  SWI_RobotControl                                                    
1182badc  CLK_addtime                                                         
1182bae0  CLK_startMcBSP                                                      
1182bae4  HWI8_EDMA3_0                                                        
1182bae8  SWI_LCD                                                             
1182baec  SWI_vision                                                          
1182baf0  HWI4_VPIF95                                                         
1182baf4  HWI7_PRU6                                                           
1182baf8  HWI5_EDMA3_1                                                        
1182bafc  TASK_ComWithLinux                                                   
1182bb00  TASK_LADAR                                                          
1182bc00  ti_sysbios_family_c64p_Hwi0                                         
1182bc00  ti_sysbios_family_c64p_Hwi_int0                                     
1182bc20  ti_sysbios_family_c64p_Hwi_int1                                     
1182bc40  ti_sysbios_family_c64p_Hwi_int2                                     
1182bc60  ti_sysbios_family_c64p_Hwi_int3                                     
1182bc80  ti_sysbios_family_c64p_Hwi_int4                                     
1182bca0  ti_sysbios_family_c64p_Hwi_int5                                     
1182bcc0  ti_sysbios_family_c64p_Hwi_int6                                     
1182bce0  ti_sysbios_family_c64p_Hwi_int7                                     
1182bd00  ti_sysbios_family_c64p_Hwi_int8                                     
1182bd20  ti_sysbios_family_c64p_Hwi_int9                                     
1182bd40  ti_sysbios_family_c64p_Hwi_int10                                    
1182bd60  ti_sysbios_family_c64p_Hwi_int11                                    
1182bd80  ti_sysbios_family_c64p_Hwi_int12                                    
1182bda0  ti_sysbios_family_c64p_Hwi_int13                                    
1182bdc0  ti_sysbios_family_c64p_Hwi_int14                                    
1182bde0  ti_sysbios_family_c64p_Hwi_int15                                    
1182be00  __CIOBUF_                                                           
1182c858  __TI_Handler_Table_Base                                             
1182c860  __TI_CINIT_Base                                                     
1182c860  __TI_Handler_Table_Limit                                            
1182c890  __TI_CINIT_Limit                                                    
ffffffff  __TI_pprof_out_hndl                                                 
ffffffff  __TI_prof_data_size                                                 
ffffffff  __TI_prof_data_start                                                
ffffffff  __binit__                                                           
ffffffff  __c_args__                                                          
ffffffff  binit                                                               
UNDEFED   __TI_INITARRAY_Base                                                 
UNDEFED   __TI_INITARRAY_Limit                                                
UNDEFED   __TI_TLS_INIT_Base                                                  
UNDEFED   __TI_TLS_INIT_Limit                                                 

[858 symbols]
