<?xml version="1.0"?>
<link_info>
   <banner>TMS320C2000 Linker PC v17.6.0.STS</banner>
   <copyright>Copyright (c) 1996-2017 Texas Instruments Incorporated</copyright>
   <link_time>0x5cd35ddc</link_time>
   <link_errors>0x0</link_errors>
   <output_file>Lab5.out</output_file>
   <entry_point>
      <name>_c_int00</name>
      <address>0x302c8a</address>
   </entry_point>
   <input_file_list>
      <input_file id="fl-2">
         <path>.\</path>
         <kind>object</kind>
         <file>28335_dma.obj</file>
         <name>28335_dma.obj</name>
      </input_file>
      <input_file id="fl-3">
         <path>.\</path>
         <kind>object</kind>
         <file>28335_eqep.obj</file>
         <name>28335_eqep.obj</name>
      </input_file>
      <input_file id="fl-4">
         <path>.\</path>
         <kind>object</kind>
         <file>28335_inits.obj</file>
         <name>28335_inits.obj</name>
      </input_file>
      <input_file id="fl-5">
         <path>.\</path>
         <kind>object</kind>
         <file>28335_mcbsp.obj</file>
         <name>28335_mcbsp.obj</name>
      </input_file>
      <input_file id="fl-6">
         <path>.\</path>
         <kind>object</kind>
         <file>28335_pwm.obj</file>
         <name>28335_pwm.obj</name>
      </input_file>
      <input_file id="fl-7">
         <path>.\</path>
         <kind>object</kind>
         <file>28335_serial.obj</file>
         <name>28335_serial.obj</name>
      </input_file>
      <input_file id="fl-8">
         <path>.\</path>
         <kind>object</kind>
         <file>28335_spi.obj</file>
         <name>28335_spi.obj</name>
      </input_file>
      <input_file id="fl-9">
         <path>.\</path>
         <kind>object</kind>
         <file>DSP2833x_ADC_cal.obj</file>
         <name>DSP2833x_ADC_cal.obj</name>
      </input_file>
      <input_file id="fl-a">
         <path>.\</path>
         <kind>object</kind>
         <file>DSP2833x_Adc.obj</file>
         <name>DSP2833x_Adc.obj</name>
      </input_file>
      <input_file id="fl-b">
         <path>.\</path>
         <kind>object</kind>
         <file>DSP2833x_CSMPasswords.obj</file>
         <name>DSP2833x_CSMPasswords.obj</name>
      </input_file>
      <input_file id="fl-c">
         <path>.\</path>
         <kind>object</kind>
         <file>DSP2833x_CodeStartBranch.obj</file>
         <name>DSP2833x_CodeStartBranch.obj</name>
      </input_file>
      <input_file id="fl-d">
         <path>.\</path>
         <kind>object</kind>
         <file>DSP2833x_CpuTimers.obj</file>
         <name>DSP2833x_CpuTimers.obj</name>
      </input_file>
      <input_file id="fl-e">
         <path>.\</path>
         <kind>object</kind>
         <file>DSP2833x_GlobalVariableDefs.obj</file>
         <name>DSP2833x_GlobalVariableDefs.obj</name>
      </input_file>
      <input_file id="fl-f">
         <path>.\</path>
         <kind>object</kind>
         <file>DSP2833x_Mcbsp.obj</file>
         <name>DSP2833x_Mcbsp.obj</name>
      </input_file>
      <input_file id="fl-10">
         <path>.\</path>
         <kind>object</kind>
         <file>DSP2833x_PieCtrl.obj</file>
         <name>DSP2833x_PieCtrl.obj</name>
      </input_file>
      <input_file id="fl-11">
         <path>.\</path>
         <kind>object</kind>
         <file>DSP2833x_Spi.obj</file>
         <name>DSP2833x_Spi.obj</name>
      </input_file>
      <input_file id="fl-12">
         <path>.\</path>
         <kind>object</kind>
         <file>DSP2833x_SysCtrl.obj</file>
         <name>DSP2833x_SysCtrl.obj</name>
      </input_file>
      <input_file id="fl-13">
         <path>.\</path>
         <kind>object</kind>
         <file>DSP2833x_usDelay.obj</file>
         <name>DSP2833x_usDelay.obj</name>
      </input_file>
      <input_file id="fl-14">
         <path>.\</path>
         <kind>object</kind>
         <file>i2c.obj</file>
         <name>i2c.obj</name>
      </input_file>
      <input_file id="fl-15">
         <path>.\</path>
         <kind>object</kind>
         <file>lcd.obj</file>
         <name>lcd.obj</name>
      </input_file>
      <input_file id="fl-16">
         <path>.\</path>
         <kind>object</kind>
         <file>user_Lab5.obj</file>
         <name>user_Lab5.obj</name>
      </input_file>
      <input_file id="fl-1b">
         <path>C:\hzhou39_decamar2_ashwina2\SE423Repo\Labs\Lab5\Lab5Project\Debug\configPkg\package\cfg\</path>
         <kind>object</kind>
         <file>Lab5_p28FP.o28FP</file>
         <name>Lab5_p28FP.o28FP</name>
      </input_file>
      <input_file id="fl-22">
         <kind>object</kind>
         <file>&lt;internal&gt;</file>
         <name>&lt;internal&gt;</name>
      </input_file>
      <input_file id="fl-23">
         <path>C:\hzhou39_decamar2_ashwina2\SE423Repo\Labs\Lab5\SYSBIOS\src\sysbios\</path>
         <kind>archive</kind>
         <file>sysbios.a28FP</file>
         <name>BIOS.obj</name>
      </input_file>
      <input_file id="fl-24">
         <path>C:\hzhou39_decamar2_ashwina2\SE423Repo\Labs\Lab5\SYSBIOS\src\sysbios\</path>
         <kind>archive</kind>
         <file>sysbios.a28FP</file>
         <name>c28_Hwi_asm.obj</name>
      </input_file>
      <input_file id="fl-25">
         <path>C:\hzhou39_decamar2_ashwina2\SE423Repo\Labs\Lab5\SYSBIOS\src\sysbios\</path>
         <kind>archive</kind>
         <file>sysbios.a28FP</file>
         <name>c28_Hwi_disp_asm.obj</name>
      </input_file>
      <input_file id="fl-26">
         <path>C:\hzhou39_decamar2_ashwina2\SE423Repo\Labs\Lab5\SYSBIOS\src\sysbios\</path>
         <kind>archive</kind>
         <file>sysbios.a28FP</file>
         <name>c28_IntrinsicsSupport_asm.obj</name>
      </input_file>
      <input_file id="fl-27">
         <path>C:\hzhou39_decamar2_ashwina2\SE423Repo\Labs\Lab5\SYSBIOS\src\sysbios\</path>
         <kind>archive</kind>
         <file>sysbios.a28FP</file>
         <name>c28_TaskSupport_asm.obj</name>
      </input_file>
      <input_file id="fl-28">
         <path>C:\CCStudio_v8\bios_6_70_01_03\packages\ti\catalog\c2800\init\lib\</path>
         <kind>archive</kind>
         <file>Boot.a28FP</file>
         <name>Boot.o28FP</name>
      </input_file>
      <input_file id="fl-29">
         <path>C:\CCStudio_v8\bios_6_70_01_03\packages\ti\targets\rts2800\lib\</path>
         <kind>archive</kind>
         <file>ti.targets.rts2800.a28FP</file>
         <name>Core-smem.o28FP</name>
      </input_file>
      <input_file id="fl-2a">
         <path>C:\CCStudio_v8\bios_6_70_01_03\packages\ti\targets\rts2800\lib\</path>
         <kind>archive</kind>
         <file>ti.targets.rts2800.a28FP</file>
         <name>Core-label.o28FP</name>
      </input_file>
      <input_file id="fl-2b">
         <path>C:\CCStudio_v8\bios_6_70_01_03\packages\ti\targets\rts2800\lib\</path>
         <kind>archive</kind>
         <file>ti.targets.rts2800.a28FP</file>
         <name>Core-params.o28FP</name>
      </input_file>
      <input_file id="fl-2c">
         <path>C:\CCStudio_v8\bios_6_70_01_03\packages\ti\targets\rts2800\lib\</path>
         <kind>archive</kind>
         <file>ti.targets.rts2800.a28FP</file>
         <name>Error.o28FP</name>
      </input_file>
      <input_file id="fl-2d">
         <path>C:\CCStudio_v8\bios_6_70_01_03\packages\ti\targets\rts2800\lib\</path>
         <kind>archive</kind>
         <file>ti.targets.rts2800.a28FP</file>
         <name>Gate.o28FP</name>
      </input_file>
      <input_file id="fl-2e">
         <path>C:\CCStudio_v8\bios_6_70_01_03\packages\ti\targets\rts2800\lib\</path>
         <kind>archive</kind>
         <file>ti.targets.rts2800.a28FP</file>
         <name>LoggerBuf.o28FP</name>
      </input_file>
      <input_file id="fl-2f">
         <path>C:\CCStudio_v8\bios_6_70_01_03\packages\ti\targets\rts2800\lib\</path>
         <kind>archive</kind>
         <file>ti.targets.rts2800.a28FP</file>
         <name>Memory.o28FP</name>
      </input_file>
      <input_file id="fl-30">
         <path>C:\CCStudio_v8\bios_6_70_01_03\packages\ti\targets\rts2800\lib\</path>
         <kind>archive</kind>
         <file>ti.targets.rts2800.a28FP</file>
         <name>Startup.o28FP</name>
      </input_file>
      <input_file id="fl-31">
         <path>C:\CCStudio_v8\bios_6_70_01_03\packages\ti\targets\rts2800\lib\</path>
         <kind>archive</kind>
         <file>ti.targets.rts2800.a28FP</file>
         <name>System.o28FP</name>
      </input_file>
      <input_file id="fl-32">
         <path>C:\CCStudio_v8\bios_6_70_01_03\packages\ti\targets\rts2800\lib\</path>
         <kind>archive</kind>
         <file>ti.targets.rts2800.a28FP</file>
         <name>SysMin.o28FP</name>
      </input_file>
      <input_file id="fl-33">
         <path>C:\CCStudio_v8\bios_6_70_01_03\packages\ti\targets\rts2800\lib\</path>
         <kind>archive</kind>
         <file>ti.targets.rts2800.a28FP</file>
         <name>Text.o28FP</name>
      </input_file>
      <input_file id="fl-34">
         <path>C:\CCStudio_v8\bios_6_70_01_03\packages\ti\targets\rts2800\lib\</path>
         <kind>archive</kind>
         <file>ti.targets.rts2800.a28FP</file>
         <name>xdc_noinit.o28FP</name>
      </input_file>
      <input_file id="fl-35">
         <path>C:\CCStudio_v8\bios_6_70_01_03\packages\ti\targets\rts2800\lib\</path>
         <kind>archive</kind>
         <file>ti.targets.rts2800.a28FP</file>
         <name>Assert.o28FP</name>
      </input_file>
      <input_file id="fl-36">
         <path>C:\CCStudio_v8\bios_6_70_01_03\packages\ti\targets\rts2800\lib\</path>
         <kind>archive</kind>
         <file>ti.targets.rts2800.a28FP</file>
         <name>Log.o28FP</name>
      </input_file>
      <input_file id="fl-37">
         <path>C:\CCStudio_v8\bios_6_70_01_03\packages\ti\targets\rts2800\lib\</path>
         <kind>archive</kind>
         <file>ti.targets.rts2800.a28FP</file>
         <name>Registry.o28FP</name>
      </input_file>
      <input_file id="fl-38">
         <path>C:\CCStudio_v8\bios_6_70_01_03\packages\ti\targets\rts2800\lib\</path>
         <kind>archive</kind>
         <file>boot.a28FP</file>
         <name>boot_cg.o28FP</name>
      </input_file>
      <input_file id="fl-44">
         <path>C:\CCStudio_v8\ccsv8\tools\compiler\ti-cgt-c2000_17.6.0.STS\lib\</path>
         <kind>archive</kind>
         <file>rts2800_fpu32.lib</file>
         <name>fs_div28.obj</name>
      </input_file>
      <input_file id="fl-45">
         <path>C:\CCStudio_v8\ccsv8\tools\compiler\ti-cgt-c2000_17.6.0.STS\lib\</path>
         <kind>archive</kind>
         <file>rts2800_fpu32.lib</file>
         <name>ll_div28.obj</name>
      </input_file>
      <input_file id="fl-46">
         <path>C:\CCStudio_v8\ccsv8\tools\compiler\ti-cgt-c2000_17.6.0.STS\lib\</path>
         <kind>archive</kind>
         <file>rts2800_fpu32.lib</file>
         <name>l_div28.obj</name>
      </input_file>
      <input_file id="fl-47">
         <path>C:\CCStudio_v8\ccsv8\tools\compiler\ti-cgt-c2000_17.6.0.STS\lib\</path>
         <kind>archive</kind>
         <file>rts2800_fpu32.lib</file>
         <name>cpy_tbl.obj</name>
      </input_file>
      <input_file id="fl-48">
         <path>C:\CCStudio_v8\ccsv8\tools\compiler\ti-cgt-c2000_17.6.0.STS\lib\</path>
         <kind>archive</kind>
         <file>rts2800_fpu32.lib</file>
         <name>memcpy.obj</name>
      </input_file>
      <input_file id="fl-49">
         <path>C:\CCStudio_v8\ccsv8\tools\compiler\ti-cgt-c2000_17.6.0.STS\lib\</path>
         <kind>archive</kind>
         <file>rts2800_fpu32.lib</file>
         <name>pre_init.obj</name>
      </input_file>
      <input_file id="fl-4a">
         <path>C:\CCStudio_v8\ccsv8\tools\compiler\ti-cgt-c2000_17.6.0.STS\lib\</path>
         <kind>archive</kind>
         <file>rts2800_fpu32.lib</file>
         <name>startup.obj</name>
      </input_file>
      <input_file id="fl-4b">
         <path>C:\CCStudio_v8\ccsv8\tools\compiler\ti-cgt-c2000_17.6.0.STS\lib\</path>
         <kind>archive</kind>
         <file>rts2800_fpu32.lib</file>
         <name>exit.obj</name>
      </input_file>
      <input_file id="fl-4c">
         <path>C:\CCStudio_v8\ccsv8\tools\compiler\ti-cgt-c2000_17.6.0.STS\lib\</path>
         <kind>archive</kind>
         <file>rts2800_fpu32.lib</file>
         <name>_lock.obj</name>
      </input_file>
      <input_file id="fl-4d">
         <path>C:\CCStudio_v8\ccsv8\tools\compiler\ti-cgt-c2000_17.6.0.STS\lib\</path>
         <kind>archive</kind>
         <file>rts2800_fpu32.lib</file>
         <name>args_main.obj</name>
      </input_file>
      <input_file id="fl-4e">
         <path>C:\CCStudio_v8\ccsv8\tools\compiler\ti-cgt-c2000_17.6.0.STS\lib\</path>
         <kind>archive</kind>
         <file>rts2800_fpu32.lib</file>
         <name>memset.obj</name>
      </input_file>
      <input_file id="fl-4f">
         <path>C:\CCStudio_v8\ccsv8\tools\compiler\ti-cgt-c2000_17.6.0.STS\lib\</path>
         <kind>archive</kind>
         <file>rts2800_fpu32.lib</file>
         <name>strcmp.obj</name>
      </input_file>
      <input_file id="fl-50">
         <path>C:\CCStudio_v8\ccsv8\tools\compiler\ti-cgt-c2000_17.6.0.STS\lib\</path>
         <kind>archive</kind>
         <file>rts2800_fpu32.lib</file>
         <name>strlen.obj</name>
      </input_file>
      <input_file id="fl-51">
         <path>C:\CCStudio_v8\ccsv8\tools\compiler\ti-cgt-c2000_17.6.0.STS\lib\</path>
         <kind>archive</kind>
         <file>rts2800_fpu32.lib</file>
         <name>hostwrite.obj</name>
      </input_file>
      <input_file id="fl-52">
         <path>C:\CCStudio_v8\ccsv8\tools\compiler\ti-cgt-c2000_17.6.0.STS\lib\</path>
         <kind>archive</kind>
         <file>rts2800_fpu32.lib</file>
         <name>trgmsg.obj</name>
      </input_file>
      <input_file id="fl-53">
         <path>C:\CCStudio_v8\ccsv8\tools\compiler\ti-cgt-c2000_17.6.0.STS\lib\</path>
         <kind>archive</kind>
         <file>rts2800_fpu32.lib</file>
         <name>vsprintf.obj</name>
      </input_file>
      <input_file id="fl-54">
         <path>C:\CCStudio_v8\ccsv8\tools\compiler\ti-cgt-c2000_17.6.0.STS\lib\</path>
         <kind>archive</kind>
         <file>rts2800_fpu32.lib</file>
         <name>_printfi.obj</name>
      </input_file>
      <input_file id="fl-55">
         <path>C:\CCStudio_v8\ccsv8\tools\compiler\ti-cgt-c2000_17.6.0.STS\lib\</path>
         <kind>archive</kind>
         <file>rts2800_fpu32.lib</file>
         <name>atoi.obj</name>
      </input_file>
      <input_file id="fl-56">
         <path>C:\CCStudio_v8\ccsv8\tools\compiler\ti-cgt-c2000_17.6.0.STS\lib\</path>
         <kind>archive</kind>
         <file>rts2800_fpu32.lib</file>
         <name>ctype.obj</name>
      </input_file>
      <input_file id="fl-57">
         <path>C:\CCStudio_v8\ccsv8\tools\compiler\ti-cgt-c2000_17.6.0.STS\lib\</path>
         <kind>archive</kind>
         <file>rts2800_fpu32.lib</file>
         <name>ltoa.obj</name>
      </input_file>
      <input_file id="fl-58">
         <path>C:\CCStudio_v8\ccsv8\tools\compiler\ti-cgt-c2000_17.6.0.STS\lib\</path>
         <kind>archive</kind>
         <file>rts2800_fpu32.lib</file>
         <name>memccpy.obj</name>
      </input_file>
      <input_file id="fl-59">
         <path>C:\CCStudio_v8\ccsv8\tools\compiler\ti-cgt-c2000_17.6.0.STS\lib\</path>
         <kind>archive</kind>
         <file>rts2800_fpu32.lib</file>
         <name>strchr.obj</name>
      </input_file>
      <input_file id="fl-5a">
         <path>C:\CCStudio_v8\ccsv8\tools\compiler\ti-cgt-c2000_17.6.0.STS\lib\</path>
         <kind>archive</kind>
         <file>rts2800_fpu32.lib</file>
         <name>strcpy.obj</name>
      </input_file>
      <input_file id="fl-5b">
         <path>C:\CCStudio_v8\ccsv8\tools\compiler\ti-cgt-c2000_17.6.0.STS\lib\</path>
         <kind>archive</kind>
         <file>rts2800_fpu32.lib</file>
         <name>hostopen.obj</name>
      </input_file>
      <input_file id="fl-5c">
         <path>C:\CCStudio_v8\ccsv8\tools\compiler\ti-cgt-c2000_17.6.0.STS\lib\</path>
         <kind>archive</kind>
         <file>rts2800_fpu32.lib</file>
         <name>s_frexp.obj</name>
      </input_file>
      <input_file id="fl-5d">
         <path>C:\CCStudio_v8\ccsv8\tools\compiler\ti-cgt-c2000_17.6.0.STS\lib\</path>
         <kind>archive</kind>
         <file>rts2800_fpu32.lib</file>
         <name>s_scalbn.obj</name>
      </input_file>
      <input_file id="fl-5e">
         <path>C:\CCStudio_v8\ccsv8\tools\compiler\ti-cgt-c2000_17.6.0.STS\lib\</path>
         <kind>archive</kind>
         <file>rts2800_fpu32.lib</file>
         <name>fd_add28.obj</name>
      </input_file>
      <input_file id="fl-5f">
         <path>C:\CCStudio_v8\ccsv8\tools\compiler\ti-cgt-c2000_17.6.0.STS\lib\</path>
         <kind>archive</kind>
         <file>rts2800_fpu32.lib</file>
         <name>fd_cmp28.obj</name>
      </input_file>
      <input_file id="fl-60">
         <path>C:\CCStudio_v8\ccsv8\tools\compiler\ti-cgt-c2000_17.6.0.STS\lib\</path>
         <kind>archive</kind>
         <file>rts2800_fpu32.lib</file>
         <name>fd_div28.obj</name>
      </input_file>
      <input_file id="fl-61">
         <path>C:\CCStudio_v8\ccsv8\tools\compiler\ti-cgt-c2000_17.6.0.STS\lib\</path>
         <kind>archive</kind>
         <file>rts2800_fpu32.lib</file>
         <name>fd_mpy28.obj</name>
      </input_file>
      <input_file id="fl-62">
         <path>C:\CCStudio_v8\ccsv8\tools\compiler\ti-cgt-c2000_17.6.0.STS\lib\</path>
         <kind>archive</kind>
         <file>rts2800_fpu32.lib</file>
         <name>fd_neg28.obj</name>
      </input_file>
      <input_file id="fl-63">
         <path>C:\CCStudio_v8\ccsv8\tools\compiler\ti-cgt-c2000_17.6.0.STS\lib\</path>
         <kind>archive</kind>
         <file>rts2800_fpu32.lib</file>
         <name>fd_sub28.obj</name>
      </input_file>
      <input_file id="fl-64">
         <path>C:\CCStudio_v8\ccsv8\tools\compiler\ti-cgt-c2000_17.6.0.STS\lib\</path>
         <kind>archive</kind>
         <file>rts2800_fpu32.lib</file>
         <name>fd_toi28.obj</name>
      </input_file>
      <input_file id="fl-65">
         <path>C:\CCStudio_v8\ccsv8\tools\compiler\ti-cgt-c2000_17.6.0.STS\lib\</path>
         <kind>archive</kind>
         <file>rts2800_fpu32.lib</file>
         <name>fd_tol28.obj</name>
      </input_file>
      <input_file id="fl-66">
         <path>C:\CCStudio_v8\ccsv8\tools\compiler\ti-cgt-c2000_17.6.0.STS\lib\</path>
         <kind>archive</kind>
         <file>rts2800_fpu32.lib</file>
         <name>ll_aox28.obj</name>
      </input_file>
      <input_file id="fl-67">
         <path>C:\CCStudio_v8\ccsv8\tools\compiler\ti-cgt-c2000_17.6.0.STS\lib\</path>
         <kind>archive</kind>
         <file>rts2800_fpu32.lib</file>
         <name>ll_cmp28.obj</name>
      </input_file>
      <input_file id="fl-68">
         <path>C:\CCStudio_v8\ccsv8\tools\compiler\ti-cgt-c2000_17.6.0.STS\lib\</path>
         <kind>archive</kind>
         <file>rts2800_fpu32.lib</file>
         <name>i_tofd28.obj</name>
      </input_file>
      <input_file id="fl-69">
         <path>C:\CCStudio_v8\ccsv8\tools\compiler\ti-cgt-c2000_17.6.0.STS\lib\</path>
         <kind>archive</kind>
         <file>rts2800_fpu32.lib</file>
         <name>l_tofd28.obj</name>
      </input_file>
      <input_file id="fl-6a">
         <path>C:\CCStudio_v8\ccsv8\tools\compiler\ti-cgt-c2000_17.6.0.STS\lib\</path>
         <kind>archive</kind>
         <file>rts2800_fpu32.lib</file>
         <name>fs_tofdfpu32.obj</name>
      </input_file>
      <input_file id="fl-6b">
         <path>C:\CCStudio_v8\ccsv8\tools\compiler\ti-cgt-c2000_17.6.0.STS\lib\</path>
         <kind>archive</kind>
         <file>rts2800_fpu32.lib</file>
         <name>errno.obj</name>
      </input_file>
      <input_file id="fl-6c">
         <path>C:\CCStudio_v8\ccsv8\tools\compiler\ti-cgt-c2000_17.6.0.STS\lib\</path>
         <kind>archive</kind>
         <file>rts2800_fpu32.lib</file>
         <name>s_copysign.obj</name>
      </input_file>
   </input_file_list>
   <object_component_list>
      <object_component id="oc-c0">
         <name>PieVectTableFile</name>
         <uninitialized>true</uninitialized>
         <run_address>0xd00</run_address>
         <size>0x100</size>
         <input_file_ref idref="fl-e"/>
      </object_component>
      <object_component id="oc-bc">
         <name>DevEmuRegsFile</name>
         <uninitialized>true</uninitialized>
         <run_address>0x880</run_address>
         <size>0xd0</size>
         <input_file_ref idref="fl-e"/>
      </object_component>
      <object_component id="oc-92">
         <name>FlashRegsFile</name>
         <uninitialized>true</uninitialized>
         <run_address>0xa80</run_address>
         <size>0x8</size>
         <input_file_ref idref="fl-e"/>
      </object_component>
      <object_component id="oc-9c">
         <name>CsmRegsFile</name>
         <uninitialized>true</uninitialized>
         <run_address>0xae0</run_address>
         <size>0x10</size>
         <input_file_ref idref="fl-e"/>
      </object_component>
      <object_component id="oc-9b">
         <name>AdcMirrorFile</name>
         <uninitialized>true</uninitialized>
         <run_address>0xb00</run_address>
         <size>0x10</size>
         <input_file_ref idref="fl-e"/>
      </object_component>
      <object_component id="oc-9f">
         <name>XintfRegsFile</name>
         <uninitialized>true</uninitialized>
         <run_address>0xb20</run_address>
         <size>0x1e</size>
         <input_file_ref idref="fl-e"/>
      </object_component>
      <object_component id="oc-93">
         <name>CpuTimer0RegsFile</name>
         <uninitialized>true</uninitialized>
         <run_address>0xc00</run_address>
         <size>0x8</size>
         <input_file_ref idref="fl-e"/>
      </object_component>
      <object_component id="oc-91">
         <name>CpuTimer1RegsFile</name>
         <uninitialized>true</uninitialized>
         <run_address>0xc08</run_address>
         <size>0x8</size>
         <input_file_ref idref="fl-e"/>
      </object_component>
      <object_component id="oc-90">
         <name>CpuTimer2RegsFile</name>
         <uninitialized>true</uninitialized>
         <run_address>0xc10</run_address>
         <size>0x8</size>
         <input_file_ref idref="fl-e"/>
      </object_component>
      <object_component id="oc-9d">
         <name>PieCtrlRegsFile</name>
         <uninitialized>true</uninitialized>
         <run_address>0xce0</run_address>
         <size>0x1a</size>
         <input_file_ref idref="fl-e"/>
      </object_component>
      <object_component id="oc-bd">
         <name>DmaRegsFile</name>
         <uninitialized>true</uninitialized>
         <run_address>0x1000</run_address>
         <size>0xe0</size>
         <input_file_ref idref="fl-e"/>
      </object_component>
      <object_component id="oc-af">
         <name>McbspaRegsFile</name>
         <uninitialized>true</uninitialized>
         <run_address>0x5000</run_address>
         <size>0x25</size>
         <input_file_ref idref="fl-e"/>
      </object_component>
      <object_component id="oc-b0">
         <name>McbspbRegsFile</name>
         <uninitialized>true</uninitialized>
         <run_address>0x5040</run_address>
         <size>0x25</size>
         <input_file_ref idref="fl-e"/>
      </object_component>
      <object_component id="oc-b3">
         <name>ECanaRegsFile</name>
         <uninitialized>true</uninitialized>
         <run_address>0x6000</run_address>
         <size>0x34</size>
         <input_file_ref idref="fl-e"/>
      </object_component>
      <object_component id="oc-b6">
         <name>ECanaLAMRegsFile</name>
         <uninitialized>true</uninitialized>
         <run_address>0x6040</run_address>
         <size>0x40</size>
         <input_file_ref idref="fl-e"/>
      </object_component>
      <object_component id="oc-bf">
         <name>ECanaMboxesFile</name>
         <uninitialized>true</uninitialized>
         <run_address>0x6100</run_address>
         <size>0x100</size>
         <input_file_ref idref="fl-e"/>
      </object_component>
      <object_component id="oc-b7">
         <name>ECanaMOTSRegsFile</name>
         <uninitialized>true</uninitialized>
         <run_address>0x6080</run_address>
         <size>0x40</size>
         <input_file_ref idref="fl-e"/>
      </object_component>
      <object_component id="oc-b4">
         <name>ECanaMOTORegsFile</name>
         <uninitialized>true</uninitialized>
         <run_address>0x60c0</run_address>
         <size>0x40</size>
         <input_file_ref idref="fl-e"/>
      </object_component>
      <object_component id="oc-b2">
         <name>ECanbRegsFile</name>
         <uninitialized>true</uninitialized>
         <run_address>0x6200</run_address>
         <size>0x34</size>
         <input_file_ref idref="fl-e"/>
      </object_component>
      <object_component id="oc-ba">
         <name>ECanbLAMRegsFile</name>
         <uninitialized>true</uninitialized>
         <run_address>0x6240</run_address>
         <size>0x40</size>
         <input_file_ref idref="fl-e"/>
      </object_component>
      <object_component id="oc-be">
         <name>ECanbMboxesFile</name>
         <uninitialized>true</uninitialized>
         <run_address>0x6300</run_address>
         <size>0x100</size>
         <input_file_ref idref="fl-e"/>
      </object_component>
      <object_component id="oc-b5">
         <name>ECanbMOTSRegsFile</name>
         <uninitialized>true</uninitialized>
         <run_address>0x6280</run_address>
         <size>0x40</size>
         <input_file_ref idref="fl-e"/>
      </object_component>
      <object_component id="oc-b8">
         <name>ECanbMOTORegsFile</name>
         <uninitialized>true</uninitialized>
         <run_address>0x62c0</run_address>
         <size>0x40</size>
         <input_file_ref idref="fl-e"/>
      </object_component>
      <object_component id="oc-aa">
         <name>EPwm1RegsFile</name>
         <uninitialized>true</uninitialized>
         <run_address>0x6800</run_address>
         <size>0x22</size>
         <input_file_ref idref="fl-e"/>
      </object_component>
      <object_component id="oc-a9">
         <name>EPwm2RegsFile</name>
         <uninitialized>true</uninitialized>
         <run_address>0x6840</run_address>
         <size>0x22</size>
         <input_file_ref idref="fl-e"/>
      </object_component>
      <object_component id="oc-ab">
         <name>EPwm3RegsFile</name>
         <uninitialized>true</uninitialized>
         <run_address>0x6880</run_address>
         <size>0x22</size>
         <input_file_ref idref="fl-e"/>
      </object_component>
      <object_component id="oc-ad">
         <name>EPwm4RegsFile</name>
         <uninitialized>true</uninitialized>
         <run_address>0x68c0</run_address>
         <size>0x22</size>
         <input_file_ref idref="fl-e"/>
      </object_component>
      <object_component id="oc-ac">
         <name>EPwm5RegsFile</name>
         <uninitialized>true</uninitialized>
         <run_address>0x6900</run_address>
         <size>0x22</size>
         <input_file_ref idref="fl-e"/>
      </object_component>
      <object_component id="oc-ae">
         <name>EPwm6RegsFile</name>
         <uninitialized>true</uninitialized>
         <run_address>0x6940</run_address>
         <size>0x22</size>
         <input_file_ref idref="fl-e"/>
      </object_component>
      <object_component id="oc-a6">
         <name>ECap1RegsFile</name>
         <uninitialized>true</uninitialized>
         <run_address>0x6a00</run_address>
         <size>0x20</size>
         <input_file_ref idref="fl-e"/>
      </object_component>
      <object_component id="oc-a2">
         <name>ECap2RegsFile</name>
         <uninitialized>true</uninitialized>
         <run_address>0x6a20</run_address>
         <size>0x20</size>
         <input_file_ref idref="fl-e"/>
      </object_component>
      <object_component id="oc-a3">
         <name>ECap3RegsFile</name>
         <uninitialized>true</uninitialized>
         <run_address>0x6a40</run_address>
         <size>0x20</size>
         <input_file_ref idref="fl-e"/>
      </object_component>
      <object_component id="oc-a0">
         <name>ECap4RegsFile</name>
         <uninitialized>true</uninitialized>
         <run_address>0x6a60</run_address>
         <size>0x20</size>
         <input_file_ref idref="fl-e"/>
      </object_component>
      <object_component id="oc-a1">
         <name>ECap5RegsFile</name>
         <uninitialized>true</uninitialized>
         <run_address>0x6a80</run_address>
         <size>0x20</size>
         <input_file_ref idref="fl-e"/>
      </object_component>
      <object_component id="oc-a7">
         <name>ECap6RegsFile</name>
         <uninitialized>true</uninitialized>
         <run_address>0x6aa0</run_address>
         <size>0x20</size>
         <input_file_ref idref="fl-e"/>
      </object_component>
      <object_component id="oc-bb">
         <name>EQep1RegsFile</name>
         <uninitialized>true</uninitialized>
         <run_address>0x6b00</run_address>
         <size>0x40</size>
         <input_file_ref idref="fl-e"/>
      </object_component>
      <object_component id="oc-b9">
         <name>EQep2RegsFile</name>
         <uninitialized>true</uninitialized>
         <run_address>0x6b40</run_address>
         <size>0x40</size>
         <input_file_ref idref="fl-e"/>
      </object_component>
      <object_component id="oc-b1">
         <name>GpioCtrlRegsFile</name>
         <uninitialized>true</uninitialized>
         <run_address>0x6f80</run_address>
         <size>0x2e</size>
         <input_file_ref idref="fl-e"/>
      </object_component>
      <object_component id="oc-a4">
         <name>GpioDataRegsFile</name>
         <uninitialized>true</uninitialized>
         <run_address>0x6fc0</run_address>
         <size>0x20</size>
         <input_file_ref idref="fl-e"/>
      </object_component>
      <object_component id="oc-95">
         <name>GpioIntRegsFile</name>
         <uninitialized>true</uninitialized>
         <run_address>0x6fe0</run_address>
         <size>0xa</size>
         <input_file_ref idref="fl-e"/>
      </object_component>
      <object_component id="oc-a5">
         <name>SysCtrlRegsFile</name>
         <uninitialized>true</uninitialized>
         <run_address>0x7010</run_address>
         <size>0x20</size>
         <input_file_ref idref="fl-e"/>
      </object_component>
      <object_component id="oc-98">
         <name>SpiaRegsFile</name>
         <uninitialized>true</uninitialized>
         <run_address>0x7040</run_address>
         <size>0x10</size>
         <input_file_ref idref="fl-e"/>
      </object_component>
      <object_component id="oc-99">
         <name>SciaRegsFile</name>
         <uninitialized>true</uninitialized>
         <run_address>0x7050</run_address>
         <size>0x10</size>
         <input_file_ref idref="fl-e"/>
      </object_component>
      <object_component id="oc-9a">
         <name>XIntruptRegsFile</name>
         <uninitialized>true</uninitialized>
         <run_address>0x7070</run_address>
         <size>0x10</size>
         <input_file_ref idref="fl-e"/>
      </object_component>
      <object_component id="oc-9e">
         <name>AdcRegsFile</name>
         <uninitialized>true</uninitialized>
         <run_address>0x7100</run_address>
         <size>0x1e</size>
         <input_file_ref idref="fl-e"/>
      </object_component>
      <object_component id="oc-97">
         <name>ScibRegsFile</name>
         <uninitialized>true</uninitialized>
         <run_address>0x7750</run_address>
         <size>0x10</size>
         <input_file_ref idref="fl-e"/>
      </object_component>
      <object_component id="oc-96">
         <name>ScicRegsFile</name>
         <uninitialized>true</uninitialized>
         <run_address>0x7770</run_address>
         <size>0x10</size>
         <input_file_ref idref="fl-e"/>
      </object_component>
      <object_component id="oc-a8">
         <name>I2caRegsFile</name>
         <uninitialized>true</uninitialized>
         <run_address>0x7900</run_address>
         <size>0x22</size>
         <input_file_ref idref="fl-e"/>
      </object_component>
      <object_component id="oc-94">
         <name>CsmPwlFile</name>
         <uninitialized>true</uninitialized>
         <run_address>0x3f7ff8</run_address>
         <size>0x8</size>
         <input_file_ref idref="fl-e"/>
      </object_component>
      <object_component id="oc-f2">
         <name>.cinit</name>
         <load_address>0x3064a1</load_address>
         <run_address>0x3064a1</run_address>
         <size>0x428</size>
         <input_file_ref idref="fl-1b"/>
      </object_component>
      <object_component id="oc-ea">
         <name>.cinit</name>
         <load_address>0x3068c9</load_address>
         <run_address>0x3068c9</run_address>
         <size>0x12d</size>
         <input_file_ref idref="fl-16"/>
      </object_component>
      <object_component id="oc-5c">
         <name>.cinit</name>
         <load_address>0x3069f6</load_address>
         <run_address>0x3069f6</run_address>
         <size>0x3c</size>
         <input_file_ref idref="fl-5"/>
      </object_component>
      <object_component id="oc-71">
         <name>.cinit</name>
         <load_address>0x306a32</load_address>
         <run_address>0x306a32</run_address>
         <size>0x24</size>
         <input_file_ref idref="fl-8"/>
      </object_component>
      <object_component id="oc-dc">
         <name>.cinit</name>
         <load_address>0x306a56</load_address>
         <run_address>0x306a56</run_address>
         <size>0x11</size>
         <input_file_ref idref="fl-14"/>
      </object_component>
      <object_component id="oc-191">
         <name>.cinit</name>
         <load_address>0x306a67</load_address>
         <run_address>0x306a67</run_address>
         <size>0xe</size>
         <input_file_ref idref="fl-4b"/>
      </object_component>
      <object_component id="oc-64">
         <name>.cinit</name>
         <load_address>0x306a75</load_address>
         <run_address>0x306a75</run_address>
         <size>0xc</size>
         <input_file_ref idref="fl-6"/>
      </object_component>
      <object_component id="oc-55">
         <name>.cinit</name>
         <load_address>0x306a81</load_address>
         <run_address>0x306a81</run_address>
         <size>0x8</size>
         <input_file_ref idref="fl-4"/>
      </object_component>
      <object_component id="oc-2cd">
         <name>.cinit:__lock</name>
         <load_address>0x306a89</load_address>
         <run_address>0x306a89</run_address>
         <size>0x5</size>
         <input_file_ref idref="fl-4c"/>
      </object_component>
      <object_component id="oc-2ce">
         <name>.cinit:__unlock</name>
         <load_address>0x306a8e</load_address>
         <run_address>0x306a8e</run_address>
         <size>0x5</size>
         <input_file_ref idref="fl-4c"/>
      </object_component>
      <object_component id="oc-e3">
         <name>.cinit</name>
         <load_address>0x306a93</load_address>
         <run_address>0x306a93</run_address>
         <size>0x5</size>
         <input_file_ref idref="fl-15"/>
      </object_component>
      <object_component id="oc-236">
         <name>.cinit</name>
         <load_address>0x306a98</load_address>
         <run_address>0x306a98</run_address>
         <size>0x4</size>
         <input_file_ref idref="fl-6b"/>
      </object_component>
      <object_component id="oc-335">
         <name>.text</name>
         <load_address>0x300000</load_address>
         <run_address>0x300000</run_address>
         <size>0xc16</size>
         <input_file_ref idref="fl-54"/>
      </object_component>
      <object_component id="oc-24f">
         <name>.text:_control</name>
         <load_address>0x300c16</load_address>
         <run_address>0x300c16</run_address>
         <size>0x4ea</size>
         <input_file_ref idref="fl-16"/>
      </object_component>
      <object_component id="oc-2a6">
         <name>.text:_init_PWM</name>
         <load_address>0x301100</load_address>
         <run_address>0x301100</run_address>
         <size>0x294</size>
         <input_file_ref idref="fl-6"/>
      </object_component>
      <object_component id="oc-38e">
         <name>.text:_xdc_runtime_System_doPrint__I</name>
         <load_address>0x301394</load_address>
         <run_address>0x301394</run_address>
         <size>0x232</size>
         <input_file_ref idref="fl-31"/>
      </object_component>
      <object_component id="oc-255">
         <name>.text:_SPI_RXint</name>
         <load_address>0x3015c6</load_address>
         <run_address>0x3015c6</run_address>
         <size>0x21a</size>
         <input_file_ref idref="fl-8"/>
      </object_component>
      <object_component id="oc-2a7">
         <name>.text:_init_PWM_AS_RCSERVO</name>
         <load_address>0x3017e0</load_address>
         <run_address>0x3017e0</run_address>
         <size>0x1bc</size>
         <input_file_ref idref="fl-6"/>
      </object_component>
      <object_component id="oc-257">
         <name>.text:_McBSP_RX_INTCH2_ISR</name>
         <load_address>0x30199c</load_address>
         <run_address>0x30199c</run_address>
         <size>0x14e</size>
         <input_file_ref idref="fl-5"/>
      </object_component>
      <object_component id="oc-2a9">
         <name>.text:_init_serial</name>
         <load_address>0x301aea</load_address>
         <run_address>0x301aea</run_address>
         <size>0x131</size>
         <input_file_ref idref="fl-7"/>
      </object_component>
      <object_component id="oc-172">
         <name>.text</name>
         <load_address>0x301c1b</load_address>
         <run_address>0x301c1b</run_address>
         <size>0x107</size>
         <input_file_ref idref="fl-45"/>
      </object_component>
      <object_component id="oc-2ae">
         <name>.text:_init_SPI</name>
         <load_address>0x301d22</load_address>
         <run_address>0x301d22</run_address>
         <size>0x101</size>
         <input_file_ref idref="fl-8"/>
      </object_component>
      <object_component id="oc-28f">
         <name>.text:_sendData</name>
         <load_address>0x301e23</load_address>
         <run_address>0x301e23</run_address>
         <size>0xf6</size>
         <input_file_ref idref="fl-16"/>
      </object_component>
      <object_component id="oc-27b">
         <name>.text:_xdc_runtime_LoggerBuf_write8__E</name>
         <load_address>0x301f19</load_address>
         <run_address>0x301f19</run_address>
         <size>0xd2</size>
         <input_file_ref idref="fl-2e"/>
      </object_component>
      <object_component id="oc-267">
         <name>.text:_main</name>
         <load_address>0x301feb</load_address>
         <run_address>0x301feb</run_address>
         <size>0xc7</size>
         <input_file_ref idref="fl-16"/>
      </object_component>
      <object_component id="oc-39f">
         <name>.text:_xdc_runtime_System_printfExtend__I</name>
         <load_address>0x3020b2</load_address>
         <run_address>0x3020b2</run_address>
         <size>0xc0</size>
         <input_file_ref idref="fl-1b"/>
      </object_component>
      <object_component id="oc-346">
         <name>.text</name>
         <load_address>0x302172</load_address>
         <run_address>0x302172</run_address>
         <size>0xc0</size>
         <input_file_ref idref="fl-5d"/>
      </object_component>
      <object_component id="oc-28d">
         <name>.text:_PWM_out</name>
         <load_address>0x302232</load_address>
         <run_address>0x302232</run_address>
         <size>0xb2</size>
         <input_file_ref idref="fl-6"/>
      </object_component>
      <object_component id="oc-2da">
         <name>.text:_ti_sysbios_knl_Semaphore_pend__E</name>
         <load_address>0x3022e4</load_address>
         <run_address>0x3022e4</run_address>
         <size>0xa9</size>
         <input_file_ref idref="fl-23"/>
      </object_component>
      <object_component id="oc-2e8">
         <name>.text:_xdc_runtime_Error_policyDefault__E</name>
         <load_address>0x30238d</load_address>
         <run_address>0x30238d</run_address>
         <size>0x9c</size>
         <input_file_ref idref="fl-2c"/>
      </object_component>
      <object_component id="oc-1f4">
         <name>.text</name>
         <load_address>0x302429</load_address>
         <run_address>0x302429</run_address>
         <size>0x9c</size>
         <input_file_ref idref="fl-5e"/>
      </object_component>
      <object_component id="oc-37b">
         <name>.text:_ti_sysbios_family_c28_Hwi_dispatch</name>
         <load_address>0x3024c5</load_address>
         <run_address>0x3024c5</run_address>
         <size>0x9b</size>
         <input_file_ref idref="fl-25"/>
      </object_component>
      <object_component id="oc-386">
         <name>.text</name>
         <load_address>0x302560</load_address>
         <run_address>0x302560</run_address>
         <size>0x94</size>
         <input_file_ref idref="fl-52"/>
      </object_component>
      <object_component id="oc-28c">
         <name>.text:_updateData</name>
         <load_address>0x3025f4</load_address>
         <run_address>0x3025f4</run_address>
         <size>0x90</size>
         <input_file_ref idref="fl-16"/>
      </object_component>
      <object_component id="oc-2ff">
         <name>.text:_ti_sysbios_family_c28_Hwi_clearInterrupt__E</name>
         <load_address>0x302684</load_address>
         <run_address>0x302684</run_address>
         <size>0x8b</size>
         <input_file_ref idref="fl-23"/>
      </object_component>
      <object_component id="oc-27a">
         <name>.text:_xdc_runtime_LoggerBuf_write4__E</name>
         <load_address>0x30270f</load_address>
         <run_address>0x30270f</run_address>
         <size>0x8b</size>
         <input_file_ref idref="fl-2e"/>
      </object_component>
      <object_component id="oc-1fe">
         <name>.text</name>
         <load_address>0x30279a</load_address>
         <run_address>0x30279a</run_address>
         <size>0x8b</size>
         <input_file_ref idref="fl-60"/>
      </object_component>
      <object_component id="oc-16d">
         <name>.text</name>
         <load_address>0x302825</load_address>
         <run_address>0x302825</run_address>
         <size>0x88</size>
         <input_file_ref idref="fl-44"/>
      </object_component>
      <object_component id="oc-2aa">
         <name>.text:_init_dma_mcbsp</name>
         <load_address>0x3028ad</load_address>
         <run_address>0x3028ad</run_address>
         <size>0x87</size>
         <input_file_ref idref="fl-2"/>
      </object_component>
      <object_component id="oc-203">
         <name>.text</name>
         <load_address>0x302934</load_address>
         <run_address>0x302934</run_address>
         <size>0x83</size>
         <input_file_ref idref="fl-61"/>
      </object_component>
      <object_component id="oc-2a5">
         <name>.text:_init_EQEP</name>
         <load_address>0x3029b7</load_address>
         <run_address>0x3029b7</run_address>
         <size>0x82</size>
         <input_file_ref idref="fl-3"/>
      </object_component>
      <object_component id="oc-295">
         <name>.text:_i2c_stdrecv</name>
         <load_address>0x302a39</load_address>
         <run_address>0x302a39</run_address>
         <size>0x80</size>
         <input_file_ref idref="fl-14"/>
      </object_component>
      <object_component id="oc-298">
         <name>.text:_RCSERVO_out</name>
         <load_address>0x302ab9</load_address>
         <run_address>0x302ab9</run_address>
         <size>0x7a</size>
         <input_file_ref idref="fl-6"/>
      </object_component>
      <object_component id="oc-2ed">
         <name>.text:_xdc_runtime_Startup_startMods__I</name>
         <load_address>0x302b33</load_address>
         <run_address>0x302b33</run_address>
         <size>0x79</size>
         <input_file_ref idref="fl-30"/>
      </object_component>
      <object_component id="oc-303">
         <name>.text:_ti_sysbios_knl_Task_checkStacks__E</name>
         <load_address>0x302bac</load_address>
         <run_address>0x302bac</run_address>
         <size>0x73</size>
         <input_file_ref idref="fl-23"/>
      </object_component>
      <object_component id="oc-360">
         <name>.text:_xdc_runtime_Text_putSite__E</name>
         <load_address>0x302c1f</load_address>
         <run_address>0x302c1f</run_address>
         <size>0x6b</size>
         <input_file_ref idref="fl-33"/>
      </object_component>
      <object_component id="oc-49">
         <name>.text</name>
         <load_address>0x302c8a</load_address>
         <run_address>0x302c8a</run_address>
         <size>0x69</size>
         <input_file_ref idref="fl-38"/>
      </object_component>
      <object_component id="oc-37c">
         <name>.text:_ti_sysbios_family_c28_Timer_stopAndClear__I</name>
         <load_address>0x302cf3</load_address>
         <run_address>0x302cf3</run_address>
         <size>0x66</size>
         <input_file_ref idref="fl-23"/>
      </object_component>
      <object_component id="oc-296">
         <name>.text:_i2c_stdsend</name>
         <load_address>0x302d59</load_address>
         <run_address>0x302d59</run_address>
         <size>0x61</size>
         <input_file_ref idref="fl-14"/>
      </object_component>
      <object_component id="oc-2b9">
         <name>.text:_ti_sysbios_heaps_HeapMem_allocUnprotected__E</name>
         <load_address>0x302dba</load_address>
         <run_address>0x302dba</run_address>
         <size>0x5e</size>
         <input_file_ref idref="fl-23"/>
      </object_component>
      <object_component id="oc-2a8">
         <name>.text:_pre_init</name>
         <load_address>0x302e18</load_address>
         <run_address>0x302e18</run_address>
         <size>0x5c</size>
         <input_file_ref idref="fl-4"/>
      </object_component>
      <object_component id="oc-345">
         <name>.text</name>
         <load_address>0x302e74</load_address>
         <run_address>0x302e74</run_address>
         <size>0x5a</size>
         <input_file_ref idref="fl-5c"/>
      </object_component>
      <object_component id="oc-2f0">
         <name>.text:_InitPeripheralClocks</name>
         <load_address>0x302ece</load_address>
         <run_address>0x302ece</run_address>
         <size>0x56</size>
         <input_file_ref idref="fl-12"/>
      </object_component>
      <object_component id="oc-2dd">
         <name>.text:_LCDvPrintfLine</name>
         <load_address>0x302f24</load_address>
         <run_address>0x302f24</run_address>
         <size>0x54</size>
         <input_file_ref idref="fl-7"/>
      </object_component>
      <object_component id="oc-294">
         <name>.text:_ti_sysbios_knl_Task_sleep__E</name>
         <load_address>0x302f78</load_address>
         <run_address>0x302f78</run_address>
         <size>0x53</size>
         <input_file_ref idref="fl-23"/>
      </object_component>
      <object_component id="oc-2ef">
         <name>.text:_InitPll</name>
         <load_address>0x302fcb</load_address>
         <run_address>0x302fcb</run_address>
         <size>0x51</size>
         <input_file_ref idref="fl-12"/>
      </object_component>
      <object_component id="oc-250">
         <name>.text:_ti_sysbios_knl_Clock_workFunc__E</name>
         <load_address>0x30301c</load_address>
         <run_address>0x30301c</run_address>
         <size>0x4d</size>
         <input_file_ref idref="fl-23"/>
      </object_component>
      <object_component id="oc-3a1">
         <name>.text:_ti_sysbios_family_c28_Hwi_dispatchCore__I</name>
         <load_address>0x303069</load_address>
         <run_address>0x303069</run_address>
         <size>0x4c</size>
         <input_file_ref idref="fl-23"/>
      </object_component>
      <object_component id="oc-3a4">
         <name>.text:_xdc_runtime_Text_putLab__E</name>
         <load_address>0x3030b5</load_address>
         <run_address>0x3030b5</run_address>
         <size>0x4b</size>
         <input_file_ref idref="fl-33"/>
      </object_component>
      <object_component id="oc-2f9">
         <name>.text:_ti_sysbios_family_c28_TimestampProvider_get64__E</name>
         <load_address>0x303100</load_address>
         <run_address>0x303100</run_address>
         <size>0x48</size>
         <input_file_ref idref="fl-23"/>
      </object_component>
      <object_component id="oc-355">
         <name>.text:_ti_sysbios_family_c28_Hwi_Module_startup__E</name>
         <load_address>0x303148</load_address>
         <run_address>0x303148</run_address>
         <size>0x47</size>
         <input_file_ref idref="fl-23"/>
      </object_component>
      <object_component id="oc-373">
         <name>.text:_ti_sysbios_knl_Task_postInit__I</name>
         <load_address>0x30318f</load_address>
         <run_address>0x30318f</run_address>
         <size>0x47</size>
         <input_file_ref idref="fl-23"/>
      </object_component>
      <object_component id="oc-26f">
         <name>.text:_ti_sysbios_heaps_HeapMem_alloc__E</name>
         <load_address>0x3031d6</load_address>
         <run_address>0x3031d6</run_address>
         <size>0x46</size>
         <input_file_ref idref="fl-23"/>
      </object_component>
      <object_component id="oc-336">
         <name>.text:_ti_sysbios_knl_Swi_run__I</name>
         <load_address>0x30321c</load_address>
         <run_address>0x30321c</run_address>
         <size>0x46</size>
         <input_file_ref idref="fl-23"/>
      </object_component>
      <object_component id="oc-36b">
         <name>.text:_ti_sysbios_family_c28_Timer_postInit__I</name>
         <load_address>0x303262</load_address>
         <run_address>0x303262</run_address>
         <size>0x43</size>
         <input_file_ref idref="fl-23"/>
      </object_component>
      <object_component id="oc-fd">
         <name>.text:_ti_sysbios_family_c28_Hwi_unPluggedInterrupt__I</name>
         <load_address>0x3032a5</load_address>
         <run_address>0x3032a5</run_address>
         <size>0x42</size>
         <input_file_ref idref="fl-23"/>
      </object_component>
      <object_component id="oc-377">
         <name>.text:_xdc_runtime_Text_putMod__E</name>
         <load_address>0x3032e7</load_address>
         <run_address>0x3032e7</run_address>
         <size>0x3f</size>
         <input_file_ref idref="fl-33"/>
      </object_component>
      <object_component id="oc-3a5">
         <name>.text:_ti_sysbios_knl_Swi_restoreHwi__E</name>
         <load_address>0x303326</load_address>
         <run_address>0x303326</run_address>
         <size>0x3e</size>
         <input_file_ref idref="fl-23"/>
      </object_component>
      <object_component id="oc-27d">
         <name>.text:_xdc_runtime_LoggerBuf_getFilterLevel__E</name>
         <load_address>0x303364</load_address>
         <run_address>0x303364</run_address>
         <size>0x3d</size>
         <input_file_ref idref="fl-2e"/>
      </object_component>
      <object_component id="oc-253">
         <name>.text:_compassTask</name>
         <load_address>0x3033a1</load_address>
         <run_address>0x3033a1</run_address>
         <size>0x3c</size>
         <input_file_ref idref="fl-14"/>
      </object_component>
      <object_component id="oc-27c">
         <name>.text:_xdc_runtime_LoggerBuf_setFilterLevel__E</name>
         <load_address>0x3033dd</load_address>
         <run_address>0x3033dd</run_address>
         <size>0x3c</size>
         <input_file_ref idref="fl-2e"/>
      </object_component>
      <object_component id="oc-396">
         <name>.text:_xdc_runtime_System_formatNum__I</name>
         <load_address>0x303419</load_address>
         <run_address>0x303419</run_address>
         <size>0x3c</size>
         <input_file_ref idref="fl-31"/>
      </object_component>
      <object_component id="oc-392">
         <name>.text:_ti_sysbios_family_c28_TaskSupport_start__E</name>
         <load_address>0x303455</load_address>
         <run_address>0x303455</run_address>
         <size>0x3a</size>
         <input_file_ref idref="fl-23"/>
      </object_component>
      <object_component id="oc-376">
         <name>.text</name>
         <load_address>0x30348f</load_address>
         <run_address>0x30348f</run_address>
         <size>0x38</size>
         <input_file_ref idref="fl-51"/>
      </object_component>
      <object_component id="oc-29a">
         <name>.text:_serial_recv_ready</name>
         <load_address>0x3034c7</load_address>
         <run_address>0x3034c7</run_address>
         <size>0x37</size>
         <input_file_ref idref="fl-7"/>
      </object_component>
      <object_component id="oc-2bd">
         <name>.text:_ti_sysbios_heaps_HeapMem_freeUnprotected__E</name>
         <load_address>0x3034fe</load_address>
         <run_address>0x3034fe</run_address>
         <size>0x36</size>
         <input_file_ref idref="fl-23"/>
      </object_component>
      <object_component id="oc-2d7">
         <name>.text:_ti_sysbios_knl_Task_startCore__E</name>
         <load_address>0x303534</load_address>
         <run_address>0x303534</run_address>
         <size>0x35</size>
         <input_file_ref idref="fl-23"/>
      </object_component>
      <object_component id="oc-300">
         <name>.text:_ti_sysbios_family_c28_Hwi_enableInterrupt__E</name>
         <load_address>0x303569</load_address>
         <run_address>0x303569</run_address>
         <size>0x33</size>
         <input_file_ref idref="fl-23"/>
      </object_component>
      <object_component id="oc-2dc">
         <name>.text:_EQEP_read</name>
         <load_address>0x30359c</load_address>
         <run_address>0x30359c</run_address>
         <size>0x32</size>
         <input_file_ref idref="fl-3"/>
      </object_component>
      <object_component id="oc-359">
         <name>.text:_ti_sysbios_knl_Task_Module_startup__E</name>
         <load_address>0x3035ce</load_address>
         <run_address>0x3035ce</run_address>
         <size>0x32</size>
         <input_file_ref idref="fl-23"/>
      </object_component>
      <object_component id="oc-39e">
         <name>.text:_xdc_runtime_Text_visitRope2__I</name>
         <load_address>0x303600</load_address>
         <run_address>0x303600</run_address>
         <size>0x32</size>
         <input_file_ref idref="fl-33"/>
      </object_component>
      <object_component id="oc-299">
         <name>.text:_serial_send</name>
         <load_address>0x303632</load_address>
         <run_address>0x303632</run_address>
         <size>0x31</size>
         <input_file_ref idref="fl-7"/>
      </object_component>
      <object_component id="oc-343">
         <name>.text</name>
         <load_address>0x303663</load_address>
         <run_address>0x303663</run_address>
         <size>0x31</size>
         <input_file_ref idref="fl-55"/>
      </object_component>
      <object_component id="oc-34e">
         <name>.text:_xdc_runtime_Error_print__E</name>
         <load_address>0x303694</load_address>
         <run_address>0x303694</run_address>
         <size>0x30</size>
         <input_file_ref idref="fl-2c"/>
      </object_component>
      <object_component id="oc-310">
         <name>.text:_xdc_runtime_Error_setX__E</name>
         <load_address>0x3036c4</load_address>
         <run_address>0x3036c4</run_address>
         <size>0x30</size>
         <input_file_ref idref="fl-2c"/>
      </object_component>
      <object_component id="oc-309">
         <name>.text</name>
         <load_address>0x3036f4</load_address>
         <run_address>0x3036f4</run_address>
         <size>0x30</size>
         <input_file_ref idref="fl-53"/>
      </object_component>
      <object_component id="oc-241">
         <name>.text:_xdc_runtime_Startup_exec__E</name>
         <load_address>0x303724</load_address>
         <run_address>0x303724</run_address>
         <size>0x2f</size>
         <input_file_ref idref="fl-30"/>
      </object_component>
      <object_component id="oc-262">
         <name>.text:.bootCodeSection:_ti_catalog_c2800_init_Boot_configurePll2802x</name>
         <load_address>0x303753</load_address>
         <run_address>0x303753</run_address>
         <size>0x2e</size>
         <input_file_ref idref="fl-28"/>
      </object_component>
      <object_component id="oc-2ac">
         <name>.text:_InitMcbspb</name>
         <load_address>0x303781</load_address>
         <run_address>0x303781</run_address>
         <size>0x2e</size>
         <input_file_ref idref="fl-f"/>
      </object_component>
      <object_component id="oc-2ab">
         <name>.text:_InitMcbspbGpio</name>
         <load_address>0x3037af</load_address>
         <run_address>0x3037af</run_address>
         <size>0x2e</size>
         <input_file_ref idref="fl-f"/>
      </object_component>
      <object_component id="oc-30b">
         <name>.text:_ti_sysbios_knl_Swi_runLoop__I</name>
         <load_address>0x3037dd</load_address>
         <run_address>0x3037dd</run_address>
         <size>0x2e</size>
         <input_file_ref idref="fl-23"/>
      </object_component>
      <object_component id="oc-2df">
         <name>.text:_ti_sysbios_knl_Swi_schedule__I</name>
         <load_address>0x30380b</load_address>
         <run_address>0x30380b</run_address>
         <size>0x2e</size>
         <input_file_ref idref="fl-23"/>
      </object_component>
      <object_component id="oc-30e">
         <name>.text:_ti_sysbios_knl_Task_schedule__I</name>
         <load_address>0x303839</load_address>
         <run_address>0x303839</run_address>
         <size>0x2e</size>
         <input_file_ref idref="fl-23"/>
      </object_component>
      <object_component id="oc-344">
         <name>.text</name>
         <load_address>0x303867</load_address>
         <run_address>0x303867</run_address>
         <size>0x2e</size>
         <input_file_ref idref="fl-57"/>
      </object_component>
      <object_component id="oc-341">
         <name>.text:_ti_sysbios_family_c28_Hwi_getInterruptFlag__E</name>
         <load_address>0x303895</load_address>
         <run_address>0x303895</run_address>
         <size>0x2d</size>
         <input_file_ref idref="fl-23"/>
      </object_component>
      <object_component id="oc-33d">
         <name>.text:_ti_sysbios_family_c28_Hwi_getStackInfo__E</name>
         <load_address>0x3038c2</load_address>
         <run_address>0x3038c2</run_address>
         <size>0x2d</size>
         <input_file_ref idref="fl-23"/>
      </object_component>
      <object_component id="oc-272">
         <name>.text:_ti_sysbios_heaps_HeapMem_getStats__E</name>
         <load_address>0x3038ef</load_address>
         <run_address>0x3038ef</run_address>
         <size>0x2d</size>
         <input_file_ref idref="fl-23"/>
      </object_component>
      <object_component id="oc-2db">
         <name>.text:_ti_sysbios_knl_Semaphore_post__E</name>
         <load_address>0x30391c</load_address>
         <run_address>0x30391c</run_address>
         <size>0x2d</size>
         <input_file_ref idref="fl-23"/>
      </object_component>
      <object_component id="oc-2d4">
         <name>.text:_ti_sysbios_family_c28_Timer_start__E</name>
         <load_address>0x303949</load_address>
         <run_address>0x303949</run_address>
         <size>0x2c</size>
         <input_file_ref idref="fl-23"/>
      </object_component>
      <object_component id="oc-32b">
         <name>.text:_ti_sysbios_family_c28_Hwi_disablePIEIER__E</name>
         <load_address>0x303975</load_address>
         <run_address>0x303975</run_address>
         <size>0x2b</size>
         <input_file_ref idref="fl-23"/>
      </object_component>
      <object_component id="oc-32a">
         <name>.text:_ti_sysbios_family_c28_Hwi_enablePIEIER__E</name>
         <load_address>0x3039a0</load_address>
         <run_address>0x3039a0</run_address>
         <size>0x2a</size>
         <input_file_ref idref="fl-23"/>
      </object_component>
      <object_component id="oc-1f9">
         <name>.text</name>
         <load_address>0x3039ca</load_address>
         <run_address>0x3039ca</run_address>
         <size>0x2a</size>
         <input_file_ref idref="fl-5f"/>
      </object_component>
      <object_component id="oc-177">
         <name>.text</name>
         <load_address>0x3039f4</load_address>
         <run_address>0x3039f4</run_address>
         <size>0x2a</size>
         <input_file_ref idref="fl-46"/>
      </object_component>
      <object_component id="oc-326">
         <name>.text:_ti_sysbios_family_c28_Timer_getExpiredCounts64__E</name>
         <load_address>0x303a1e</load_address>
         <run_address>0x303a1e</run_address>
         <size>0x29</size>
         <input_file_ref idref="fl-23"/>
      </object_component>
      <object_component id="oc-2f8">
         <name>.text</name>
         <load_address>0x303a47</load_address>
         <run_address>0x303a47</run_address>
         <size>0x29</size>
         <input_file_ref idref="fl-4b"/>
      </object_component>
      <object_component id="oc-378">
         <name>.text:_xdc_runtime_Text_xprintf__I</name>
         <load_address>0x303a70</load_address>
         <run_address>0x303a70</run_address>
         <size>0x28</size>
         <input_file_ref idref="fl-33"/>
      </object_component>
      <object_component id="oc-2eb">
         <name>.text:_ti_sysbios_heaps_HeapMem_init__I</name>
         <load_address>0x303a98</load_address>
         <run_address>0x303a98</run_address>
         <size>0x27</size>
         <input_file_ref idref="fl-23"/>
      </object_component>
      <object_component id="oc-2f4">
         <name>.text:_InitSpiaGpio</name>
         <load_address>0x303abf</load_address>
         <run_address>0x303abf</run_address>
         <size>0x26</size>
         <input_file_ref idref="fl-11"/>
      </object_component>
      <object_component id="oc-324">
         <name>.text:_xdc_runtime_SysMin_flush__E</name>
         <load_address>0x303ae5</load_address>
         <run_address>0x303ae5</run_address>
         <size>0x26</size>
         <input_file_ref idref="fl-32"/>
      </object_component>
      <object_component id="oc-39d">
         <name>.text:_ti_sysbios_family_c28_TaskSupport_buildTaskStack</name>
         <load_address>0x303b0b</load_address>
         <run_address>0x303b0b</run_address>
         <size>0x25</size>
         <input_file_ref idref="fl-27"/>
      </object_component>
      <object_component id="oc-327">
         <name>.text:_ti_sysbios_family_c28_Timer_getExpiredCounts__E</name>
         <load_address>0x303b30</load_address>
         <run_address>0x303b30</run_address>
         <size>0x25</size>
         <input_file_ref idref="fl-23"/>
      </object_component>
      <object_component id="oc-390">
         <name>.text:_ti_sysbios_family_c28_Hwi_disableInterrupt__E</name>
         <load_address>0x303b55</load_address>
         <run_address>0x303b55</run_address>
         <size>0x24</size>
         <input_file_ref idref="fl-23"/>
      </object_component>
      <object_component id="oc-293">
         <name>.text:_ti_sysbios_knl_Swi_post__E</name>
         <load_address>0x303b79</load_address>
         <run_address>0x303b79</run_address>
         <size>0x24</size>
         <input_file_ref idref="fl-23"/>
      </object_component>
      <object_component id="oc-240">
         <name>.text</name>
         <load_address>0x303b9d</load_address>
         <run_address>0x303b9d</run_address>
         <size>0x24</size>
         <input_file_ref idref="fl-47"/>
      </object_component>
      <object_component id="oc-35e">
         <name>.text</name>
         <load_address>0x303bc1</load_address>
         <run_address>0x303bc1</run_address>
         <size>0x24</size>
         <input_file_ref idref="fl-6c"/>
      </object_component>
      <object_component id="oc-268">
         <name>.text:_xdc_runtime_System_processAtExit__E</name>
         <load_address>0x303be5</load_address>
         <run_address>0x303be5</run_address>
         <size>0x23</size>
         <input_file_ref idref="fl-31"/>
      </object_component>
      <object_component id="oc-270">
         <name>.text:_ti_sysbios_heaps_HeapMem_free__E</name>
         <load_address>0x303c08</load_address>
         <run_address>0x303c08</run_address>
         <size>0x21</size>
         <input_file_ref idref="fl-23"/>
      </object_component>
      <object_component id="oc-301">
         <name>.text:_ti_sysbios_knl_Task_allBlockedFunction__I</name>
         <load_address>0x303c29</load_address>
         <run_address>0x303c29</run_address>
         <size>0x21</size>
         <input_file_ref idref="fl-23"/>
      </object_component>
      <object_component id="oc-212">
         <name>.text</name>
         <load_address>0x303c4a</load_address>
         <run_address>0x303c4a</run_address>
         <size>0x21</size>
         <input_file_ref idref="fl-64"/>
      </object_component>
      <object_component id="oc-37e">
         <name>.text:_ti_sysbios_family_c28_Timer_setPrescale__E</name>
         <load_address>0x303c6b</load_address>
         <run_address>0x303c6b</run_address>
         <size>0x20</size>
         <input_file_ref idref="fl-23"/>
      </object_component>
      <object_component id="oc-2e5">
         <name>.text:_ti_sysbios_knl_Task_yield__E</name>
         <load_address>0x303c8b</load_address>
         <run_address>0x303c8b</run_address>
         <size>0x20</size>
         <input_file_ref idref="fl-23"/>
      </object_component>
      <object_component id="oc-281">
         <name>.text:_xdc_runtime_System_atexit__E</name>
         <load_address>0x303cab</load_address>
         <run_address>0x303cab</run_address>
         <size>0x20</size>
         <input_file_ref idref="fl-31"/>
      </object_component>
      <object_component id="oc-380">
         <name>.text:_ti_sysbios_knl_Task_exit__E</name>
         <load_address>0x303ccb</load_address>
         <run_address>0x303ccb</run_address>
         <size>0x1f</size>
         <input_file_ref idref="fl-23"/>
      </object_component>
      <object_component id="oc-2c1">
         <name>.text:_xdc_runtime_LoggerBuf_filterOutEvent__I</name>
         <load_address>0x303cea</load_address>
         <run_address>0x303cea</run_address>
         <size>0x1f</size>
         <input_file_ref idref="fl-2e"/>
      </object_component>
      <object_component id="oc-217">
         <name>.text</name>
         <load_address>0x303d09</load_address>
         <run_address>0x303d09</run_address>
         <size>0x1f</size>
         <input_file_ref idref="fl-65"/>
      </object_component>
      <object_component id="oc-2e2">
         <name>.text:_ti_sysbios_knl_Task_blockI__E</name>
         <load_address>0x303d28</load_address>
         <run_address>0x303d28</run_address>
         <size>0x1e</size>
         <input_file_ref idref="fl-23"/>
      </object_component>
      <object_component id="oc-363">
         <name>.text:_xdc_runtime_SysMin_putch__E</name>
         <load_address>0x303d46</load_address>
         <run_address>0x303d46</run_address>
         <size>0x1e</size>
         <input_file_ref idref="fl-32"/>
      </object_component>
      <object_component id="oc-221">
         <name>.text</name>
         <load_address>0x303d64</load_address>
         <run_address>0x303d64</run_address>
         <size>0x1e</size>
         <input_file_ref idref="fl-67"/>
      </object_component>
      <object_component id="oc-263">
         <name>.text</name>
         <load_address>0x303d82</load_address>
         <run_address>0x303d82</run_address>
         <size>0x1e</size>
         <input_file_ref idref="fl-48"/>
      </object_component>
      <object_component id="oc-334">
         <name>.text:_ti_sysbios_family_c28_TaskSupport_swap__E</name>
         <load_address>0x303da0</load_address>
         <run_address>0x303da0</run_address>
         <size>0x1d</size>
         <input_file_ref idref="fl-27"/>
      </object_component>
      <object_component id="oc-226">
         <name>.text</name>
         <load_address>0x303dbd</load_address>
         <run_address>0x303dbd</run_address>
         <size>0x1d</size>
         <input_file_ref idref="fl-68"/>
      </object_component>
      <object_component id="oc-337">
         <name>.text:_ti_sysbios_hal_Hwi_checkStack</name>
         <load_address>0x303dda</load_address>
         <run_address>0x303dda</run_address>
         <size>0x1c</size>
         <input_file_ref idref="fl-23"/>
      </object_component>
      <object_component id="oc-35b">
         <name>.text:_xdc_runtime_SysMin_output__I</name>
         <load_address>0x303df6</load_address>
         <run_address>0x303df6</run_address>
         <size>0x1c</size>
         <input_file_ref idref="fl-1b"/>
      </object_component>
      <object_component id="oc-230">
         <name>.text</name>
         <load_address>0x303e12</load_address>
         <run_address>0x303e12</run_address>
         <size>0x1c</size>
         <input_file_ref idref="fl-6a"/>
      </object_component>
      <object_component id="oc-22b">
         <name>.text</name>
         <load_address>0x303e2e</load_address>
         <run_address>0x303e2e</run_address>
         <size>0x1c</size>
         <input_file_ref idref="fl-69"/>
      </object_component>
      <object_component id="oc-398">
         <name>.text:_ti_sysbios_family_c28_Hwi_switchAndDispatch__I</name>
         <load_address>0x303e4a</load_address>
         <run_address>0x303e4a</run_address>
         <size>0x1b</size>
         <input_file_ref idref="fl-24"/>
      </object_component>
      <object_component id="oc-2ec">
         <name>.text:_ti_sysbios_hal_Hwi_initStack</name>
         <load_address>0x303e65</load_address>
         <run_address>0x303e65</run_address>
         <size>0x1b</size>
         <input_file_ref idref="fl-23"/>
      </object_component>
      <object_component id="oc-391">
         <name>.text:_ti_sysbios_knl_Task_processVitalTaskFlag__I</name>
         <load_address>0x303e80</load_address>
         <run_address>0x303e80</run_address>
         <size>0x1b</size>
         <input_file_ref idref="fl-23"/>
      </object_component>
      <object_component id="oc-28a">
         <name>.text:_ti_sysbios_gates_GateMutex_enter__E</name>
         <load_address>0x303e9b</load_address>
         <run_address>0x303e9b</run_address>
         <size>0x1a</size>
         <input_file_ref idref="fl-23"/>
      </object_component>
      <object_component id="oc-2e1">
         <name>.text:_ti_sysbios_knl_Clock_addI__E</name>
         <load_address>0x303eb5</load_address>
         <run_address>0x303eb5</run_address>
         <size>0x1a</size>
         <input_file_ref idref="fl-23"/>
      </object_component>
      <object_component id="oc-379">
         <name>.text:_xdc_runtime_System_avprintf__E</name>
         <load_address>0x303ecf</load_address>
         <run_address>0x303ecf</run_address>
         <size>0x1a</size>
         <input_file_ref idref="fl-31"/>
      </object_component>
      <object_component id="oc-2b0">
         <name>.text:_Init_i2c</name>
         <load_address>0x303ee9</load_address>
         <run_address>0x303ee9</run_address>
         <size>0x19</size>
         <input_file_ref idref="fl-14"/>
      </object_component>
      <object_component id="oc-273">
         <name>.text:_start_SPI</name>
         <load_address>0x303f02</load_address>
         <run_address>0x303f02</run_address>
         <size>0x19</size>
         <input_file_ref idref="fl-8"/>
      </object_component>
      <object_component id="oc-2d6">
         <name>.text:_ti_sysbios_knl_Swi_restore__E</name>
         <load_address>0x303f1b</load_address>
         <run_address>0x303f1b</run_address>
         <size>0x19</size>
         <input_file_ref idref="fl-23"/>
      </object_component>
      <object_component id="oc-397">
         <name>.text:_xdc_runtime_System_putchar__I</name>
         <load_address>0x303f34</load_address>
         <run_address>0x303f34</run_address>
         <size>0x19</size>
         <input_file_ref idref="fl-31"/>
      </object_component>
      <object_component id="oc-37a">
         <name>.text:_xdc_runtime_System_vprintf__E</name>
         <load_address>0x303f4d</load_address>
         <run_address>0x303f4d</run_address>
         <size>0x19</size>
         <input_file_ref idref="fl-31"/>
      </object_component>
      <object_component id="oc-243">
         <name>.text</name>
         <load_address>0x303f66</load_address>
         <run_address>0x303f66</run_address>
         <size>0x19</size>
         <input_file_ref idref="fl-4d"/>
      </object_component>
      <object_component id="oc-2b1">
         <name>.text:_post_init</name>
         <load_address>0x303f7f</load_address>
         <run_address>0x303f7f</run_address>
         <size>0x18</size>
         <input_file_ref idref="fl-4"/>
      </object_component>
      <object_component id="oc-30c">
         <name>.text:_ti_sysbios_family_xxx_Hwi_switchAndRunFunc</name>
         <load_address>0x303f97</load_address>
         <run_address>0x303f97</run_address>
         <size>0x18</size>
         <input_file_ref idref="fl-24"/>
      </object_component>
      <object_component id="oc-366">
         <name>.text:_xdc_runtime_LoggerBuf_reset__E</name>
         <load_address>0x303faf</load_address>
         <run_address>0x303faf</run_address>
         <size>0x18</size>
         <input_file_ref idref="fl-2e"/>
      </object_component>
      <object_component id="oc-38b">
         <name>.text:_xdc_runtime_Text_printVisFxn__I</name>
         <load_address>0x303fc7</load_address>
         <run_address>0x303fc7</run_address>
         <size>0x18</size>
         <input_file_ref idref="fl-33"/>
      </object_component>
      <object_component id="oc-21c">
         <name>.text</name>
         <load_address>0x303fdf</load_address>
         <run_address>0x303fdf</run_address>
         <size>0x18</size>
         <input_file_ref idref="fl-66"/>
      </object_component>
      <object_component id="oc-283">
         <name>.text:_ti_sysbios_family_c28_Timer_startup__E</name>
         <load_address>0x303ff7</load_address>
         <run_address>0x303ff7</run_address>
         <size>0x17</size>
         <input_file_ref idref="fl-23"/>
      </object_component>
      <object_component id="oc-252">
         <name>.text:_ti_sysbios_knl_Clock_doTick__I</name>
         <load_address>0x30400e</load_address>
         <run_address>0x30400e</run_address>
         <size>0x17</size>
         <input_file_ref idref="fl-1b"/>
      </object_component>
      <object_component id="oc-306">
         <name>.text:_ti_sysbios_knl_Semaphore_pendTimeout__I</name>
         <load_address>0x304025</load_address>
         <run_address>0x304025</run_address>
         <size>0x17</size>
         <input_file_ref idref="fl-23"/>
      </object_component>
      <object_component id="oc-2e3">
         <name>.text:_ti_sysbios_knl_Task_restore__E</name>
         <load_address>0x30403c</load_address>
         <run_address>0x30403c</run_address>
         <size>0x17</size>
         <input_file_ref idref="fl-23"/>
      </object_component>
      <object_component id="oc-308">
         <name>.text:_ti_sysbios_knl_Task_unblockI__E</name>
         <load_address>0x304053</load_address>
         <run_address>0x304053</run_address>
         <size>0x17</size>
         <input_file_ref idref="fl-23"/>
      </object_component>
      <object_component id="oc-351">
         <name>.text:_xdc_runtime_LoggerBuf_Module_startup__E</name>
         <load_address>0x30406a</load_address>
         <run_address>0x30406a</run_address>
         <size>0x17</size>
         <input_file_ref idref="fl-2e"/>
      </object_component>
      <object_component id="oc-2af">
         <name>.text:_InitI2CGpio</name>
         <load_address>0x304081</load_address>
         <run_address>0x304081</run_address>
         <size>0x16</size>
         <input_file_ref idref="fl-14"/>
      </object_component>
      <object_component id="oc-2f3">
         <name>.text:_clkg_delay_loop</name>
         <load_address>0x304097</load_address>
         <run_address>0x304097</run_address>
         <size>0x16</size>
         <input_file_ref idref="fl-f"/>
      </object_component>
      <object_component id="oc-2f2">
         <name>.text:_delay_loop</name>
         <load_address>0x3040ad</load_address>
         <run_address>0x3040ad</run_address>
         <size>0x16</size>
         <input_file_ref idref="fl-f"/>
      </object_component>
      <object_component id="oc-280">
         <name>.text:_ti_sysbios_BIOS_atExitFunc__I</name>
         <load_address>0x3040c3</load_address>
         <run_address>0x3040c3</run_address>
         <size>0x16</size>
         <input_file_ref idref="fl-1b"/>
      </object_component>
      <object_component id="oc-356">
         <name>.text:_ti_sysbios_family_c28_Timer_Module_startup__E</name>
         <load_address>0x3040d9</load_address>
         <run_address>0x3040d9</run_address>
         <size>0x16</size>
         <input_file_ref idref="fl-23"/>
      </object_component>
      <object_component id="oc-34f">
         <name>.text:_xdc_runtime_SysMin_abort__E</name>
         <load_address>0x3040ef</load_address>
         <run_address>0x3040ef</run_address>
         <size>0x16</size>
         <input_file_ref idref="fl-32"/>
      </object_component>
      <object_component id="oc-24c">
         <name>.text:_ti_sysbios_BIOS_startFunc__I</name>
         <load_address>0x304105</load_address>
         <run_address>0x304105</run_address>
         <size>0x15</size>
         <input_file_ref idref="fl-1b"/>
      </object_component>
      <object_component id="oc-358">
         <name>.text:_ti_sysbios_knl_Swi_Module_startup__E</name>
         <load_address>0x30411a</load_address>
         <run_address>0x30411a</run_address>
         <size>0x15</size>
         <input_file_ref idref="fl-23"/>
      </object_component>
      <object_component id="oc-297">
         <name>.text:_ti_sysbios_knl_Idle_run__E</name>
         <load_address>0x30412f</load_address>
         <run_address>0x30412f</run_address>
         <size>0x14</size>
         <input_file_ref idref="fl-23"/>
      </object_component>
      <object_component id="oc-2a2">
         <name>.text:_MemCopy</name>
         <load_address>0x304143</load_address>
         <run_address>0x304143</run_address>
         <size>0x13</size>
         <input_file_ref idref="fl-16"/>
      </object_component>
      <object_component id="oc-260">
         <name>.text:_xdc_runtime_Error_raiseX__E</name>
         <load_address>0x304156</load_address>
         <run_address>0x304156</run_address>
         <size>0x13</size>
         <input_file_ref idref="fl-2c"/>
      </object_component>
      <object_component id="oc-357">
         <name>.text:_ti_sysbios_knl_Clock_Module_startup__E</name>
         <load_address>0x304169</load_address>
         <run_address>0x304169</run_address>
         <size>0x12</size>
         <input_file_ref idref="fl-23"/>
      </object_component>
      <object_component id="oc-2f1">
         <name>.text:_init_buffer</name>
         <load_address>0x30417b</load_address>
         <run_address>0x30417b</run_address>
         <size>0x11</size>
         <input_file_ref idref="fl-7"/>
      </object_component>
      <object_component id="oc-399">
         <name>.text:_ti_sysbios_knl_Task_restoreHwi__E</name>
         <load_address>0x30418c</load_address>
         <run_address>0x30418c</run_address>
         <size>0x11</size>
         <input_file_ref idref="fl-23"/>
      </object_component>
      <object_component id="oc-33a">
         <name>.text:_ti_sysbios_BIOS_errorRaiseHook__I</name>
         <load_address>0x30419d</load_address>
         <run_address>0x30419d</run_address>
         <size>0x10</size>
         <input_file_ref idref="fl-1b"/>
      </object_component>
[...]
         <name>_ti_catalog_c2800_init_Boot_disableWatchdog</name>
         <value>0x3041cd</value>
         <object_component_ref idref="oc-261"/>
      </symbol>
      <symbol id="sm-991">
         <name>_ti_catalog_c2800_init_Boot_defaultLimpAbortFunction</name>
         <value>0x304515</value>
         <object_component_ref idref="oc-2e9"/>
      </symbol>
      <symbol id="sm-9d5">
         <name>_xdc_runtime_Error_getSite__E</name>
         <value>0x30451f</value>
         <object_component_ref idref="oc-35f"/>
      </symbol>
      <symbol id="sm-9d6">
         <name>_xdc_runtime_Error_print__E</name>
         <value>0x303694</value>
         <object_component_ref idref="oc-34e"/>
      </symbol>
      <symbol id="sm-9d7">
         <name>_xdc_runtime_Error_policyDefault__E</name>
         <value>0x30238d</value>
         <object_component_ref idref="oc-2e8"/>
      </symbol>
      <symbol id="sm-9d8">
         <name>_xdc_runtime_Error_init__E</name>
         <value>0x304387</value>
         <object_component_ref idref="oc-2c7"/>
      </symbol>
      <symbol id="sm-9d9">
         <name>_xdc_runtime_Error_raiseX__E</name>
         <value>0x304156</value>
         <object_component_ref idref="oc-260"/>
      </symbol>
      <symbol id="sm-9da">
         <name>_xdc_runtime_Error_setX__E</name>
         <value>0x3036c4</value>
         <object_component_ref idref="oc-310"/>
      </symbol>
      <symbol id="sm-9e8">
         <name>_xdc_runtime_Gate_leaveSystem__E</name>
         <value>0x304487</value>
         <object_component_ref idref="oc-2d0"/>
      </symbol>
      <symbol id="sm-9e9">
         <name>_xdc_runtime_Gate_enterSystem__E</name>
         <value>0x304481</value>
         <object_component_ref idref="oc-2b3"/>
      </symbol>
      <symbol id="sm-a32">
         <name>_xdc_runtime_LoggerBuf_write0__E</name>
         <value>0x30429d</value>
         <object_component_ref idref="oc-277"/>
      </symbol>
      <symbol id="sm-a33">
         <name>_xdc_runtime_LoggerBuf_Module_startup__E</name>
         <value>0x30406a</value>
         <object_component_ref idref="oc-351"/>
      </symbol>
      <symbol id="sm-a34">
         <name>_xdc_runtime_LoggerBuf_reset__E</name>
         <value>0x303faf</value>
         <object_component_ref idref="oc-366"/>
      </symbol>
      <symbol id="sm-a35">
         <name>_xdc_runtime_LoggerBuf_write4__E</name>
         <value>0x30270f</value>
         <object_component_ref idref="oc-27a"/>
      </symbol>
      <symbol id="sm-a36">
         <name>_xdc_runtime_LoggerBuf_getFilterLevel__E</name>
         <value>0x303364</value>
         <object_component_ref idref="oc-27d"/>
      </symbol>
      <symbol id="sm-a37">
         <name>_xdc_runtime_LoggerBuf_disable__E</name>
         <value>0x30449d</value>
         <object_component_ref idref="oc-276"/>
      </symbol>
      <symbol id="sm-a38">
         <name>_xdc_runtime_LoggerBuf_setFilterLevel__E</name>
         <value>0x3033dd</value>
         <object_component_ref idref="oc-27c"/>
      </symbol>
      <symbol id="sm-a39">
         <name>_xdc_runtime_LoggerBuf_write8__E</name>
         <value>0x301f19</value>
         <object_component_ref idref="oc-27b"/>
      </symbol>
      <symbol id="sm-a3a">
         <name>_xdc_runtime_LoggerBuf_write2__E</name>
         <value>0x3041eb</value>
         <object_component_ref idref="oc-279"/>
      </symbol>
      <symbol id="sm-a3b">
         <name>_xdc_runtime_LoggerBuf_filterOutEvent__I</name>
         <value>0x303cea</value>
         <object_component_ref idref="oc-2c1"/>
      </symbol>
      <symbol id="sm-a3c">
         <name>_xdc_runtime_LoggerBuf_write1__E</name>
         <value>0x3042aa</value>
         <object_component_ref idref="oc-278"/>
      </symbol>
      <symbol id="sm-a3d">
         <name>_xdc_runtime_LoggerBuf_enable__E</name>
         <value>0x30448d</value>
         <object_component_ref idref="oc-275"/>
      </symbol>
      <symbol id="sm-a68">
         <name>_xdc_runtime_Startup_startMods__I</name>
         <value>0x302b33</value>
         <object_component_ref idref="oc-2ed"/>
      </symbol>
      <symbol id="sm-a69">
         <name>_xdc_runtime_Startup_rtsDone__E</name>
         <value>0x3044b7</value>
         <object_component_ref idref="oc-27e"/>
      </symbol>
      <symbol id="sm-a6a">
         <name>_xdc_runtime_Startup_exec__E</name>
         <value>0x303724</value>
         <object_component_ref idref="oc-241"/>
      </symbol>
      <symbol id="sm-aec">
         <name>_xdc_runtime_System_formatNum__I</name>
         <value>0x303419</value>
         <object_component_ref idref="oc-396"/>
      </symbol>
      <symbol id="sm-aed">
         <name>_xdc_runtime_System_exit__E</name>
         <value>0x30437c</value>
         <object_component_ref idref="oc-244"/>
      </symbol>
      <symbol id="sm-aee">
         <name>_xdc_runtime_System_exitStd__E</name>
         <value>0x304512</value>
         <object_component_ref idref="oc-2b5"/>
      </symbol>
      <symbol id="sm-aef">
         <name>_xdc_runtime_System_printf_va__F</name>
         <value>0x303f4d</value>
         <object_component_ref idref="oc-37a"/>
      </symbol>
      <symbol id="sm-af0">
         <name>_xdc_runtime_System_atexit__E</name>
         <value>0x303cab</value>
         <object_component_ref idref="oc-281"/>
      </symbol>
      <symbol id="sm-af1">
         <name>_xdc_runtime_System_abortStd__E</name>
         <value>0x30450f</value>
         <object_component_ref idref="oc-350"/>
      </symbol>
      <symbol id="sm-af2">
         <name>_xdc_runtime_System_putchar__I</name>
         <value>0x303f34</value>
         <object_component_ref idref="oc-397"/>
      </symbol>
      <symbol id="sm-af3">
         <name>_xdc_runtime_System_snprintf_va__F</name>
         <value>0x304391</value>
         <object_component_ref idref="oc-38c"/>
      </symbol>
      <symbol id="sm-af4">
         <name>_xdc_runtime_System_Module_startup__E</name>
         <value>0x304500</value>
         <object_component_ref idref="oc-352"/>
      </symbol>
      <symbol id="sm-af5">
         <name>_xdc_runtime_System_avprintf__E</name>
         <value>0x303ecf</value>
         <object_component_ref idref="oc-379"/>
      </symbol>
      <symbol id="sm-af6">
         <name>_xdc_runtime_System_vprintf__E</name>
         <value>0x303f4d</value>
         <object_component_ref idref="oc-37a"/>
      </symbol>
      <symbol id="sm-af7">
         <name>_xdc_runtime_System_aprintf_va__F</name>
         <value>0x303ecf</value>
         <object_component_ref idref="oc-379"/>
      </symbol>
      <symbol id="sm-af8">
         <name>_xdc_runtime_System_doPrint__I</name>
         <value>0x301394</value>
         <object_component_ref idref="oc-38e"/>
      </symbol>
      <symbol id="sm-af9">
         <name>_xdc_runtime_System_processAtExit__E</name>
         <value>0x303be5</value>
         <object_component_ref idref="oc-268"/>
      </symbol>
      <symbol id="sm-afa">
         <name>_xdc_runtime_System_vsnprintf__E</name>
         <value>0x304391</value>
         <object_component_ref idref="oc-38c"/>
      </symbol>
      <symbol id="sm-afb">
         <name>_xdc_runtime_System_abort__E</name>
         <value>0x3042b7</value>
         <object_component_ref idref="oc-31b"/>
      </symbol>
      <symbol id="sm-b1a">
         <name>_xdc_runtime_SysMin_abort__E</name>
         <value>0x3040ef</value>
         <object_component_ref idref="oc-34f"/>
      </symbol>
      <symbol id="sm-b1b">
         <name>_xdc_runtime_SysMin_ready__E</name>
         <value>0x304431</value>
         <object_component_ref idref="oc-394"/>
      </symbol>
      <symbol id="sm-b1c">
         <name>_xdc_runtime_SysMin_flush__E</name>
         <value>0x303ae5</value>
         <object_component_ref idref="oc-324"/>
      </symbol>
      <symbol id="sm-b1d">
         <name>_xdc_runtime_SysMin_Module_startup__E</name>
         <value>0x3041bd</value>
         <object_component_ref idref="oc-353"/>
      </symbol>
      <symbol id="sm-b1e">
         <name>_xdc_runtime_SysMin_putch__E</name>
         <value>0x303d46</value>
         <object_component_ref idref="oc-363"/>
      </symbol>
      <symbol id="sm-b1f">
         <name>_xdc_runtime_SysMin_exit__E</name>
         <value>0x304371</value>
         <object_component_ref idref="oc-2f7"/>
      </symbol>
      <symbol id="sm-b61">
         <name>_xdc_runtime_Text_putLab__E</name>
         <value>0x3030b5</value>
         <object_component_ref idref="oc-3a4"/>
      </symbol>
      <symbol id="sm-b62">
         <name>_xdc_runtime_Text_printVisFxn__I</name>
         <value>0x303fc7</value>
         <object_component_ref idref="oc-38b"/>
      </symbol>
      <symbol id="sm-b63">
         <name>_xdc_runtime_Text_putMod__E</name>
         <value>0x3032e7</value>
         <object_component_ref idref="oc-377"/>
      </symbol>
      <symbol id="sm-b64">
         <name>_xdc_runtime_Text_xprintf__I</name>
         <value>0x303a70</value>
         <object_component_ref idref="oc-378"/>
      </symbol>
      <symbol id="sm-b65">
         <name>_xdc_runtime_Text_visitRope2__I</name>
         <value>0x303600</value>
         <object_component_ref idref="oc-39e"/>
      </symbol>
      <symbol id="sm-b66">
         <name>_xdc_runtime_Text_ropeText__E</name>
         <value>0x30439b</value>
         <object_component_ref idref="oc-339"/>
      </symbol>
      <symbol id="sm-b67">
         <name>_xdc_runtime_Text_putSite__E</name>
         <value>0x302c1f</value>
         <object_component_ref idref="oc-360"/>
      </symbol>
      <symbol id="sm-b73">
         <name>___xdc__init</name>
         <value>0x3044bb</value>
         <object_component_ref idref="oc-245"/>
      </symbol>
      <symbol id="sm-ba0">
         <name>_xdc_runtime_Registry_findById__E</name>
         <value>0x3041fa</value>
         <object_component_ref idref="oc-389"/>
      </symbol>
      <symbol id="sm-bbb">
         <name>_c_int00</name>
         <value>0x302c8a</value>
         <object_component_ref idref="oc-49"/>
      </symbol>
      <symbol id="sm-bbc">
         <name>__stack</name>
         <value>0x9940</value>
         <object_component_ref idref="oc-168"/>
      </symbol>
      <symbol id="sm-bcd">
         <name>FS$$DIV</name>
         <value>0x302825</value>
         <object_component_ref idref="oc-16d"/>
      </symbol>
      <symbol id="sm-bf9">
         <name>ULL$$MOD</name>
         <value>0x301cc0</value>
         <object_component_ref idref="oc-172"/>
      </symbol>
      <symbol id="sm-bfa">
         <name>ULL$$DIV</name>
         <value>0x301c91</value>
         <object_component_ref idref="oc-172"/>
      </symbol>
      <symbol id="sm-bfb">
         <name>LL$$MOD</name>
         <value>0x301c57</value>
         <object_component_ref idref="oc-172"/>
      </symbol>
      <symbol id="sm-bfc">
         <name>LL$$DIV</name>
         <value>0x301c1b</value>
         <object_component_ref idref="oc-172"/>
      </symbol>
      <symbol id="sm-c08">
         <name>UL$$MOD</name>
         <value>0x303a18</value>
         <object_component_ref idref="oc-177"/>
      </symbol>
      <symbol id="sm-c09">
         <name>L$$MOD</name>
         <value>0x303a03</value>
         <object_component_ref idref="oc-177"/>
      </symbol>
      <symbol id="sm-c0a">
         <name>L$$DIV</name>
         <value>0x3039f4</value>
         <object_component_ref idref="oc-177"/>
      </symbol>
      <symbol id="sm-c0b">
         <name>UL$$DIV</name>
         <value>0x303a11</value>
         <object_component_ref idref="oc-177"/>
      </symbol>
      <symbol id="sm-c1a">
         <name>_copy_in</name>
         <value>0x303b9d</value>
         <object_component_ref idref="oc-240"/>
      </symbol>
      <symbol id="sm-c2b">
         <name>_memcpy</name>
         <value>0x303d82</value>
         <object_component_ref idref="oc-263"/>
      </symbol>
      <symbol id="sm-c37">
         <name>__system_pre_init</name>
         <value>0x304521</value>
         <object_component_ref idref="oc-23e"/>
      </symbol>
      <symbol id="sm-c43">
         <name>__system_post_cinit</name>
         <value>0x304527</value>
         <object_component_ref idref="oc-242"/>
      </symbol>
      <symbol id="sm-c57">
         <name>C$$EXIT</name>
         <value>0x303a47</value>
         <object_component_ref idref="oc-2f8"/>
      </symbol>
      <symbol id="sm-c58">
         <name>_exit</name>
         <value>0x303a49</value>
         <object_component_ref idref="oc-2f8"/>
      </symbol>
      <symbol id="sm-c59">
         <name>___TI_cleanup_ptr</name>
         <value>0x8d3c</value>
         <object_component_ref idref="oc-192"/>
      </symbol>
      <symbol id="sm-c5a">
         <name>___TI_enable_exit_profile_output</name>
         <value>0x8d3a</value>
         <object_component_ref idref="oc-192"/>
      </symbol>
      <symbol id="sm-c5b">
         <name>_abort</name>
         <value>0x303a47</value>
         <object_component_ref idref="oc-2f8"/>
      </symbol>
      <symbol id="sm-c5c">
         <name>___TI_dtors_ptr</name>
         <value>0x8d3e</value>
         <object_component_ref idref="oc-192"/>
      </symbol>
      <symbol id="sm-c70">
         <name>__unlock</name>
         <value>0x97e6</value>
         <object_component_ref idref="oc-2fa"/>
      </symbol>
      <symbol id="sm-c71">
         <name>__lock</name>
         <value>0x97e4</value>
         <object_component_ref idref="oc-2fb"/>
      </symbol>
      <symbol id="sm-c72">
         <name>__register_lock</name>
         <value>0x304403</value>
         <object_component_ref idref="oc-2cc"/>
      </symbol>
      <symbol id="sm-c73">
         <name>__nop</name>
         <value>0x304407</value>
         <object_component_ref idref="oc-2cc"/>
      </symbol>
      <symbol id="sm-c74">
         <name>__register_unlock</name>
         <value>0x3043ff</value>
         <object_component_ref idref="oc-2cc"/>
      </symbol>
      <symbol id="sm-c83">
         <name>__args_main</name>
         <value>0x303f66</value>
         <object_component_ref idref="oc-243"/>
      </symbol>
      <symbol id="sm-c91">
         <name>_memset</name>
         <value>0x304301</value>
         <object_component_ref idref="oc-348"/>
      </symbol>
      <symbol id="sm-ca7">
         <name>_strlen</name>
         <value>0x304439</value>
         <object_component_ref idref="oc-30a"/>
      </symbol>
      <symbol id="sm-cb4">
         <name>_HOSTwrite</name>
         <value>0x30348f</value>
         <object_component_ref idref="oc-376"/>
      </symbol>
      <symbol id="sm-ccd">
         <name>___TI_readmsg</name>
         <value>0x3025b8</value>
         <object_component_ref idref="oc-386"/>
      </symbol>
      <symbol id="sm-cce">
         <name>C$$IO$$</name>
         <value>0x3025b3</value>
         <object_component_ref idref="oc-386"/>
      </symbol>
      <symbol id="sm-ccf">
         <name>__CIOBUF_</name>
         <value>0xa6c0</value>
         <object_component_ref idref="oc-1b6"/>
      </symbol>
      <symbol id="sm-cd0">
         <name>___TI_writemsg</name>
         <value>0x302560</value>
         <object_component_ref idref="oc-386"/>
      </symbol>
      <symbol id="sm-cde">
         <name>_vsprintf</name>
         <value>0x3036f4</value>
         <object_component_ref idref="oc-309"/>
      </symbol>
      <symbol id="sm-e0a">
         <name>___TI_printfi</name>
         <value>0x300ae2</value>
         <object_component_ref idref="oc-335"/>
      </symbol>
      <symbol id="sm-e1e">
         <name>_atoi</name>
         <value>0x303663</value>
         <object_component_ref idref="oc-343"/>
      </symbol>
      <symbol id="sm-e26">
         <name>__ctypes_</name>
         <value>0x305d40</value>
         <object_component_ref idref="oc-35d"/>
      </symbol>
      <symbol id="sm-e34">
         <name>_ltoa</name>
         <value>0x303867</value>
         <object_component_ref idref="oc-344"/>
      </symbol>
      <symbol id="sm-e43">
         <name>_memccpy</name>
         <value>0x3042c4</value>
         <object_component_ref idref="oc-34a"/>
      </symbol>
      <symbol id="sm-e52">
         <name>_strchr</name>
         <value>0x30430d</value>
         <object_component_ref idref="oc-347"/>
      </symbol>
      <symbol id="sm-e5f">
         <name>_strcpy</name>
         <value>0x3044a2</value>
         <object_component_ref idref="oc-349"/>
      </symbol>
      <symbol id="sm-e6b">
         <name>_parmbuf</name>
         <value>0x8d32</value>
         <object_component_ref idref="oc-1e3"/>
      </symbol>
      <symbol id="sm-e7e">
         <name>_frexpl</name>
         <value>0x302e74</value>
         <object_component_ref idref="oc-345"/>
      </symbol>
      <symbol id="sm-e9b">
         <name>_scalbnl</name>
         <value>0x302172</value>
         <object_component_ref idref="oc-346"/>
      </symbol>
      <symbol id="sm-e9c">
         <name>_ldexpl</name>
         <value>0x302172</value>
         <object_component_ref idref="oc-346"/>
      </symbol>
      <symbol id="sm-eb7">
         <name>FD$$ADD</name>
         <value>0x302429</value>
         <object_component_ref idref="oc-1f4"/>
      </symbol>
      <symbol id="sm-ec7">
         <name>FD$$CMP</name>
         <value>0x3039ca</value>
         <object_component_ref idref="oc-1f9"/>
      </symbol>
      <symbol id="sm-ede">
         <name>FD$$DIV</name>
         <value>0x30279a</value>
         <object_component_ref idref="oc-1fe"/>
      </symbol>
      <symbol id="sm-ef0">
         <name>FD$$MPY</name>
         <value>0x302934</value>
         <object_component_ref idref="oc-203"/>
      </symbol>
      <symbol id="sm-efd">
         <name>FD$$NEG</name>
         <value>0x304408</value>
         <object_component_ref idref="oc-208"/>
      </symbol>
      <symbol id="sm-f09">
         <name>FD$$SUB</name>
         <value>0x304241</value>
         <object_component_ref idref="oc-20d"/>
      </symbol>
      <symbol id="sm-f18">
         <name>FD$$TOI</name>
         <value>0x303c4a</value>
         <object_component_ref idref="oc-212"/>
      </symbol>
      <symbol id="sm-f27">
         <name>FD$$TOL</name>
         <value>0x303d09</value>
         <object_component_ref idref="oc-217"/>
      </symbol>
      <symbol id="sm-f33">
         <name>LL$$AND</name>
         <value>0x303fdf</value>
         <object_component_ref idref="oc-21c"/>
      </symbol>
      <symbol id="sm-f34">
         <name>LL$$OR</name>
         <value>0x303fe7</value>
         <object_component_ref idref="oc-21c"/>
      </symbol>
      <symbol id="sm-f35">
         <name>LL$$XOR</name>
         <value>0x303fef</value>
         <object_component_ref idref="oc-21c"/>
      </symbol>
      <symbol id="sm-f43">
         <name>ULL$$CMP</name>
         <value>0x303d76</value>
         <object_component_ref idref="oc-221"/>
      </symbol>
      <symbol id="sm-f44">
         <name>LL$$CMP</name>
         <value>0x303d64</value>
         <object_component_ref idref="oc-221"/>
      </symbol>
      <symbol id="sm-f54">
         <name>I$$TOFD</name>
         <value>0x303dbd</value>
         <object_component_ref idref="oc-226"/>
      </symbol>
      <symbol id="sm-f64">
         <name>L$$TOFD</name>
         <value>0x303e2e</value>
         <object_component_ref idref="oc-22b"/>
      </symbol>
      <symbol id="sm-f74">
         <name>FS$$TOFD</name>
         <value>0x303e12</value>
         <object_component_ref idref="oc-230"/>
      </symbol>
      <symbol id="sm-f7e">
         <name>_errno</name>
         <value>0x8d03</value>
         <object_component_ref idref="oc-237"/>
      </symbol>
      <symbol id="sm-f8b">
         <name>_copysignl</name>
         <value>0x303bc1</value>
         <object_component_ref idref="oc-35e"/>
      </symbol>
   </symbol_table>
   <title>Link successful</title>
</link_info>
