********************************************************************************
TMS320C6x Hex Converter                                                   v8.2.2
********************************************************************************

INPUT FILE NAME: <Lab2_ex2.out>
OUTPUT FORMAT:   Binary

PHYSICAL MEMORY PARAMETERS
   Default data width   :   8
   Default memory width :   8
   Default output width :   8

BOOT LOADER PARAMETERS
   Table Address: 0x0000, PAGE 0
   Entry Point  : 0x11815fa0


OUTPUT TRANSLATION MAP
--------------------------------------------------------------------------------
00000000..0003ffff  Page=0  Memory Width=8  ROM Width=8  "SPIFLASH"
--------------------------------------------------------------------------------
   OUTPUT FILES: Lab2_ex2.hex [b0..b7]

   CONTENTS: 00000000..0001c597   BOOT TABLE
                            .vecs : btad=00000000  dest=11827000 size=00000200
                           .cinit : btad=0000020c  dest=11827320 size=00000988
                            .text : btad=00000b9c  dest=11800000 size=000193c0
                         .const.1 : btad=00019f64  dest=118193c0 size=00000040
                         .const.2 : btad=00019fac  dest=118218c0 size=00000040
                         .const.3 : btad=00019ff4  dest=11821968 size=00002514
                          .switch : btad=0001c510  dest=11826efc size=0000007c
