******************************************************************************
               TMS320C6x Linker PC v8.2.2                      
******************************************************************************
>> Linked Wed Apr 17 15:52:18 2019

OUTPUT FILE NAME:   <FinalContestRobot2.out>
ENTRY POINT SYMBOL: "_c_int00"  address: 1181ac80


MEMORY CONFIGURATION

         name            origin    length      used     unused   attr    fill
----------------------  --------  ---------  --------  --------  ----  --------
  IROM                  11700000   00100000  00000000  00100000  R  X
  IRAM                  11800000   00038000  0002d67a  0000a986  RW X
  L3_CBA_RAM            80000000   00020000  00000000  00020000  RW X
  DDR                   c3000000   01000000  00000000  01000000  RW X


SEGMENT ALLOCATION MAP

run origin  load origin   length   init length attrs members
----------  ----------- ---------- ----------- ----- -------
11800000    11800000    0001e200   0001e200    r-x
  11800000    11800000    0001e200   0001e200    r-x .text
1181e200    1181e200    00008e50   00000000    rw-
  1181e200    1181e200    00008e50   00000000    rw- .far
11827050    11827050    0000264e   0000264e    r--
  11827050    11827050    0000264e   0000264e    r-- .const
118296a0    118296a0    000031eb   00000000    rw-
  118296a0    118296a0    00002000   00000000    rw- .stack
  1182b6a0    1182b6a0    00000f3c   00000000    rw- .fardata
  1182c5dc    1182c5dc    0000006c   00000000    rw- .bss
  1182c648    1182c648    00000243   00000000    rw- .neardata
1182c88c    1182c88c    0000002c   00000000    r--
  1182c88c    1182c88c    0000002c   00000000    r-- .rodata
1182c8b8    1182c8b8    00000120   00000000    rw-
  1182c8b8    1182c8b8    00000120   00000000    rw- .cio
1182c9d8    1182c9d8    000000a4   000000a4    r--
  1182c9d8    1182c9d8    000000a4   000000a4    r-- .switch
1182cc00    1182cc00    00000c00   00000c00    r-x
  1182cc00    1182cc00    00000200   00000200    r-x .vecs
  1182ce00    1182ce00    00000a00   00000a00    r-- .cinit


SECTION ALLOCATION MAP

 output                                  attributes/
section   page    origin      length       input sections
--------  ----  ----------  ----------   ----------------
.stack     0    118296a0    00002000     UNINITIALIZED
                  118296a0    00000008     boot.ae674 : boot.oe674 (.stack)
                  118296a8    00001ff8     --HOLE--

.bss       0    1182c5dc    0000006c     UNINITIALIZED
                  1182c5dc    00000004     evmomapl138_bsl.lib : evmomapl138_i2c.obj (.bss)
                  1182c5e0    00000004     (.common:EDMA3_0_Regs)
                  1182c5e4    00000004     (.common:EDMA3_1_Regs)
                  1182c5e8    00000004     (.common:Image_data)
                  1182c5ec    00000004     (.common:LCD_Image)
                  1182c5f0    00000004     (.common:LCD_mem)
                  1182c5f4    00000004     (.common:Linux_Image)
                  1182c5f8    00000004     (.common:Thres_Image)
                  1182c5fc    00000004     (.common:blue)
                  1182c600    00000004     (.common:c)
                  1182c604    00000004     (.common:cbar)
                  1182c608    00000004     (.common:current)
                  1182c60c    00000004     (.common:delta)
                  1182c610    00000004     (.common:green)
                  1182c614    00000004     (.common:hue)
                  1182c618    00000004     (.common:index)
                  1182c61c    00000004     (.common:k)
                  1182c620    00000004     (.common:largest_num_pixels)
                  1182c624    00000004     (.common:largest_object)
                  1182c628    00000004     (.common:min)
                  1182c62c    00000004     (.common:pic_data)
                  1182c630    00000004     (.common:ptrshrdmem)
                  1182c634    00000004     (.common:r)
                  1182c638    00000004     (.common:rbar)
                  1182c63c    00000004     (.common:red)
                  1182c640    00000004     (.common:sat)
                  1182c644    00000004     (.common:value)

.neardata 
*          0    1182c648    00000243     UNINITIALIZED
                  1182c648    000000a0     user_FinalContestRobot2.obj (.neardata)
                  1182c6e8    00000084     ColorVision.obj (.neardata)
                  1182c76c    00000080     COECSL_edma3.obj (.neardata)
                  1182c7ec    00000068     Ladar.obj (.neardata)
                  1182c854    00000028     COECSL_mcbsp.obj (.neardata)
                  1182c87c    00000008     LCDprintf.obj (.neardata)
                  1182c884    00000007     ColorLCD.obj (.neardata)

.rodata    0    1182c88c    0000002c     UNINITIALIZED
                  1182c88c    0000002c     FinalContestRobot2_pe674.oe674 (.rodata)

.cinit     0    1182ce00    00000a00     
                  1182ce00    0000091d     (.cinit..fardata.load) [load image, compression = rle]
                  1182d71d    00000069     (.cinit..neardata.load) [load image, compression = rle]
                  1182d786    00000032     (.cinit..rodata.load) [load image, compression = rle]
                  1182d7b8    0000000b     (.cinit..far.load) [load image, compression = rle]
                  1182d7c3    00000009     (.cinit..bss.load) [load image, compression = rle]
                  1182d7cc    00000008     (__TI_handler_table)
                  1182d7d4    00000004     --HOLE-- [fill = 0]
                  1182d7d8    00000028     (__TI_cinit_table)

.init_array 
*          0    11800000    00000000     UNINITIALIZED

.vecs      0    1182cc00    00000200     
                  1182cc00    00000200     FinalContestRobot2_pe674.oe674 (.vecs)

xdc.meta   0    11800000    00000130     COPY SECTION
                  11800000    00000130     FinalContestRobot2_pe674.oe674 (xdc.meta)

.text      0    11800000    0001e200     
                  11800000    00001f80     user_FinalContestRobot2.obj (.text)
                  11801f80    00001f20     Ladar.obj (.text)
                  11803ea0    00001ce0     rts6740_elf.lib : _printfi.obj (.text:__TI_printfi)
                  11805b80    00001a80                     : _scanfi.obj (.text:__TI_scanfi)
                  11807600    000012e0     ColorVision.obj (.text)
                  118088e0    00000fe0     evmomapl138_bsl.lib : evmomapl138.obj (.text)
                  118098c0    00000960     ColorLCD.obj (.text)
                  1180a220    00000920     MatrixMath.obj (.text)
                  1180ab40    000008a0     ti.targets.rts6000.ae674 : System.oe674 (.text:xdc_runtime_System_doPrint__I)
                  1180b3e0    00000780     evmomapl138_bsl.lib : evmomapl138_vpif.obj (.text)
                  1180bb60    00000780     sysbios.ae674 : BIOS.obj (.text:ti_sysbios_family_c64p_Exception_handler__I)
                  1180c2e0    00000680     COECSL_mcbsp.obj (.text)
                  1180c960    00000680     rts6740_elf.lib : _printfi.obj (.text:_pconv_a)
                  1180cfe0    000005c0                     : divd.obj (.text:__c6xabi_divd)
                  1180d5a0    00000560     evmomapl138_bsl.lib : evmomapl138_i2c.obj (.text)
                  1180db00    00000540                         : evmomapl138_i2c_gpio.obj (.text)
                  1180e040    00000540                         : evmomapl138_uart.obj (.text)
                  1180e580    00000500     rts6740_elf.lib : _printfi.obj (.text:_pconv_g)
                  1180ea80    000004e0                     : strtod.obj (.text:strtod)
                  1180ef60    000004c0     COECSL_edma3.obj (.text)
                  1180f420    000004a0     evmomapl138_bsl.lib : evmomapl138_spi.obj (.text)
                  1180f8c0    000004a0     rts6740_elf.lib : strtoll.obj (.text:strtoll)
                  1180fd60    00000480     evmomapl138_bsl.lib : evmomapl138_gpio.obj (.text)
                  118101e0    00000440     rts6740_elf.lib : strtoull.obj (.text:strtoull)
                  11810620    00000420                     : _printfi.obj (.text:_pconv_e)
                  11810a40    000003e0                     : fputs.obj (.text:fputs)
                  11810e20    000003c0     sysbios.ae674 : BIOS.obj (.text:ti_sysbios_timers_timer64_Timer_Module_startup__E)
                  118111e0    000003c0     user_xy.obj (.text)
                  118115a0    000003a0     rts6740_elf.lib : strtol.obj (.text:strtol)
                  11811940    00000360                     : fmodf.obj (.text:fmodf)
                  11811ca0    00000340     sysbios.ae674 : BIOS.obj (.text:ti_sysbios_knl_Semaphore_pend__E)
                  11811fe0    00000340                   : BIOS.obj (.text:ti_sysbios_timers_timer64_Timer_deviceConfig__I)
                  11812320    00000340     FinalContestRobot2_pe674.oe674 (.text:xdc_runtime_System_printfExtend__I)
                  11812660    00000320     rts6740_elf.lib : cos.obj (.text:cos)
                  11812980    00000300                     : strtoul.obj (.text:strtoul)
                  11812c80    000002e0                     : sin.obj (.text:sin)
                  11812f60    000002e0     sysbios.ae674 : BIOS.obj (.text:ti_sysbios_timers_timer64_Timer_setPeriodMicroSecs__E)
                  11813240    000002c0     ti.targets.rts6000.ae674 : LoggerBuf.oe674 (.text:xdc_runtime_LoggerBuf_write8__E)
                  11813500    000002a0     rts6740_elf.lib : divf.obj (.text:__c6xabi_divf)
                  118137a0    000002a0                     : _printfi.obj (.text:_pconv_f)
                  11813a40    000002a0                     : _printfi.obj (.text:fcvt)
                  11813ce0    00000280                     : cosf.obj (.text:cosf)
                  11813f60    00000260                     : imath64.obj (.text:__c6xabi_divull)
                  118141c0    00000260                     : sinf.obj (.text:sinf)
                  11814420    00000260     ti.targets.rts6000.ae674 : Startup.oe674 (.text:xdc_runtime_Startup_startMods__I)
                  11814680    00000240     sysbios.ae674 : BIOS.obj (.text:ti_sysbios_family_c64p_Exception_internalHandler__I)
                  118148c0    00000220     rts6740_elf.lib : fputc.obj (.text:fputc)
                  11814ae0    00000220                     : setvbuf.obj (.text:setvbuf)
                  11814d00    00000200                     : _printfi.obj (.text:_ltostr)
                  11814f00    00000200     sysbios.ae674 : c64p_Hwi_disp_always.obj (.text:_ti_sysbios_family_c64p_Hwi_dispatchAlways)
                  11815100    00000200     ti.targets.rts6000.ae674 : Error.oe674 (.text:xdc_runtime_Error_policyDefault__E)
                  11815300    000001e0     sysbios.ae674 : BIOS.obj (.text:ti_sysbios_family_c64p_Cache_block__I)
                  118154e0    000001e0     ti.targets.rts6000.ae674 : LoggerBuf.oe674 (.text:xdc_runtime_LoggerBuf_write4__E)
                  118156c0    000001e0                              : Text.oe674 (.text:xdc_runtime_Text_putSite__E)
                  118158a0    000001c0     rts6740_elf.lib : imath40.obj (.text:__c6xabi_divul)
                  11815a60    000001c0                     : frexp.obj (.text:frexp)
                  11815c20    000001c0     sysbios.ae674 : BIOS.obj (.text:ti_sysbios_heaps_HeapMem_alloc__E)
                  11815de0    000001c0                   : BIOS.obj (.text:ti_sysbios_knl_Task_checkStacks__E)
                  11815fa0    000001a0     rts6740_elf.lib : hostrename.obj (.text:HOSTrename)
                  11816140    000001a0     LCDprintf.obj (.text)
                  118162e0    000001a0     rts6740_elf.lib : _scanfi.obj (.text:_sproc_str)
                  11816480    000001a0                     : frexpf.obj (.text:frexpf)
                  11816620    000001a0     sysbios.ae674 : BIOS.obj (.text:ti_sysbios_family_c64p_Cache_getL2InitSize__I)
                  118167c0    000001a0                   : BIOS.obj (.text:ti_sysbios_timers_timer64_Timer_start__E)
                  11816960    00000180     evmomapl138_bsl.lib : evmomapl138_timer.obj (.text)
                  11816ae0    00000180     rts6740_elf.lib : ldexp.obj (.text:ldexp)
                  11816c60    00000180                     : ldexpf.obj (.text:ldexpf)
                  11816de0    00000180     sysbios.ae674 : c64p_Exception_asm.obj (.text)
                  11816f60    00000180                   : BIOS.obj (.text:ti_sysbios_knl_Task_sleep__E)
                  118170e0    00000160                   : BIOS.obj (.text:ti_sysbios_heaps_HeapMem_free__E)
                  11817240    00000160     ti.targets.rts6000.ae674 : Text.oe674 (.text:xdc_runtime_Text_putMod__E)
                  118173a0    00000140     rts6740_elf.lib : fclose.obj (.text:__TI_closefile)
                  118174e0    00000140                     : sscanf.obj (.text:_chkmbc)
                  11817620    00000140                     : atan2f.obj (.text:atan2f)
                  11817760    00000140                     : getdevice.obj (.text:getdevice)
                  118178a0    00000140     sysbios.ae674 : BIOS.obj (.text:ti_sysbios_family_c64p_Cache_Module_startup__E)
                  118179e0    00000140                   : BIOS.obj (.text:ti_sysbios_family_c64p_Cache_getL1DInitSize__I)
                  11817b20    00000140                   : BIOS.obj (.text:ti_sysbios_family_c64p_Cache_getL1PInitSize__I)
                  11817c60    00000140                   : BIOS.obj (.text:ti_sysbios_knl_Task_postInit__I)
                  11817da0    00000140     ti.targets.rts6000.ae674 : LoggerBuf.oe674 (.text:xdc_runtime_LoggerBuf_setFilterLevel__E)
                  11817ee0    00000140                              : Text.oe674 (.text:xdc_runtime_Text_putLab__E)
                  11818020    00000120     boot.ae674 : autoinit.oe674 (.text:_auto_init_elf)
                  11818140    00000120     rts6740_elf.lib : fseek.obj (.text:fseek)
                  11818260    00000120                     : sqrtf.obj (.text:sqrtf)
                  11818380    00000120     sysbios.ae674 : BIOS.obj (.text:ti_sysbios_family_c64p_Hwi_Module_startup__E)
                  118184a0    00000120                   : BIOS.obj (.text:ti_sysbios_knl_Clock_workFunc__E)
                  118185c0    00000120     ti.targets.rts6000.ae674 : LoggerBuf.oe674 (.text:xdc_runtime_LoggerBuf_getFilterLevel__E)
                  118186e0    00000100     rts6740_elf.lib : copy_decompress_rle.obj (.text:__TI_decompress_rle_core)
                  118187e0    00000100                     : _io_perm.obj (.text:__TI_wrt_ok)
                  118188e0    00000100                     : atanf.obj (.text:atanf)
                  118189e0    00000100                     : atoi.obj (.text:atoi)
                  11818ae0    00000100     pru.obj (.text)
                  11818be0    00000100     sysbios.ae674 : BIOS.obj (.text:ti_sysbios_knl_Swi_restoreHwi__E)
                  11818ce0    00000100                   : BIOS.obj (.text:ti_sysbios_timers_timer64_Timer_initDevice__I)
                  11818de0    00000100     ti.targets.rts6000.ae674 : Error.oe674 (.text:xdc_runtime_Error_print__E)
                  11818ee0    00000100                              : Memory.oe674 (.text:xdc_runtime_Memory_alloc__E)
                  11818fe0    00000100                              : Startup.oe674 (.text:xdc_runtime_Startup_exec__E)
                  118190e0    000000e0     rts6740_elf.lib : hostlseek.obj (.text:HOSTlseek)
                  118191c0    000000e0                     : hostopen.obj (.text:HOSTopen)
                  118192a0    000000e0                     : hostwrite.obj (.text:HOSTwrite)
                  11819380    000000e0                     : divi.obj (.text:__divi)
                  11819460    000000e0                     : close.obj (.text:close)
                  11819540    000000e0                     : exit.obj (.text:exit)
                  11819620    000000e0                     : ltoa.obj (.text:ltoa)
                  11819700    000000e0                     : memset.obj (.text:memset)
                  118197e0    000000e0                     : printf.obj (.text:printf)
                  118198c0    000000e0     sysbios.ae674 : BIOS.obj (.text:ti_sysbios_knl_Swi_runLoop__I)
                  118199a0    000000e0                   : BIOS.obj (.text:ti_sysbios_knl_Task_Module_startup__E)
                  11819a80    000000e0                   : BIOS.obj (.text:ti_sysbios_knl_Task_exit__E)
                  11819b60    000000e0                   : BIOS.obj (.text:ti_sysbios_knl_Task_schedule__I)
                  11819c40    000000e0                   : BIOS.obj (.text:ti_sysbios_timers_timer64_Timer_startup__E)
                  11819d20    000000e0     ti.targets.rts6000.ae674 : Text.oe674 (.text:xdc_runtime_Text_visitRope2__I)
                  11819e00    000000c0     rts6740_elf.lib : hostread.obj (.text:HOSTread)
                  11819ec0    000000c0                     : hostunlink.obj (.text:HOSTunlink)
                  11819f80    000000c0                     : fflush.obj (.text:__TI_doflush)
                  1181a040    000000c0                     : divu.obj (.text:__divu)
                  1181a100    000000c0                     : remi.obj (.text:__remi)
                  1181a1c0    000000c0                     : _printfi.obj (.text:_ecpy)
                  1181a280    000000c0     sysbios.ae674 : BIOS.obj (.text:ti_sysbios_family_c64p_Hwi_dispatchCore__I)
                  1181a340    000000c0                   : BIOS.obj (.text:ti_sysbios_heaps_HeapMem_getStats__E)
                  1181a400    000000c0                   : BIOS.obj (.text:ti_sysbios_knl_Semaphore_post__E)
                  1181a4c0    000000c0                   : BIOS.obj (.text:ti_sysbios_knl_Swi_run__I)
                  1181a580    000000c0                   : BIOS.obj (.text:ti_sysbios_knl_Swi_schedule__I)
                  1181a640    000000c0                   : BIOS.obj (.text:ti_sysbios_knl_Task_startCore__E)
                  1181a700    000000c0     rts6740_elf.lib : tls.obj (.text:tls:init:__TI_tls_init)
                  1181a7c0    000000c0     ti.targets.rts6000.ae674 : Error.oe674 (.text:xdc_runtime_Error_setX__E)
                  1181a880    000000c0                              : SysMin.oe674 (.text:xdc_runtime_SysMin_abort__E)
                  1181a940    000000c0                              : SysMin.oe674 (.text:xdc_runtime_SysMin_flush__E)
                  1181aa00    000000a0     rts6740_elf.lib : hostclose.obj (.text:HOSTclose)
                  1181aaa0    000000a0                     : fopen.obj (.text:__TI_cleanup)
                  1181ab40    000000a0                     : round.obj (.text:__c6xabi_nround)
                  1181abe0    000000a0                     : remu.obj (.text:__remu)
                  1181ac80    000000a0     boot.ae674 : boot.oe674 (.text:_c_int00)
                  1181ad20    000000a0     rts6740_elf.lib : memcpy64.obj (.text:memcpy)
                  1181adc0    000000a0                     : modf.obj (.text:modf)
                  1181ae60    000000a0     sysbios.ae674 : BIOS.obj (.text:ti_sysbios_family_c64p_Exception_Module_startup__E)
                  1181af00    000000a0                   : BIOS.obj (.text:ti_sysbios_family_c64p_Hwi_eventMap__E)
                  1181afa0    000000a0                   : BIOS.obj (.text:ti_sysbios_family_c64p_Hwi_getStackInfo__E)
                  1181b040    000000a0                   : BIOS.obj (.text:ti_sysbios_gates_GateMutex_enter__E)
                  1181b0e0    000000a0                   : BIOS.obj (.text:ti_sysbios_heaps_HeapMem_init__I)
                  1181b180    000000a0                   : BIOS.obj (.text:ti_sysbios_knl_Task_allBlockedFunction__I)
                  1181b220    000000a0                   : BIOS.obj (.text:ti_sysbios_timers_timer64_Timer_stop__E)
                  1181b2c0    000000a0     ti.targets.rts6000.ae674 : SysMin.oe674 (.text:xdc_runtime_SysMin_putch__E)
                  1181b360    000000a0                              : System.oe674 (.text:xdc_runtime_System_formatNum__I)
                  1181b400    000000a0                              : System.oe674 (.text:xdc_runtime_System_putchar__I)
                  1181b4a0    000000a0                              : Text.oe674 (.text:xdc_runtime_Text_printVisFxn__I)
                  1181b540    000000a0                              : Text.oe674 (.text:xdc_runtime_Text_xprintf__I)
                  1181b5e0    00000080     rts6740_elf.lib : trgmsg.obj (.text:__TI_readmsg)
                  1181b660    00000080                     : llshift.obj (.text:__c6xabi_llshl)
                  1181b6e0    00000080                     : roundf.obj (.text:__c6xabi_roundf)
                  1181b760    00000080     sysbios.ae674 : c62_TaskSupport_asm.obj (.text:_ti_sysbios_family_c62_TaskSupport_swap__E)
                  1181b7e0    00000080     rts6740_elf.lib : getdevice.obj (.text:finddevice)
                  1181b860    00000080     sysbios.ae674 : BIOS.obj (.text:ti_sysbios_family_c64p_Cache_wait__E)
                  1181b8e0    00000080                   : BIOS.obj (.text:ti_sysbios_hal_Hwi_checkStack)
                  1181b960    00000080                   : BIOS.obj (.text:ti_sysbios_hal_Hwi_initStack)
                  1181b9e0    00000080                   : BIOS.obj (.text:ti_sysbios_knl_Idle_run__E)
                  1181ba60    00000080                   : BIOS.obj (.text:ti_sysbios_knl_Swi_post__E)
                  1181bae0    00000080                   : BIOS.obj (.text:ti_sysbios_knl_Swi_startup__E)
                  1181bb60    00000080                   : BIOS.obj (.text:ti_sysbios_knl_Task_processVitalTaskFlag__I)
                  1181bbe0    00000080                   : BIOS.obj (.text:ti_sysbios_knl_Task_restoreHwi__E)
                  1181bc60    00000080                   : BIOS.obj (.text:ti_sysbios_knl_Task_restore__E)
                  1181bce0    00000080     FinalContestRobot2_pe674.oe674 (.text:ti_sysbios_rts_MemAlloc_alloc)
                  1181bd60    00000080     rts6740_elf.lib : unlink.obj (.text:unlink)
                  1181bde0    00000080     ti.targets.rts6000.ae674 : LoggerBuf.oe674 (.text:xdc_runtime_LoggerBuf_Module_startup__E)
                  1181be60    00000080                              : LoggerBuf.oe674 (.text:xdc_runtime_LoggerBuf_filterOutEvent__I)
                  1181bee0    00000080                              : System.oe674 (.text:xdc_runtime_System_atexit__E)
                  1181bf60    00000080                              : System.oe674 (.text:xdc_runtime_System_avprintf__E)
                  1181bfe0    00000080                              : System.oe674 (.text:xdc_runtime_System_processAtExit__E)
                  1181c060    00000080                              : System.oe674 (.text:xdc_runtime_System_vprintf__E)
                  1181c0e0    00000060     rts6740_elf.lib : trgmsg.obj (.text:__TI_writemsg)
                  1181c140    00000060                     : llshift.obj (.text:__c6xabi_llshru)
                  1181c1a0    00000060                     : imath64.obj (.text:__c6xabi_remull)
                  1181c200    00000060                     : imath64.obj (.text:_subcull)
                  1181c260    00000060     sysbios.ae674 : c64p_Hwi_asm_switch.obj (.text:_ti_sysbios_family_c64p_Hwi_switchAndDispatch__I)
                  1181c2c0    00000060                   : c64p_Hwi_asm_switch.obj (.text:_ti_sysbios_family_xxx_Hwi_switchAndRunFunc)
                  1181c320    00000060     rts6740_elf.lib : lseek.obj (.text:lseek)
                  1181c380    00000060                     : memccpy.obj (.text:memccpy)
                  1181c3e0    00000060                     : modff.obj (.text:modff)
                  1181c440    00000060                     : sprintf.obj (.text:sprintf)
                  1181c4a0    00000060                     : sscanf.obj (.text:sscanf)
                  1181c500    00000060                     : _scanfi.obj (.text:strrchr)
                  1181c560    00000060     FinalContestRobot2_pe674.oe674 (.text:ti_sysbios_BIOS_atExitFunc__I)
                  1181c5c0    00000060     FinalContestRobot2_pe674.oe674 (.text:ti_sysbios_BIOS_errorRaiseHook__I)
                  1181c620    00000060     FinalContestRobot2_pe674.oe674 (.text:ti_sysbios_BIOS_rtsLock__I)
                  1181c680    00000060     FinalContestRobot2_pe674.oe674 (.text:ti_sysbios_BIOS_rtsUnlock__I)
                  1181c6e0    00000060     sysbios.ae674 : BIOS.obj (.text:ti_sysbios_family_c62_TaskSupport_start__E)
                  1181c740    00000060                   : BIOS.obj (.text:ti_sysbios_family_c64p_Cache_marInit__I)
                  1181c7a0    00000060                   : BIOS.obj (.text:ti_sysbios_family_c64p_Cache_setMar__E)
                  1181c800    00000060     FinalContestRobot2_pe674.oe674 (.text:ti_sysbios_heaps_HeapMem_Object__get__S)
                  1181c860    00000060     sysbios.ae674 : BIOS.obj (.text:ti_sysbios_knl_Clock_Module_startup__E)
                  1181c8c0    00000060     FinalContestRobot2_pe674.oe674 (.text:ti_sysbios_knl_Clock_doTick__I)
                  1181c920    00000060     sysbios.ae674 : BIOS.obj (.text:ti_sysbios_knl_Semaphore_pendTimeout__I)
                  1181c980    00000060                   : BIOS.obj (.text:ti_sysbios_knl_Swi_Module_startup__E)
                  1181c9e0    00000060     FinalContestRobot2_pe674.oe674 (.text:ti_sysbios_knl_Swi_Object__get__S)
                  1181ca40    00000060     FinalContestRobot2_pe674.oe674 (.text:ti_sysbios_knl_Task_Object__get__S)
                  1181caa0    00000060     sysbios.ae674 : BIOS.obj (.text:ti_sysbios_knl_Task_enter__I)
                  1181cb00    00000060                   : BIOS.obj (.text:ti_sysbios_knl_Task_unblockI__E)
                  1181cb60    00000060     rts6740_elf.lib : write.obj (.text:write)
                  1181cbc0    00000060     FinalContestRobot2_pe674.oe674 (.text:xdc_runtime_LoggerBuf_Object__get__S)
                  1181cc20    00000060     ti.targets.rts6000.ae674 : LoggerBuf.oe674 (.text:xdc_runtime_LoggerBuf_reset__E)
                  1181cc80    00000060     FinalContestRobot2_pe674.oe674 (.text:xdc_runtime_SysMin_output__I)
                  1181cce0    00000040     rts6740_elf.lib : frcmpyd_div.obj (.text:__TI_frcmpyd_div)
                  1181cd20    00000040                     : isinf.obj (.text:__c6xabi_isinf)
                  1181cd60    00000040                     : _printfi.obj (.text:__c6xabi_isnan)
                  1181cda0    00000040                     : args_main.obj (.text:_args_main)
                  1181cde0    00000040                     : sprintf.obj (.text:_outs)
                  1181ce20    00000040                     : vsprintf.obj (.text:_outs)
                  1181ce60    00000040     sysbios.ae674 : c62_TaskSupport_asm.obj (.text:_ti_sysbios_family_c62_TaskSupport_buildTaskStack)
                  1181cea0    00000040     FinalContestRobot2_pe674.oe674 (.text:free)
                  1181cee0    00000040     FinalContestRobot2_pe674.oe674 (.text:ti_sysbios_BIOS_exitFunc__I)
                  1181cf20    00000040     FinalContestRobot2_pe674.oe674 (.text:ti_sysbios_BIOS_registerRTSLock__I)
                  1181cf60    00000040     FinalContestRobot2_pe674.oe674 (.text:ti_sysbios_BIOS_removeRTSLock__I)
                  1181cfa0    00000040     FinalContestRobot2_pe674.oe674 (.text:ti_sysbios_BIOS_startFunc__I)
                  1181cfe0    00000040     FinalContestRobot2_pe674.oe674 (.text:ti_sysbios_family_c64p_Hwi_Module__startupDone__F)
                  1181d020    00000040     sysbios.ae674 : BIOS.obj (.text:ti_sysbios_family_c64p_Hwi_disableInterrupt__E)
                  1181d060    00000040                   : BIOS.obj (.text:ti_sysbios_family_c64p_Hwi_dispatchC__I)
                  1181d0a0    00000040                   : BIOS.obj (.text:ti_sysbios_family_c64p_Hwi_enableInterrupt__E)
                  1181d0e0    00000040                   : BIOS.obj (.text:ti_sysbios_family_c64p_primus_TimerSupport_enable__E)
                  1181d120    00000040                   : BIOS.obj (.text:ti_sysbios_gates_GateMutex_leave__E)
                  1181d160    00000040     FinalContestRobot2_pe674.oe674 (.text:ti_sysbios_hal_Hwi_HwiProxy_getStackInfo__E)
                  1181d1a0    00000040     FinalContestRobot2_pe674.oe674 (.text:ti_sysbios_knl_Clock_Module_State_clockQ)
                  1181d1e0    00000040     FinalContestRobot2_pe674.oe674 (.text:ti_sysbios_knl_Queue_Object__get__S)
                  1181d220    00000040     FinalContestRobot2_pe674.oe674 (.text:ti_sysbios_timers_timer64_Timer_Module__startupDone__F)
                  1181d260    00000040     rts6740_elf.lib : vsprintf.obj (.text:vsprintf)
                  1181d2a0    00000040     ti.targets.rts6000.ae674 : Error.oe674 (.text:xdc_runtime_Error_check__E)
                  1181d2e0    00000040                              : Error.oe674 (.text:xdc_runtime_Error_init__E)
                  1181d320    00000040     FinalContestRobot2_pe674.oe674 (.text:xdc_runtime_IHeap_alloc)
                  1181d360    00000040     FinalContestRobot2_pe674.oe674 (.text:xdc_runtime_IHeap_free)
                  1181d3a0    00000040     ti.targets.rts6000.ae674 : LoggerBuf.oe674 (.text:xdc_runtime_LoggerBuf_write0__E)
                  1181d3e0    00000040                              : LoggerBuf.oe674 (.text:xdc_runtime_LoggerBuf_write1__E)
                  1181d420    00000040                              : LoggerBuf.oe674 (.text:xdc_runtime_LoggerBuf_write2__E)
                  1181d460    00000040                              : Registry.oe674 (.text:xdc_runtime_Registry_findById__E)
                  1181d4a0    00000040     FinalContestRobot2_pe674.oe674 (.text:xdc_runtime_Startup_exec__I)
                  1181d4e0    00000040     ti.targets.rts6000.ae674 : SysMin.oe674 (.text:xdc_runtime_SysMin_Module_startup__E)
                  1181d520    00000040                              : SysMin.oe674 (.text:xdc_runtime_SysMin_exit__E)
                  1181d560    00000040                              : System.oe674 (.text:xdc_runtime_System_abort__E)
                  1181d5a0    00000040     FinalContestRobot2_pe674.oe674 (.text:xdc_runtime_System_aprintf__E)
                  1181d5e0    00000040     ti.targets.rts6000.ae674 : System.oe674 (.text:xdc_runtime_System_exit__E)
                  1181d620    00000040     FinalContestRobot2_pe674.oe674 (.text:xdc_runtime_System_printf__E)
                  1181d660    00000040     FinalContestRobot2_pe674.oe674 (.text:xdc_runtime_Text_visitRope__I)
                  1181d6a0    00000020     rts6740_elf.lib : errno.obj (.text:__c6xabi_errno_addr)
                  1181d6c0    00000020                     : trunc.obj (.text:__c6xabi_trunc)
                  1181d6e0    00000020                     : truncf.obj (.text:__c6xabi_truncf)
                  1181d700    00000020                     : sscanf.obj (.text:_inpchar)
                  1181d720    00000020                     : _lock.obj (.text:_nop)
                  1181d740    00000020                     : printf.obj (.text:_outc)
                  1181d760    00000020                     : sprintf.obj (.text:_outc)
                  1181d780    00000020                     : vsprintf.obj (.text:_outc)
                  1181d7a0    00000020                     : printf.obj (.text:_outs)
                  1181d7c0    00000020                     : _lock.obj (.text:_register_lock)
                  1181d7e0    00000020                     : _lock.obj (.text:_register_unlock)
                  1181d800    00000020     sysbios.ae674 : c62_TaskSupport_asm.obj (.text:_ti_sysbios_family_c62_TaskSupport_glue)
                  1181d820    00000020     rts6740_elf.lib : sscanf.obj (.text:_uninpchar)
                  1181d840    00000020                     : exit.obj (.text:abort)
                  1181d860    00000020                     : copy_decompress_none.obj (.text:decompress:none:__TI_decompress_none)
                  1181d880    00000020                     : copy_decompress_rle.obj (.text:decompress:rle24:__TI_decompress_rle24)
                  1181d8a0    00000020     FinalContestRobot2_pe674.oe674 (.text:malloc)
                  1181d8c0    00000020     FinalContestRobot2_pe674.oe674 (.text:ti_sysbios_BIOS_RtsGateProxy_enter__E)
                  1181d8e0    00000020     FinalContestRobot2_pe674.oe674 (.text:ti_sysbios_BIOS_RtsGateProxy_leave__E)
                  1181d900    00000020     sysbios.ae674 : BIOS.obj (.text:ti_sysbios_BIOS_linkedWithIncorrectBootLibrary__E)
                  1181d920    00000020     FinalContestRobot2_pe674.oe674 (.text:ti_sysbios_BIOS_nullFunc__I)
                  1181d940    00000020     sysbios.ae674 : BIOS.obj (.text:ti_sysbios_BIOS_setThreadType__E)
                  1181d960    00000020                   : BIOS.obj (.text:ti_sysbios_BIOS_start__E)
                  1181d980    00000020     FinalContestRobot2_pe674.oe674 (.text:ti_sysbios_family_c62_TaskSupport_Module__startupDone__S)
                  1181d9a0    00000020     sysbios.ae674 : BIOS.obj (.text:ti_sysbios_family_c62_TaskSupport_checkStack__E)
                  1181d9c0    00000020                   : BIOS.obj (.text:ti_sysbios_family_c64p_Cache_inv__E)
                  1181d9e0    00000020                   : BIOS.obj (.text:ti_sysbios_family_c64p_Cache_wb__E)
                  1181da00    00000020     FinalContestRobot2_pe674.oe674 (.text:ti_sysbios_family_c64p_Hwi_Module__startupDone__S)
                  1181da20    00000020     sysbios.ae674 : BIOS.obj (.text:ti_sysbios_family_c64p_Hwi_clearInterrupt__E)
                  1181da40    00000020                   : BIOS.obj (.text:ti_sysbios_family_c64p_Hwi_startup__E)
                  1181da60    00000020                   : BIOS.obj (.text:ti_sysbios_family_c64p_Hwi_switchFromBootStack__E)
                  1181da80    00000020                   : BIOS.obj (.text:ti_sysbios_family_c64p_TimestampProvider_Module_startup__E)
                  1181daa0    00000020                   : BIOS.obj (.text:ti_sysbios_family_c64p_TimestampProvider_get64__E)
                  1181dac0    00000020                   : BIOS.obj (.text:ti_sysbios_gates_GateHwi_enter__E)
                  1181dae0    00000020                   : BIOS.obj (.text:ti_sysbios_gates_GateHwi_leave__E)
                  1181db00    00000020                   : BIOS.obj (.text:ti_sysbios_gates_GateHwi_query__E)
                  1181db20    00000020                   : BIOS.obj (.text:ti_sysbios_gates_GateMutex_query__E)
                  1181db40    00000020     FinalContestRobot2_pe674.oe674 (.text:ti_sysbios_hal_Hwi_HwiProxy_Module__startupDone__S)
                  1181db60    00000020     FinalContestRobot2_pe674.oe674 (.text:ti_sysbios_hal_Hwi_HwiProxy_clearInterrupt__E)
                  1181db80    00000020     FinalContestRobot2_pe674.oe674 (.text:ti_sysbios_hal_Hwi_HwiProxy_disableInterrupt__E)
                  1181dba0    00000020     FinalContestRobot2_pe674.oe674 (.text:ti_sysbios_hal_Hwi_HwiProxy_enableInterrupt__E)
                  1181dbc0    00000020     FinalContestRobot2_pe674.oe674 (.text:ti_sysbios_hal_Hwi_HwiProxy_startup__E)
                  1181dbe0    00000020     FinalContestRobot2_pe674.oe674 (.text:ti_sysbios_hal_Hwi_HwiProxy_switchFromBootStack__E)
                  1181dc00    00000020     sysbios.ae674 : BIOS.obj (.text:ti_sysbios_hal_Hwi_Module_startup__E)
                  1181dc20    00000020     FinalContestRobot2_pe674.oe674 (.text:ti_sysbios_heaps_HeapMem_Module_GateProxy_enter__E)
                  1181dc40    00000020     FinalContestRobot2_pe674.oe674 (.text:ti_sysbios_heaps_HeapMem_Module_GateProxy_leave__E)
                  1181dc60    00000020     FinalContestRobot2_pe674.oe674 (.text:ti_sysbios_heaps_HeapMem_Module_GateProxy_query__E)
                  1181dc80    00000020     sysbios.ae674 : BIOS.obj (.text:ti_sysbios_heaps_HeapMem_isBlocking__E)
                  1181dca0    00000020     FinalContestRobot2_pe674.oe674 (.text:ti_sysbios_knl_Clock_TimerProxy_Module__startupDone__S)
                  1181dcc0    00000020     FinalContestRobot2_pe674.oe674 (.text:ti_sysbios_knl_Clock_TimerProxy_getMaxTicks__E)
                  1181dce0    00000020     sysbios.ae674 : BIOS.obj (.text:ti_sysbios_knl_Clock_getTicks__E)
                  1181dd00    00000020                   : BIOS.obj (.text:ti_sysbios_knl_Clock_logTick__E)
                  1181dd20    00000020                   : BIOS.obj (.text:ti_sysbios_knl_Idle_loop__E)
                  1181dd40    00000020                   : BIOS.obj (.text:ti_sysbios_knl_Queue_empty__E)
                  1181dd60    00000020                   : BIOS.obj (.text:ti_sysbios_knl_Swi_disable__E)
                  1181dd80    00000020     FinalContestRobot2_pe674.oe674 (.text:ti_sysbios_knl_Task_SupportProxy_Module__startupDone__S)
                  1181dda0    00000020     FinalContestRobot2_pe674.oe674 (.text:ti_sysbios_knl_Task_SupportProxy_checkStack__E)
                  1181ddc0    00000020     FinalContestRobot2_pe674.oe674 (.text:ti_sysbios_knl_Task_SupportProxy_start__E)
                  1181dde0    00000020     FinalContestRobot2_pe674.oe674 (.text:ti_sysbios_knl_Task_SupportProxy_swap__E)
                  1181de00    00000020     sysbios.ae674 : BIOS.obj (.text:ti_sysbios_knl_Task_disable__E)
                  1181de20    00000020                   : BIOS.obj (.text:ti_sysbios_knl_Task_sleepTimeout__I)
                  1181de40    00000020                   : BIOS.obj (.text:ti_sysbios_knl_Task_startup__E)
                  1181de60    00000020     FinalContestRobot2_pe674.oe674 (.text:ti_sysbios_timers_timer64_Timer_Module__startupDone__S)
                  1181de80    00000020     FinalContestRobot2_pe674.oe674 (.text:ti_sysbios_timers_timer64_Timer_TimerSupportProxy_enable__E)
                  1181dea0    00000020     sysbios.ae674 : BIOS.obj (.text:ti_sysbios_timers_timer64_Timer_getMaxTicks__E)
                  1181dec0    00000020     FinalContestRobot2_pe674.oe674 (.text:xdc_iargToPtr)
                  1181dee0    00000020     ti.targets.rts6000.ae674 : Error.oe674 (.text:xdc_runtime_Error_getSite__E)
                  1181df00    00000020                              : Error.oe674 (.text:xdc_runtime_Error_raiseX__E)
                  1181df20    00000020                              : Gate.oe674 (.text:xdc_runtime_Gate_enterSystem__E)
                  1181df40    00000020                              : Gate.oe674 (.text:xdc_runtime_Gate_leaveSystem__E)
                  1181df60    00000020     FinalContestRobot2_pe674.oe674 (.text:xdc_runtime_LoggerBuf_Module_GateProxy_enter__E)
                  1181df80    00000020     FinalContestRobot2_pe674.oe674 (.text:xdc_runtime_LoggerBuf_Module_GateProxy_leave__E)
                  1181dfa0    00000020     FinalContestRobot2_pe674.oe674 (.text:xdc_runtime_LoggerBuf_TimestampProxy_get64__E)
                  1181dfc0    00000020     ti.targets.rts6000.ae674 : LoggerBuf.oe674 (.text:xdc_runtime_LoggerBuf_disable__E)
                  1181dfe0    00000020                              : LoggerBuf.oe674 (.text:xdc_runtime_LoggerBuf_enable__E)
                  1181e000    00000020     FinalContestRobot2_pe674.oe674 (.text:xdc_runtime_Memory_HeapProxy_alloc__E)
                  1181e020    00000020     FinalContestRobot2_pe674.oe674 (.text:xdc_runtime_Memory_HeapProxy_free__E)
                  1181e040    00000020     ti.targets.rts6000.ae674 : Memory.oe674 (.text:xdc_runtime_Memory_free__E)
                  1181e060    00000020                              : Memory.oe674 (.text:xdc_runtime_Memory_getMaxDefaultTypeAlign__E)
                  1181e080    00000020     FinalContestRobot2_pe674.oe674 (.text:xdc_runtime_Startup_reset__I)
                  1181e0a0    00000020     ti.targets.rts6000.ae674 : Startup.oe674 (.text:xdc_runtime_Startup_rtsDone__E)
                  1181e0c0    00000020                              : SysMin.oe674 (.text:xdc_runtime_SysMin_ready__E)
                  1181e0e0    00000020     FinalContestRobot2_pe674.oe674 (.text:xdc_runtime_System_Module_GateProxy_enter__E)
                  1181e100    00000020     FinalContestRobot2_pe674.oe674 (.text:xdc_runtime_System_Module_GateProxy_leave__E)
                  1181e120    00000020     ti.targets.rts6000.ae674 : System.oe674 (.text:xdc_runtime_System_Module_startup__E)
                  1181e140    00000020     FinalContestRobot2_pe674.oe674 (.text:xdc_runtime_System_SupportProxy_abort__E)
                  1181e160    00000020     FinalContestRobot2_pe674.oe674 (.text:xdc_runtime_System_SupportProxy_exit__E)
                  1181e180    00000020     FinalContestRobot2_pe674.oe674 (.text:xdc_runtime_System_SupportProxy_putch__E)
                  1181e1a0    00000020     FinalContestRobot2_pe674.oe674 (.text:xdc_runtime_System_SupportProxy_ready__E)
                  1181e1c0    00000020     ti.targets.rts6000.ae674 : System.oe674 (.text:xdc_runtime_System_vsnprintf__E)
                  1181e1e0    00000020                              : Text.oe674 (.text:xdc_runtime_Text_ropeText__E)

.far       0    1181e200    00008e50     UNINITIALIZED
                  1181e200    000028c0     FinalContestRobot2_pe674.oe674 (.far:taskStackSection)
                  11820ac0    00001000     (.common:ti_sysbios_heaps_HeapMem_Instance_State_0_buf__A)
                  11821ac0    00000fa0     (.common:enc0_array)
                  11822a60    00000c00     (.common:object_stats)
                  11823660    0000001e     (.common:LADARoutBuffer)
                  1182367e    00000002     --HOLE--
                  11823680    00000578     (.common:LADARinBuffer)
                  11823bf8    00000400     (.common:equivalency_objects)
                  11823ff8    00000400     (.common:temp_equivalency_objects)
                  118243f8    000003e8     (.common:LADARangle)
                  118247e0    000003e8     (.common:LADARdataX)
                  11824bc8    000003e8     (.common:LADARdataY)
                  11824fb0    000003e8     (.common:LADARdistance)
                  11825398    000003e8     (.common:newLADARangle)
                  11825780    000003e8     (.common:newLADARdataX)
                  11825b68    000003e8     (.common:newLADARdataY)
                  11825f50    000003e8     (.common:newLADARdistance)
                  11826338    0000039c     (.common:final_object_stats)
                  118266d4    00000004     --HOLE--
                  118266d8    00000200     (.common:xdc_runtime_LoggerBuf_Instance_State_0_entryArr__A)
                  118268d8    00000200     (.common:xdc_runtime_SysMin_Module_State_0_outbuf__A)
                  11826ad8    00000140     (.common:__TI_tmpnams)
                  11826c18    00000102     (.common:fromLinuxstring)
                  11826d1a    00000006     --HOLE--
                  11826d20    00000102     (.common:toLinuxstring)
                  11826e22    00000006     --HOLE--
                  11826e28    00000028     (.common:i2cdata)
                  11826e50    00000024     (.common:temp_3x3)
                  11826e74    0000000c     (.common:LADARps)
                  11826e80    0000009c     (.common:f28335recData)
                  11826f1c    00000004     --HOLE--
                  11826f20    00000060     (.common:robotdest)
                  11826f80    00000068     (.common:f28335TXData)
                  11826fe8    00000014     (.common:Optitrackdata)
                  11826ffc    0000000c     (.common:OPTITRACKps)
                  11827008    0000000c     (.common:ROBOTps)
                  11827014    00000004     --HOLE--
                  11827018    0000000c     (.common:temp_3x1)
                  11827024    00000004     --HOLE--
                  11827028    0000000c     (.common:ytilde)
                  11827034    00000004     --HOLE--
                  11827038    0000000c     (.common:z)
                  11827044    00000004     --HOLE--
                  11827048    00000008     (.common:parmbuf)

.const     0    11827050    0000264e     
                  11827050    000019b9     FinalContestRobot2_pe674.oe674 (.const:xdc_runtime_Text_charTab__A)
                  11828a09    00000001     FinalContestRobot2_pe674.oe674 (.const:ti_sysbios_timers_timer64_Timer_localTimerBaseId__C)
                  11828a0a    00000002     FinalContestRobot2_pe674.oe674 (.const:ti_sysbios_family_c64p_Cache_Module__id__C)
                  11828a0c    00000518     sysbios.ae674 : BIOS.obj (.const:.string)
                  11828f24    00000004     FinalContestRobot2_pe674.oe674 (.const:ti_sysbios_BIOS_installedErrorHook__C)
                  11828f28    00000101     rts6740_elf.lib : ctype.obj (.const:.string:_ctypes_)
                  11829029    00000001     --HOLE-- [fill = 0]
                  1182902a    00000002     FinalContestRobot2_pe674.oe674 (.const:ti_sysbios_family_c64p_Exception_Module__id__C)
                  1182902c    00000004     FinalContestRobot2_pe674.oe674 (.const:ti_sysbios_family_c64p_Cache_EMIFA_BASE__C)
                  11829030    000000cc     FinalContestRobot2_pe674.oe674 (.const:xdc_runtime_Text_nodeTab__A)
                  118290fc    00000004     FinalContestRobot2_pe674.oe674 (.const:ti_sysbios_family_c64p_Cache_EMIFA_CFG__C)
                  11829100    00000080     evmomapl138_bsl.lib : evmomapl138.obj (.const:bitval_u32)
                  11829180    00000058     ti.targets.rts6000.ae674 : Error.oe674 (.const:.string)
                  118291d8    00000050     rts6740_elf.lib : strtod.obj (.const:digits)
                  11829228    00000048     user_FinalContestRobot2.obj (.const:.string)
                  11829270    00000048     rts6740_elf.lib : strtod.obj (.const:powerof10)
                  118292b8    00000044     Ladar.obj (.const:.string)
                  118292fc    00000040     evmomapl138_bsl.lib : evmomapl138.obj (.const:.string)
                  1182933c    00000040     ti.targets.rts6000.ae674 : Text.oe674 (.const:.string)
                  1182937c    0000003c     FinalContestRobot2_pe674.oe674 (.const:xdc_runtime_LoggerBuf_Module__FXNS__C)
                  118293b8    00000030     FinalContestRobot2_pe674.oe674 (.const:xdc_runtime_Startup_sfxnTab__A)
                  118293e8    0000002c     ti.targets.rts6000.ae674 : Startup.oe674 (.const:.string)
                  11829414    00000028     FinalContestRobot2_pe674.oe674 (.const:ti_sysbios_heaps_HeapMem_Module__FXNS__C)
                  1182943c    00000024     rts6740_elf.lib : _printfi.obj (.const:.string)
                  11829460    00000024     FinalContestRobot2_pe674.oe674 (.const:ti_sysbios_gates_GateHwi_Module__FXNS__C)
                  11829484    00000024     FinalContestRobot2_pe674.oe674 (.const:ti_sysbios_gates_GateMutex_Module__FXNS__C)
                  118294a8    00000018     ColorLCD.obj (.const:$P$T0$1)
                  118294c0    00000018     ti.targets.rts6000.ae674 : System.oe674 (.const:.string)
                  118294d8    00000018     FinalContestRobot2_pe674.oe674 (.const:xdc_runtime_Startup_sfxnRts__A)
                  118294f0    00000010     evmomapl138_bsl.lib : evmomapl138_uart.obj (.const:.string)
                  11829500    00000008     FinalContestRobot2_pe674.oe674 (.const:ti_sysbios_knl_Idle_funcList__C)
                  11829508    00000008     FinalContestRobot2_pe674.oe674 (.const:xdc_runtime_Startup_firstFxns__A)
                  11829510    00000008     FinalContestRobot2_pe674.oe674 (.const:xdc_runtime_Startup_firstFxns__C)
                  11829518    00000008     FinalContestRobot2_pe674.oe674 (.const:xdc_runtime_Startup_lastFxns__C)
                  11829520    00000007     rts6740_elf.lib : _scanfi.obj (.const:.string:flit$1)
                  11829527    00000001     --HOLE-- [fill = 0]
                  11829528    00000006                     : _scanfi.obj (.const:.string:barr$2)
                  1182952e    00000002     FinalContestRobot2_pe674.oe674 (.const:ti_sysbios_family_c64p_Exception_useInternalBuffer__C)
                  11829530    00000004     Ladar.obj (.const:.string:$P$T0$1)
                  11829534    00000004     FinalContestRobot2_pe674.oe674 (.const:ti_sysbios_family_c64p_Cache_EMIFA_LENGTH__C)
                  11829538    00000004     FinalContestRobot2_pe674.oe674 (.const:ti_sysbios_family_c64p_Cache_EMIFB_BASE__C)
                  1182953c    00000004     FinalContestRobot2_pe674.oe674 (.const:ti_sysbios_family_c64p_Cache_EMIFB_CFG__C)
                  11829540    00000004     FinalContestRobot2_pe674.oe674 (.const:ti_sysbios_family_c64p_Cache_EMIFB_LENGTH__C)
                  11829544    00000004     FinalContestRobot2_pe674.oe674 (.const:ti_sysbios_family_c64p_Cache_EMIFC_BASE__C)
                  11829548    00000004     FinalContestRobot2_pe674.oe674 (.const:ti_sysbios_family_c64p_Cache_EMIFC_CFG__C)
                  1182954c    00000004     FinalContestRobot2_pe674.oe674 (.const:ti_sysbios_family_c64p_Cache_EMIFC_LENGTH__C)
                  11829550    00000004     FinalContestRobot2_pe674.oe674 (.const:ti_sysbios_family_c64p_Cache_E_invalidL1CacheSize__C)
                  11829554    00000004     FinalContestRobot2_pe674.oe674 (.const:ti_sysbios_family_c64p_Cache_E_invalidL2CacheSize__C)
                  11829558    00000004     FinalContestRobot2_pe674.oe674 (.const:ti_sysbios_family_c64p_Cache_MAR0_31__C)
                  1182955c    00000004     FinalContestRobot2_pe674.oe674 (.const:ti_sysbios_family_c64p_Cache_MAR128_159__C)
                  11829560    00000004     FinalContestRobot2_pe674.oe674 (.const:ti_sysbios_family_c64p_Cache_MAR160_191__C)
                  11829564    00000004     FinalContestRobot2_pe674.oe674 (.const:ti_sysbios_family_c64p_Cache_MAR192_223__C)
                  11829568    00000004     FinalContestRobot2_pe674.oe674 (.const:ti_sysbios_family_c64p_Cache_MAR224_255__C)
                  1182956c    00000004     FinalContestRobot2_pe674.oe674 (.const:ti_sysbios_family_c64p_Cache_MAR32_63__C)
                  11829570    00000004     FinalContestRobot2_pe674.oe674 (.const:ti_sysbios_family_c64p_Cache_MAR64_95__C)
                  11829574    00000004     FinalContestRobot2_pe674.oe674 (.const:ti_sysbios_family_c64p_Cache_MAR96_127__C)
                  11829578    00000004     FinalContestRobot2_pe674.oe674 (.const:ti_sysbios_family_c64p_Exception_E_exceptionMax__C)
                  1182957c    00000004     FinalContestRobot2_pe674.oe674 (.const:ti_sysbios_family_c64p_Exception_exceptionHook__C)
                  11829580    00000004     FinalContestRobot2_pe674.oe674 (.const:ti_sysbios_family_c64p_Exception_externalHook__C)
                  11829584    00000004     FinalContestRobot2_pe674.oe674 (.const:ti_sysbios_family_c64p_Exception_internalHook__C)
                  11829588    00000004     FinalContestRobot2_pe674.oe674 (.const:ti_sysbios_family_c64p_Exception_nmiHook__C)
                  1182958c    00000004     FinalContestRobot2_pe674.oe674 (.const:ti_sysbios_gates_GateMutex_Instance_State_sem__O)
                  11829590    00000004     FinalContestRobot2_pe674.oe674 (.const:ti_sysbios_hal_Hwi_E_stackOverflow__C)
                  11829594    00000004     FinalContestRobot2_pe674.oe674 (.const:ti_sysbios_heaps_HeapMem_E_memory__C)
                  11829598    00000004     FinalContestRobot2_pe674.oe674 (.const:ti_sysbios_heaps_HeapMem_Module__gateObj__C)
                  1182959c    00000004     FinalContestRobot2_pe674.oe674 (.const:ti_sysbios_heaps_HeapMem_Object__count__C)
                  118295a0    00000004     FinalContestRobot2_pe674.oe674 (.const:ti_sysbios_heaps_HeapMem_Object__table__C)
                  118295a4    00000004     FinalContestRobot2_pe674.oe674 (.const:ti_sysbios_knl_Clock_Module_State_clockQ__O)
                  118295a8    00000004     FinalContestRobot2_pe674.oe674 (.const:ti_sysbios_knl_Idle_funcList__A)
                  118295ac    00000004     FinalContestRobot2_pe674.oe674 (.const:ti_sysbios_knl_Semaphore_Instance_State_pendQ__O)
                  118295b0    00000004     FinalContestRobot2_pe674.oe674 (.const:ti_sysbios_knl_Swi_Object__count__C)
                  118295b4    00000004     FinalContestRobot2_pe674.oe674 (.const:ti_sysbios_knl_Swi_Object__table__C)
                  118295b8    00000004     FinalContestRobot2_pe674.oe674 (.const:ti_sysbios_knl_Task_E_spOutOfBounds__C)
                  118295bc    00000004     FinalContestRobot2_pe674.oe674 (.const:ti_sysbios_knl_Task_E_stackOverflow__C)
                  118295c0    00000004     FinalContestRobot2_pe674.oe674 (.const:ti_sysbios_knl_Task_Module_State_inactiveQ__O)
                  118295c4    00000004     FinalContestRobot2_pe674.oe674 (.const:ti_sysbios_knl_Task_Object__count__C)
                  118295c8    00000004     FinalContestRobot2_pe674.oe674 (.const:ti_sysbios_knl_Task_Object__table__C)
                  118295cc    00000004     FinalContestRobot2_pe674.oe674 (.const:ti_sysbios_knl_Task_allBlockedFunc__C)
                  118295d0    00000004     FinalContestRobot2_pe674.oe674 (.const:ti_sysbios_knl_Task_numConstructedTasks__C)
                  118295d4    00000004     FinalContestRobot2_pe674.oe674 (.const:ti_sysbios_timers_timer64_Timer_E_cannotSupport__C)
                  118295d8    00000004     FinalContestRobot2_pe674.oe674 (.const:ti_sysbios_timers_timer64_Timer_anyMaskHigh__C)
                  118295dc    00000004     FinalContestRobot2_pe674.oe674 (.const:ti_sysbios_timers_timer64_Timer_anyMask__C)
                  118295e0    00000004     FinalContestRobot2_pe674.oe674 (.const:ti_sysbios_timers_timer64_Timer_freqDivisor__C)
                  118295e4    00000004     FinalContestRobot2_pe674.oe674 (.const:ti_sysbios_timers_timer64_Timer_numLocalTimers__C)
                  118295e8    00000004     FinalContestRobot2_pe674.oe674 (.const:ti_sysbios_timers_timer64_Timer_numTimerDevices__C)
                  118295ec    00000004     FinalContestRobot2_pe674.oe674 (.const:xdc_runtime_Assert_E_assertFailed__C)
                  118295f0    00000004     FinalContestRobot2_pe674.oe674 (.const:xdc_runtime_Error_E_memory__C)
                  118295f4    00000004     FinalContestRobot2_pe674.oe674 (.const:xdc_runtime_Error_Module__diagsEnabled__C)
                  118295f8    00000004     FinalContestRobot2_pe674.oe674 (.const:xdc_runtime_Error_Module__diagsIncluded__C)
                  118295fc    00000004     FinalContestRobot2_pe674.oe674 (.const:xdc_runtime_Error_Module__diagsMask__C)
                  11829600    00000004     FinalContestRobot2_pe674.oe674 (.const:xdc_runtime_Error_Module__loggerFxn8__C)
                  11829604    00000004     FinalContestRobot2_pe674.oe674 (.const:xdc_runtime_Error_Module__loggerObj__C)
                  11829608    00000004     FinalContestRobot2_pe674.oe674 (.const:xdc_runtime_Error_policyFxn__C)
                  1182960c    00000004     FinalContestRobot2_pe674.oe674 (.const:xdc_runtime_Error_policy__C)
                  11829610    00000004     FinalContestRobot2_pe674.oe674 (.const:xdc_runtime_Error_raiseHook__C)
                  11829614    00000004     FinalContestRobot2_pe674.oe674 (.const:xdc_runtime_IFilterLogger_Interface__BASE__C)
                  11829618    00000004     FinalContestRobot2_pe674.oe674 (.const:xdc_runtime_IGateProvider_Interface__BASE__C)
                  1182961c    00000004     FinalContestRobot2_pe674.oe674 (.const:xdc_runtime_IHeap_Interface__BASE__C)
                  11829620    00000004     FinalContestRobot2_pe674.oe674 (.const:xdc_runtime_ILogger_Interface__BASE__C)
                  11829624    00000004     FinalContestRobot2_pe674.oe674 (.const:xdc_runtime_IModule_Interface__BASE__C)
                  11829628    00000004     FinalContestRobot2_pe674.oe674 (.const:xdc_runtime_Log_L_error__C)
                  1182962c    00000004     FinalContestRobot2_pe674.oe674 (.const:xdc_runtime_LoggerBuf_E_badLevel__C)
                  11829630    00000004     FinalContestRobot2_pe674.oe674 (.const:xdc_runtime_LoggerBuf_Module__gateObj__C)
                  11829634    00000004     FinalContestRobot2_pe674.oe674 (.const:xdc_runtime_LoggerBuf_Object__count__C)
                  11829638    00000004     FinalContestRobot2_pe674.oe674 (.const:xdc_runtime_LoggerBuf_Object__table__C)
                  1182963c    00000004     FinalContestRobot2_pe674.oe674 (.const:xdc_runtime_LoggerBuf_statusLogger__C)
                  11829640    00000004     FinalContestRobot2_pe674.oe674 (.const:xdc_runtime_Memory_defaultHeapInstance__C)
                  11829644    00000004     FinalContestRobot2_pe674.oe674 (.const:xdc_runtime_Startup_execImpl__C)
                  11829648    00000004     FinalContestRobot2_pe674.oe674 (.const:xdc_runtime_Startup_maxPasses__C)
                  1182964c    00000004     FinalContestRobot2_pe674.oe674 (.const:xdc_runtime_Startup_sfxnRts__C)
                  11829650    00000004     FinalContestRobot2_pe674.oe674 (.const:xdc_runtime_Startup_sfxnTab__C)
                  11829654    00000004     FinalContestRobot2_pe674.oe674 (.const:xdc_runtime_Startup_startModsFxn__C)
                  11829658    00000004     FinalContestRobot2_pe674.oe674 (.const:xdc_runtime_SysMin_bufSize__C)
                  1182965c    00000004     FinalContestRobot2_pe674.oe674 (.const:xdc_runtime_SysMin_outputFunc__C)
                  11829660    00000004     FinalContestRobot2_pe674.oe674 (.const:xdc_runtime_System_Module__gateObj__C)
                  11829664    00000004     FinalContestRobot2_pe674.oe674 (.const:xdc_runtime_System_abortFxn__C)
                  11829668    00000004     FinalContestRobot2_pe674.oe674 (.const:xdc_runtime_System_exitFxn__C)
                  1182966c    00000004     FinalContestRobot2_pe674.oe674 (.const:xdc_runtime_System_extendFxn__C)
                  11829670    00000004     FinalContestRobot2_pe674.oe674 (.const:xdc_runtime_System_maxAtexitHandlers__C)
                  11829674    00000004     FinalContestRobot2_pe674.oe674 (.const:xdc_runtime_Text_charTab__C)
                  11829678    00000004     FinalContestRobot2_pe674.oe674 (.const:xdc_runtime_Text_nodeTab__C)
                  1182967c    00000004     FinalContestRobot2_pe674.oe674 (.const:xdc_runtime_Text_visitRopeFxn__C)
                  11829680    00000002     FinalContestRobot2_pe674.oe674 (.const:ti_sysbios_hal_Hwi_Module__id__C)
                  11829682    00000002     FinalContestRobot2_pe674.oe674 (.const:ti_sysbios_heaps_HeapMem_Module__id__C)
                  11829684    00000002     FinalContestRobot2_pe674.oe674 (.const:ti_sysbios_knl_Task_Module__id__C)
                  11829686    00000002     FinalContestRobot2_pe674.oe674 (.const:ti_sysbios_timers_timer64_Timer_Module__id__C)
                  11829688    00000002     FinalContestRobot2_pe674.oe674 (.const:ti_sysbios_timers_timer64_Timer_startupNeeded__C)
                  1182968a    00000002     FinalContestRobot2_pe674.oe674 (.const:ti_sysbios_timers_timer64_Timer_useTimer64pRegMap__C)
                  1182968c    00000002     FinalContestRobot2_pe674.oe674 (.const:xdc_runtime_Error_Module__loggerDefined__C)
                  1182968e    00000002     FinalContestRobot2_pe674.oe674 (.const:xdc_runtime_Error_maxDepth__C)
                  11829690    00000002     FinalContestRobot2_pe674.oe674 (.const:xdc_runtime_LoggerBuf_Module__id__C)
                  11829692    00000002     FinalContestRobot2_pe674.oe674 (.const:xdc_runtime_LoggerBuf_filterByLevel__C)
                  11829694    00000002     FinalContestRobot2_pe674.oe674 (.const:xdc_runtime_Memory_Module__id__C)
                  11829696    00000002     FinalContestRobot2_pe674.oe674 (.const:xdc_runtime_SysMin_flushAtExit__C)
                  11829698    00000002     FinalContestRobot2_pe674.oe674 (.const:xdc_runtime_Text_isLoaded__C)
                  1182969a    00000002     FinalContestRobot2_pe674.oe674 (.const:xdc_runtime_Text_registryModsLastId__C)
                  1182969c    00000002     FinalContestRobot2_pe674.oe674 (.const:xdc_runtime_Text_unnamedModsLastId__C)

.fardata   0    1182b6a0    00000f3c     UNINITIALIZED
                  1182b6a0    0000025c     ColorVision.obj (.fardata:PRUCode)
                  1182b8fc    00000004     rts6740_elf.lib : _lock.obj (.fardata:_lock)
                  1182b900    000001e0                     : defs.obj (.fardata:_ftable)
                  1182bae0    00000114     FinalContestRobot2_pe674.oe674 (.fardata:ti_sysbios_knl_Task_Object__table__V)
                  1182bbf4    00000004     rts6740_elf.lib : _lock.obj (.fardata:_unlock)
                  1182bbf8    000000c0     FinalContestRobot2_pe674.oe674 (.fardata:ti_sysbios_knl_Swi_Object__table__V)
                  1182bcb8    000000a0     rts6740_elf.lib : write.obj (.fardata:_stream)
                  1182bd58    00000080     FinalContestRobot2_pe674.oe674 (.fardata:ti_sysbios_knl_Swi_Module_State_0_readyQ__A)
                  1182bdd8    00000080     FinalContestRobot2_pe674.oe674 (.fardata:ti_sysbios_knl_Task_Module_State_0_readyQ__A)
                  1182be58    00000078     rts6740_elf.lib : write.obj (.fardata:_device)
                  1182bed0    00000078     FinalContestRobot2_pe674.oe674 (.fardata:ti_sysbios_family_c64p_Hwi_Object__table__V)
                  1182bf48    0000006c     FinalContestRobot2_pe674.oe674 (.fardata:ti_sysbios_family_c64p_Hwi_Module__state__V)
                  1182bfb4    00000004     rts6740_elf.lib : defs.obj (.fardata)
                  1182bfb8    00000060     FinalContestRobot2_pe674.oe674 (.fardata:ti_sysbios_timers_timer64_Timer_Module_State_0_device__A)
                  1182c018    00000050     Ladar.obj (.fardata:cornersX)
                  1182c068    00000050     Ladar.obj (.fardata:cornersY)
                  1182c0b8    00000050     FinalContestRobot2_pe674.oe674 (.fardata:ti_sysbios_timers_timer64_Timer_Object__table__V)
                  1182c108    00000048     FinalContestRobot2_pe674.oe674 (.fardata:ti_sysbios_knl_Task_Module__state__V)
                  1182c150    00000040     rts6740_elf.lib : cos.obj (.fardata:R$1)
                  1182c190    00000040                     : sin.obj (.fardata:R$1)
                  1182c1d0    00000040     FinalContestRobot2_pe674.oe674 (.fardata:ti_sysbios_gates_GateMutex_Object__table__V)
                  1182c210    00000040     FinalContestRobot2_pe674.oe674 (.fardata:ti_sysbios_knl_Clock_Object__table__V)
                  1182c250    00000030     FinalContestRobot2_pe674.oe674 (.fardata:ti_sysbios_family_c64p_Exception_Module__state__V)
                  1182c280    0000002c     FinalContestRobot2_pe674.oe674 (.fardata:ti_sysbios_knl_Clock_Module__state__V)
                  1182c2ac    00000004     rts6740_elf.lib : errno.obj (.fardata)
                  1182c2b0    00000028     FinalContestRobot2_pe674.oe674 (.fardata:ti_sysbios_hal_Hwi_Object__table__V)
                  1182c2d8    00000024     user_FinalContestRobot2.obj (.fardata:K)
                  1182c2fc    00000004     FinalContestRobot2_pe674.oe674 (.fardata:ti_sysbios_family_c64p_Cache_Module__state__V)
                  1182c300    00000024     user_FinalContestRobot2.obj (.fardata:P_pred)
                  1182c324    00000004     FinalContestRobot2_pe674.oe674 (.fardata:ti_sysbios_family_c64p_primus_TimerSupport_Module__state__V)
                  1182c328    00000024     user_FinalContestRobot2.obj (.fardata:Q)
                  1182c34c    00000004     FinalContestRobot2_pe674.oe674 (.fardata:xdc_runtime_Memory_Module__state__V)
                  1182c350    00000024     user_FinalContestRobot2.obj (.fardata:R)
                  1182c374    00000002     FinalContestRobot2_pe674.oe674 (.fardata:xdc_runtime_Error_Module__state__V)
                  1182c376    00000002     --HOLE--
                  1182c378    00000024     user_FinalContestRobot2.obj (.fardata:S)
                  1182c39c    00000004     --HOLE--
                  1182c3a0    00000024     user_FinalContestRobot2.obj (.fardata:S_inv)
                  1182c3c4    00000004     --HOLE--
                  1182c3c8    00000024     user_FinalContestRobot2.obj (.fardata:eye3)
                  1182c3ec    00000024     FinalContestRobot2_pe674.oe674 (.fardata:ti_sysbios_BIOS_Module__state__V)
                  1182c410    00000024     FinalContestRobot2_pe674.oe674 (.fardata:xdc_runtime_LoggerBuf_Object__table__V)
                  1182c434    00000004     --HOLE--
                  1182c438    00000020     rts6740_elf.lib : atanf.obj (.fardata:arctan_consts$1)
                  1182c458    00000020     FinalContestRobot2_pe674.oe674 (.fardata:ti_sysbios_timers_timer64_Timer_Module_State_0_gctrl__A)
                  1182c478    00000020     FinalContestRobot2_pe674.oe674 (.fardata:ti_sysbios_timers_timer64_Timer_Module_State_0_handles__A)
                  1182c498    00000020     FinalContestRobot2_pe674.oe674 (.fardata:ti_sysbios_timers_timer64_Timer_Module_State_0_intFreqs__A)
                  1182c4b8    00000020     FinalContestRobot2_pe674.oe674 (.fardata:xdc_runtime_Error_IgnoreBlock)
                  1182c4d8    0000001c     FinalContestRobot2_pe674.oe674 (.fardata:ti_sysbios_knl_Swi_Module__state__V)
                  1182c4f4    00000004     --HOLE--
                  1182c4f8    00000018     user_FinalContestRobot2.obj (.fardata:B)
                  1182c510    00000018     FinalContestRobot2_pe674.oe674 (.fardata:ti_sysbios_heaps_HeapMem_Object__table__V)
                  1182c528    00000018     FinalContestRobot2_pe674.oe674 (.fardata:ti_sysbios_timers_timer64_Timer_Module__state__V)
                  1182c540    00000010     rts6740_elf.lib : cosf.obj (.fardata:R$1)
                  1182c550    00000010                     : sinf.obj (.fardata:R$1)
                  1182c560    00000010     FinalContestRobot2_pe674.oe674 (.fardata:xdc_runtime_System_Module_State_0_atexitHandlers__A)
                  1182c570    0000000c     user_FinalContestRobot2.obj (.fardata:Bu)
                  1182c57c    0000000c     rts6740_elf.lib : exit.obj (.fardata)
                  1182c588    0000000c     user_FinalContestRobot2.obj (.fardata:x_pred)
                  1182c594    0000000c     FinalContestRobot2_pe674.oe674 (.fardata:xdc_runtime_SysMin_Module__state__V)
                  1182c5a0    00000008     FinalContestRobot2_pe674.oe674 (.fardata:ti_sysbios_family_c64p_primus_TimerSupport_Module_State_0_suspSrc__A)
                  1182c5a8    00000008     user_FinalContestRobot2.obj (.fardata:u)
                  1182c5b0    00000008     FinalContestRobot2_pe674.oe674 (.fardata:xdc_runtime_Registry_Module__state__V)
                  1182c5b8    00000008     FinalContestRobot2_pe674.oe674 (.fardata:xdc_runtime_Startup_Module__state__V)
                  1182c5c0    00000008     FinalContestRobot2_pe674.oe674 (.fardata:xdc_runtime_System_Module__state__V)
                  1182c5c8    00000006     FinalContestRobot2_pe674.oe674 (.fardata:xdc_runtime_LoggerBuf_Module__state__V)
                  1182c5ce    00000002     --HOLE--
                  1182c5d0    00000004     FinalContestRobot2_pe674.oe674 (.fardata:ti_sysbios_gates_GateHwi_Object__table__V)
                  1182c5d4    00000004     --HOLE--
                  1182c5d8    00000004     FinalContestRobot2_pe674.oe674 (.fardata:ti_sysbios_knl_Task_Module_State_0_idleTask__A)

.cio       0    1182c8b8    00000120     UNINITIALIZED
                  1182c8b8    00000120     rts6740_elf.lib : trgmsg.obj (.cio)

.switch    0    1182c9d8    000000a4     
                  1182c9d8    00000038     rts6740_elf.lib : _printfi.obj (.switch:__TI_printfi)
                  1182ca10    00000028                     : _scanfi.obj (.switch:__TI_scanfi)
                  1182ca38    00000024     evmomapl138_bsl.lib : evmomapl138_gpio.obj (.switch:getRegisterBankAndBit)
                  1182ca5c    00000010                         : evmomapl138_spi.obj (.switch:SPI_init)
                  1182ca6c    00000010     ColorVision.obj (.switch:userProcessColorImageFunc_laser)

MODULE SUMMARY

       Module                           code     ro data   rw data
       ------                           ----     -------   -------
    .\
       Ladar.obj                        7968     72        5718   
       user_FinalContestRobot2.obj      8064     72        5188   
       ColorVision.obj                  4832     16        6908   
       COECSL_edma3.obj                 1216     0         4136   
       ColorLCD.obj                     2400     24        11     
       MatrixMath.obj                   2336     0         0      
       COECSL_mcbsp.obj                 1664     0         300    
       user_xy.obj                      960      0         0      
       LCDprintf.obj                    416      0         8      
       pru.obj                          256      0         0      
    +--+--------------------------------+--------+---------+---------+
       Total:                           30112    184       22269  
                                                                  
    C:\hzhou39_decamar2_ashwina2\SE423Repo\Contest\FinalContestRobot2\FinalContestRobot2Project\Debug\configPkg\package\cfg\
       FinalContestRobot2_pe674.oe674   4608     7490      17376  
    +--+--------------------------------+--------+---------+---------+
       Total:                           4608     7490      17376  
                                                                  
    C:/hzhou39_decamar2_ashwina2/SE423Repo/LabFiles/bsl_forSYSBIOS/lib/evmomapl138_bsl.lib
       evmomapl138.obj                  4064     192       0      
       evmomapl138_vpif.obj             1920     0         0      
       evmomapl138_i2c.obj              1376     0         4      
       evmomapl138_uart.obj             1344     16        0      
       evmomapl138_i2c_gpio.obj         1344     0         0      
       evmomapl138_spi.obj              1184     16        0      
       evmomapl138_gpio.obj             1152     36        0      
       evmomapl138_timer.obj            384      0         0      
    +--+--------------------------------+--------+---------+---------+
       Total:                           12768    260       4      
                                                                  
    C:\CCStudio_v8\bios_6_70_01_03\packages\ti\targets\rts6000\lib\boot.ae674
       autoinit.oe674                   288      0         0      
       boot.oe674                       160      0         0      
    +--+--------------------------------+--------+---------+---------+
       Total:                           448      0         0      
                                                                  
    C:\CCStudio_v8\bios_6_70_01_03\packages\ti\targets\rts6000\lib\ti.targets.rts6000.ae674
       System.oe674                     3232     24        0      
       LoggerBuf.oe674                  2400     0         0      
       Text.oe674                       1728     64        0      
       Error.oe674                      1152     88        0      
       Startup.oe674                    896      44        0      
       SysMin.oe674                     704      0         0      
       Memory.oe674                     320      0         0      
       Gate.oe674                       64       0         0      
       Registry.oe674                   64       0         0      
    +--+--------------------------------+--------+---------+---------+
       Total:                           10560    220       0      
                                                                  
    C:\CCStudio_v8\ccsv8\tools\compiler\ti-cgt-c6000_8.2.2\lib\rts6740_elf.lib
       _printfi.obj                     13504    92        0      
       _scanfi.obj                      7296     53        0      
       divd.obj                         1472     0         0      
       strtod.obj                       1248     152       0      
       strtoll.obj                      1184     0         0      
       strtoull.obj                     1088     0         0      
       fputs.obj                        992      0         0      
       strtol.obj                       928      0         0      
       cos.obj                          800      0         64     
       fmodf.obj                        864      0         0      
       defs.obj                         0        0         804    
       imath64.obj                      800      0         0      
       sin.obj                          736      0         64     
       strtoul.obj                      768      0         0      
       divf.obj                         672      0         0      
       cosf.obj                         640      0         16     
       sinf.obj                         608      0         16     
       fputc.obj                        544      0         0      
       setvbuf.obj                      544      0         0      
       trgmsg.obj                       224      0         288    
       sscanf.obj                       480      0         0      
       frexp.obj                        448      0         0      
       getdevice.obj                    448      0         0      
       imath40.obj                      448      0         0      
       frexpf.obj                       416      0         0      
       hostrename.obj                   416      0         0      
       ldexp.obj                        384      0         0      
       ldexpf.obj                       384      0         0      
       write.obj                        96       0         280    
       atan2f.obj                       320      0         0      
       fclose.obj                       320      0         0      
       atanf.obj                        256      0         32     
       copy_decompress_rle.obj          288      0         0      
       fseek.obj                        288      0         0      
       printf.obj                       288      0         0      
       sqrtf.obj                        288      0         0      
       exit.obj                         256      0         12     
       ctype.obj                        0        257       0      
       _io_perm.obj                     256      0         0      
       atoi.obj                         256      0         0      
       hostopen.obj                     224      0         8      
       close.obj                        224      0         0      
       divi.obj                         224      0         0      
       hostlseek.obj                    224      0         0      
       hostwrite.obj                    224      0         0      
       llshift.obj                      224      0         0      
       ltoa.obj                         224      0         0      
       memset.obj                       224      0         0      
       divu.obj                         192      0         0      
       fflush.obj                       192      0         0      
       hostread.obj                     192      0         0      
       hostunlink.obj                   192      0         0      
       remi.obj                         192      0         0      
       sprintf.obj                      192      0         0      
       tls.obj                          192      0         0      
       fopen.obj                        160      0         0      
       hostclose.obj                    160      0         0      
       memcpy64.obj                     160      0         0      
       modf.obj                         160      0         0      
       remu.obj                         160      0         0      
       round.obj                        160      0         0      
       vsprintf.obj                     160      0         0      
       roundf.obj                       128      0         0      
       unlink.obj                       128      0         0      
       _lock.obj                        96       0         8      
       lseek.obj                        96       0         0      
       memccpy.obj                      96       0         0      
       modff.obj                        96       0         0      
       args_main.obj                    64       0         0      
       frcmpyd_div.obj                  64       0         0      
       isinf.obj                        64       0         0      
       errno.obj                        32       0         4      
       copy_decompress_none.obj         32       0         0      
       trunc.obj                        32       0         0      
       truncf.obj                       32       0         0      
    +--+--------------------------------+--------+---------+---------+
       Total:                           46464    554       1596   
                                                                  
    C:\hzhou39_decamar2_ashwina2\SE423Repo\Contest\FinalContestRobot2\SYSBIOS\src\sysbios\sysbios.ae674
       BIOS.obj                         17632    1304      0      
       c64p_Hwi_disp_always.obj         512      0         0      
       c64p_Exception_asm.obj           384      0         0      
       c62_TaskSupport_asm.obj          224      0         0      
       c64p_Hwi_asm_switch.obj          192      0         0      
    +--+--------------------------------+--------+---------+---------+
       Total:                           18944    1304      0      
                                                                  
       Stack:                           0        0         8192   
       Linker Generated:                0        2556      0      
    +--+--------------------------------+--------+---------+---------+
       Grand Total:                     123904   12568     49437  


LINKER GENERATED COPY TABLES

__TI_cinit_table @ 1182d7d8 records: 5, size/record: 8, table size: 40
	.fardata: load addr=1182ce00, load size=0000091d bytes, run addr=1182b6a0, run size=00000f3c bytes, compression=rle
	.neardata: load addr=1182d71d, load size=00000069 bytes, run addr=1182c648, run size=00000243 bytes, compression=rle
	.rodata: load addr=1182d786, load size=00000032 bytes, run addr=1182c88c, run size=0000002c bytes, compression=rle
	.far: load addr=1182d7b8, load size=0000000b bytes, run addr=1181e200, run size=00008e50 bytes, compression=rle
	.bss: load addr=1182d7c3, load size=00000009 bytes, run addr=1182c5dc, run size=0000006c bytes, compression=rle


LINKER GENERATED HANDLER TABLE

__TI_handler_table @ 1182d7cc records: 2, size/record: 4, table size: 8
	index: 0, handler: __TI_decompress_rle24
	index: 1, handler: __TI_decompress_none


GLOBAL SYMBOLS: SORTED ALPHABETICALLY BY Name 

address   name                                                                
-------   ----                                                                
1182c4f8  B                                                                   
118022cc  Bresenhamline                                                       
1182c570  Bu                                                                  
[...]
1182c350  R                                                                   
1182c374  xdc_runtime_Error_Module__state__V                                  
1182c378  S                                                                   
1182c3a0  S_inv                                                               
1182c3c8  eye3                                                                
1182c3ec  ti_sysbios_BIOS_Module__state__V                                    
1182c410  xdc_runtime_LoggerBuf_Object__table__V                              
1182c458  ti_sysbios_timers_timer64_Timer_Module_State_0_gctrl__A             
1182c478  ti_sysbios_timers_timer64_Timer_Module_State_0_handles__A           
1182c498  ti_sysbios_timers_timer64_Timer_Module_State_0_intFreqs__A          
1182c4b8  xdc_runtime_Error_IgnoreBlock                                       
1182c4d8  ti_sysbios_knl_Swi_Module__state__V                                 
1182c4f8  B                                                                   
1182c510  ti_sysbios_heaps_HeapMem_Object__table__V                           
1182c528  ti_sysbios_timers_timer64_Timer_Module__state__V                    
1182c560  xdc_runtime_System_Module_State_0_atexitHandlers__A                 
1182c570  Bu                                                                  
1182c57c  __TI_cleanup_ptr                                                    
1182c580  __TI_dtors_ptr                                                      
1182c584  __TI_enable_exit_profile_output                                     
1182c588  x_pred                                                              
1182c594  xdc_runtime_SysMin_Module__state__V                                 
1182c5a0  ti_sysbios_family_c64p_primus_TimerSupport_Module_State_0_suspSrc__A
1182c5a8  u                                                                   
1182c5b0  xdc_runtime_Registry_Module__state__V                               
1182c5b8  xdc_runtime_Startup_Module__state__V                                
1182c5c0  xdc_runtime_System_Module__state__V                                 
1182c5c8  xdc_runtime_LoggerBuf_Module__state__V                              
1182c5d0  ti_sysbios_gates_GateHwi_Object__table__V                           
1182c5d8  ti_sysbios_knl_Task_Module_State_0_idleTask__A                      
1182c5dc  __TI_STATIC_BASE                                                    
1182c5e0  EDMA3_0_Regs                                                        
1182c5e4  EDMA3_1_Regs                                                        
1182c5e8  Image_data                                                          
1182c5ec  LCD_Image                                                           
1182c5f0  LCD_mem                                                             
1182c5f4  Linux_Image                                                         
1182c5f8  Thres_Image                                                         
1182c5fc  blue                                                                
1182c600  c                                                                   
1182c604  cbar                                                                
1182c608  current                                                             
1182c60c  delta                                                               
1182c610  green                                                               
1182c614  hue                                                                 
1182c618  index                                                               
1182c61c  k                                                                   
1182c620  largest_num_pixels                                                  
1182c624  largest_object                                                      
1182c628  min                                                                 
1182c62c  pic_data                                                            
1182c630  ptrshrdmem                                                          
1182c634  r                                                                   
1182c638  rbar                                                                
1182c63c  red                                                                 
1182c640  sat                                                                 
1182c644  value                                                               
1182c648  vref                                                                
1182c64c  turn                                                                
1182c650  tskcount                                                            
1182c654  LVvalue1                                                            
1182c658  LVvalue2                                                            
1182c65c  new_LV_data                                                         
1182c660  newnavdata                                                          
1182c664  newvref                                                             
1182c668  newturn                                                             
1182c66c  vel1                                                                
1182c670  vel2                                                                
1182c674  vel1old                                                             
1182c678  vel2old                                                             
1182c67c  enc1old                                                             
1182c680  enc2old                                                             
1182c684  settlegyro                                                          
1182c688  gyro_zero                                                           
1182c68c  gyro_angle                                                          
1182c690  old_gyro                                                            
1182c694  gyro_drift                                                          
1182c698  gyro                                                                
1182c69c  gyro_degrees                                                        
1182c6a0  gyro_radians                                                        
1182c6a4  gyro_x                                                              
1182c6a8  gyro_y                                                              
1182c6ac  gyro4x_gain                                                         
1182c6b0  statePos                                                            
1182c6b4  robotdestSize                                                       
1182c6b8  trackableIDerror                                                    
1182c6bc  firstdata                                                           
1182c6c0  new_optitrack                                                       
1182c6c4  previous_frame                                                      
1182c6c8  frame_error                                                         
1182c6cc  temp_theta                                                          
1182c6d0  tempOPTITRACK_theta                                                 
1182c6d4  temp_trackableID                                                    
1182c6d8  trackableID                                                         
1182c6dc  errorcheck                                                          
1182c6e0  timecount                                                           
1182c6e4  whichled                                                            
1182c6e8  updateLCD                                                           
1182c6ec  testvar                                                             
1182c6f0  noimagefound                                                        
1182c6f4  object_x                                                            
1182c6f8  object_y                                                            
1182c6fc  new_coordata                                                        
1182c700  numpels                                                             
1182c704  new_num_found_objects                                               
1182c708  new_object_theta                                                    
1182c70c  new_C20                                                             
1182c710  new_C02                                                             
1182c714  top                                                                 
1182c718  left                                                                
1182c71c  num_unique_objects                                                  
1182c720  current_object                                                      
1182c724  color                                                               
1182c728  color2                                                              
1182c72c  Cdifference                                                         
1182c730  neighbor_type                                                       
1182c734  too_many_objects                                                    
1182c738  object_detected                                                     
1182c73c  print_hue                                                           
1182c73d  print_sat                                                           
1182c73e  print_val                                                           
1182c73f  print_r                                                             
1182c740  print_b                                                             
1182c741  print_g                                                             
1182c744  specs_s                                                             
1182c748  specs_srad                                                          
1182c74c  specs_v                                                             
1182c750  specs_vrad                                                          
1182c754  specs_h                                                             
1182c758  specs_h2                                                            
1182c75c  specs_hrad                                                          
1182c760  VPIF_beginning_line                                                 
1182c764  equivalency                                                         
1182c768  done                                                                
1182c76c  f28335RecFirsttime                                                  
1182c770  enc1                                                                
1182c774  enc2                                                                
1182c778  enc3                                                                
1182c77c  enc4                                                                
1182c780  compass                                                             
1182c784  switchstate                                                         
1182c788  adcA0                                                               
1182c78c  adcB0                                                               
1182c790  adcA1                                                               
1182c794  adcB1                                                               
1182c798  adcA2                                                               
1182c79c  adcB2                                                               
1182c7a0  adcA3                                                               
1182c7a4  adcB3                                                               
1182c7a8  adcA4                                                               
1182c7ac  adcB4                                                               
1182c7b0  adcA5                                                               
1182c7b4  adcB5                                                               
1182c7b8  adcA6                                                               
1182c7bc  adcA7                                                               
1182c7c0  F28335_Extra1                                                       
1182c7c4  F28335_Extra2                                                       
1182c7c8  F28335_Extra3                                                       
1182c7cc  F28335_Extra4                                                       
1182c7d0  new_sendtolinux_F28335_Extra                                        
1182c7d4  send_F28335_Extra1                                                  
1182c7d8  send_F28335_Extra2                                                  
1182c7dc  send_F28335_Extra3                                                  
1182c7e0  send_F28335_Extra4                                                  
1182c7e4  num_EDMA3_0                                                         
1182c7e8  numofints                                                           
1182c7ec  scalingLadar                                                        
1182c7f0  LADARready                                                          
1182c7f4  LADARprocess                                                        
1182c7f8  uart1count                                                          
1182c7fc  numReadings                                                         
1182c800  errL                                                                
1182c804  errC                                                                
1182c808  errR                                                                
1182c80c  tLADARleftFt                                                        
1182c810  tLADARcenterFt                                                      
1182c814  tLADARrightFt                                                       
1182c818  cPrevLADARdata                                                      
1182c819  cLADARdata                                                          
1182c81c  iLADARrcv                                                           
1182c820  cCommandName                                                        
1182c824  LADARleftFt                                                         
1182c828  LADARcenterFt                                                       
1182c82c  LADARrightFt                                                        
1182c830  numreadings_lastscan                                                
1182c834  startAngle                                                          
1182c838  stepSize                                                            
1182c83c  newLADARdata                                                        
1182c840  robotX                                                              
1182c844  robotY                                                              
1182c848  robotT                                                              
1182c84c  tempSign                                                            
1182c850  tempOff                                                             
1182c854  servosPosted                                                        
1182c858  newServos                                                           
1182c85c  McBSPrecerror                                                       
1182c860  firsttimeintMCBSPrec                                                
1182c864  timeint                                                             
1182c868  mcbspReset                                                          
1182c86c  testcount                                                           
1182c870  danindex                                                            
1182c874  firsttimeLine1                                                      
1182c878  firsttimeLine2                                                      
1182c87c  LCDnewMsgLine1                                                      
1182c880  LCDnewMsgLine2                                                      
1182c884  bluegain                                                            
1182c888  bkgrnd_red                                                          
1182c889  bkgrnd_green                                                        
1182c88a  bkgrnd_blue                                                         
1182c88c  SWI_RobotControl                                                    
1182c890  CLK_addtime                                                         
1182c894  CLK_startMcBSP                                                      
1182c898  HWI8_EDMA3_0                                                        
1182c89c  SWI_LCD                                                             
1182c8a0  SWI_vision                                                          
1182c8a4  HWI4_VPIF95                                                         
1182c8a8  HWI7_PRU6                                                           
1182c8ac  HWI5_EDMA3_1                                                        
1182c8b0  TASK_ComWithLinux                                                   
1182c8b4  TASK_LADAR                                                          
1182c8b8  __CIOBUF_                                                           
1182cc00  ti_sysbios_family_c64p_Hwi0                                         
1182cc00  ti_sysbios_family_c64p_Hwi_int0                                     
1182cc20  ti_sysbios_family_c64p_Hwi_int1                                     
1182cc40  ti_sysbios_family_c64p_Hwi_int2                                     
1182cc60  ti_sysbios_family_c64p_Hwi_int3                                     
1182cc80  ti_sysbios_family_c64p_Hwi_int4                                     
1182cca0  ti_sysbios_family_c64p_Hwi_int5                                     
1182ccc0  ti_sysbios_family_c64p_Hwi_int6                                     
1182cce0  ti_sysbios_family_c64p_Hwi_int7                                     
1182cd00  ti_sysbios_family_c64p_Hwi_int8                                     
1182cd20  ti_sysbios_family_c64p_Hwi_int9                                     
1182cd40  ti_sysbios_family_c64p_Hwi_int10                                    
1182cd60  ti_sysbios_family_c64p_Hwi_int11                                    
1182cd80  ti_sysbios_family_c64p_Hwi_int12                                    
1182cda0  ti_sysbios_family_c64p_Hwi_int13                                    
1182cdc0  ti_sysbios_family_c64p_Hwi_int14                                    
1182cde0  ti_sysbios_family_c64p_Hwi_int15                                    
1182d7cc  __TI_Handler_Table_Base                                             
1182d7d4  __TI_Handler_Table_Limit                                            
1182d7d8  __TI_CINIT_Base                                                     
1182d800  __TI_CINIT_Limit                                                    
ffffffff  __TI_pprof_out_hndl                                                 
ffffffff  __TI_prof_data_size                                                 
ffffffff  __TI_prof_data_start                                                
ffffffff  __binit__                                                           
ffffffff  __c_args__                                                          
ffffffff  binit                                                               
UNDEFED   __TI_INITARRAY_Base                                                 
UNDEFED   __TI_INITARRAY_Limit                                                
UNDEFED   __TI_TLS_INIT_Base                                                  
UNDEFED   __TI_TLS_INIT_Limit                                                 

[866 symbols]
