******************************************************************************
               TMS320C6x Linker PC v8.3.3                      
******************************************************************************
>> Linked Tue May  7 16:59:05 2019

OUTPUT FILE NAME:   <FinalContestRobot2.out>
ENTRY POINT SYMBOL: "_c_int00"  address: 1181f720


MEMORY CONFIGURATION

         name            origin    length      used     unused   attr    fill
----------------------  --------  ---------  --------  --------  ----  --------
  IROM                  11700000   00100000  00000000  00100000  R  X
  IRAM                  11800000   00038000  00035be8  00002418  RW X
  L3_CBA_RAM            80000000   00020000  00000000  00020000  RW X
  DDR                   c3000000   01000000  00000000  01000000  RW X


SEGMENT ALLOCATION MAP

run origin  load origin   length   init length attrs members
----------  ----------- ---------- ----------- ----- -------
11800000    11800000    00022c80   00022c80    r-x
  11800000    11800000    00022c80   00022c80    r-x .text
11822c80    11822c80    0000c180   00000000    rw-
  11822c80    11822c80    0000c180   00000000    rw- .far
1182ee00    1182ee00    000027ec   000027ec    r--
  1182ee00    1182ee00    000027ec   000027ec    r-- .const
118315f0    118315f0    0000362f   00000000    rw-
  118315f0    118315f0    00002000   00000000    rw- .stack
  118335f0    118335f0    00001184   00000000    rw- .fardata
  11834774    11834774    0000006c   00000000    rw- .bss
  118347e0    118347e0    0000043f   00000000    rw- .neardata
11834c20    11834c20    00000038   00000000    r--
  11834c20    11834c20    00000038   00000000    r-- .rodata
11834c58    11834c58    00000134   00000134    r--
  11834c58    11834c58    00000134   00000134    r-- .switch
11834d90    11834d90    00000120   00000000    rw-
  11834d90    11834d90    00000120   00000000    rw- .cio
11835000    11835000    00000d40   00000d40    r-x
  11835000    11835000    00000200   00000200    r-x .vecs
  11835200    11835200    00000b40   00000b40    r-- .cinit


SECTION ALLOCATION MAP

 output                                  attributes/
section   page    origin      length       input sections
--------  ----  ----------  ----------   ----------------
.stack     0    118315f0    00002000     UNINITIALIZED
                  118315f0    00000008     boot.ae674 : boot.oe674 (.stack)
                  118315f8    00001ff8     --HOLE--

.bss       0    11834774    0000006c     UNINITIALIZED
                  11834774    00000004     evmomapl138_bsl.lib : evmomapl138_i2c.obj (.bss)
                  11834778    00000004     (.common:EDMA3_0_Regs)
                  1183477c    00000004     (.common:EDMA3_1_Regs)
                  11834780    00000004     (.common:Image_data)
                  11834784    00000004     (.common:LCD_Image)
                  11834788    00000004     (.common:LCD_mem)
                  1183478c    00000004     (.common:Linux_Image)
                  11834790    00000004     (.common:Thres_Image)
                  11834794    00000004     (.common:blue)
                  11834798    00000004     (.common:c)
                  1183479c    00000004     (.common:cbar)
                  118347a0    00000004     (.common:current)
                  118347a4    00000004     (.common:delta)
                  118347a8    00000004     (.common:green)
                  118347ac    00000004     (.common:hue)
                  118347b0    00000004     (.common:index)
                  118347b4    00000004     (.common:k)
                  118347b8    00000004     (.common:largest_num_pixels)
                  118347bc    00000004     (.common:largest_object)
                  118347c0    00000004     (.common:min)
                  118347c4    00000004     (.common:pic_data)
                  118347c8    00000004     (.common:ptrshrdmem)
                  118347cc    00000004     (.common:r)
                  118347d0    00000004     (.common:rbar)
                  118347d4    00000004     (.common:red)
                  118347d8    00000004     (.common:sat)
                  118347dc    00000004     (.common:value)

.neardata 
*          0    118347e0    0000043f     UNINITIALIZED
                  118347e0    00000280     user_FinalContestRobot2.obj (.neardata)
                  11834a60    000000a0     ColorVision.obj (.neardata)
                  11834b00    00000080     COECSL_edma3.obj (.neardata)
                  11834b80    00000068     Ladar.obj (.neardata)
                  11834be8    00000028     COECSL_mcbsp.obj (.neardata)
                  11834c10    00000008     LCDprintf.obj (.neardata)
                  11834c18    00000007     ColorLCD.obj (.neardata)

.rodata    0    11834c20    00000038     UNINITIALIZED
                  11834c20    00000038     FinalContestRobot2_pe674.oe674 (.rodata)

.cinit     0    11835200    00000b40     
                  11835200    000009b6     (.cinit..fardata.load) [load image, compression = rle]
                  11835bb6    00000102     (.cinit..neardata.load) [load image, compression = rle]
                  11835cb8    0000003e     (.cinit..rodata.load) [load image, compression = rle]
                  11835cf6    0000000b     (.cinit..far.load) [load image, compression = rle]
                  11835d01    00000009     (.cinit..bss.load) [load image, compression = rle]
                  11835d0a    00000002     --HOLE-- [fill = 0]
                  11835d0c    00000008     (__TI_handler_table)
                  11835d14    00000004     --HOLE-- [fill = 0]
                  11835d18    00000028     (__TI_cinit_table)

.init_array 
*          0    11800000    00000000     UNINITIALIZED

.vecs      0    11835000    00000200     
                  11835000    00000200     FinalContestRobot2_pe674.oe674 (.vecs)

xdc.meta   0    11800000    00000130     COPY SECTION
                  11800000    00000130     FinalContestRobot2_pe674.oe674 (xdc.meta)

.text      0    11800000    00022c80     
                  11800000    000060e0     user_FinalContestRobot2.obj (.text)
                  118060e0    00002040     rts6740_elf.lib : _printfi.c.obj (.text:__TI_printfi)
                  11808120    00001fc0                     : _scanfi.c.obj (.text:__TI_scanfi)
                  1180a0e0    00001f40     Ladar.obj (.text)
                  1180c020    00001420     ColorVision.obj (.text)
                  1180d440    00001040     evmomapl138_bsl.lib : evmomapl138.obj (.text)
                  1180e480    00000960     ColorLCD.obj (.text)
                  1180ede0    00000920     rts6740_elf.lib : strtod.c.obj (.text:strtod)
                  1180f700    000008a0     ti.targets.rts6000.ae674 : System.oe674 (.text:xdc_runtime_System_doPrint__I)
                  1180ffa0    00000780     evmomapl138_bsl.lib : evmomapl138_vpif.obj (.text)
                  11810720    00000780     sysbios.ae674 : BIOS.obj (.text:ti_sysbios_family_c64p_Exception_handler__I)
                  11810ea0    00000720     MatrixMath.obj (.text)
                  118115c0    00000680     COECSL_mcbsp.obj (.text)
                  11811c40    00000660     rts6740_elf.lib : _printfi.c.obj (.text:_pconv_a)
                  118122a0    000005e0                     : divd.c.obj (.text:__c6xabi_divd)
                  11812880    00000560     evmomapl138_bsl.lib : evmomapl138_i2c_gpio.obj (.text)
                  11812de0    00000560                         : evmomapl138_uart.obj (.text)
                  11813340    00000520                         : evmomapl138_i2c.obj (.text)
                  11813860    000004c0     COECSL_edma3.obj (.text)
                  11813d20    000004c0     rts6740_elf.lib : strtoll.c.obj (.text:strtoll)
                  118141e0    000004a0     evmomapl138_bsl.lib : evmomapl138_gpio.obj (.text)
                  11814680    00000480                         : evmomapl138_spi.obj (.text)
                  11814b00    00000440     rts6740_elf.lib : strtoull.c.obj (.text:strtoull)
                  11814f40    00000400                     : _printfi.c.obj (.text:_pconv_g)
                  11815340    000003e0     user_xy.obj (.text)
                  11815720    000003a0     rts6740_elf.lib : strtol.c.obj (.text:strtol)
                  11815ac0    000003a0     sysbios.ae674 : BIOS.obj (.text:ti_sysbios_timers_timer64_Timer_Module_startup__E)
                  11815e60    00000360     rts6740_elf.lib : fmodf.c.obj (.text:fmodf)
                  118161c0    00000340     sysbios.ae674 : BIOS.obj (.text:ti_sysbios_timers_timer64_Timer_deviceConfig__I)
                  11816500    00000340     FinalContestRobot2_pe674.oe674 (.text:xdc_runtime_System_printfExtend__I)
                  11816840    00000320     rts6740_elf.lib : cos.c.obj (.text:cos)
                  11816b60    00000320                     : fputs.c.obj (.text:fputs)
                  11816e80    00000320     sysbios.ae674 : BIOS.obj (.text:ti_sysbios_knl_Semaphore_pend__E)
                  118171a0    00000300     rts6740_elf.lib : strtoul.c.obj (.text:strtoul)
                  118174a0    000002e0                     : sin.c.obj (.text:sin)
                  11817780    000002e0     sysbios.ae674 : BIOS.obj (.text:ti_sysbios_timers_timer64_Timer_setPeriodMicroSecs__E)
                  11817a60    000002c0     ti.targets.rts6000.ae674 : LoggerBuf.oe674 (.text:xdc_runtime_LoggerBuf_write8__E)
                  11817d20    000002a0     rts6740_elf.lib : _printfi.c.obj (.text:_pconv_e)
                  11817fc0    000002a0                     : _printfi.c.obj (.text:fcvt)
                  11818260    00000280                     : divf.c.obj (.text:__c6xabi_divf)
                  118184e0    00000260                     : imath64.c.obj (.text:__c6xabi_divull)
                  11818740    00000260                     : cosf.c.obj (.text:cosf)
                  118189a0    00000260                     : sinf.c.obj (.text:sinf)
                  11818c00    00000260     ti.targets.rts6000.ae674 : Startup.oe674 (.text:xdc_runtime_Startup_startMods__I)
                  11818e60    00000240     sysbios.ae674 : BIOS.obj (.text:ti_sysbios_family_c64p_Exception_internalHandler__I)
                  118190a0    00000200     rts6740_elf.lib : _printfi.c.obj (.text:_ltostr)
                  118192a0    00000200     sysbios.ae674 : c64p_Hwi_disp_always.obj (.text:_ti_sysbios_family_c64p_Hwi_dispatchAlways)
                  118194a0    00000200     ti.targets.rts6000.ae674 : Error.oe674 (.text:xdc_runtime_Error_policyDefault__E)
                  118196a0    000001e0     sysbios.ae674 : BIOS.obj (.text:ti_sysbios_family_c64p_Cache_block__I)
                  11819880    000001e0                   : BIOS.obj (.text:ti_sysbios_knl_Task_checkStacks__E)
                  11819a60    000001e0     ti.targets.rts6000.ae674 : LoggerBuf.oe674 (.text:xdc_runtime_LoggerBuf_write4__E)
                  11819c40    000001e0                              : Text.oe674 (.text:xdc_runtime_Text_putSite__E)
                  11819e20    000001c0     rts6740_elf.lib : imath40.c.obj (.text:__c6xabi_divul)
                  11819fe0    000001c0                     : fputc.c.obj (.text:fputc)
                  1181a1a0    000001c0                     : frexp.c.obj (.text:frexp)
                  1181a360    000001c0                     : setvbuf.c.obj (.text:setvbuf)
                  1181a520    000001c0     sysbios.ae674 : BIOS.obj (.text:ti_sysbios_heaps_HeapMem_alloc__E)
                  1181a6e0    000001a0     rts6740_elf.lib : hostrename.c.obj (.text:HOSTrename)
                  1181a880    000001a0     LCDprintf.obj (.text)
                  1181aa20    000001a0     rts6740_elf.lib : frexpf.c.obj (.text:frexpf)
                  1181abc0    000001a0                     : ldexpf.c.obj (.text:ldexpf)
                  1181ad60    000001a0     sysbios.ae674 : BIOS.obj (.text:ti_sysbios_family_c64p_Cache_getL2InitSize__I)
                  1181af00    000001a0                   : BIOS.obj (.text:ti_sysbios_timers_timer64_Timer_start__E)
                  1181b0a0    00000180     evmomapl138_bsl.lib : evmomapl138_timer.obj (.text)
                  1181b220    00000180     rts6740_elf.lib : ldexp.c.obj (.text:ldexp)
                  1181b3a0    00000180     sysbios.ae674 : c64p_Exception_asm.obj (.text)
                  1181b520    00000180                   : BIOS.obj (.text:ti_sysbios_knl_Task_sleep__E)
                  1181b6a0    00000160     rts6740_elf.lib : sscanf.c.obj (.text:_chkmbc)
                  1181b800    00000160     sysbios.ae674 : BIOS.obj (.text:ti_sysbios_heaps_HeapMem_free__E)
                  1181b960    00000160     ti.targets.rts6000.ae674 : Text.oe674 (.text:xdc_runtime_Text_putMod__E)
                  1181bac0    00000140     rts6740_elf.lib : _scanfi.c.obj (.text:_sproc_str)
                  1181bc00    00000140                     : _scanfi.c.obj (.text:_sproc_wstr)
                  1181bd40    00000140                     : atan2f.c.obj (.text:atan2f)
                  1181be80    00000140     sysbios.ae674 : BIOS.obj (.text:ti_sysbios_family_c64p_Cache_Module_startup__E)
                  1181bfc0    00000140                   : BIOS.obj (.text:ti_sysbios_family_c64p_Cache_getL1DInitSize__I)
                  1181c100    00000140                   : BIOS.obj (.text:ti_sysbios_family_c64p_Cache_getL1PInitSize__I)
                  1181c240    00000140     ti.targets.rts6000.ae674 : LoggerBuf.oe674 (.text:xdc_runtime_LoggerBuf_setFilterLevel__E)
                  1181c380    00000140                              : Text.oe674 (.text:xdc_runtime_Text_putLab__E)
                  1181c4c0    00000120     boot.ae674 : autoinit.oe674 (.text:_auto_init_elf)
                  1181c5e0    00000120     rts6740_elf.lib : _printfi.c.obj (.text:_pconv_f)
                  1181c700    00000120                     : getdevice.c.obj (.text:getdevice)
                  1181c820    00000120                     : sqrtf.c.obj (.text:sqrtf)
                  1181c940    00000120     sysbios.ae674 : BIOS.obj (.text:ti_sysbios_family_c64p_Hwi_Module_startup__E)
                  1181ca60    00000120                   : BIOS.obj (.text:ti_sysbios_knl_Clock_workFunc__E)
                  1181cb80    00000120                   : BIOS.obj (.text:ti_sysbios_knl_Swi_restoreHwi__E)
                  1181cca0    00000120                   : BIOS.obj (.text:ti_sysbios_knl_Task_postInit__I)
                  1181cdc0    00000120     ti.targets.rts6000.ae674 : LoggerBuf.oe674 (.text:xdc_runtime_LoggerBuf_getFilterLevel__E)
                  1181cee0    00000100     rts6740_elf.lib : fclose.c.obj (.text:__TI_closefile)
                  1181cfe0    00000100                     : copy_decompress_rle.c.obj (.text:__TI_decompress_rle_core)
                  1181d0e0    00000100                     : _printfi.c.obj (.text:_mcpy)
                  1181d1e0    00000100                     : atanf.c.obj (.text:atanf)
                  1181d2e0    00000100                     : atoi.c.obj (.text:atoi)
                  1181d3e0    00000100                     : fseek.c.obj (.text:fseek)
                  1181d4e0    00000100     pru.obj (.text)
                  1181d5e0    00000100     sysbios.ae674 : BIOS.obj (.text:ti_sysbios_knl_Task_schedule__I)
                  1181d6e0    00000100                   : BIOS.obj (.text:ti_sysbios_timers_timer64_Timer_initDevice__I)
                  1181d7e0    00000100     ti.targets.rts6000.ae674 : Error.oe674 (.text:xdc_runtime_Error_print__E)
                  1181d8e0    00000100                              : Memory.oe674 (.text:xdc_runtime_Memory_alloc__E)
                  1181d9e0    00000100                              : Startup.oe674 (.text:xdc_runtime_Startup_exec__E)
                  1181dae0    000000e0     rts6740_elf.lib : hostlseek.c.obj (.text:HOSTlseek)
                  1181dbc0    000000e0                     : hostopen.c.obj (.text:HOSTopen)
                  1181dca0    000000e0                     : hostwrite.c.obj (.text:HOSTwrite)
                  1181dd80    000000e0                     : _ltoa.c.obj (.text:__TI_ltoa)
                  1181de60    000000e0                     : _io_perm.c.obj (.text:__TI_wrt_ok)
                  1181df40    000000e0                     : divi.asm.obj (.text:__divi)
                  1181e020    000000e0                     : close.c.obj (.text:close)
                  1181e100    000000e0                     : exit.c.obj (.text:exit)
                  1181e1e0    000000e0                     : memset.c.obj (.text:memset)
                  1181e2c0    000000e0                     : printf.c.obj (.text:printf)
                  1181e3a0    000000e0     sysbios.ae674 : BIOS.obj (.text:ti_sysbios_knl_Swi_runLoop__I)
                  1181e480    000000e0                   : BIOS.obj (.text:ti_sysbios_knl_Task_Module_startup__E)
                  1181e560    000000e0                   : BIOS.obj (.text:ti_sysbios_timers_timer64_Timer_startup__E)
                  1181e640    000000e0     ti.targets.rts6000.ae674 : Text.oe674 (.text:xdc_runtime_Text_visitRope2__I)
                  1181e720    000000c0     rts6740_elf.lib : hostread.c.obj (.text:HOSTread)
                  1181e7e0    000000c0                     : hostunlink.c.obj (.text:HOSTunlink)
                  1181e8a0    000000c0                     : fflush.c.obj (.text:__TI_doflush)
                  1181e960    000000c0                     : divu.asm.obj (.text:__divu)
                  1181ea20    000000c0                     : remi.asm.obj (.text:__remi)
                  1181eae0    000000c0                     : modf.c.obj (.text:modf)
                  1181eba0    000000c0     sysbios.ae674 : BIOS.obj (.text:ti_sysbios_family_c64p_Hwi_dispatchCore__I)
                  1181ec60    000000c0                   : BIOS.obj (.text:ti_sysbios_heaps_HeapMem_getStats__E)
                  1181ed20    000000c0                   : BIOS.obj (.text:ti_sysbios_knl_Semaphore_post__E)
                  1181ede0    000000c0                   : BIOS.obj (.text:ti_sysbios_knl_Swi_run__I)
                  1181eea0    000000c0                   : BIOS.obj (.text:ti_sysbios_knl_Swi_schedule__I)
                  1181ef60    000000c0                   : BIOS.obj (.text:ti_sysbios_knl_Task_allBlockedFunction__I)
                  1181f020    000000c0                   : BIOS.obj (.text:ti_sysbios_knl_Task_exit__E)
                  1181f0e0    000000c0                   : BIOS.obj (.text:ti_sysbios_knl_Task_startCore__E)
                  1181f1a0    000000c0     rts6740_elf.lib : tls.c.obj (.text:tls:init:__TI_tls_init)
                  1181f260    000000c0     ti.targets.rts6000.ae674 : Error.oe674 (.text:xdc_runtime_Error_setX__E)
                  1181f320    000000c0                              : SysMin.oe674 (.text:xdc_runtime_SysMin_abort__E)
                  1181f3e0    000000c0                              : SysMin.oe674 (.text:xdc_runtime_SysMin_flush__E)
                  1181f4a0    000000a0     rts6740_elf.lib : hostclose.c.obj (.text:HOSTclose)
                  1181f540    000000a0                     : fopen.c.obj (.text:__TI_cleanup)
                  1181f5e0    000000a0                     : round.c.obj (.text:__c6xabi_nround)
                  1181f680    000000a0                     : remu.asm.obj (.text:__remu)
                  1181f720    000000a0     boot.ae674 : boot.oe674 (.text:_c_int00)
                  1181f7c0    000000a0     rts6740_elf.lib : _printfi.c.obj (.text:_ecpy)
                  1181f860    000000a0                     : getdevice.c.obj (.text:finddevice)
                  1181f900    000000a0                     : memcpy64.asm.obj (.text:memcpy)
                  1181f9a0    000000a0     sysbios.ae674 : BIOS.obj (.text:ti_sysbios_family_c64p_Exception_Module_startup__E)
                  1181fa40    000000a0                   : BIOS.obj (.text:ti_sysbios_family_c64p_Hwi_eventMap__E)
                  1181fae0    000000a0                   : BIOS.obj (.text:ti_sysbios_family_c64p_Hwi_getStackInfo__E)
                  1181fb80    000000a0                   : BIOS.obj (.text:ti_sysbios_gates_GateMutex_enter__E)
                  1181fc20    000000a0                   : BIOS.obj (.text:ti_sysbios_timers_timer64_Timer_stop__E)
                  1181fcc0    000000a0     ti.targets.rts6000.ae674 : SysMin.oe674 (.text:xdc_runtime_SysMin_putch__E)
                  1181fd60    000000a0                              : System.oe674 (.text:xdc_runtime_System_formatNum__I)
                  1181fe00    000000a0                              : System.oe674 (.text:xdc_runtime_System_putchar__I)
                  1181fea0    000000a0                              : Text.oe674 (.text:xdc_runtime_Text_printVisFxn__I)
                  1181ff40    000000a0                              : Text.oe674 (.text:xdc_runtime_Text_xprintf__I)
                  1181ffe0    00000080     rts6740_elf.lib : trgmsg.c.obj (.text:__TI_readmsg)
                  11820060    00000080                     : llshift.c.obj (.text:__c6xabi_llshl)
                  118200e0    00000080                     : roundf.c.obj (.text:__c6xabi_roundf)
                  11820160    00000080     sysbios.ae674 : c62_TaskSupport_asm.obj (.text:_ti_sysbios_family_c62_TaskSupport_swap__E)
                  118201e0    00000080                   : BIOS.obj (.text:ti_sysbios_family_c64p_Cache_wait__E)
                  11820260    00000080                   : BIOS.obj (.text:ti_sysbios_hal_Hwi_checkStack)
                  118202e0    00000080                   : BIOS.obj (.text:ti_sysbios_hal_Hwi_initStack)
                  11820360    00000080                   : BIOS.obj (.text:ti_sysbios_heaps_HeapMem_init__I)
                  118203e0    00000080                   : BIOS.obj (.text:ti_sysbios_knl_Idle_run__E)
                  11820460    00000080                   : BIOS.obj (.text:ti_sysbios_knl_Swi_post__E)
                  118204e0    00000080                   : BIOS.obj (.text:ti_sysbios_knl_Swi_startup__E)
                  11820560    00000080                   : BIOS.obj (.text:ti_sysbios_knl_Task_processVitalTaskFlag__I)
                  118205e0    00000080                   : BIOS.obj (.text:ti_sysbios_knl_Task_restoreHwi__E)
                  11820660    00000080                   : BIOS.obj (.text:ti_sysbios_knl_Task_restore__E)
                  118206e0    00000080     FinalContestRobot2_pe674.oe674 (.text:ti_sysbios_rts_MemAlloc_alloc)
                  11820760    00000080     rts6740_elf.lib : unlink.c.obj (.text:unlink)
                  118207e0    00000080     ti.targets.rts6000.ae674 : LoggerBuf.oe674 (.text:xdc_runtime_LoggerBuf_Module_startup__E)
                  11820860    00000080                              : LoggerBuf.oe674 (.text:xdc_runtime_LoggerBuf_filterOutEvent__I)
                  118208e0    00000080                              : System.oe674 (.text:xdc_runtime_System_atexit__E)
                  11820960    00000080                              : System.oe674 (.text:xdc_runtime_System_avprintf__E)
                  118209e0    00000080                              : System.oe674 (.text:xdc_runtime_System_processAtExit__E)
                  11820a60    00000080                              : System.oe674 (.text:xdc_runtime_System_vprintf__E)
                  11820ae0    00000060     rts6740_elf.lib : trgmsg.c.obj (.text:__TI_writemsg)
                  11820b40    00000060                     : llshift.c.obj (.text:__c6xabi_llshru)
                  11820ba0    00000060                     : imath64.c.obj (.text:__c6xabi_remull)
                  11820c00    00000060                     : imath64.c.obj (.text:_subcull)
                  11820c60    00000060     sysbios.ae674 : c64p_Hwi_asm_switch.obj (.text:_ti_sysbios_family_c64p_Hwi_switchAndDispatch__I)
                  11820cc0    00000060                   : c64p_Hwi_asm_switch.obj (.text:_ti_sysbios_family_xxx_Hwi_switchAndRunFunc)
                  11820d20    00000060     rts6740_elf.lib : lseek.c.obj (.text:lseek)
                  11820d80    00000060                     : memccpy.c.obj (.text:memccpy)
                  11820de0    00000060                     : modff.c.obj (.text:modff)
                  11820e40    00000060                     : sprintf.c.obj (.text:sprintf)
                  11820ea0    00000060                     : sscanf.c.obj (.text:sscanf)
                  11820f00    00000060                     : _scanfi.c.obj (.text:strrchr)
                  11820f60    00000060     FinalContestRobot2_pe674.oe674 (.text:ti_sysbios_BIOS_atExitFunc__I)
                  11820fc0    00000060     FinalContestRobot2_pe674.oe674 (.text:ti_sysbios_BIOS_errorRaiseHook__I)
                  11821020    00000060     FinalContestRobot2_pe674.oe674 (.text:ti_sysbios_BIOS_rtsLock__I)
                  11821080    00000060     FinalContestRobot2_pe674.oe674 (.text:ti_sysbios_BIOS_rtsUnlock__I)
                  118210e0    00000060     sysbios.ae674 : BIOS.obj (.text:ti_sysbios_family_c62_TaskSupport_start__E)
                  11821140    00000060                   : BIOS.obj (.text:ti_sysbios_family_c64p_Cache_marInit__I)
                  118211a0    00000060                   : BIOS.obj (.text:ti_sysbios_family_c64p_Cache_setMar__E)
                  11821200    00000060     FinalContestRobot2_pe674.oe674 (.text:ti_sysbios_heaps_HeapMem_Object__get__S)
                  11821260    00000060     sysbios.ae674 : BIOS.obj (.text:ti_sysbios_knl_Clock_Module_startup__E)
                  118212c0    00000060     FinalContestRobot2_pe674.oe674 (.text:ti_sysbios_knl_Clock_doTick__I)
                  11821320    00000060     sysbios.ae674 : BIOS.obj (.text:ti_sysbios_knl_Semaphore_pendTimeout__I)
                  11821380    00000060                   : BIOS.obj (.text:ti_sysbios_knl_Swi_Module_startup__E)
                  118213e0    00000060     FinalContestRobot2_pe674.oe674 (.text:ti_sysbios_knl_Task_Object__get__S)
                  11821440    00000060     sysbios.ae674 : BIOS.obj (.text:ti_sysbios_knl_Task_enter__I)
                  118214a0    00000060                   : BIOS.obj (.text:ti_sysbios_knl_Task_unblockI__E)
                  11821500    00000060     rts6740_elf.lib : write.c.obj (.text:write)
                  11821560    00000060     FinalContestRobot2_pe674.oe674 (.text:xdc_runtime_LoggerBuf_Object__get__S)
                  118215c0    00000060     ti.targets.rts6000.ae674 : LoggerBuf.oe674 (.text:xdc_runtime_LoggerBuf_reset__E)
                  11821620    00000060     FinalContestRobot2_pe674.oe674 (.text:xdc_runtime_SysMin_output__I)
                  11821680    00000040     rts6740_elf.lib : frcmpyd_div.c.obj (.text:__TI_frcmpyd_div)
                  118216c0    00000040                     : isinf.c.obj (.text:__c6xabi_isinf)
                  11821700    00000040                     : _printfi.c.obj (.text:__c6xabi_isnan)
                  11821740    00000040                     : args_main.c.obj (.text:_args_main)
                  11821780    00000040                     : sprintf.c.obj (.text:_outs)
                  118217c0    00000040                     : vsprintf.c.obj (.text:_outs)
                  11821800    00000040     sysbios.ae674 : c62_TaskSupport_asm.obj (.text:_ti_sysbios_family_c62_TaskSupport_buildTaskStack)
                  11821840    00000040     FinalContestRobot2_pe674.oe674 (.text:free)
                  11821880    00000040     FinalContestRobot2_pe674.oe674 (.text:ti_sysbios_BIOS_exitFunc__I)
                  118218c0    00000040     FinalContestRobot2_pe674.oe674 (.text:ti_sysbios_BIOS_registerRTSLock__I)
                  11821900    00000040     FinalContestRobot2_pe674.oe674 (.text:ti_sysbios_BIOS_removeRTSLock__I)
                  11821940    00000040     FinalContestRobot2_pe674.oe674 (.text:ti_sysbios_BIOS_startFunc__I)
                  11821980    00000040     FinalContestRobot2_pe674.oe674 (.text:ti_sysbios_family_c64p_Hwi_Module__startupDone__F)
                  118219c0    00000040     sysbios.ae674 : BIOS.obj (.text:ti_sysbios_family_c64p_Hwi_disableInterrupt__E)
                  11821a00    00000040                   : BIOS.obj (.text:ti_sysbios_family_c64p_Hwi_dispatchC__I)
                  11821a40    00000040                   : BIOS.obj (.text:ti_sysbios_family_c64p_Hwi_enableInterrupt__E)
                  11821a80    00000040                   : BIOS.obj (.text:ti_sysbios_family_c64p_primus_TimerSupport_enable__E)
                  11821ac0    00000040                   : BIOS.obj (.text:ti_sysbios_gates_GateMutex_leave__E)
                  11821b00    00000040     FinalContestRobot2_pe674.oe674 (.text:ti_sysbios_hal_Hwi_HwiProxy_getStackInfo__E)
                  11821b40    00000040     FinalContestRobot2_pe674.oe674 (.text:ti_sysbios_knl_Clock_Module_State_clockQ)
                  11821b80    00000040     FinalContestRobot2_pe674.oe674 (.text:ti_sysbios_knl_Queue_Object__get__S)
                  11821bc0    00000040     FinalContestRobot2_pe674.oe674 (.text:ti_sysbios_knl_Swi_Object__get__S)
                  11821c00    00000040     FinalContestRobot2_pe674.oe674 (.text:ti_sysbios_timers_timer64_Timer_Module__startupDone__F)
                  11821c40    00000040     rts6740_elf.lib : vsprintf.c.obj (.text:vsprintf)
                  11821c80    00000040                     : wcslen.c.obj (.text:wcslen)
                  11821cc0    00000040     ti.targets.rts6000.ae674 : Error.oe674 (.text:xdc_runtime_Error_check__E)
                  11821d00    00000040                              : Error.oe674 (.text:xdc_runtime_Error_init__E)
                  11821d40    00000040     FinalContestRobot2_pe674.oe674 (.text:xdc_runtime_IHeap_alloc)
                  11821d80    00000040     FinalContestRobot2_pe674.oe674 (.text:xdc_runtime_IHeap_free)
                  11821dc0    00000040     ti.targets.rts6000.ae674 : LoggerBuf.oe674 (.text:xdc_runtime_LoggerBuf_write0__E)
                  11821e00    00000040                              : LoggerBuf.oe674 (.text:xdc_runtime_LoggerBuf_write1__E)
                  11821e40    00000040                              : LoggerBuf.oe674 (.text:xdc_runtime_LoggerBuf_write2__E)
                  11821e80    00000040                              : Registry.oe674 (.text:xdc_runtime_Registry_findById__E)
                  11821ec0    00000040     FinalContestRobot2_pe674.oe674 (.text:xdc_runtime_Startup_exec__I)
                  11821f00    00000040     ti.targets.rts6000.ae674 : SysMin.oe674 (.text:xdc_runtime_SysMin_Module_startup__E)
                  11821f40    00000040                              : SysMin.oe674 (.text:xdc_runtime_SysMin_exit__E)
                  11821f80    00000040                              : System.oe674 (.text:xdc_runtime_System_abort__E)
                  11821fc0    00000040     FinalContestRobot2_pe674.oe674 (.text:xdc_runtime_System_aprintf__E)
                  11822000    00000040     ti.targets.rts6000.ae674 : System.oe674 (.text:xdc_runtime_System_exit__E)
                  11822040    00000040     FinalContestRobot2_pe674.oe674 (.text:xdc_runtime_System_printf__E)
                  11822080    00000040     FinalContestRobot2_pe674.oe674 (.text:xdc_runtime_Text_visitRope__I)
                  118220c0    00000020     rts6740_elf.lib : errno.c.obj (.text:__c6xabi_errno_addr)
                  118220e0    00000020                     : trunc.c.obj (.text:__c6xabi_trunc)
                  11822100    00000020                     : truncf.c.obj (.text:__c6xabi_truncf)
                  11822120    00000020                     : push.asm.obj (.text:__pop_rts)
                  11822140    00000020                     : push.asm.obj (.text:__push_rts)
                  11822160    00000020                     : sscanf.c.obj (.text:_inpchar)
                  11822180    00000020                     : _lock.c.obj (.text:_nop)
                  118221a0    00000020                     : printf.c.obj (.text:_outc)
                  118221c0    00000020                     : sprintf.c.obj (.text:_outc)
                  118221e0    00000020                     : vsprintf.c.obj (.text:_outc)
                  11822200    00000020                     : printf.c.obj (.text:_outs)
                  11822220    00000020                     : _lock.c.obj (.text:_register_lock)
                  11822240    00000020                     : _lock.c.obj (.text:_register_unlock)
                  11822260    00000020                     : signbit.c.obj (.text:_signbit)
                  11822280    00000020     sysbios.ae674 : c62_TaskSupport_asm.obj (.text:_ti_sysbios_family_c62_TaskSupport_glue)
                  118222a0    00000020     rts6740_elf.lib : sscanf.c.obj (.text:_uninpchar)
                  118222c0    00000020                     : exit.c.obj (.text:abort)
                  118222e0    00000020                     : copy_decompress_none.c.obj (.text:decompress:none:__TI_decompress_none)
                  11822300    00000020                     : copy_decompress_rle.c.obj (.text:decompress:rle24:__TI_decompress_rle24)
                  11822320    00000020     FinalContestRobot2_pe674.oe674 (.text:malloc)
                  11822340    00000020     FinalContestRobot2_pe674.oe674 (.text:ti_sysbios_BIOS_RtsGateProxy_enter__E)
                  11822360    00000020     FinalContestRobot2_pe674.oe674 (.text:ti_sysbios_BIOS_RtsGateProxy_leave__E)
                  11822380    00000020     sysbios.ae674 : BIOS.obj (.text:ti_sysbios_BIOS_linkedWithIncorrectBootLibrary__E)
                  118223a0    00000020     FinalContestRobot2_pe674.oe674 (.text:ti_sysbios_BIOS_nullFunc__I)
                  118223c0    00000020     sysbios.ae674 : BIOS.obj (.text:ti_sysbios_BIOS_setThreadType__E)
                  118223e0    00000020                   : BIOS.obj (.text:ti_sysbios_BIOS_start__E)
                  11822400    00000020     FinalContestRobot2_pe674.oe674 (.text:ti_sysbios_family_c62_TaskSupport_Module__startupDone__S)
                  11822420    00000020     sysbios.ae674 : BIOS.obj (.text:ti_sysbios_family_c62_TaskSupport_checkStack__E)
                  11822440    00000020                   : BIOS.obj (.text:ti_sysbios_family_c64p_Cache_inv__E)
                  11822460    00000020                   : BIOS.obj (.text:ti_sysbios_family_c64p_Cache_wb__E)
                  11822480    00000020     FinalContestRobot2_pe674.oe674 (.text:ti_sysbios_family_c64p_Hwi_Module__startupDone__S)
                  118224a0    00000020     sysbios.ae674 : BIOS.obj (.text:ti_sysbios_family_c64p_Hwi_clearInterrupt__E)
                  118224c0    00000020                   : BIOS.obj (.text:ti_sysbios_family_c64p_Hwi_startup__E)
                  118224e0    00000020                   : BIOS.obj (.text:ti_sysbios_family_c64p_Hwi_switchFromBootStack__E)
                  11822500    00000020                   : BIOS.obj (.text:ti_sysbios_family_c64p_TimestampProvider_Module_startup__E)
                  11822520    00000020                   : BIOS.obj (.text:ti_sysbios_family_c64p_TimestampProvider_get64__E)
                  11822540    00000020                   : BIOS.obj (.text:ti_sysbios_gates_GateHwi_enter__E)
                  11822560    00000020                   : BIOS.obj (.text:ti_sysbios_gates_GateHwi_leave__E)
                  11822580    00000020                   : BIOS.obj (.text:ti_sysbios_gates_GateHwi_query__E)
                  118225a0    00000020                   : BIOS.obj (.text:ti_sysbios_gates_GateMutex_query__E)
                  118225c0    00000020     FinalContestRobot2_pe674.oe674 (.text:ti_sysbios_hal_Hwi_HwiProxy_Module__startupDone__S)
                  118225e0    00000020     FinalContestRobot2_pe674.oe674 (.text:ti_sysbios_hal_Hwi_HwiProxy_clearInterrupt__E)
                  11822600    00000020     FinalContestRobot2_pe674.oe674 (.text:ti_sysbios_hal_Hwi_HwiProxy_disableInterrupt__E)
                  11822620    00000020     FinalContestRobot2_pe674.oe674 (.text:ti_sysbios_hal_Hwi_HwiProxy_enableInterrupt__E)
                  11822640    00000020     FinalContestRobot2_pe674.oe674 (.text:ti_sysbios_hal_Hwi_HwiProxy_startup__E)
                  11822660    00000020     FinalContestRobot2_pe674.oe674 (.text:ti_sysbios_hal_Hwi_HwiProxy_switchFromBootStack__E)
                  11822680    00000020     sysbios.ae674 : BIOS.obj (.text:ti_sysbios_hal_Hwi_Module_startup__E)
                  118226a0    00000020     FinalContestRobot2_pe674.oe674 (.text:ti_sysbios_heaps_HeapMem_Module_GateProxy_enter__E)
                  118226c0    00000020     FinalContestRobot2_pe674.oe674 (.text:ti_sysbios_heaps_HeapMem_Module_GateProxy_leave__E)
                  118226e0    00000020     FinalContestRobot2_pe674.oe674 (.text:ti_sysbios_heaps_HeapMem_Module_GateProxy_query__E)
                  11822700    00000020     sysbios.ae674 : BIOS.obj (.text:ti_sysbios_heaps_HeapMem_isBlocking__E)
                  11822720    00000020     FinalContestRobot2_pe674.oe674 (.text:ti_sysbios_knl_Clock_TimerProxy_Module__startupDone__S)
                  11822740    00000020     FinalContestRobot2_pe674.oe674 (.text:ti_sysbios_knl_Clock_TimerProxy_getMaxTicks__E)
                  11822760    00000020     sysbios.ae674 : BIOS.obj (.text:ti_sysbios_knl_Clock_getTicks__E)
                  11822780    00000020                   : BIOS.obj (.text:ti_sysbios_knl_Clock_logTick__E)
                  118227a0    00000020                   : BIOS.obj (.text:ti_sysbios_knl_Idle_loop__E)
                  118227c0    00000020                   : BIOS.obj (.text:ti_sysbios_knl_Queue_empty__E)
                  118227e0    00000020                   : BIOS.obj (.text:ti_sysbios_knl_Swi_disable__E)
                  11822800    00000020     FinalContestRobot2_pe674.oe674 (.text:ti_sysbios_knl_Task_SupportProxy_Module__startupDone__S)
                  11822820    00000020     FinalContestRobot2_pe674.oe674 (.text:ti_sysbios_knl_Task_SupportProxy_checkStack__E)
                  11822840    00000020     FinalContestRobot2_pe674.oe674 (.text:ti_sysbios_knl_Task_SupportProxy_start__E)
                  11822860    00000020     FinalContestRobot2_pe674.oe674 (.text:ti_sysbios_knl_Task_SupportProxy_swap__E)
                  11822880    00000020     sysbios.ae674 : BIOS.obj (.text:ti_sysbios_knl_Task_disable__E)
                  118228a0    00000020                   : BIOS.obj (.text:ti_sysbios_knl_Task_sleepTimeout__I)
                  118228c0    00000020                   : BIOS.obj (.text:ti_sysbios_knl_Task_startup__E)
                  118228e0    00000020     FinalContestRobot2_pe674.oe674 (.text:ti_sysbios_timers_timer64_Timer_Module__startupDone__S)
                  11822900    00000020     FinalContestRobot2_pe674.oe674 (.text:ti_sysbios_timers_timer64_Timer_TimerSupportProxy_enable__E)
                  11822920    00000020     sysbios.ae674 : BIOS.obj (.text:ti_sysbios_timers_timer64_Timer_getMaxTicks__E)
                  11822940    00000020     FinalContestRobot2_pe674.oe674 (.text:xdc_iargToPtr)
                  11822960    00000020     ti.targets.rts6000.ae674 : Error.oe674 (.text:xdc_runtime_Error_getSite__E)
                  11822980    00000020                              : Error.oe674 (.text:xdc_runtime_Error_raiseX__E)
                  118229a0    00000020                              : Gate.oe674 (.text:xdc_runtime_Gate_enterSystem__E)
                  118229c0    00000020                              : Gate.oe674 (.text:xdc_runtime_Gate_leaveSystem__E)
                  118229e0    00000020     FinalContestRobot2_pe674.oe674 (.text:xdc_runtime_LoggerBuf_Module_GateProxy_enter__E)
                  11822a00    00000020     FinalContestRobot2_pe674.oe674 (.text:xdc_runtime_LoggerBuf_Module_GateProxy_leave__E)
                  11822a20    00000020     FinalContestRobot2_pe674.oe674 (.text:xdc_runtime_LoggerBuf_TimestampProxy_get64__E)
                  11822a40    00000020     ti.targets.rts6000.ae674 : LoggerBuf.oe674 (.text:xdc_runtime_LoggerBuf_disable__E)
                  11822a60    00000020                              : LoggerBuf.oe674 (.text:xdc_runtime_LoggerBuf_enable__E)
                  11822a80    00000020     FinalContestRobot2_pe674.oe674 (.text:xdc_runtime_Memory_HeapProxy_alloc__E)
                  11822aa0    00000020     FinalContestRobot2_pe674.oe674 (.text:xdc_runtime_Memory_HeapProxy_free__E)
                  11822ac0    00000020     ti.targets.rts6000.ae674 : Memory.oe674 (.text:xdc_runtime_Memory_free__E)
                  11822ae0    00000020                              : Memory.oe674 (.text:xdc_runtime_Memory_getMaxDefaultTypeAlign__E)
                  11822b00    00000020     FinalContestRobot2_pe674.oe674 (.text:xdc_runtime_Startup_reset__I)
                  11822b20    00000020     ti.targets.rts6000.ae674 : Startup.oe674 (.text:xdc_runtime_Startup_rtsDone__E)
                  11822b40    00000020                              : SysMin.oe674 (.text:xdc_runtime_SysMin_ready__E)
                  11822b60    00000020     FinalContestRobot2_pe674.oe674 (.text:xdc_runtime_System_Module_GateProxy_enter__E)
                  11822b80    00000020     FinalContestRobot2_pe674.oe674 (.text:xdc_runtime_System_Module_GateProxy_leave__E)
                  11822ba0    00000020     ti.targets.rts6000.ae674 : System.oe674 (.text:xdc_runtime_System_Module_startup__E)
                  11822bc0    00000020     FinalContestRobot2_pe674.oe674 (.text:xdc_runtime_System_SupportProxy_abort__E)
                  11822be0    00000020     FinalContestRobot2_pe674.oe674 (.text:xdc_runtime_System_SupportProxy_exit__E)
                  11822c00    00000020     FinalContestRobot2_pe674.oe674 (.text:xdc_runtime_System_SupportProxy_putch__E)
                  11822c20    00000020     FinalContestRobot2_pe674.oe674 (.text:xdc_runtime_System_SupportProxy_ready__E)
                  11822c40    00000020     ti.targets.rts6000.ae674 : System.oe674 (.text:xdc_runtime_System_vsnprintf__E)
                  11822c60    00000020                              : Text.oe674 (.text:xdc_runtime_Text_ropeText__E)

.far       0    11822c80    0000c180     UNINITIALIZED
                  11822c80    000048c0     FinalContestRobot2_pe674.oe674 (.far:taskStackSection)
                  11827540    00001000     (.common:ti_sysbios_heaps_HeapMem_Instance_State_0_buf__A)
                  11828540    00000fa0     (.common:enc0_array)
                  118294e0    00000c00     (.common:object_stats)
                  1182a0e0    00000b94     (.common:obs)
                  1182ac74    0000000c     (.common:LADARps)
                  1182ac80    00000578     (.common:LADARinBuffer)
                  1182b1f8    00000400     (.common:equivalency_objects)
                  1182b5f8    00000400     (.common:temp_equivalency_objects)
                  1182b9f8    000003e8     (.common:LADARangle)
                  1182bde0    000003e8     (.common:LADARdataX)
                  1182c1c8    000003e8     (.common:LADARdataY)
                  1182c5b0    000003e8     (.common:LADARdistance)
                  1182c998    000003e8     (.common:newLADARangle)
                  1182cd80    000003e8     (.common:newLADARdataX)
                  1182d168    000003e8     (.common:newLADARdataY)
                  1182d550    000003e8     (.common:newLADARdistance)
                  1182d938    0000039c     (.common:final_object_stats)
                  1182dcd4    00000004     --HOLE--
                  1182dcd8    00000348     (.common:boxes)
                  1182e020    00000200     (.common:xdc_runtime_LoggerBuf_Instance_State_0_entryArr__A)
                  1182e220    00000200     (.common:xdc_runtime_SysMin_Module_State_0_outbuf__A)
                  1182e420    00000190     (.common:pathCol)
                  1182e5b0    00000190     (.common:pathRow)
                  1182e740    00000140     (.common:__TI_tmpnams)
                  1182e880    00000102     (.common:fromLinuxstring)
                  1182e982    00000006     --HOLE--
                  1182e988    00000102     (.common:toLinuxstring)
                  1182ea8a    00000006     --HOLE--
                  1182ea90    0000006c     (.common:robotdest)
                  1182eafc    00000004     --HOLE--
                  1182eb00    0000009c     (.common:f28335recData)
                  1182eb9c    00000034     (.common:temp)
                  1182ebd0    0000002c     (.common:dist)
                  1182ebfc    00000004     --HOLE--
                  1182ec00    00000068     (.common:f28335TXData)
                  1182ec68    0000002c     (.common:xdist)
                  1182ec94    00000004     --HOLE--
                  1182ec98    0000002c     (.common:ydist)
                  1182ecc4    00000004     --HOLE--
                  1182ecc8    00000028     (.common:i2cdata)
                  1182ecf0    00000024     (.common:temp_3x3)
                  1182ed14    00000004     --HOLE--
                  1182ed18    0000001e     (.common:LADARoutBuffer)
                  1182ed36    00000002     --HOLE--
                  1182ed38    00000018     (.common:bluex)
                  1182ed50    00000018     (.common:bluey)
                  1182ed68    00000018     (.common:orangex)
                  1182ed80    00000018     (.common:orangey)
                  1182ed98    00000014     (.common:Optitrackdata)
                  1182edac    0000000c     (.common:OPTITRACKps)
                  1182edb8    0000000c     (.common:ROBOTps)
                  1182edc4    00000004     --HOLE--
                  1182edc8    0000000c     (.common:temp_3x1)
                  1182edd4    00000004     --HOLE--
                  1182edd8    0000000c     (.common:ytilde)
                  1182ede4    00000004     --HOLE--
                  1182ede8    0000000c     (.common:z)
                  1182edf4    00000004     --HOLE--
                  1182edf8    00000008     (.common:parmbuf)

.const     0    1182ee00    000027ec     
                  1182ee00    000019d4     FinalContestRobot2_pe674.oe674 (.const:xdc_runtime_Text_charTab__A)
                  118307d4    00000518     sysbios.ae674 : BIOS.obj (.const:.string)
                  11830cec    0000018c     user_FinalContestRobot2.obj (.const:.string)
                  11830e78    00000101     rts6740_elf.lib : ctype.c.obj (.const:.string:_ctypes_)
                  11830f79    00000001     FinalContestRobot2_pe674.oe674 (.const:ti_sysbios_timers_timer64_Timer_localTimerBaseId__C)
                  11830f7a    00000002     FinalContestRobot2_pe674.oe674 (.const:ti_sysbios_family_c64p_Cache_Module__id__C)
                  11830f7c    00000004     FinalContestRobot2_pe674.oe674 (.const:ti_sysbios_BIOS_installedErrorHook__C)
                  11830f80    000000cc     FinalContestRobot2_pe674.oe674 (.const:xdc_runtime_Text_nodeTab__A)
                  1183104c    00000004     FinalContestRobot2_pe674.oe674 (.const:ti_sysbios_family_c64p_Cache_EMIFA_BASE__C)
                  11831050    00000080     evmomapl138_bsl.lib : evmomapl138.obj (.const:bitval_u32)
                  118310d0    00000080     rts6740_elf.lib : strtod.c.obj (.const:digits)
                  11831150    00000058     ti.targets.rts6000.ae674 : Error.oe674 (.const:.string)
                  118311a8    00000048     rts6740_elf.lib : strtod.c.obj (.const:powerof10)
                  118311f0    00000044     Ladar.obj (.const:.string)
                  11831234    00000040     evmomapl138_bsl.lib : evmomapl138.obj (.const:.string)
                  11831274    00000040     ti.targets.rts6000.ae674 : Text.oe674 (.const:.string)
                  118312b4    0000003c     FinalContestRobot2_pe674.oe674 (.const:xdc_runtime_LoggerBuf_Module__FXNS__C)
                  118312f0    00000030     FinalContestRobot2_pe674.oe674 (.const:xdc_runtime_Startup_sfxnTab__A)
                  11831320    0000002c     ti.targets.rts6000.ae674 : Startup.oe674 (.const:.string)
                  1183134c    00000028     FinalContestRobot2_pe674.oe674 (.const:ti_sysbios_heaps_HeapMem_Module__FXNS__C)
                  11831374    00000024     rts6740_elf.lib : _printfi.c.obj (.const:.string)
                  11831398    00000024     FinalContestRobot2_pe674.oe674 (.const:ti_sysbios_gates_GateHwi_Module__FXNS__C)
                  118313bc    00000024     FinalContestRobot2_pe674.oe674 (.const:ti_sysbios_gates_GateMutex_Module__FXNS__C)
                  118313e0    00000018     ColorLCD.obj (.const:$P$T0$1)
                  118313f8    00000018     ti.targets.rts6000.ae674 : System.oe674 (.const:.string)
                  11831410    00000018     FinalContestRobot2_pe674.oe674 (.const:xdc_runtime_Startup_sfxnRts__A)
                  11831428    00000010     evmomapl138_bsl.lib : evmomapl138_uart.obj (.const:.string)
                  11831438    00000010     rts6740_elf.lib : _scanfi.c.obj (.const:.string)
                  11831448    00000008     FinalContestRobot2_pe674.oe674 (.const:ti_sysbios_knl_Idle_funcList__C)
                  11831450    00000008     FinalContestRobot2_pe674.oe674 (.const:xdc_runtime_Startup_firstFxns__A)
                  11831458    00000008     FinalContestRobot2_pe674.oe674 (.const:xdc_runtime_Startup_firstFxns__C)
                  11831460    00000008     FinalContestRobot2_pe674.oe674 (.const:xdc_runtime_Startup_lastFxns__C)
                  11831468    00000007     rts6740_elf.lib : _scanfi.c.obj (.const:.string:flit$1)
                  1183146f    00000001     --HOLE-- [fill = 0]
                  11831470    00000006                     : _scanfi.c.obj (.const:.string:barr$2)
                  11831476    00000002     FinalContestRobot2_pe674.oe674 (.const:ti_sysbios_family_c64p_Exception_Module__id__C)
                  11831478    00000004     Ladar.obj (.const:.string:$P$T0$1)
                  1183147c    00000004     FinalContestRobot2_pe674.oe674 (.const:ti_sysbios_family_c64p_Cache_EMIFA_CFG__C)
                  11831480    00000004     FinalContestRobot2_pe674.oe674 (.const:ti_sysbios_family_c64p_Cache_EMIFA_LENGTH__C)
                  11831484    00000004     FinalContestRobot2_pe674.oe674 (.const:ti_sysbios_family_c64p_Cache_EMIFB_BASE__C)
                  11831488    00000004     FinalContestRobot2_pe674.oe674 (.const:ti_sysbios_family_c64p_Cache_EMIFB_CFG__C)
                  1183148c    00000004     FinalContestRobot2_pe674.oe674 (.const:ti_sysbios_family_c64p_Cache_EMIFB_LENGTH__C)
                  11831490    00000004     FinalContestRobot2_pe674.oe674 (.const:ti_sysbios_family_c64p_Cache_EMIFC_BASE__C)
                  11831494    00000004     FinalContestRobot2_pe674.oe674 (.const:ti_sysbios_family_c64p_Cache_EMIFC_CFG__C)
                  11831498    00000004     FinalContestRobot2_pe674.oe674 (.const:ti_sysbios_family_c64p_Cache_EMIFC_LENGTH__C)
                  1183149c    00000004     FinalContestRobot2_pe674.oe674 (.const:ti_sysbios_family_c64p_Cache_E_invalidL1CacheSize__C)
                  118314a0    00000004     FinalContestRobot2_pe674.oe674 (.const:ti_sysbios_family_c64p_Cache_E_invalidL2CacheSize__C)
                  118314a4    00000004     FinalContestRobot2_pe674.oe674 (.const:ti_sysbios_family_c64p_Cache_MAR0_31__C)
                  118314a8    00000004     FinalContestRobot2_pe674.oe674 (.const:ti_sysbios_family_c64p_Cache_MAR128_159__C)
                  118314ac    00000004     FinalContestRobot2_pe674.oe674 (.const:ti_sysbios_family_c64p_Cache_MAR160_191__C)
                  118314b0    00000004     FinalContestRobot2_pe674.oe674 (.const:ti_sysbios_family_c64p_Cache_MAR192_223__C)
                  118314b4    00000004     FinalContestRobot2_pe674.oe674 (.const:ti_sysbios_family_c64p_Cache_MAR224_255__C)
                  118314b8    00000004     FinalContestRobot2_pe674.oe674 (.const:ti_sysbios_family_c64p_Cache_MAR32_63__C)
                  118314bc    00000004     FinalContestRobot2_pe674.oe674 (.const:ti_sysbios_family_c64p_Cache_MAR64_95__C)
                  118314c0    00000004     FinalContestRobot2_pe674.oe674 (.const:ti_sysbios_family_c64p_Cache_MAR96_127__C)
                  118314c4    00000004     FinalContestRobot2_pe674.oe674 (.const:ti_sysbios_family_c64p_Exception_E_exceptionMax__C)
                  118314c8    00000004     FinalContestRobot2_pe674.oe674 (.const:ti_sysbios_family_c64p_Exception_exceptionHook__C)
                  118314cc    00000004     FinalContestRobot2_pe674.oe674 (.const:ti_sysbios_family_c64p_Exception_externalHook__C)
                  118314d0    00000004     FinalContestRobot2_pe674.oe674 (.const:ti_sysbios_family_c64p_Exception_internalHook__C)
                  118314d4    00000004     FinalContestRobot2_pe674.oe674 (.const:ti_sysbios_family_c64p_Exception_nmiHook__C)
                  118314d8    00000004     FinalContestRobot2_pe674.oe674 (.const:ti_sysbios_gates_GateMutex_Instance_State_sem__O)
                  118314dc    00000004     FinalContestRobot2_pe674.oe674 (.const:ti_sysbios_hal_Hwi_E_stackOverflow__C)
                  118314e0    00000004     FinalContestRobot2_pe674.oe674 (.const:ti_sysbios_heaps_HeapMem_E_memory__C)
                  118314e4    00000004     FinalContestRobot2_pe674.oe674 (.const:ti_sysbios_heaps_HeapMem_Module__gateObj__C)
                  118314e8    00000004     FinalContestRobot2_pe674.oe674 (.const:ti_sysbios_heaps_HeapMem_Object__count__C)
                  118314ec    00000004     FinalContestRobot2_pe674.oe674 (.const:ti_sysbios_heaps_HeapMem_Object__table__C)
                  118314f0    00000004     FinalContestRobot2_pe674.oe674 (.const:ti_sysbios_knl_Clock_Module_State_clockQ__O)
                  118314f4    00000004     FinalContestRobot2_pe674.oe674 (.const:ti_sysbios_knl_Semaphore_Instance_State_pendQ__O)
                  118314f8    00000004     FinalContestRobot2_pe674.oe674 (.const:ti_sysbios_knl_Idle_funcList__A)
                  118314fc    00000004     FinalContestRobot2_pe674.oe674 (.const:ti_sysbios_knl_Swi_Object__count__C)
                  11831500    00000004     FinalContestRobot2_pe674.oe674 (.const:ti_sysbios_knl_Swi_Object__table__C)
                  11831504    00000004     FinalContestRobot2_pe674.oe674 (.const:ti_sysbios_knl_Task_E_spOutOfBounds__C)
                  11831508    00000004     FinalContestRobot2_pe674.oe674 (.const:ti_sysbios_knl_Task_E_stackOverflow__C)
                  1183150c    00000004     FinalContestRobot2_pe674.oe674 (.const:ti_sysbios_knl_Task_Module_State_inactiveQ__O)
                  11831510    00000004     FinalContestRobot2_pe674.oe674 (.const:ti_sysbios_knl_Task_Object__count__C)
                  11831514    00000004     FinalContestRobot2_pe674.oe674 (.const:ti_sysbios_knl_Task_Object__table__C)
                  11831518    00000004     FinalContestRobot2_pe674.oe674 (.const:ti_sysbios_knl_Task_allBlockedFunc__C)
                  1183151c    00000004     FinalContestRobot2_pe674.oe674 (.const:ti_sysbios_knl_Task_numConstructedTasks__C)
                  11831520    00000004     FinalContestRobot2_pe674.oe674 (.const:ti_sysbios_timers_timer64_Timer_E_cannotSupport__C)
                  11831524    00000004     FinalContestRobot2_pe674.oe674 (.const:ti_sysbios_timers_timer64_Timer_anyMaskHigh__C)
                  11831528    00000004     FinalContestRobot2_pe674.oe674 (.const:ti_sysbios_timers_timer64_Timer_anyMask__C)
                  1183152c    00000004     FinalContestRobot2_pe674.oe674 (.const:ti_sysbios_timers_timer64_Timer_freqDivisor__C)
                  11831530    00000004     FinalContestRobot2_pe674.oe674 (.const:ti_sysbios_timers_timer64_Timer_numLocalTimers__C)
                  11831534    00000004     FinalContestRobot2_pe674.oe674 (.const:ti_sysbios_timers_timer64_Timer_numTimerDevices__C)
                  11831538    00000004     FinalContestRobot2_pe674.oe674 (.const:xdc_runtime_Assert_E_assertFailed__C)
                  1183153c    00000004     FinalContestRobot2_pe674.oe674 (.const:xdc_runtime_Error_E_memory__C)
                  11831540    00000004     FinalContestRobot2_pe674.oe674 (.const:xdc_runtime_Error_Module__diagsEnabled__C)
                  11831544    00000004     FinalContestRobot2_pe674.oe674 (.const:xdc_runtime_Error_Module__diagsIncluded__C)
                  11831548    00000004     FinalContestRobot2_pe674.oe674 (.const:xdc_runtime_Error_Module__diagsMask__C)
                  1183154c    00000004     FinalContestRobot2_pe674.oe674 (.const:xdc_runtime_Error_Module__loggerFxn8__C)
                  11831550    00000004     FinalContestRobot2_pe674.oe674 (.const:xdc_runtime_Error_Module__loggerObj__C)
                  11831554    00000004     FinalContestRobot2_pe674.oe674 (.const:xdc_runtime_Error_policyFxn__C)
                  11831558    00000004     FinalContestRobot2_pe674.oe674 (.const:xdc_runtime_Error_policy__C)
                  1183155c    00000004     FinalContestRobot2_pe674.oe674 (.const:xdc_runtime_Error_raiseHook__C)
                  11831560    00000004     FinalContestRobot2_pe674.oe674 (.const:xdc_runtime_IFilterLogger_Interface__BASE__C)
                  11831564    00000004     FinalContestRobot2_pe674.oe674 (.const:xdc_runtime_IGateProvider_Interface__BASE__C)
                  11831568    00000004     FinalContestRobot2_pe674.oe674 (.const:xdc_runtime_IHeap_Interface__BASE__C)
                  1183156c    00000004     FinalContestRobot2_pe674.oe674 (.const:xdc_runtime_ILogger_Interface__BASE__C)
                  11831570    00000004     FinalContestRobot2_pe674.oe674 (.const:xdc_runtime_IModule_Interface__BASE__C)
                  11831574    00000004     FinalContestRobot2_pe674.oe674 (.const:xdc_runtime_Log_L_error__C)
                  11831578    00000004     FinalContestRobot2_pe674.oe674 (.const:xdc_runtime_LoggerBuf_E_badLevel__C)
                  1183157c    00000004     FinalContestRobot2_pe674.oe674 (.const:xdc_runtime_LoggerBuf_Module__gateObj__C)
                  11831580    00000004     FinalContestRobot2_pe674.oe674 (.const:xdc_runtime_LoggerBuf_Object__count__C)
                  11831584    00000004     FinalContestRobot2_pe674.oe674 (.const:xdc_runtime_LoggerBuf_Object__table__C)
                  11831588    00000004     FinalContestRobot2_pe674.oe674 (.const:xdc_runtime_LoggerBuf_statusLogger__C)
                  1183158c    00000004     FinalContestRobot2_pe674.oe674 (.const:xdc_runtime_Memory_defaultHeapInstance__C)
                  11831590    00000004     FinalContestRobot2_pe674.oe674 (.const:xdc_runtime_Startup_execImpl__C)
                  11831594    00000004     FinalContestRobot2_pe674.oe674 (.const:xdc_runtime_Startup_maxPasses__C)
                  11831598    00000004     FinalContestRobot2_pe674.oe674 (.const:xdc_runtime_Startup_sfxnRts__C)
                  1183159c    00000004     FinalContestRobot2_pe674.oe674 (.const:xdc_runtime_Startup_sfxnTab__C)
                  118315a0    00000004     FinalContestRobot2_pe674.oe674 (.const:xdc_runtime_Startup_startModsFxn__C)
                  118315a4    00000004     FinalContestRobot2_pe674.oe674 (.const:xdc_runtime_SysMin_bufSize__C)
                  118315a8    00000004     FinalContestRobot2_pe674.oe674 (.const:xdc_runtime_SysMin_outputFunc__C)
                  118315ac    00000004     FinalContestRobot2_pe674.oe674 (.const:xdc_runtime_System_Module__gateObj__C)
                  118315b0    00000004     FinalContestRobot2_pe674.oe674 (.const:xdc_runtime_System_abortFxn__C)
                  118315b4    00000004     FinalContestRobot2_pe674.oe674 (.const:xdc_runtime_System_exitFxn__C)
                  118315b8    00000004     FinalContestRobot2_pe674.oe674 (.const:xdc_runtime_System_extendFxn__C)
                  118315bc    00000004     FinalContestRobot2_pe674.oe674 (.const:xdc_runtime_System_maxAtexitHandlers__C)
                  118315c0    00000004     FinalContestRobot2_pe674.oe674 (.const:xdc_runtime_Text_charTab__C)
                  118315c4    00000004     FinalContestRobot2_pe674.oe674 (.const:xdc_runtime_Text_nodeTab__C)
                  118315c8    00000004     FinalContestRobot2_pe674.oe674 (.const:xdc_runtime_Text_visitRopeFxn__C)
                  118315cc    00000002     FinalContestRobot2_pe674.oe674 (.const:ti_sysbios_family_c64p_Exception_useInternalBuffer__C)
                  118315ce    00000002     FinalContestRobot2_pe674.oe674 (.const:ti_sysbios_hal_Hwi_Module__id__C)
                  118315d0    00000002     FinalContestRobot2_pe674.oe674 (.const:ti_sysbios_heaps_HeapMem_Module__id__C)
                  118315d2    00000002     FinalContestRobot2_pe674.oe674 (.const:ti_sysbios_knl_Task_Module__id__C)
                  118315d4    00000002     FinalContestRobot2_pe674.oe674 (.const:ti_sysbios_timers_timer64_Timer_Module__id__C)
                  118315d6    00000002     FinalContestRobot2_pe674.oe674 (.const:ti_sysbios_timers_timer64_Timer_startupNeeded__C)
                  118315d8    00000002     FinalContestRobot2_pe674.oe674 (.const:ti_sysbios_timers_timer64_Timer_useTimer64pRegMap__C)
                  118315da    00000002     FinalContestRobot2_pe674.oe674 (.const:xdc_runtime_Error_Module__loggerDefined__C)
                  118315dc    00000002     FinalContestRobot2_pe674.oe674 (.const:xdc_runtime_Error_maxDepth__C)
                  118315de    00000002     FinalContestRobot2_pe674.oe674 (.const:xdc_runtime_LoggerBuf_Module__id__C)
                  118315e0    00000002     FinalContestRobot2_pe674.oe674 (.const:xdc_runtime_LoggerBuf_filterByLevel__C)
                  118315e2    00000002     FinalContestRobot2_pe674.oe674 (.const:xdc_runtime_Memory_Module__id__C)
                  118315e4    00000002     FinalContestRobot2_pe674.oe674 (.const:xdc_runtime_SysMin_flushAtExit__C)
                  118315e6    00000002     FinalContestRobot2_pe674.oe674 (.const:xdc_runtime_Text_isLoaded__C)
                  118315e8    00000002     FinalContestRobot2_pe674.oe674 (.const:xdc_runtime_Text_registryModsLastId__C)
                  118315ea    00000002     FinalContestRobot2_pe674.oe674 (.const:xdc_runtime_Text_unnamedModsLastId__C)

.fardata   0    118335f0    00001184     UNINITIALIZED
                  118335f0    0000025c     ColorVision.obj (.fardata:PRUCode)
                  1183384c    00000004     rts6740_elf.lib : _lock.c.obj (.fardata:_lock)
                  11833850    000001e0                     : defs.c.obj (.fardata:_ftable)
                  11833a30    000001cc     FinalContestRobot2_pe674.oe674 (.fardata:ti_sysbios_knl_Task_Object__table__V)
                  11833bfc    00000004     rts6740_elf.lib : _lock.c.obj (.fardata:_unlock)
                  11833c00    000000c0     FinalContestRobot2_pe674.oe674 (.fardata:ti_sysbios_knl_Swi_Object__table__V)
                  11833cc0    000000b0     user_FinalContestRobot2.obj (.fardata:map)
                  11833d70    000000b0     user_FinalContestRobot2.obj (.fardata:originalMap)
                  11833e20    000000a0     rts6740_elf.lib : write.c.obj (.fardata:_stream)
                  11833ec0    00000080     FinalContestRobot2_pe674.oe674 (.fardata:ti_sysbios_knl_Swi_Module_State_0_readyQ__A)
                  11833f40    00000080     FinalContestRobot2_pe674.oe674 (.fardata:ti_sysbios_knl_Task_Module_State_0_readyQ__A)
                  11833fc0    00000078     rts6740_elf.lib : write.c.obj (.fardata:_device)
                  11834038    00000078     FinalContestRobot2_pe674.oe674 (.fardata:ti_sysbios_family_c64p_Hwi_Object__table__V)
                  118340b0    0000006c     FinalContestRobot2_pe674.oe674 (.fardata:ti_sysbios_family_c64p_Hwi_Module__state__V)
                  1183411c    00000004     rts6740_elf.lib : defs.c.obj (.fardata)
                  11834120    00000060     FinalContestRobot2_pe674.oe674 (.fardata:ti_sysbios_timers_timer64_Timer_Module_State_0_device__A)
                  11834180    00000050     Ladar.obj (.fardata:cornersX)
                  118341d0    00000050     Ladar.obj (.fardata:cornersY)
                  11834220    00000050     FinalContestRobot2_pe674.oe674 (.fardata:ti_sysbios_timers_timer64_Timer_Object__table__V)
                  11834270    00000048     FinalContestRobot2_pe674.oe674 (.fardata:ti_sysbios_knl_Task_Module__state__V)
                  118342b8    00000040     rts6740_elf.lib : cos.c.obj (.fardata:R$1)
                  118342f8    00000040                     : sin.c.obj (.fardata:R$1)
                  11834338    00000040     FinalContestRobot2_pe674.oe674 (.fardata:ti_sysbios_gates_GateMutex_Object__table__V)
                  11834378    00000040     FinalContestRobot2_pe674.oe674 (.fardata:ti_sysbios_knl_Clock_Object__table__V)
                  118343b8    00000030     FinalContestRobot2_pe674.oe674 (.fardata:ti_sysbios_family_c64p_Exception_Module__state__V)
                  118343e8    0000002c     FinalContestRobot2_pe674.oe674 (.fardata:ti_sysbios_knl_Clock_Module__state__V)
                  11834414    00000004     rts6740_elf.lib : errno.c.obj (.fardata)
                  11834418    00000028     FinalContestRobot2_pe674.oe674 (.fardata:ti_sysbios_hal_Hwi_Object__table__V)
                  11834440    00000024     user_FinalContestRobot2.obj (.fardata:K)
                  11834464    00000004     FinalContestRobot2_pe674.oe674 (.fardata:ti_sysbios_family_c64p_Cache_Module__state__V)
                  11834468    00000024     user_FinalContestRobot2.obj (.fardata:P_pred)
                  1183448c    00000004     FinalContestRobot2_pe674.oe674 (.fardata:ti_sysbios_family_c64p_primus_TimerSupport_Module__state__V)
                  11834490    00000024     user_FinalContestRobot2.obj (.fardata:Q)
                  118344b4    00000004     FinalContestRobot2_pe674.oe674 (.fardata:xdc_runtime_Memory_Module__state__V)
                  118344b8    00000024     user_FinalContestRobot2.obj (.fardata:R)
                  118344dc    00000002     FinalContestRobot2_pe674.oe674 (.fardata:xdc_runtime_Error_Module__state__V)
                  118344de    00000002     --HOLE--
                  118344e0    00000024     user_FinalContestRobot2.obj (.fardata:S)
                  11834504    00000004     --HOLE--
                  11834508    00000024     user_FinalContestRobot2.obj (.fardata:S_inv)
                  1183452c    00000004     --HOLE--
                  11834530    00000024     user_FinalContestRobot2.obj (.fardata:eye3)
                  11834554    00000024     FinalContestRobot2_pe674.oe674 (.fardata:ti_sysbios_BIOS_Module__state__V)
                  11834578    00000024     FinalContestRobot2_pe674.oe674 (.fardata:xdc_runtime_LoggerBuf_Object__table__V)
                  1183459c    00000004     --HOLE--
                  118345a0    00000020     rts6740_elf.lib : atanf.c.obj (.fardata:arctan_consts$1)
                  118345c0    00000020     FinalContestRobot2_pe674.oe674 (.fardata:ti_sysbios_timers_timer64_Timer_Module_State_0_gctrl__A)
                  118345e0    00000020     FinalContestRobot2_pe674.oe674 (.fardata:ti_sysbios_timers_timer64_Timer_Module_State_0_handles__A)
                  11834600    00000020     FinalContestRobot2_pe674.oe674 (.fardata:ti_sysbios_timers_timer64_Timer_Module_State_0_intFreqs__A)
                  11834620    00000020     FinalContestRobot2_pe674.oe674 (.fardata:xdc_runtime_Error_IgnoreBlock)
                  11834640    0000001c     FinalContestRobot2_pe674.oe674 (.fardata:ti_sysbios_knl_Swi_Module__state__V)
                  1183465c    00000004     --HOLE--
                  11834660    00000018     user_FinalContestRobot2.obj (.fardata:B)
                  11834678    00000018     user_FinalContestRobot2.obj (.fardata:PWMpos)
                  11834690    00000018     FinalContestRobot2_pe674.oe674 (.fardata:ti_sysbios_heaps_HeapMem_Object__table__V)
                  118346a8    00000018     FinalContestRobot2_pe674.oe674 (.fardata:ti_sysbios_knl_Semaphore_Object__table__V)
                  118346c0    00000018     FinalContestRobot2_pe674.oe674 (.fardata:ti_sysbios_timers_timer64_Timer_Module__state__V)
                  118346d8    00000010     rts6740_elf.lib : cosf.c.obj (.fardata:R$1)
                  118346e8    00000010                     : sinf.c.obj (.fardata:R$1)
                  118346f8    00000010     FinalContestRobot2_pe674.oe674 (.fardata:xdc_runtime_System_Module_State_0_atexitHandlers__A)
                  11834708    0000000c     user_FinalContestRobot2.obj (.fardata:Bu)
                  11834714    0000000c     rts6740_elf.lib : exit.c.obj (.fardata)
                  11834720    0000000c     user_FinalContestRobot2.obj (.fardata:x_pred)
                  1183472c    0000000c     FinalContestRobot2_pe674.oe674 (.fardata:xdc_runtime_SysMin_Module__state__V)
                  11834738    00000008     FinalContestRobot2_pe674.oe674 (.fardata:ti_sysbios_family_c64p_primus_TimerSupport_Module_State_0_suspSrc__A)
                  11834740    00000008     user_FinalContestRobot2.obj (.fardata:u)
                  11834748    00000008     FinalContestRobot2_pe674.oe674 (.fardata:xdc_runtime_Registry_Module__state__V)
                  11834750    00000008     FinalContestRobot2_pe674.oe674 (.fardata:xdc_runtime_Startup_Module__state__V)
                  11834758    00000008     FinalContestRobot2_pe674.oe674 (.fardata:xdc_runtime_System_Module__state__V)
                  11834760    00000006     FinalContestRobot2_pe674.oe674 (.fardata:xdc_runtime_LoggerBuf_Module__state__V)
                  11834766    00000002     --HOLE--
                  11834768    00000004     FinalContestRobot2_pe674.oe674 (.fardata:ti_sysbios_gates_GateHwi_Object__table__V)
                  1183476c    00000004     --HOLE--
                  11834770    00000004     FinalContestRobot2_pe674.oe674 (.fardata:ti_sysbios_knl_Task_Module_State_0_idleTask__A)

.switch    0    11834c58    00000134     
                  11834c58    0000005c     user_FinalContestRobot2.obj (.switch:RobotControl)
                  11834cb4    0000005c     rts6740_elf.lib : _scanfi.c.obj (.switch:__TI_scanfi)
                  11834d10    00000038                     : _printfi.c.obj (.switch:__TI_printfi)
                  11834d48    00000024     evmomapl138_bsl.lib : evmomapl138_gpio.obj (.switch:getRegisterBankAndBit)
                  11834d6c    00000010                         : evmomapl138_spi.obj (.switch:SPI_init)
                  11834d7c    00000010     ColorVision.obj (.switch:userProcessColorImageFunc_laser)

.cio       0    11834d90    00000120     UNINITIALIZED
                  11834d90    00000120     rts6740_elf.lib : trgmsg.c.obj (.cio)

MODULE SUMMARY

       Module                           code     ro data   rw data
       ------                           ----     -------   -------
    .\
       user_FinalContestRobot2.obj      24800    488       10940  
       Ladar.obj                        8000     72        5718   
       ColorVision.obj                  5152     16        6936   
       COECSL_edma3.obj                 1216     0         4136   
       ColorLCD.obj                     2400     24        11     
       COECSL_mcbsp.obj                 1664     0         300    
       MatrixMath.obj                   1824     0         0      
       user_xy.obj                      992      0         0      
       LCDprintf.obj                    416      0         8      
       pru.obj                          256      0         0      
    +--+--------------------------------+--------+---------+---------+
       Total:                           46720    600       28049  
                                                                  
    C:\hzhou39_decamar2_ashwina2\SE423Repo\Contest\FinalContestRobot2\FinalContestRobot2Project\Debug\configPkg\package\cfg\
       FinalContestRobot2_pe674.oe674   4576     7529      25776  
    +--+--------------------------------+--------+---------+---------+
       Total:                           4576     7529      25776  
                                                                  
    C:/hzhou39_decamar2_ashwina2/SE423Repo/LabFiles/bsl_forSYSBIOS/lib/evmomapl138_bsl.lib
       evmomapl138.obj                  4160     192       0      
       evmomapl138_vpif.obj             1920     0         0      
       evmomapl138_uart.obj             1376     16        0      
       evmomapl138_i2c_gpio.obj         1376     0         0      
       evmomapl138_i2c.obj              1312     0         4      
       evmomapl138_gpio.obj             1184     36        0      
       evmomapl138_spi.obj              1152     16        0      
       evmomapl138_timer.obj            384      0         0      
    +--+--------------------------------+--------+---------+---------+
       Total:                           12864    260       4      
                                                                  
    C:\CCStudio_v8\bios_6_70_01_03\packages\ti\targets\rts6000\lib\boot.ae674
       autoinit.oe674                   288      0         0      
       boot.oe674                       160      0         0      
    +--+--------------------------------+--------+---------+---------+
       Total:                           448      0         0      
                                                                  
    C:\CCStudio_v8\bios_6_70_01_03\packages\ti\targets\rts6000\lib\ti.targets.rts6000.ae674
       System.oe674                     3232     24        0      
       LoggerBuf.oe674                  2400     0         0      
       Text.oe674                       1728     64        0      
       Error.oe674                      1152     88        0      
       Startup.oe674                    896      44        0      
       SysMin.oe674                     704      0         0      
       Memory.oe674                     320      0         0      
       Gate.oe674                       64       0         0      
       Registry.oe674                   64       0         0      
    +--+--------------------------------+--------+---------+---------+
       Total:                           10560    220       0      
                                                                  
    C:\CCStudio_v8\ccsv8\tools\compiler\ti-cgt-c6000_8.3.3\lib\rts6740_elf.lib
       _printfi.c.obj                   13536    92        0      
       _scanfi.c.obj                    8864     121       0      
       strtod.c.obj                     2336     200       0      
       divd.c.obj                       1504     0         0      
       strtoll.c.obj                    1216     0         0      
       strtoull.c.obj                   1088     0         0      
       strtol.c.obj                     928      0         0      
       cos.c.obj                        800      0         64     
       fmodf.c.obj                      864      0         0      
       defs.c.obj                       0        0         804    
       fputs.c.obj                      800      0         0      
       imath64.c.obj                    800      0         0      
       sin.c.obj                        736      0         64     
       strtoul.c.obj                    768      0         0      
       divf.c.obj                       640      0         0      
       cosf.c.obj                       608      0         16     
       sinf.c.obj                       608      0         16     
       sscanf.c.obj                     512      0         0      
       trgmsg.c.obj                     224      0         288    
       fputc.c.obj                      448      0         0      
       frexp.c.obj                      448      0         0      
       getdevice.c.obj                  448      0         0      
       imath40.c.obj                    448      0         0      
       setvbuf.c.obj                    448      0         0      
       frexpf.c.obj                     416      0         0      
       hostrename.c.obj                 416      0         0      
       ldexpf.c.obj                     416      0         0      
       ldexp.c.obj                      384      0         0      
       write.c.obj                      96       0         280    
       atan2f.c.obj                     320      0         0      
       atanf.c.obj                      256      0         32     
       copy_decompress_rle.c.obj        288      0         0      
       printf.c.obj                     288      0         0      
       sqrtf.c.obj                      288      0         0      
       exit.c.obj                       256      0         12     
       ctype.c.obj                      0        257       0      
       atoi.c.obj                       256      0         0      
       fclose.c.obj                     256      0         0      
       fseek.c.obj                      256      0         0      
       hostopen.c.obj                   224      0         8      
       _io_perm.c.obj                   224      0         0      
       _ltoa.c.obj                      224      0         0      
       close.c.obj                      224      0         0      
       divi.asm.obj                     224      0         0      
       hostlseek.c.obj                  224      0         0      
       hostwrite.c.obj                  224      0         0      
       llshift.c.obj                    224      0         0      
       memset.c.obj                     224      0         0      
       divu.asm.obj                     192      0         0      
       fflush.c.obj                     192      0         0      
       hostread.c.obj                   192      0         0      
       hostunlink.c.obj                 192      0         0      
       modf.c.obj                       192      0         0      
       remi.asm.obj                     192      0         0      
       sprintf.c.obj                    192      0         0      
       tls.c.obj                        192      0         0      
       fopen.c.obj                      160      0         0      
       hostclose.c.obj                  160      0         0      
       memcpy64.asm.obj                 160      0         0      
       remu.asm.obj                     160      0         0      
       round.c.obj                      160      0         0      
       vsprintf.c.obj                   160      0         0      
       roundf.c.obj                     128      0         0      
       unlink.c.obj                     128      0         0      
       _lock.c.obj                      96       0         8      
       lseek.c.obj                      96       0         0      
       memccpy.c.obj                    96       0         0      
       modff.c.obj                      96       0         0      
       args_main.c.obj                  64       0         0      
       frcmpyd_div.c.obj                64       0         0      
       isinf.c.obj                      64       0         0      
       push.asm.obj                     64       0         0      
       wcslen.c.obj                     64       0         0      
       errno.c.obj                      32       0         4      
       copy_decompress_none.c.obj       32       0         0      
       signbit.c.obj                    32       0         0      
       trunc.c.obj                      32       0         0      
[...]
11834904  DSP_Float13                                                         
11834908  DSP_Float14                                                         
1183490c  DSP_Float15                                                         
11834910  DSP_Float16                                                         
11834914  DSP_Float17                                                         
11834918  DSP_Float18                                                         
1183491c  DSP_Float19                                                         
11834920  cntturn                                                             
11834924  ref_right_wall                                                      
11834928  left_turn_Start_threshold                                           
1183492c  left_turn_Stop_threshold                                            
11834930  Kp_right_wall                                                       
11834934  Kp_front_wall                                                       
11834938  front_turn_velocity                                                 
1183493c  turn_command_saturation                                             
11834940  sharp_right_threshold                                               
11834944  Kp_sharp_right                                                      
11834948  left_turn_corner_threshold                                          
1183494c  KpGyro                                                              
11834950  data1                                                               
11834954  data2                                                               
11834958  data3                                                               
1183495c  data4                                                               
11834960  data5                                                               
11834964  data6                                                               
11834968  data7                                                               
1183496c  newWeed                                                             
11834970  p1_old                                                              
11834974  p2_old                                                              
11834978  angular_vel                                                         
1183497c  orientation                                                         
11834980  old_angular_vel                                                     
11834984  p1_current                                                          
11834988  p2_current                                                          
1183498c  v1                                                                  
11834990  v2                                                                  
11834994  x                                                                   
11834998  y                                                                   
1183499c  update_Timer                                                        
118349a0  countdown                                                           
118349a4  astarRunning                                                        
118349a8  astarTrigger                                                        
118349ac  astarDone                                                           
118349b0  pathLen                                                             
118349b4  pathPos                                                             
118349b8  newLVData                                                           
118349bc  newROBOTpsx                                                         
118349c0  newROBOTpsy                                                         
118349c4  sharedROBOTpsx                                                      
118349c8  sharedROBOTpsy                                                      
118349cc  orange_found                                                        
118349d0  blue_found                                                          
118349d4  spraying                                                            
118349d8  blue_center_x                                                       
118349dc  blue_center_y                                                       
118349e0  blue_area                                                           
118349e4  i                                                                   
118349e8  orange_center_x                                                     
118349ec  orange_center_y                                                     
118349f0  orange_area                                                         
118349f4  to_blue                                                             
118349f8  blue_posx                                                           
118349fc  blue_posy                                                           
11834a00  sharedbluex                                                         
11834a04  sharedbluey                                                         
11834a08  to_orange                                                           
11834a0c  orange_posx                                                         
11834a10  orange_posy                                                         
11834a14  sharedorangex                                                       
11834a18  sharedorangey                                                       
11834a1c  ft                                                                  
11834a20  p1                                                                  
11834a24  p2                                                                  
11834a28  p3                                                                  
11834a2c  p4                                                                  
11834a30  colorerror                                                          
11834a34  KpLight                                                             
11834a38  WeedCoolDown                                                        
11834a3c  DeathSpin                                                           
11834a40  new_flag                                                            
11834a44  DutyCycleBlue                                                       
11834a48  DutyCycleOrange                                                     
11834a4c  DutyCycle                                                           
11834a50  distthresh                                                          
11834a54  mindist                                                             
11834a58  timecount                                                           
11834a5c  whichled                                                            
11834a60  updateLCD                                                           
11834a64  testvar                                                             
11834a68  noimagefound                                                        
11834a6c  object_x                                                            
11834a70  object_y                                                            
11834a74  blue_object_x                                                       
11834a78  blue_object_y                                                       
11834a7c  orange_object_x                                                     
11834a80  orange_object_y                                                     
11834a84  blue_numpels                                                        
11834a88  orange_numpels                                                      
11834a8c  colorstate                                                          
11834a90  new_coordata                                                        
11834a94  numpels                                                             
11834a98  new_num_found_objects                                               
11834a9c  new_object_theta                                                    
11834aa0  new_C20                                                             
11834aa4  new_C02                                                             
11834aa8  top                                                                 
11834aac  left                                                                
11834ab0  num_unique_objects                                                  
11834ab4  current_object                                                      
11834ab8  color                                                               
11834abc  color2                                                              
11834ac0  Cdifference                                                         
11834ac4  neighbor_type                                                       
11834ac8  too_many_objects                                                    
11834acc  object_detected                                                     
11834ad0  print_hue                                                           
11834ad1  print_sat                                                           
11834ad2  print_val                                                           
11834ad3  print_r                                                             
11834ad4  print_b                                                             
11834ad5  print_g                                                             
11834ad8  specs_s                                                             
11834adc  specs_srad                                                          
11834ae0  specs_v                                                             
11834ae4  specs_vrad                                                          
11834ae8  specs_h                                                             
11834aec  specs_h2                                                            
11834af0  specs_hrad                                                          
11834af4  VPIF_beginning_line                                                 
11834af8  equivalency                                                         
11834afc  done                                                                
11834b00  f28335RecFirsttime                                                  
11834b04  enc1                                                                
11834b08  enc2                                                                
11834b0c  enc3                                                                
11834b10  enc4                                                                
11834b14  compass                                                             
11834b18  switchstate                                                         
11834b1c  adcA0                                                               
11834b20  adcB0                                                               
11834b24  adcA1                                                               
11834b28  adcB1                                                               
11834b2c  adcA2                                                               
11834b30  adcB2                                                               
11834b34  adcA3                                                               
11834b38  adcB3                                                               
11834b3c  adcA4                                                               
11834b40  adcB4                                                               
11834b44  adcA5                                                               
11834b48  adcB5                                                               
11834b4c  adcA6                                                               
11834b50  adcA7                                                               
11834b54  F28335_Extra1                                                       
11834b58  F28335_Extra2                                                       
11834b5c  F28335_Extra3                                                       
11834b60  F28335_Extra4                                                       
11834b64  new_sendtolinux_F28335_Extra                                        
11834b68  send_F28335_Extra1                                                  
11834b6c  send_F28335_Extra2                                                  
11834b70  send_F28335_Extra3                                                  
11834b74  send_F28335_Extra4                                                  
11834b78  num_EDMA3_0                                                         
11834b7c  numofints                                                           
11834b80  scalingLadar                                                        
11834b84  LADARready                                                          
11834b88  LADARprocess                                                        
11834b8c  uart1count                                                          
11834b90  numReadings                                                         
11834b94  errL                                                                
11834b98  errC                                                                
11834b9c  errR                                                                
11834ba0  tLADARleftFt                                                        
11834ba4  tLADARcenterFt                                                      
11834ba8  tLADARrightFt                                                       
11834bac  cPrevLADARdata                                                      
11834bad  cLADARdata                                                          
11834bb0  iLADARrcv                                                           
11834bb4  cCommandName                                                        
11834bb8  LADARleftFt                                                         
11834bbc  LADARcenterFt                                                       
11834bc0  LADARrightFt                                                        
11834bc4  numreadings_lastscan                                                
11834bc8  startAngle                                                          
11834bcc  stepSize                                                            
11834bd0  newLADARdata                                                        
11834bd4  robotX                                                              
11834bd8  robotY                                                              
11834bdc  robotT                                                              
11834be0  tempSign                                                            
11834be4  tempOff                                                             
11834be8  servosPosted                                                        
11834bec  newServos                                                           
11834bf0  McBSPrecerror                                                       
11834bf4  firsttimeintMCBSPrec                                                
11834bf8  timeint                                                             
11834bfc  mcbspReset                                                          
11834c00  testcount                                                           
11834c04  danindex                                                            
11834c08  firsttimeLine1                                                      
11834c0c  firsttimeLine2                                                      
11834c10  LCDnewMsgLine1                                                      
11834c14  LCDnewMsgLine2                                                      
11834c18  bluegain                                                            
11834c1c  bkgrnd_red                                                          
11834c1d  bkgrnd_green                                                        
11834c1e  bkgrnd_blue                                                         
11834c20  SWI_RobotControl                                                    
11834c24  CLK_addtime                                                         
11834c28  CLK_startMcBSP                                                      
11834c2c  HWI8_EDMA3_0                                                        
11834c30  SWI_LCD                                                             
11834c34  SWI_vision                                                          
11834c38  HWI4_VPIF95                                                         
11834c3c  HWI7_PRU6                                                           
11834c40  HWI5_EDMA3_1                                                        
11834c44  TASK_ComWithLinux                                                   
11834c48  TASK_LADAR                                                          
11834c4c  task2                                                               
11834c50  task3                                                               
11834c54  SEM_startAstar                                                      
11834d90  __CIOBUF_                                                           
11835000  ti_sysbios_family_c64p_Hwi0                                         
11835000  ti_sysbios_family_c64p_Hwi_int0                                     
11835020  ti_sysbios_family_c64p_Hwi_int1                                     
11835040  ti_sysbios_family_c64p_Hwi_int2                                     
11835060  ti_sysbios_family_c64p_Hwi_int3                                     
11835080  ti_sysbios_family_c64p_Hwi_int4                                     
118350a0  ti_sysbios_family_c64p_Hwi_int5                                     
118350c0  ti_sysbios_family_c64p_Hwi_int6                                     
118350e0  ti_sysbios_family_c64p_Hwi_int7                                     
11835100  ti_sysbios_family_c64p_Hwi_int8                                     
11835120  ti_sysbios_family_c64p_Hwi_int9                                     
11835140  ti_sysbios_family_c64p_Hwi_int10                                    
11835160  ti_sysbios_family_c64p_Hwi_int11                                    
11835180  ti_sysbios_family_c64p_Hwi_int12                                    
118351a0  ti_sysbios_family_c64p_Hwi_int13                                    
118351c0  ti_sysbios_family_c64p_Hwi_int14                                    
118351e0  ti_sysbios_family_c64p_Hwi_int15                                    
11835d0c  __TI_Handler_Table_Base                                             
11835d14  __TI_Handler_Table_Limit                                            
11835d18  __TI_CINIT_Base                                                     
11835d40  __TI_CINIT_Limit                                                    
ffffffff  __TI_pprof_out_hndl                                                 
ffffffff  __TI_prof_data_size                                                 
ffffffff  __TI_prof_data_start                                                
ffffffff  __binit__                                                           
ffffffff  __c_args__                                                          
ffffffff  binit                                                               
UNDEFED   __TI_INITARRAY_Base                                                 
UNDEFED   __TI_INITARRAY_Limit                                                
UNDEFED   __TI_TLS_INIT_Base                                                  
UNDEFED   __TI_TLS_INIT_Limit                                                 

[1030 symbols]
