******************************************************************************
               TMS320C6x Linker PC v8.2.2                      
******************************************************************************
>> Linked Fri Apr 19 20:08:22 2019

OUTPUT FILE NAME:   <FinalContestRobot2.out>
ENTRY POINT SYMBOL: "_c_int00"  address: 1181bd80


MEMORY CONFIGURATION

         name            origin    length      used     unused   attr    fill
----------------------  --------  ---------  --------  --------  ----  --------
  IROM                  11700000   00100000  00000000  00100000  R  X
  IRAM                  11800000   00038000  0002e8d2  0000972e  RW X
  L3_CBA_RAM            80000000   00020000  00000000  00020000  RW X
  DDR                   c3000000   01000000  00000000  01000000  RW X


SEGMENT ALLOCATION MAP

run origin  load origin   length   init length attrs members
----------  ----------- ---------- ----------- ----- -------
11800000    11800000    0001f300   0001f300    r-x
  11800000    11800000    0001f300   0001f300    r-x .text
1181f300    1181f300    00008e50   00000000    rw-
  1181f300    1181f300    00008e50   00000000    rw- .far
11828150    11828150    00002682   00002682    r--
  11828150    11828150    00002682   00002682    r-- .const
1182a7d8    1182a7d8    0000328f   00000000    rw-
  1182a7d8    1182a7d8    00002000   00000000    rw- .stack
  1182c7d8    1182c7d8    00000f3c   00000000    rw- .fardata
  1182d714    1182d714    0000006c   00000000    rw- .bss
  1182d780    1182d780    000002e7   00000000    rw- .neardata
1182da68    1182da68    0000002c   00000000    r--
  1182da68    1182da68    0000002c   00000000    r-- .rodata
1182da98    1182da98    00000120   00000000    rw-
  1182da98    1182da98    00000120   00000000    rw- .cio
1182dbb8    1182dbb8    00000048   00000048    r--
  1182dbb8    1182dbb8    00000048   00000048    r-- .switch.1
1182dc00    1182dc00    00000ce0   00000ce0    r-x
  1182dc00    1182dc00    00000200   00000200    r-x .vecs
  1182de00    1182de00    000000ac   000000ac    r-- .switch.2
  1182deb0    1182deb0    00000a30   00000a30    r-- .cinit


SECTION ALLOCATION MAP

 output                                  attributes/
section   page    origin      length       input sections
--------  ----  ----------  ----------   ----------------
.stack     0    1182a7d8    00002000     UNINITIALIZED
                  1182a7d8    00000008     boot.ae674 : boot.oe674 (.stack)
                  1182a7e0    00001ff8     --HOLE--

.bss       0    1182d714    0000006c     UNINITIALIZED
                  1182d714    00000004     evmomapl138_bsl.lib : evmomapl138_i2c.obj (.bss)
                  1182d718    00000004     (.common:EDMA3_0_Regs)
                  1182d71c    00000004     (.common:EDMA3_1_Regs)
                  1182d720    00000004     (.common:Image_data)
                  1182d724    00000004     (.common:LCD_Image)
                  1182d728    00000004     (.common:LCD_mem)
                  1182d72c    00000004     (.common:Linux_Image)
                  1182d730    00000004     (.common:Thres_Image)
                  1182d734    00000004     (.common:blue)
                  1182d738    00000004     (.common:c)
                  1182d73c    00000004     (.common:cbar)
                  1182d740    00000004     (.common:current)
                  1182d744    00000004     (.common:delta)
                  1182d748    00000004     (.common:green)
                  1182d74c    00000004     (.common:hue)
                  1182d750    00000004     (.common:index)
                  1182d754    00000004     (.common:k)
                  1182d758    00000004     (.common:largest_num_pixels)
                  1182d75c    00000004     (.common:largest_object)
                  1182d760    00000004     (.common:min)
                  1182d764    00000004     (.common:pic_data)
                  1182d768    00000004     (.common:ptrshrdmem)
                  1182d76c    00000004     (.common:r)
                  1182d770    00000004     (.common:rbar)
                  1182d774    00000004     (.common:red)
                  1182d778    00000004     (.common:sat)
                  1182d77c    00000004     (.common:value)

.neardata 
*          0    1182d780    000002e7     UNINITIALIZED
                  1182d780    00000144     user_FinalContestRobot2.obj (.neardata)
                  1182d8c4    00000084     ColorVision.obj (.neardata)
                  1182d948    00000080     COECSL_edma3.obj (.neardata)
                  1182d9c8    00000068     Ladar.obj (.neardata)
                  1182da30    00000028     COECSL_mcbsp.obj (.neardata)
                  1182da58    00000008     LCDprintf.obj (.neardata)
                  1182da60    00000007     ColorLCD.obj (.neardata)

.rodata    0    1182da68    0000002c     UNINITIALIZED
                  1182da68    0000002c     FinalContestRobot2_pe674.oe674 (.rodata)

.cinit     0    1182deb0    00000a30     
                  1182deb0    0000091e     (.cinit..fardata.load) [load image, compression = rle]
                  1182e7ce    00000096     (.cinit..neardata.load) [load image, compression = rle]
                  1182e864    00000032     (.cinit..rodata.load) [load image, compression = rle]
                  1182e896    0000000b     (.cinit..far.load) [load image, compression = rle]
                  1182e8a1    00000009     (.cinit..bss.load) [load image, compression = rle]
                  1182e8aa    00000002     --HOLE-- [fill = 0]
                  1182e8ac    00000008     (__TI_handler_table)
                  1182e8b4    00000004     --HOLE-- [fill = 0]
                  1182e8b8    00000028     (__TI_cinit_table)

.init_array 
*          0    11800000    00000000     UNINITIALIZED

.vecs      0    1182dc00    00000200     
                  1182dc00    00000200     FinalContestRobot2_pe674.oe674 (.vecs)

xdc.meta   0    11800000    00000130     COPY SECTION
                  11800000    00000130     FinalContestRobot2_pe674.oe674 (xdc.meta)

.text      0    11800000    0001f300     
                  11800000    00003080     user_FinalContestRobot2.obj (.text)
                  11803080    00001f20     Ladar.obj (.text)
                  11804fa0    00001ce0     rts6740_elf.lib : _printfi.obj (.text:__TI_printfi)
                  11806c80    00001a80                     : _scanfi.obj (.text:__TI_scanfi)
                  11808700    000012e0     ColorVision.obj (.text)
                  118099e0    00000fe0     evmomapl138_bsl.lib : evmomapl138.obj (.text)
                  1180a9c0    00000960     ColorLCD.obj (.text)
                  1180b320    00000920     MatrixMath.obj (.text)
                  1180bc40    000008a0     ti.targets.rts6000.ae674 : System.oe674 (.text:xdc_runtime_System_doPrint__I)
                  1180c4e0    00000780     evmomapl138_bsl.lib : evmomapl138_vpif.obj (.text)
                  1180cc60    00000780     sysbios.ae674 : BIOS.obj (.text:ti_sysbios_family_c64p_Exception_handler__I)
                  1180d3e0    00000680     COECSL_mcbsp.obj (.text)
                  1180da60    00000680     rts6740_elf.lib : _printfi.obj (.text:_pconv_a)
                  1180e0e0    000005c0                     : divd.obj (.text:__c6xabi_divd)
                  1180e6a0    00000560     evmomapl138_bsl.lib : evmomapl138_i2c.obj (.text)
                  1180ec00    00000540                         : evmomapl138_i2c_gpio.obj (.text)
                  1180f140    00000540                         : evmomapl138_uart.obj (.text)
                  1180f680    00000500     rts6740_elf.lib : _printfi.obj (.text:_pconv_g)
                  1180fb80    000004e0                     : strtod.obj (.text:strtod)
                  11810060    000004c0     COECSL_edma3.obj (.text)
                  11810520    000004a0     evmomapl138_bsl.lib : evmomapl138_spi.obj (.text)
                  118109c0    000004a0     rts6740_elf.lib : strtoll.obj (.text:strtoll)
                  11810e60    00000480     evmomapl138_bsl.lib : evmomapl138_gpio.obj (.text)
                  118112e0    00000440     rts6740_elf.lib : strtoull.obj (.text:strtoull)
                  11811720    00000420                     : _printfi.obj (.text:_pconv_e)
                  11811b40    000003e0                     : fputs.obj (.text:fputs)
                  11811f20    000003c0     sysbios.ae674 : BIOS.obj (.text:ti_sysbios_timers_timer64_Timer_Module_startup__E)
                  118122e0    000003c0     user_xy.obj (.text)
                  118126a0    000003a0     rts6740_elf.lib : strtol.obj (.text:strtol)
                  11812a40    00000360                     : fmodf.obj (.text:fmodf)
                  11812da0    00000340     sysbios.ae674 : BIOS.obj (.text:ti_sysbios_knl_Semaphore_pend__E)
                  118130e0    00000340                   : BIOS.obj (.text:ti_sysbios_timers_timer64_Timer_deviceConfig__I)
                  11813420    00000340     FinalContestRobot2_pe674.oe674 (.text:xdc_runtime_System_printfExtend__I)
                  11813760    00000320     rts6740_elf.lib : cos.obj (.text:cos)
                  11813a80    00000300                     : strtoul.obj (.text:strtoul)
                  11813d80    000002e0                     : sin.obj (.text:sin)
                  11814060    000002e0     sysbios.ae674 : BIOS.obj (.text:ti_sysbios_timers_timer64_Timer_setPeriodMicroSecs__E)
                  11814340    000002c0     ti.targets.rts6000.ae674 : LoggerBuf.oe674 (.text:xdc_runtime_LoggerBuf_write8__E)
                  11814600    000002a0     rts6740_elf.lib : divf.obj (.text:__c6xabi_divf)
                  118148a0    000002a0                     : _printfi.obj (.text:_pconv_f)
                  11814b40    000002a0                     : _printfi.obj (.text:fcvt)
                  11814de0    00000280                     : cosf.obj (.text:cosf)
                  11815060    00000260                     : imath64.obj (.text:__c6xabi_divull)
                  118152c0    00000260                     : sinf.obj (.text:sinf)
                  11815520    00000260     ti.targets.rts6000.ae674 : Startup.oe674 (.text:xdc_runtime_Startup_startMods__I)
                  11815780    00000240     sysbios.ae674 : BIOS.obj (.text:ti_sysbios_family_c64p_Exception_internalHandler__I)
                  118159c0    00000220     rts6740_elf.lib : fputc.obj (.text:fputc)
                  11815be0    00000220                     : setvbuf.obj (.text:setvbuf)
                  11815e00    00000200                     : _printfi.obj (.text:_ltostr)
                  11816000    00000200     sysbios.ae674 : c64p_Hwi_disp_always.obj (.text:_ti_sysbios_family_c64p_Hwi_dispatchAlways)
                  11816200    00000200     ti.targets.rts6000.ae674 : Error.oe674 (.text:xdc_runtime_Error_policyDefault__E)
                  11816400    000001e0     sysbios.ae674 : BIOS.obj (.text:ti_sysbios_family_c64p_Cache_block__I)
                  118165e0    000001e0     ti.targets.rts6000.ae674 : LoggerBuf.oe674 (.text:xdc_runtime_LoggerBuf_write4__E)
                  118167c0    000001e0                              : Text.oe674 (.text:xdc_runtime_Text_putSite__E)
                  118169a0    000001c0     rts6740_elf.lib : imath40.obj (.text:__c6xabi_divul)
                  11816b60    000001c0                     : frexp.obj (.text:frexp)
                  11816d20    000001c0     sysbios.ae674 : BIOS.obj (.text:ti_sysbios_heaps_HeapMem_alloc__E)
                  11816ee0    000001c0                   : BIOS.obj (.text:ti_sysbios_knl_Task_checkStacks__E)
                  118170a0    000001a0     rts6740_elf.lib : hostrename.obj (.text:HOSTrename)
                  11817240    000001a0     LCDprintf.obj (.text)
                  118173e0    000001a0     rts6740_elf.lib : _scanfi.obj (.text:_sproc_str)
                  11817580    000001a0                     : frexpf.obj (.text:frexpf)
                  11817720    000001a0     sysbios.ae674 : BIOS.obj (.text:ti_sysbios_family_c64p_Cache_getL2InitSize__I)
                  118178c0    000001a0                   : BIOS.obj (.text:ti_sysbios_timers_timer64_Timer_start__E)
                  11817a60    00000180     evmomapl138_bsl.lib : evmomapl138_timer.obj (.text)
                  11817be0    00000180     rts6740_elf.lib : ldexp.obj (.text:ldexp)
                  11817d60    00000180                     : ldexpf.obj (.text:ldexpf)
                  11817ee0    00000180     sysbios.ae674 : c64p_Exception_asm.obj (.text)
                  11818060    00000180                   : BIOS.obj (.text:ti_sysbios_knl_Task_sleep__E)
                  118181e0    00000160                   : BIOS.obj (.text:ti_sysbios_heaps_HeapMem_free__E)
                  11818340    00000160     ti.targets.rts6000.ae674 : Text.oe674 (.text:xdc_runtime_Text_putMod__E)
                  118184a0    00000140     rts6740_elf.lib : fclose.obj (.text:__TI_closefile)
                  118185e0    00000140                     : sscanf.obj (.text:_chkmbc)
                  11818720    00000140                     : atan2f.obj (.text:atan2f)
                  11818860    00000140                     : getdevice.obj (.text:getdevice)
                  118189a0    00000140     sysbios.ae674 : BIOS.obj (.text:ti_sysbios_family_c64p_Cache_Module_startup__E)
                  11818ae0    00000140                   : BIOS.obj (.text:ti_sysbios_family_c64p_Cache_getL1DInitSize__I)
                  11818c20    00000140                   : BIOS.obj (.text:ti_sysbios_family_c64p_Cache_getL1PInitSize__I)
                  11818d60    00000140                   : BIOS.obj (.text:ti_sysbios_knl_Task_postInit__I)
                  11818ea0    00000140     ti.targets.rts6000.ae674 : LoggerBuf.oe674 (.text:xdc_runtime_LoggerBuf_setFilterLevel__E)
                  11818fe0    00000140                              : Text.oe674 (.text:xdc_runtime_Text_putLab__E)
                  11819120    00000120     boot.ae674 : autoinit.oe674 (.text:_auto_init_elf)
                  11819240    00000120     rts6740_elf.lib : fseek.obj (.text:fseek)
                  11819360    00000120                     : sqrtf.obj (.text:sqrtf)
                  11819480    00000120     sysbios.ae674 : BIOS.obj (.text:ti_sysbios_family_c64p_Hwi_Module_startup__E)
                  118195a0    00000120                   : BIOS.obj (.text:ti_sysbios_knl_Clock_workFunc__E)
                  118196c0    00000120     ti.targets.rts6000.ae674 : LoggerBuf.oe674 (.text:xdc_runtime_LoggerBuf_getFilterLevel__E)
                  118197e0    00000100     rts6740_elf.lib : copy_decompress_rle.obj (.text:__TI_decompress_rle_core)
                  118198e0    00000100                     : _io_perm.obj (.text:__TI_wrt_ok)
                  118199e0    00000100                     : atanf.obj (.text:atanf)
                  11819ae0    00000100                     : atoi.obj (.text:atoi)
                  11819be0    00000100     pru.obj (.text)
                  11819ce0    00000100     sysbios.ae674 : BIOS.obj (.text:ti_sysbios_knl_Swi_restoreHwi__E)
                  11819de0    00000100                   : BIOS.obj (.text:ti_sysbios_timers_timer64_Timer_initDevice__I)
                  11819ee0    00000100     ti.targets.rts6000.ae674 : Error.oe674 (.text:xdc_runtime_Error_print__E)
                  11819fe0    00000100                              : Memory.oe674 (.text:xdc_runtime_Memory_alloc__E)
                  1181a0e0    00000100                              : Startup.oe674 (.text:xdc_runtime_Startup_exec__E)
                  1181a1e0    000000e0     rts6740_elf.lib : hostlseek.obj (.text:HOSTlseek)
                  1181a2c0    000000e0                     : hostopen.obj (.text:HOSTopen)
                  1181a3a0    000000e0                     : hostwrite.obj (.text:HOSTwrite)
                  1181a480    000000e0                     : divi.obj (.text:__divi)
                  1181a560    000000e0                     : close.obj (.text:close)
                  1181a640    000000e0                     : exit.obj (.text:exit)
                  1181a720    000000e0                     : ltoa.obj (.text:ltoa)
                  1181a800    000000e0                     : memset.obj (.text:memset)
                  1181a8e0    000000e0                     : printf.obj (.text:printf)
                  1181a9c0    000000e0     sysbios.ae674 : BIOS.obj (.text:ti_sysbios_knl_Swi_runLoop__I)
                  1181aaa0    000000e0                   : BIOS.obj (.text:ti_sysbios_knl_Task_Module_startup__E)
                  1181ab80    000000e0                   : BIOS.obj (.text:ti_sysbios_knl_Task_exit__E)
                  1181ac60    000000e0                   : BIOS.obj (.text:ti_sysbios_knl_Task_schedule__I)
                  1181ad40    000000e0                   : BIOS.obj (.text:ti_sysbios_timers_timer64_Timer_startup__E)
                  1181ae20    000000e0     ti.targets.rts6000.ae674 : Text.oe674 (.text:xdc_runtime_Text_visitRope2__I)
                  1181af00    000000c0     rts6740_elf.lib : hostread.obj (.text:HOSTread)
                  1181afc0    000000c0                     : hostunlink.obj (.text:HOSTunlink)
                  1181b080    000000c0                     : fflush.obj (.text:__TI_doflush)
                  1181b140    000000c0                     : divu.obj (.text:__divu)
                  1181b200    000000c0                     : remi.obj (.text:__remi)
                  1181b2c0    000000c0                     : _printfi.obj (.text:_ecpy)
                  1181b380    000000c0     sysbios.ae674 : BIOS.obj (.text:ti_sysbios_family_c64p_Hwi_dispatchCore__I)
                  1181b440    000000c0                   : BIOS.obj (.text:ti_sysbios_heaps_HeapMem_getStats__E)
                  1181b500    000000c0                   : BIOS.obj (.text:ti_sysbios_knl_Semaphore_post__E)
                  1181b5c0    000000c0                   : BIOS.obj (.text:ti_sysbios_knl_Swi_run__I)
                  1181b680    000000c0                   : BIOS.obj (.text:ti_sysbios_knl_Swi_schedule__I)
                  1181b740    000000c0                   : BIOS.obj (.text:ti_sysbios_knl_Task_startCore__E)
                  1181b800    000000c0     rts6740_elf.lib : tls.obj (.text:tls:init:__TI_tls_init)
                  1181b8c0    000000c0     ti.targets.rts6000.ae674 : Error.oe674 (.text:xdc_runtime_Error_setX__E)
                  1181b980    000000c0                              : SysMin.oe674 (.text:xdc_runtime_SysMin_abort__E)
                  1181ba40    000000c0                              : SysMin.oe674 (.text:xdc_runtime_SysMin_flush__E)
                  1181bb00    000000a0     rts6740_elf.lib : hostclose.obj (.text:HOSTclose)
                  1181bba0    000000a0                     : fopen.obj (.text:__TI_cleanup)
                  1181bc40    000000a0                     : round.obj (.text:__c6xabi_nround)
                  1181bce0    000000a0                     : remu.obj (.text:__remu)
                  1181bd80    000000a0     boot.ae674 : boot.oe674 (.text:_c_int00)
                  1181be20    000000a0     rts6740_elf.lib : memcpy64.obj (.text:memcpy)
                  1181bec0    000000a0                     : modf.obj (.text:modf)
                  1181bf60    000000a0     sysbios.ae674 : BIOS.obj (.text:ti_sysbios_family_c64p_Exception_Module_startup__E)
                  1181c000    000000a0                   : BIOS.obj (.text:ti_sysbios_family_c64p_Hwi_eventMap__E)
                  1181c0a0    000000a0                   : BIOS.obj (.text:ti_sysbios_family_c64p_Hwi_getStackInfo__E)
                  1181c140    000000a0                   : BIOS.obj (.text:ti_sysbios_gates_GateMutex_enter__E)
                  1181c1e0    000000a0                   : BIOS.obj (.text:ti_sysbios_heaps_HeapMem_init__I)
                  1181c280    000000a0                   : BIOS.obj (.text:ti_sysbios_knl_Task_allBlockedFunction__I)
                  1181c320    000000a0                   : BIOS.obj (.text:ti_sysbios_timers_timer64_Timer_stop__E)
                  1181c3c0    000000a0     ti.targets.rts6000.ae674 : SysMin.oe674 (.text:xdc_runtime_SysMin_putch__E)
                  1181c460    000000a0                              : System.oe674 (.text:xdc_runtime_System_formatNum__I)
                  1181c500    000000a0                              : System.oe674 (.text:xdc_runtime_System_putchar__I)
                  1181c5a0    000000a0                              : Text.oe674 (.text:xdc_runtime_Text_printVisFxn__I)
                  1181c640    000000a0                              : Text.oe674 (.text:xdc_runtime_Text_xprintf__I)
                  1181c6e0    00000080     rts6740_elf.lib : trgmsg.obj (.text:__TI_readmsg)
                  1181c760    00000080                     : llshift.obj (.text:__c6xabi_llshl)
                  1181c7e0    00000080                     : roundf.obj (.text:__c6xabi_roundf)
                  1181c860    00000080     sysbios.ae674 : c62_TaskSupport_asm.obj (.text:_ti_sysbios_family_c62_TaskSupport_swap__E)
                  1181c8e0    00000080     rts6740_elf.lib : getdevice.obj (.text:finddevice)
                  1181c960    00000080     sysbios.ae674 : BIOS.obj (.text:ti_sysbios_family_c64p_Cache_wait__E)
                  1181c9e0    00000080                   : BIOS.obj (.text:ti_sysbios_hal_Hwi_checkStack)
                  1181ca60    00000080                   : BIOS.obj (.text:ti_sysbios_hal_Hwi_initStack)
                  1181cae0    00000080                   : BIOS.obj (.text:ti_sysbios_knl_Idle_run__E)
                  1181cb60    00000080                   : BIOS.obj (.text:ti_sysbios_knl_Swi_post__E)
                  1181cbe0    00000080                   : BIOS.obj (.text:ti_sysbios_knl_Swi_startup__E)
                  1181cc60    00000080                   : BIOS.obj (.text:ti_sysbios_knl_Task_processVitalTaskFlag__I)
                  1181cce0    00000080                   : BIOS.obj (.text:ti_sysbios_knl_Task_restoreHwi__E)
                  1181cd60    00000080                   : BIOS.obj (.text:ti_sysbios_knl_Task_restore__E)
                  1181cde0    00000080     FinalContestRobot2_pe674.oe674 (.text:ti_sysbios_rts_MemAlloc_alloc)
                  1181ce60    00000080     rts6740_elf.lib : unlink.obj (.text:unlink)
                  1181cee0    00000080     ti.targets.rts6000.ae674 : LoggerBuf.oe674 (.text:xdc_runtime_LoggerBuf_Module_startup__E)
                  1181cf60    00000080                              : LoggerBuf.oe674 (.text:xdc_runtime_LoggerBuf_filterOutEvent__I)
                  1181cfe0    00000080                              : System.oe674 (.text:xdc_runtime_System_atexit__E)
                  1181d060    00000080                              : System.oe674 (.text:xdc_runtime_System_avprintf__E)
                  1181d0e0    00000080                              : System.oe674 (.text:xdc_runtime_System_processAtExit__E)
                  1181d160    00000080                              : System.oe674 (.text:xdc_runtime_System_vprintf__E)
                  1181d1e0    00000060     rts6740_elf.lib : trgmsg.obj (.text:__TI_writemsg)
                  1181d240    00000060                     : llshift.obj (.text:__c6xabi_llshru)
                  1181d2a0    00000060                     : imath64.obj (.text:__c6xabi_remull)
                  1181d300    00000060                     : imath64.obj (.text:_subcull)
                  1181d360    00000060     sysbios.ae674 : c64p_Hwi_asm_switch.obj (.text:_ti_sysbios_family_c64p_Hwi_switchAndDispatch__I)
                  1181d3c0    00000060                   : c64p_Hwi_asm_switch.obj (.text:_ti_sysbios_family_xxx_Hwi_switchAndRunFunc)
                  1181d420    00000060     rts6740_elf.lib : lseek.obj (.text:lseek)
                  1181d480    00000060                     : memccpy.obj (.text:memccpy)
                  1181d4e0    00000060                     : modff.obj (.text:modff)
                  1181d540    00000060                     : sprintf.obj (.text:sprintf)
                  1181d5a0    00000060                     : sscanf.obj (.text:sscanf)
                  1181d600    00000060                     : _scanfi.obj (.text:strrchr)
                  1181d660    00000060     FinalContestRobot2_pe674.oe674 (.text:ti_sysbios_BIOS_atExitFunc__I)
                  1181d6c0    00000060     FinalContestRobot2_pe674.oe674 (.text:ti_sysbios_BIOS_errorRaiseHook__I)
                  1181d720    00000060     FinalContestRobot2_pe674.oe674 (.text:ti_sysbios_BIOS_rtsLock__I)
                  1181d780    00000060     FinalContestRobot2_pe674.oe674 (.text:ti_sysbios_BIOS_rtsUnlock__I)
                  1181d7e0    00000060     sysbios.ae674 : BIOS.obj (.text:ti_sysbios_family_c62_TaskSupport_start__E)
                  1181d840    00000060                   : BIOS.obj (.text:ti_sysbios_family_c64p_Cache_marInit__I)
                  1181d8a0    00000060                   : BIOS.obj (.text:ti_sysbios_family_c64p_Cache_setMar__E)
                  1181d900    00000060     FinalContestRobot2_pe674.oe674 (.text:ti_sysbios_heaps_HeapMem_Object__get__S)
                  1181d960    00000060     sysbios.ae674 : BIOS.obj (.text:ti_sysbios_knl_Clock_Module_startup__E)
                  1181d9c0    00000060     FinalContestRobot2_pe674.oe674 (.text:ti_sysbios_knl_Clock_doTick__I)
                  1181da20    00000060     sysbios.ae674 : BIOS.obj (.text:ti_sysbios_knl_Semaphore_pendTimeout__I)
                  1181da80    00000060                   : BIOS.obj (.text:ti_sysbios_knl_Swi_Module_startup__E)
                  1181dae0    00000060     FinalContestRobot2_pe674.oe674 (.text:ti_sysbios_knl_Swi_Object__get__S)
                  1181db40    00000060     FinalContestRobot2_pe674.oe674 (.text:ti_sysbios_knl_Task_Object__get__S)
                  1181dba0    00000060     sysbios.ae674 : BIOS.obj (.text:ti_sysbios_knl_Task_enter__I)
                  1181dc00    00000060                   : BIOS.obj (.text:ti_sysbios_knl_Task_unblockI__E)
                  1181dc60    00000060     rts6740_elf.lib : write.obj (.text:write)
                  1181dcc0    00000060     FinalContestRobot2_pe674.oe674 (.text:xdc_runtime_LoggerBuf_Object__get__S)
                  1181dd20    00000060     ti.targets.rts6000.ae674 : LoggerBuf.oe674 (.text:xdc_runtime_LoggerBuf_reset__E)
                  1181dd80    00000060     FinalContestRobot2_pe674.oe674 (.text:xdc_runtime_SysMin_output__I)
                  1181dde0    00000040     rts6740_elf.lib : frcmpyd_div.obj (.text:__TI_frcmpyd_div)
                  1181de20    00000040                     : isinf.obj (.text:__c6xabi_isinf)
                  1181de60    00000040                     : _printfi.obj (.text:__c6xabi_isnan)
                  1181dea0    00000040                     : args_main.obj (.text:_args_main)
                  1181dee0    00000040                     : sprintf.obj (.text:_outs)
                  1181df20    00000040                     : vsprintf.obj (.text:_outs)
                  1181df60    00000040     sysbios.ae674 : c62_TaskSupport_asm.obj (.text:_ti_sysbios_family_c62_TaskSupport_buildTaskStack)
                  1181dfa0    00000040     FinalContestRobot2_pe674.oe674 (.text:free)
                  1181dfe0    00000040     FinalContestRobot2_pe674.oe674 (.text:ti_sysbios_BIOS_exitFunc__I)
                  1181e020    00000040     FinalContestRobot2_pe674.oe674 (.text:ti_sysbios_BIOS_registerRTSLock__I)
                  1181e060    00000040     FinalContestRobot2_pe674.oe674 (.text:ti_sysbios_BIOS_removeRTSLock__I)
                  1181e0a0    00000040     FinalContestRobot2_pe674.oe674 (.text:ti_sysbios_BIOS_startFunc__I)
                  1181e0e0    00000040     FinalContestRobot2_pe674.oe674 (.text:ti_sysbios_family_c64p_Hwi_Module__startupDone__F)
                  1181e120    00000040     sysbios.ae674 : BIOS.obj (.text:ti_sysbios_family_c64p_Hwi_disableInterrupt__E)
                  1181e160    00000040                   : BIOS.obj (.text:ti_sysbios_family_c64p_Hwi_dispatchC__I)
                  1181e1a0    00000040                   : BIOS.obj (.text:ti_sysbios_family_c64p_Hwi_enableInterrupt__E)
                  1181e1e0    00000040                   : BIOS.obj (.text:ti_sysbios_family_c64p_primus_TimerSupport_enable__E)
                  1181e220    00000040                   : BIOS.obj (.text:ti_sysbios_gates_GateMutex_leave__E)
                  1181e260    00000040     FinalContestRobot2_pe674.oe674 (.text:ti_sysbios_hal_Hwi_HwiProxy_getStackInfo__E)
                  1181e2a0    00000040     FinalContestRobot2_pe674.oe674 (.text:ti_sysbios_knl_Clock_Module_State_clockQ)
                  1181e2e0    00000040     FinalContestRobot2_pe674.oe674 (.text:ti_sysbios_knl_Queue_Object__get__S)
                  1181e320    00000040     FinalContestRobot2_pe674.oe674 (.text:ti_sysbios_timers_timer64_Timer_Module__startupDone__F)
                  1181e360    00000040     rts6740_elf.lib : vsprintf.obj (.text:vsprintf)
                  1181e3a0    00000040     ti.targets.rts6000.ae674 : Error.oe674 (.text:xdc_runtime_Error_check__E)
                  1181e3e0    00000040                              : Error.oe674 (.text:xdc_runtime_Error_init__E)
                  1181e420    00000040     FinalContestRobot2_pe674.oe674 (.text:xdc_runtime_IHeap_alloc)
                  1181e460    00000040     FinalContestRobot2_pe674.oe674 (.text:xdc_runtime_IHeap_free)
                  1181e4a0    00000040     ti.targets.rts6000.ae674 : LoggerBuf.oe674 (.text:xdc_runtime_LoggerBuf_write0__E)
                  1181e4e0    00000040                              : LoggerBuf.oe674 (.text:xdc_runtime_LoggerBuf_write1__E)
                  1181e520    00000040                              : LoggerBuf.oe674 (.text:xdc_runtime_LoggerBuf_write2__E)
                  1181e560    00000040                              : Registry.oe674 (.text:xdc_runtime_Registry_findById__E)
                  1181e5a0    00000040     FinalContestRobot2_pe674.oe674 (.text:xdc_runtime_Startup_exec__I)
                  1181e5e0    00000040     ti.targets.rts6000.ae674 : SysMin.oe674 (.text:xdc_runtime_SysMin_Module_startup__E)
                  1181e620    00000040                              : SysMin.oe674 (.text:xdc_runtime_SysMin_exit__E)
                  1181e660    00000040                              : System.oe674 (.text:xdc_runtime_System_abort__E)
                  1181e6a0    00000040     FinalContestRobot2_pe674.oe674 (.text:xdc_runtime_System_aprintf__E)
                  1181e6e0    00000040     ti.targets.rts6000.ae674 : System.oe674 (.text:xdc_runtime_System_exit__E)
                  1181e720    00000040     FinalContestRobot2_pe674.oe674 (.text:xdc_runtime_System_printf__E)
                  1181e760    00000040     FinalContestRobot2_pe674.oe674 (.text:xdc_runtime_Text_visitRope__I)
                  1181e7a0    00000020     rts6740_elf.lib : errno.obj (.text:__c6xabi_errno_addr)
                  1181e7c0    00000020                     : trunc.obj (.text:__c6xabi_trunc)
                  1181e7e0    00000020                     : truncf.obj (.text:__c6xabi_truncf)
                  1181e800    00000020                     : sscanf.obj (.text:_inpchar)
                  1181e820    00000020                     : _lock.obj (.text:_nop)
                  1181e840    00000020                     : printf.obj (.text:_outc)
                  1181e860    00000020                     : sprintf.obj (.text:_outc)
                  1181e880    00000020                     : vsprintf.obj (.text:_outc)
                  1181e8a0    00000020                     : printf.obj (.text:_outs)
                  1181e8c0    00000020                     : _lock.obj (.text:_register_lock)
                  1181e8e0    00000020                     : _lock.obj (.text:_register_unlock)
                  1181e900    00000020     sysbios.ae674 : c62_TaskSupport_asm.obj (.text:_ti_sysbios_family_c62_TaskSupport_glue)
                  1181e920    00000020     rts6740_elf.lib : sscanf.obj (.text:_uninpchar)
                  1181e940    00000020                     : exit.obj (.text:abort)
                  1181e960    00000020                     : copy_decompress_none.obj (.text:decompress:none:__TI_decompress_none)
                  1181e980    00000020                     : copy_decompress_rle.obj (.text:decompress:rle24:__TI_decompress_rle24)
                  1181e9a0    00000020     FinalContestRobot2_pe674.oe674 (.text:malloc)
                  1181e9c0    00000020     FinalContestRobot2_pe674.oe674 (.text:ti_sysbios_BIOS_RtsGateProxy_enter__E)
                  1181e9e0    00000020     FinalContestRobot2_pe674.oe674 (.text:ti_sysbios_BIOS_RtsGateProxy_leave__E)
                  1181ea00    00000020     sysbios.ae674 : BIOS.obj (.text:ti_sysbios_BIOS_linkedWithIncorrectBootLibrary__E)
                  1181ea20    00000020     FinalContestRobot2_pe674.oe674 (.text:ti_sysbios_BIOS_nullFunc__I)
                  1181ea40    00000020     sysbios.ae674 : BIOS.obj (.text:ti_sysbios_BIOS_setThreadType__E)
                  1181ea60    00000020                   : BIOS.obj (.text:ti_sysbios_BIOS_start__E)
                  1181ea80    00000020     FinalContestRobot2_pe674.oe674 (.text:ti_sysbios_family_c62_TaskSupport_Module__startupDone__S)
                  1181eaa0    00000020     sysbios.ae674 : BIOS.obj (.text:ti_sysbios_family_c62_TaskSupport_checkStack__E)
                  1181eac0    00000020                   : BIOS.obj (.text:ti_sysbios_family_c64p_Cache_inv__E)
                  1181eae0    00000020                   : BIOS.obj (.text:ti_sysbios_family_c64p_Cache_wb__E)
                  1181eb00    00000020     FinalContestRobot2_pe674.oe674 (.text:ti_sysbios_family_c64p_Hwi_Module__startupDone__S)
                  1181eb20    00000020     sysbios.ae674 : BIOS.obj (.text:ti_sysbios_family_c64p_Hwi_clearInterrupt__E)
                  1181eb40    00000020                   : BIOS.obj (.text:ti_sysbios_family_c64p_Hwi_startup__E)
                  1181eb60    00000020                   : BIOS.obj (.text:ti_sysbios_family_c64p_Hwi_switchFromBootStack__E)
                  1181eb80    00000020                   : BIOS.obj (.text:ti_sysbios_family_c64p_TimestampProvider_Module_startup__E)
                  1181eba0    00000020                   : BIOS.obj (.text:ti_sysbios_family_c64p_TimestampProvider_get64__E)
                  1181ebc0    00000020                   : BIOS.obj (.text:ti_sysbios_gates_GateHwi_enter__E)
                  1181ebe0    00000020                   : BIOS.obj (.text:ti_sysbios_gates_GateHwi_leave__E)
                  1181ec00    00000020                   : BIOS.obj (.text:ti_sysbios_gates_GateHwi_query__E)
                  1181ec20    00000020                   : BIOS.obj (.text:ti_sysbios_gates_GateMutex_query__E)
                  1181ec40    00000020     FinalContestRobot2_pe674.oe674 (.text:ti_sysbios_hal_Hwi_HwiProxy_Module__startupDone__S)
                  1181ec60    00000020     FinalContestRobot2_pe674.oe674 (.text:ti_sysbios_hal_Hwi_HwiProxy_clearInterrupt__E)
                  1181ec80    00000020     FinalContestRobot2_pe674.oe674 (.text:ti_sysbios_hal_Hwi_HwiProxy_disableInterrupt__E)
                  1181eca0    00000020     FinalContestRobot2_pe674.oe674 (.text:ti_sysbios_hal_Hwi_HwiProxy_enableInterrupt__E)
                  1181ecc0    00000020     FinalContestRobot2_pe674.oe674 (.text:ti_sysbios_hal_Hwi_HwiProxy_startup__E)
                  1181ece0    00000020     FinalContestRobot2_pe674.oe674 (.text:ti_sysbios_hal_Hwi_HwiProxy_switchFromBootStack__E)
                  1181ed00    00000020     sysbios.ae674 : BIOS.obj (.text:ti_sysbios_hal_Hwi_Module_startup__E)
                  1181ed20    00000020     FinalContestRobot2_pe674.oe674 (.text:ti_sysbios_heaps_HeapMem_Module_GateProxy_enter__E)
                  1181ed40    00000020     FinalContestRobot2_pe674.oe674 (.text:ti_sysbios_heaps_HeapMem_Module_GateProxy_leave__E)
                  1181ed60    00000020     FinalContestRobot2_pe674.oe674 (.text:ti_sysbios_heaps_HeapMem_Module_GateProxy_query__E)
                  1181ed80    00000020     sysbios.ae674 : BIOS.obj (.text:ti_sysbios_heaps_HeapMem_isBlocking__E)
                  1181eda0    00000020     FinalContestRobot2_pe674.oe674 (.text:ti_sysbios_knl_Clock_TimerProxy_Module__startupDone__S)
                  1181edc0    00000020     FinalContestRobot2_pe674.oe674 (.text:ti_sysbios_knl_Clock_TimerProxy_getMaxTicks__E)
                  1181ede0    00000020     sysbios.ae674 : BIOS.obj (.text:ti_sysbios_knl_Clock_getTicks__E)
                  1181ee00    00000020                   : BIOS.obj (.text:ti_sysbios_knl_Clock_logTick__E)
                  1181ee20    00000020                   : BIOS.obj (.text:ti_sysbios_knl_Idle_loop__E)
                  1181ee40    00000020                   : BIOS.obj (.text:ti_sysbios_knl_Queue_empty__E)
                  1181ee60    00000020                   : BIOS.obj (.text:ti_sysbios_knl_Swi_disable__E)
                  1181ee80    00000020     FinalContestRobot2_pe674.oe674 (.text:ti_sysbios_knl_Task_SupportProxy_Module__startupDone__S)
                  1181eea0    00000020     FinalContestRobot2_pe674.oe674 (.text:ti_sysbios_knl_Task_SupportProxy_checkStack__E)
                  1181eec0    00000020     FinalContestRobot2_pe674.oe674 (.text:ti_sysbios_knl_Task_SupportProxy_start__E)
                  1181eee0    00000020     FinalContestRobot2_pe674.oe674 (.text:ti_sysbios_knl_Task_SupportProxy_swap__E)
                  1181ef00    00000020     sysbios.ae674 : BIOS.obj (.text:ti_sysbios_knl_Task_disable__E)
                  1181ef20    00000020                   : BIOS.obj (.text:ti_sysbios_knl_Task_sleepTimeout__I)
                  1181ef40    00000020                   : BIOS.obj (.text:ti_sysbios_knl_Task_startup__E)
                  1181ef60    00000020     FinalContestRobot2_pe674.oe674 (.text:ti_sysbios_timers_timer64_Timer_Module__startupDone__S)
                  1181ef80    00000020     FinalContestRobot2_pe674.oe674 (.text:ti_sysbios_timers_timer64_Timer_TimerSupportProxy_enable__E)
                  1181efa0    00000020     sysbios.ae674 : BIOS.obj (.text:ti_sysbios_timers_timer64_Timer_getMaxTicks__E)
                  1181efc0    00000020     FinalContestRobot2_pe674.oe674 (.text:xdc_iargToPtr)
                  1181efe0    00000020     ti.targets.rts6000.ae674 : Error.oe674 (.text:xdc_runtime_Error_getSite__E)
                  1181f000    00000020                              : Error.oe674 (.text:xdc_runtime_Error_raiseX__E)
                  1181f020    00000020                              : Gate.oe674 (.text:xdc_runtime_Gate_enterSystem__E)
                  1181f040    00000020                              : Gate.oe674 (.text:xdc_runtime_Gate_leaveSystem__E)
                  1181f060    00000020     FinalContestRobot2_pe674.oe674 (.text:xdc_runtime_LoggerBuf_Module_GateProxy_enter__E)
                  1181f080    00000020     FinalContestRobot2_pe674.oe674 (.text:xdc_runtime_LoggerBuf_Module_GateProxy_leave__E)
                  1181f0a0    00000020     FinalContestRobot2_pe674.oe674 (.text:xdc_runtime_LoggerBuf_TimestampProxy_get64__E)
                  1181f0c0    00000020     ti.targets.rts6000.ae674 : LoggerBuf.oe674 (.text:xdc_runtime_LoggerBuf_disable__E)
                  1181f0e0    00000020                              : LoggerBuf.oe674 (.text:xdc_runtime_LoggerBuf_enable__E)
                  1181f100    00000020     FinalContestRobot2_pe674.oe674 (.text:xdc_runtime_Memory_HeapProxy_alloc__E)
                  1181f120    00000020     FinalContestRobot2_pe674.oe674 (.text:xdc_runtime_Memory_HeapProxy_free__E)
                  1181f140    00000020     ti.targets.rts6000.ae674 : Memory.oe674 (.text:xdc_runtime_Memory_free__E)
                  1181f160    00000020                              : Memory.oe674 (.text:xdc_runtime_Memory_getMaxDefaultTypeAlign__E)
                  1181f180    00000020     FinalContestRobot2_pe674.oe674 (.text:xdc_runtime_Startup_reset__I)
                  1181f1a0    00000020     ti.targets.rts6000.ae674 : Startup.oe674 (.text:xdc_runtime_Startup_rtsDone__E)
                  1181f1c0    00000020                              : SysMin.oe674 (.text:xdc_runtime_SysMin_ready__E)
                  1181f1e0    00000020     FinalContestRobot2_pe674.oe674 (.text:xdc_runtime_System_Module_GateProxy_enter__E)
                  1181f200    00000020     FinalContestRobot2_pe674.oe674 (.text:xdc_runtime_System_Module_GateProxy_leave__E)
                  1181f220    00000020     ti.targets.rts6000.ae674 : System.oe674 (.text:xdc_runtime_System_Module_startup__E)
                  1181f240    00000020     FinalContestRobot2_pe674.oe674 (.text:xdc_runtime_System_SupportProxy_abort__E)
                  1181f260    00000020     FinalContestRobot2_pe674.oe674 (.text:xdc_runtime_System_SupportProxy_exit__E)
                  1181f280    00000020     FinalContestRobot2_pe674.oe674 (.text:xdc_runtime_System_SupportProxy_putch__E)
                  1181f2a0    00000020     FinalContestRobot2_pe674.oe674 (.text:xdc_runtime_System_SupportProxy_ready__E)
                  1181f2c0    00000020     ti.targets.rts6000.ae674 : System.oe674 (.text:xdc_runtime_System_vsnprintf__E)
                  1181f2e0    00000020                              : Text.oe674 (.text:xdc_runtime_Text_ropeText__E)

.far       0    1181f300    00008e50     UNINITIALIZED
                  1181f300    000028c0     FinalContestRobot2_pe674.oe674 (.far:taskStackSection)
                  11821bc0    00001000     (.common:ti_sysbios_heaps_HeapMem_Instance_State_0_buf__A)
                  11822bc0    00000fa0     (.common:enc0_array)
                  11823b60    00000c00     (.common:object_stats)
                  11824760    0000001e     (.common:LADARoutBuffer)
                  1182477e    00000002     --HOLE--
                  11824780    00000578     (.common:LADARinBuffer)
                  11824cf8    00000400     (.common:equivalency_objects)
                  118250f8    00000400     (.common:temp_equivalency_objects)
                  118254f8    000003e8     (.common:LADARangle)
                  118258e0    000003e8     (.common:LADARdataX)
                  11825cc8    000003e8     (.common:LADARdataY)
                  118260b0    000003e8     (.common:LADARdistance)
                  11826498    000003e8     (.common:newLADARangle)
                  11826880    000003e8     (.common:newLADARdataX)
                  11826c68    000003e8     (.common:newLADARdataY)
                  11827050    000003e8     (.common:newLADARdistance)
                  11827438    0000039c     (.common:final_object_stats)
                  118277d4    00000004     --HOLE--
                  118277d8    00000200     (.common:xdc_runtime_LoggerBuf_Instance_State_0_entryArr__A)
                  118279d8    00000200     (.common:xdc_runtime_SysMin_Module_State_0_outbuf__A)
                  11827bd8    00000140     (.common:__TI_tmpnams)
                  11827d18    00000102     (.common:fromLinuxstring)
                  11827e1a    00000006     --HOLE--
                  11827e20    00000102     (.common:toLinuxstring)
                  11827f22    00000006     --HOLE--
                  11827f28    00000028     (.common:i2cdata)
                  11827f50    00000024     (.common:temp_3x3)
                  11827f74    0000000c     (.common:LADARps)
                  11827f80    0000009c     (.common:f28335recData)
                  1182801c    00000004     --HOLE--
                  11828020    00000060     (.common:robotdest)
                  11828080    00000068     (.common:f28335TXData)
                  118280e8    00000014     (.common:Optitrackdata)
                  118280fc    0000000c     (.common:OPTITRACKps)
                  11828108    0000000c     (.common:ROBOTps)
                  11828114    00000004     --HOLE--
                  11828118    0000000c     (.common:temp_3x1)
                  11828124    00000004     --HOLE--
                  11828128    0000000c     (.common:ytilde)
                  11828134    00000004     --HOLE--
                  11828138    0000000c     (.common:z)
                  11828144    00000004     --HOLE--
                  11828148    00000008     (.common:parmbuf)

.const     0    11828150    00002682     
                  11828150    000019b9     FinalContestRobot2_pe674.oe674 (.const:xdc_runtime_Text_charTab__A)
                  11829b09    00000001     FinalContestRobot2_pe674.oe674 (.const:ti_sysbios_timers_timer64_Timer_localTimerBaseId__C)
                  11829b0a    00000002     FinalContestRobot2_pe674.oe674 (.const:ti_sysbios_family_c64p_Cache_Module__id__C)
                  11829b0c    00000518     sysbios.ae674 : BIOS.obj (.const:.string)
                  1182a024    00000004     FinalContestRobot2_pe674.oe674 (.const:ti_sysbios_BIOS_installedErrorHook__C)
                  1182a028    00000101     rts6740_elf.lib : ctype.obj (.const:.string:_ctypes_)
                  1182a129    00000001     --HOLE-- [fill = 0]
                  1182a12a    00000002     FinalContestRobot2_pe674.oe674 (.const:ti_sysbios_family_c64p_Exception_Module__id__C)
                  1182a12c    00000004     FinalContestRobot2_pe674.oe674 (.const:ti_sysbios_family_c64p_Cache_EMIFA_BASE__C)
                  1182a130    000000cc     FinalContestRobot2_pe674.oe674 (.const:xdc_runtime_Text_nodeTab__A)
                  1182a1fc    00000004     FinalContestRobot2_pe674.oe674 (.const:ti_sysbios_family_c64p_Cache_EMIFA_CFG__C)
                  1182a200    00000080     evmomapl138_bsl.lib : evmomapl138.obj (.const:bitval_u32)
                  1182a280    0000007c     user_FinalContestRobot2.obj (.const:.string)
                  1182a2fc    00000058     ti.targets.rts6000.ae674 : Error.oe674 (.const:.string)
                  1182a354    00000004     FinalContestRobot2_pe674.oe674 (.const:ti_sysbios_family_c64p_Cache_EMIFA_LENGTH__C)
                  1182a358    00000050     rts6740_elf.lib : strtod.obj (.const:digits)
                  1182a3a8    00000048                     : strtod.obj (.const:powerof10)
                  1182a3f0    00000044     Ladar.obj (.const:.string)
                  1182a434    00000040     evmomapl138_bsl.lib : evmomapl138.obj (.const:.string)
                  1182a474    00000040     ti.targets.rts6000.ae674 : Text.oe674 (.const:.string)
                  1182a4b4    0000003c     FinalContestRobot2_pe674.oe674 (.const:xdc_runtime_LoggerBuf_Module__FXNS__C)
                  1182a4f0    00000030     FinalContestRobot2_pe674.oe674 (.const:xdc_runtime_Startup_sfxnTab__A)
                  1182a520    0000002c     ti.targets.rts6000.ae674 : Startup.oe674 (.const:.string)
                  1182a54c    00000028     FinalContestRobot2_pe674.oe674 (.const:ti_sysbios_heaps_HeapMem_Module__FXNS__C)
                  1182a574    00000024     rts6740_elf.lib : _printfi.obj (.const:.string)
                  1182a598    00000024     FinalContestRobot2_pe674.oe674 (.const:ti_sysbios_gates_GateHwi_Module__FXNS__C)
                  1182a5bc    00000024     FinalContestRobot2_pe674.oe674 (.const:ti_sysbios_gates_GateMutex_Module__FXNS__C)
                  1182a5e0    00000018     ColorLCD.obj (.const:$P$T0$1)
                  1182a5f8    00000018     ti.targets.rts6000.ae674 : System.oe674 (.const:.string)
                  1182a610    00000018     FinalContestRobot2_pe674.oe674 (.const:xdc_runtime_Startup_sfxnRts__A)
                  1182a628    00000010     evmomapl138_bsl.lib : evmomapl138_uart.obj (.const:.string)
                  1182a638    00000008     FinalContestRobot2_pe674.oe674 (.const:ti_sysbios_knl_Idle_funcList__C)
                  1182a640    00000008     FinalContestRobot2_pe674.oe674 (.const:xdc_runtime_Startup_firstFxns__A)
                  1182a648    00000008     FinalContestRobot2_pe674.oe674 (.const:xdc_runtime_Startup_firstFxns__C)
                  1182a650    00000008     FinalContestRobot2_pe674.oe674 (.const:xdc_runtime_Startup_lastFxns__C)
                  1182a658    00000007     rts6740_elf.lib : _scanfi.obj (.const:.string:flit$1)
                  1182a65f    00000001     --HOLE-- [fill = 0]
                  1182a660    00000006                     : _scanfi.obj (.const:.string:barr$2)
                  1182a666    00000002     FinalContestRobot2_pe674.oe674 (.const:ti_sysbios_family_c64p_Exception_useInternalBuffer__C)
                  1182a668    00000004     Ladar.obj (.const:.string:$P$T0$1)
                  1182a66c    00000004     FinalContestRobot2_pe674.oe674 (.const:ti_sysbios_family_c64p_Cache_EMIFB_BASE__C)
                  1182a670    00000004     FinalContestRobot2_pe674.oe674 (.const:ti_sysbios_family_c64p_Cache_EMIFB_CFG__C)
                  1182a674    00000004     FinalContestRobot2_pe674.oe674 (.const:ti_sysbios_family_c64p_Cache_EMIFB_LENGTH__C)
                  1182a678    00000004     FinalContestRobot2_pe674.oe674 (.const:ti_sysbios_family_c64p_Cache_EMIFC_BASE__C)
                  1182a67c    00000004     FinalContestRobot2_pe674.oe674 (.const:ti_sysbios_family_c64p_Cache_EMIFC_CFG__C)
                  1182a680    00000004     FinalContestRobot2_pe674.oe674 (.const:ti_sysbios_family_c64p_Cache_EMIFC_LENGTH__C)
                  1182a684    00000004     FinalContestRobot2_pe674.oe674 (.const:ti_sysbios_family_c64p_Cache_E_invalidL1CacheSize__C)
                  1182a688    00000004     FinalContestRobot2_pe674.oe674 (.const:ti_sysbios_family_c64p_Cache_E_invalidL2CacheSize__C)
                  1182a68c    00000004     FinalContestRobot2_pe674.oe674 (.const:ti_sysbios_family_c64p_Cache_MAR0_31__C)
                  1182a690    00000004     FinalContestRobot2_pe674.oe674 (.const:ti_sysbios_family_c64p_Cache_MAR128_159__C)
                  1182a694    00000004     FinalContestRobot2_pe674.oe674 (.const:ti_sysbios_family_c64p_Cache_MAR160_191__C)
                  1182a698    00000004     FinalContestRobot2_pe674.oe674 (.const:ti_sysbios_family_c64p_Cache_MAR192_223__C)
                  1182a69c    00000004     FinalContestRobot2_pe674.oe674 (.const:ti_sysbios_family_c64p_Cache_MAR224_255__C)
                  1182a6a0    00000004     FinalContestRobot2_pe674.oe674 (.const:ti_sysbios_family_c64p_Cache_MAR32_63__C)
                  1182a6a4    00000004     FinalContestRobot2_pe674.oe674 (.const:ti_sysbios_family_c64p_Cache_MAR64_95__C)
                  1182a6a8    00000004     FinalContestRobot2_pe674.oe674 (.const:ti_sysbios_family_c64p_Cache_MAR96_127__C)
                  1182a6ac    00000004     FinalContestRobot2_pe674.oe674 (.const:ti_sysbios_family_c64p_Exception_E_exceptionMax__C)
                  1182a6b0    00000004     FinalContestRobot2_pe674.oe674 (.const:ti_sysbios_family_c64p_Exception_exceptionHook__C)
                  1182a6b4    00000004     FinalContestRobot2_pe674.oe674 (.const:ti_sysbios_family_c64p_Exception_externalHook__C)
                  1182a6b8    00000004     FinalContestRobot2_pe674.oe674 (.const:ti_sysbios_family_c64p_Exception_internalHook__C)
                  1182a6bc    00000004     FinalContestRobot2_pe674.oe674 (.const:ti_sysbios_family_c64p_Exception_nmiHook__C)
                  1182a6c0    00000004     FinalContestRobot2_pe674.oe674 (.const:ti_sysbios_gates_GateMutex_Instance_State_sem__O)
                  1182a6c4    00000004     FinalContestRobot2_pe674.oe674 (.const:ti_sysbios_hal_Hwi_E_stackOverflow__C)
                  1182a6c8    00000004     FinalContestRobot2_pe674.oe674 (.const:ti_sysbios_heaps_HeapMem_E_memory__C)
                  1182a6cc    00000004     FinalContestRobot2_pe674.oe674 (.const:ti_sysbios_heaps_HeapMem_Module__gateObj__C)
                  1182a6d0    00000004     FinalContestRobot2_pe674.oe674 (.const:ti_sysbios_heaps_HeapMem_Object__count__C)
                  1182a6d4    00000004     FinalContestRobot2_pe674.oe674 (.const:ti_sysbios_heaps_HeapMem_Object__table__C)
                  1182a6d8    00000004     FinalContestRobot2_pe674.oe674 (.const:ti_sysbios_knl_Clock_Module_State_clockQ__O)
                  1182a6dc    00000004     FinalContestRobot2_pe674.oe674 (.const:ti_sysbios_knl_Semaphore_Instance_State_pendQ__O)
                  1182a6e0    00000004     FinalContestRobot2_pe674.oe674 (.const:ti_sysbios_knl_Idle_funcList__A)
                  1182a6e4    00000004     FinalContestRobot2_pe674.oe674 (.const:ti_sysbios_knl_Swi_Object__count__C)
                  1182a6e8    00000004     FinalContestRobot2_pe674.oe674 (.const:ti_sysbios_knl_Swi_Object__table__C)
                  1182a6ec    00000004     FinalContestRobot2_pe674.oe674 (.const:ti_sysbios_knl_Task_E_spOutOfBounds__C)
                  1182a6f0    00000004     FinalContestRobot2_pe674.oe674 (.const:ti_sysbios_knl_Task_E_stackOverflow__C)
                  1182a6f4    00000004     FinalContestRobot2_pe674.oe674 (.const:ti_sysbios_knl_Task_Module_State_inactiveQ__O)
                  1182a6f8    00000004     FinalContestRobot2_pe674.oe674 (.const:ti_sysbios_knl_Task_Object__count__C)
                  1182a6fc    00000004     FinalContestRobot2_pe674.oe674 (.const:ti_sysbios_knl_Task_Object__table__C)
                  1182a700    00000004     FinalContestRobot2_pe674.oe674 (.const:ti_sysbios_knl_Task_allBlockedFunc__C)
                  1182a704    00000004     FinalContestRobot2_pe674.oe674 (.const:ti_sysbios_knl_Task_numConstructedTasks__C)
                  1182a708    00000004     FinalContestRobot2_pe674.oe674 (.const:ti_sysbios_timers_timer64_Timer_E_cannotSupport__C)
                  1182a70c    00000004     FinalContestRobot2_pe674.oe674 (.const:ti_sysbios_timers_timer64_Timer_anyMaskHigh__C)
                  1182a710    00000004     FinalContestRobot2_pe674.oe674 (.const:ti_sysbios_timers_timer64_Timer_anyMask__C)
                  1182a714    00000004     FinalContestRobot2_pe674.oe674 (.const:ti_sysbios_timers_timer64_Timer_freqDivisor__C)
                  1182a718    00000004     FinalContestRobot2_pe674.oe674 (.const:ti_sysbios_timers_timer64_Timer_numLocalTimers__C)
                  1182a71c    00000004     FinalContestRobot2_pe674.oe674 (.const:ti_sysbios_timers_timer64_Timer_numTimerDevices__C)
                  1182a720    00000004     FinalContestRobot2_pe674.oe674 (.const:xdc_runtime_Assert_E_assertFailed__C)
                  1182a724    00000004     FinalContestRobot2_pe674.oe674 (.const:xdc_runtime_Error_E_memory__C)
                  1182a728    00000004     FinalContestRobot2_pe674.oe674 (.const:xdc_runtime_Error_Module__diagsEnabled__C)
                  1182a72c    00000004     FinalContestRobot2_pe674.oe674 (.const:xdc_runtime_Error_Module__diagsIncluded__C)
                  1182a730    00000004     FinalContestRobot2_pe674.oe674 (.const:xdc_runtime_Error_Module__diagsMask__C)
                  1182a734    00000004     FinalContestRobot2_pe674.oe674 (.const:xdc_runtime_Error_Module__loggerFxn8__C)
                  1182a738    00000004     FinalContestRobot2_pe674.oe674 (.const:xdc_runtime_Error_Module__loggerObj__C)
                  1182a73c    00000004     FinalContestRobot2_pe674.oe674 (.const:xdc_runtime_Error_policyFxn__C)
                  1182a740    00000004     FinalContestRobot2_pe674.oe674 (.const:xdc_runtime_Error_policy__C)
                  1182a744    00000004     FinalContestRobot2_pe674.oe674 (.const:xdc_runtime_Error_raiseHook__C)
                  1182a748    00000004     FinalContestRobot2_pe674.oe674 (.const:xdc_runtime_IFilterLogger_Interface__BASE__C)
                  1182a74c    00000004     FinalContestRobot2_pe674.oe674 (.const:xdc_runtime_IGateProvider_Interface__BASE__C)
                  1182a750    00000004     FinalContestRobot2_pe674.oe674 (.const:xdc_runtime_IHeap_Interface__BASE__C)
                  1182a754    00000004     FinalContestRobot2_pe674.oe674 (.const:xdc_runtime_ILogger_Interface__BASE__C)
                  1182a758    00000004     FinalContestRobot2_pe674.oe674 (.const:xdc_runtime_IModule_Interface__BASE__C)
                  1182a75c    00000004     FinalContestRobot2_pe674.oe674 (.const:xdc_runtime_Log_L_error__C)
                  1182a760    00000004     FinalContestRobot2_pe674.oe674 (.const:xdc_runtime_LoggerBuf_E_badLevel__C)
                  1182a764    00000004     FinalContestRobot2_pe674.oe674 (.const:xdc_runtime_LoggerBuf_Module__gateObj__C)
                  1182a768    00000004     FinalContestRobot2_pe674.oe674 (.const:xdc_runtime_LoggerBuf_Object__count__C)
                  1182a76c    00000004     FinalContestRobot2_pe674.oe674 (.const:xdc_runtime_LoggerBuf_Object__table__C)
                  1182a770    00000004     FinalContestRobot2_pe674.oe674 (.const:xdc_runtime_LoggerBuf_statusLogger__C)
                  1182a774    00000004     FinalContestRobot2_pe674.oe674 (.const:xdc_runtime_Memory_defaultHeapInstance__C)
                  1182a778    00000004     FinalContestRobot2_pe674.oe674 (.const:xdc_runtime_Startup_execImpl__C)
                  1182a77c    00000004     FinalContestRobot2_pe674.oe674 (.const:xdc_runtime_Startup_maxPasses__C)
                  1182a780    00000004     FinalContestRobot2_pe674.oe674 (.const:xdc_runtime_Startup_sfxnRts__C)
                  1182a784    00000004     FinalContestRobot2_pe674.oe674 (.const:xdc_runtime_Startup_sfxnTab__C)
                  1182a788    00000004     FinalContestRobot2_pe674.oe674 (.const:xdc_runtime_Startup_startModsFxn__C)
                  1182a78c    00000004     FinalContestRobot2_pe674.oe674 (.const:xdc_runtime_SysMin_bufSize__C)
                  1182a790    00000004     FinalContestRobot2_pe674.oe674 (.const:xdc_runtime_SysMin_outputFunc__C)
                  1182a794    00000004     FinalContestRobot2_pe674.oe674 (.const:xdc_runtime_System_Module__gateObj__C)
                  1182a798    00000004     FinalContestRobot2_pe674.oe674 (.const:xdc_runtime_System_abortFxn__C)
                  1182a79c    00000004     FinalContestRobot2_pe674.oe674 (.const:xdc_runtime_System_exitFxn__C)
                  1182a7a0    00000004     FinalContestRobot2_pe674.oe674 (.const:xdc_runtime_System_extendFxn__C)
                  1182a7a4    00000004     FinalContestRobot2_pe674.oe674 (.const:xdc_runtime_System_maxAtexitHandlers__C)
                  1182a7a8    00000004     FinalContestRobot2_pe674.oe674 (.const:xdc_runtime_Text_charTab__C)
                  1182a7ac    00000004     FinalContestRobot2_pe674.oe674 (.const:xdc_runtime_Text_nodeTab__C)
                  1182a7b0    00000004     FinalContestRobot2_pe674.oe674 (.const:xdc_runtime_Text_visitRopeFxn__C)
                  1182a7b4    00000002     FinalContestRobot2_pe674.oe674 (.const:ti_sysbios_hal_Hwi_Module__id__C)
                  1182a7b6    00000002     FinalContestRobot2_pe674.oe674 (.const:ti_sysbios_heaps_HeapMem_Module__id__C)
                  1182a7b8    00000002     FinalContestRobot2_pe674.oe674 (.const:ti_sysbios_knl_Task_Module__id__C)
                  1182a7ba    00000002     FinalContestRobot2_pe674.oe674 (.const:ti_sysbios_timers_timer64_Timer_Module__id__C)
                  1182a7bc    00000002     FinalContestRobot2_pe674.oe674 (.const:ti_sysbios_timers_timer64_Timer_startupNeeded__C)
                  1182a7be    00000002     FinalContestRobot2_pe674.oe674 (.const:ti_sysbios_timers_timer64_Timer_useTimer64pRegMap__C)
                  1182a7c0    00000002     FinalContestRobot2_pe674.oe674 (.const:xdc_runtime_Error_Module__loggerDefined__C)
                  1182a7c2    00000002     FinalContestRobot2_pe674.oe674 (.const:xdc_runtime_Error_maxDepth__C)
                  1182a7c4    00000002     FinalContestRobot2_pe674.oe674 (.const:xdc_runtime_LoggerBuf_Module__id__C)
                  1182a7c6    00000002     FinalContestRobot2_pe674.oe674 (.const:xdc_runtime_LoggerBuf_filterByLevel__C)
                  1182a7c8    00000002     FinalContestRobot2_pe674.oe674 (.const:xdc_runtime_Memory_Module__id__C)
                  1182a7ca    00000002     FinalContestRobot2_pe674.oe674 (.const:xdc_runtime_SysMin_flushAtExit__C)
                  1182a7cc    00000002     FinalContestRobot2_pe674.oe674 (.const:xdc_runtime_Text_isLoaded__C)
                  1182a7ce    00000002     FinalContestRobot2_pe674.oe674 (.const:xdc_runtime_Text_registryModsLastId__C)
                  1182a7d0    00000002     FinalContestRobot2_pe674.oe674 (.const:xdc_runtime_Text_unnamedModsLastId__C)

.fardata   0    1182c7d8    00000f3c     UNINITIALIZED
                  1182c7d8    0000025c     ColorVision.obj (.fardata:PRUCode)
                  1182ca34    00000004     rts6740_elf.lib : _lock.obj (.fardata:_lock)
                  1182ca38    000001e0                     : defs.obj (.fardata:_ftable)
                  1182cc18    00000114     FinalContestRobot2_pe674.oe674 (.fardata:ti_sysbios_knl_Task_Object__table__V)
                  1182cd2c    00000004     rts6740_elf.lib : _lock.obj (.fardata:_unlock)
                  1182cd30    000000c0     FinalContestRobot2_pe674.oe674 (.fardata:ti_sysbios_knl_Swi_Object__table__V)
                  1182cdf0    000000a0     rts6740_elf.lib : write.obj (.fardata:_stream)
                  1182ce90    00000080     FinalContestRobot2_pe674.oe674 (.fardata:ti_sysbios_knl_Swi_Module_State_0_readyQ__A)
                  1182cf10    00000080     FinalContestRobot2_pe674.oe674 (.fardata:ti_sysbios_knl_Task_Module_State_0_readyQ__A)
                  1182cf90    00000078     rts6740_elf.lib : write.obj (.fardata:_device)
                  1182d008    00000078     FinalContestRobot2_pe674.oe674 (.fardata:ti_sysbios_family_c64p_Hwi_Object__table__V)
                  1182d080    0000006c     FinalContestRobot2_pe674.oe674 (.fardata:ti_sysbios_family_c64p_Hwi_Module__state__V)
                  1182d0ec    00000004     rts6740_elf.lib : defs.obj (.fardata)
                  1182d0f0    00000060     FinalContestRobot2_pe674.oe674 (.fardata:ti_sysbios_timers_timer64_Timer_Module_State_0_device__A)
                  1182d150    00000050     Ladar.obj (.fardata:cornersX)
                  1182d1a0    00000050     Ladar.obj (.fardata:cornersY)
                  1182d1f0    00000050     FinalContestRobot2_pe674.oe674 (.fardata:ti_sysbios_timers_timer64_Timer_Object__table__V)
                  1182d240    00000048     FinalContestRobot2_pe674.oe674 (.fardata:ti_sysbios_knl_Task_Module__state__V)
                  1182d288    00000040     rts6740_elf.lib : cos.obj (.fardata:R$1)
                  1182d2c8    00000040                     : sin.obj (.fardata:R$1)
                  1182d308    00000040     FinalContestRobot2_pe674.oe674 (.fardata:ti_sysbios_gates_GateMutex_Object__table__V)
                  1182d348    00000040     FinalContestRobot2_pe674.oe674 (.fardata:ti_sysbios_knl_Clock_Object__table__V)
                  1182d388    00000030     FinalContestRobot2_pe674.oe674 (.fardata:ti_sysbios_family_c64p_Exception_Module__state__V)
                  1182d3b8    0000002c     FinalContestRobot2_pe674.oe674 (.fardata:ti_sysbios_knl_Clock_Module__state__V)
                  1182d3e4    00000004     rts6740_elf.lib : errno.obj (.fardata)
                  1182d3e8    00000028     FinalContestRobot2_pe674.oe674 (.fardata:ti_sysbios_hal_Hwi_Object__table__V)
                  1182d410    00000024     user_FinalContestRobot2.obj (.fardata:K)
                  1182d434    00000004     FinalContestRobot2_pe674.oe674 (.fardata:ti_sysbios_family_c64p_Cache_Module__state__V)
                  1182d438    00000024     user_FinalContestRobot2.obj (.fardata:P_pred)
                  1182d45c    00000004     FinalContestRobot2_pe674.oe674 (.fardata:ti_sysbios_family_c64p_primus_TimerSupport_Module__state__V)
                  1182d460    00000024     user_FinalContestRobot2.obj (.fardata:Q)
                  1182d484    00000004     FinalContestRobot2_pe674.oe674 (.fardata:xdc_runtime_Memory_Module__state__V)
                  1182d488    00000024     user_FinalContestRobot2.obj (.fardata:R)
                  1182d4ac    00000002     FinalContestRobot2_pe674.oe674 (.fardata:xdc_runtime_Error_Module__state__V)
                  1182d4ae    00000002     --HOLE--
                  1182d4b0    00000024     user_FinalContestRobot2.obj (.fardata:S)
                  1182d4d4    00000004     --HOLE--
                  1182d4d8    00000024     user_FinalContestRobot2.obj (.fardata:S_inv)
                  1182d4fc    00000004     --HOLE--
                  1182d500    00000024     user_FinalContestRobot2.obj (.fardata:eye3)
                  1182d524    00000024     FinalContestRobot2_pe674.oe674 (.fardata:ti_sysbios_BIOS_Module__state__V)
                  1182d548    00000024     FinalContestRobot2_pe674.oe674 (.fardata:xdc_runtime_LoggerBuf_Object__table__V)
                  1182d56c    00000004     --HOLE--
                  1182d570    00000020     rts6740_elf.lib : atanf.obj (.fardata:arctan_consts$1)
                  1182d590    00000020     FinalContestRobot2_pe674.oe674 (.fardata:ti_sysbios_timers_timer64_Timer_Module_State_0_gctrl__A)
                  1182d5b0    00000020     FinalContestRobot2_pe674.oe674 (.fardata:ti_sysbios_timers_timer64_Timer_Module_State_0_handles__A)
                  1182d5d0    00000020     FinalContestRobot2_pe674.oe674 (.fardata:ti_sysbios_timers_timer64_Timer_Module_State_0_intFreqs__A)
                  1182d5f0    00000020     FinalContestRobot2_pe674.oe674 (.fardata:xdc_runtime_Error_IgnoreBlock)
                  1182d610    0000001c     FinalContestRobot2_pe674.oe674 (.fardata:ti_sysbios_knl_Swi_Module__state__V)
                  1182d62c    00000004     --HOLE--
                  1182d630    00000018     user_FinalContestRobot2.obj (.fardata:B)
                  1182d648    00000018     FinalContestRobot2_pe674.oe674 (.fardata:ti_sysbios_heaps_HeapMem_Object__table__V)
                  1182d660    00000018     FinalContestRobot2_pe674.oe674 (.fardata:ti_sysbios_timers_timer64_Timer_Module__state__V)
                  1182d678    00000010     rts6740_elf.lib : cosf.obj (.fardata:R$1)
                  1182d688    00000010                     : sinf.obj (.fardata:R$1)
                  1182d698    00000010     FinalContestRobot2_pe674.oe674 (.fardata:xdc_runtime_System_Module_State_0_atexitHandlers__A)
                  1182d6a8    0000000c     user_FinalContestRobot2.obj (.fardata:Bu)
                  1182d6b4    0000000c     rts6740_elf.lib : exit.obj (.fardata)
                  1182d6c0    0000000c     user_FinalContestRobot2.obj (.fardata:x_pred)
                  1182d6cc    0000000c     FinalContestRobot2_pe674.oe674 (.fardata:xdc_runtime_SysMin_Module__state__V)
                  1182d6d8    00000008     FinalContestRobot2_pe674.oe674 (.fardata:ti_sysbios_family_c64p_primus_TimerSupport_Module_State_0_suspSrc__A)
                  1182d6e0    00000008     user_FinalContestRobot2.obj (.fardata:u)
                  1182d6e8    00000008     FinalContestRobot2_pe674.oe674 (.fardata:xdc_runtime_Registry_Module__state__V)
                  1182d6f0    00000008     FinalContestRobot2_pe674.oe674 (.fardata:xdc_runtime_Startup_Module__state__V)
                  1182d6f8    00000008     FinalContestRobot2_pe674.oe674 (.fardata:xdc_runtime_System_Module__state__V)
                  1182d700    00000006     FinalContestRobot2_pe674.oe674 (.fardata:xdc_runtime_LoggerBuf_Module__state__V)
                  1182d706    00000002     --HOLE--
                  1182d708    00000004     FinalContestRobot2_pe674.oe674 (.fardata:ti_sysbios_gates_GateHwi_Object__table__V)
                  1182d70c    00000004     --HOLE--
                  1182d710    00000004     FinalContestRobot2_pe674.oe674 (.fardata:ti_sysbios_knl_Task_Module_State_0_idleTask__A)

.cio       0    1182da98    00000120     UNINITIALIZED
                  1182da98    00000120     rts6740_elf.lib : trgmsg.obj (.cio)

.switch.1 
*          0    1182dbb8    00000048     
                  1182dbb8    00000038     rts6740_elf.lib : _printfi.obj (.switch:__TI_printfi)
                  1182dbf0    00000010     evmomapl138_bsl.lib : evmomapl138_spi.obj (.switch:SPI_init)

.switch.2 
*          0    1182de00    000000ac     
                  1182de00    00000050     user_FinalContestRobot2.obj (.switch:RobotControl)
                  1182de50    00000028     rts6740_elf.lib : _scanfi.obj (.switch:__TI_scanfi)
                  1182de78    00000024     evmomapl138_bsl.lib : evmomapl138_gpio.obj (.switch:getRegisterBankAndBit)
                  1182de9c    00000010     ColorVision.obj (.switch:userProcessColorImageFunc_laser)

MODULE SUMMARY

       Module                           code     ro data   rw data
       ------                           ----     -------   -------
    .\
       user_FinalContestRobot2.obj      12416    204       5352   
       Ladar.obj                        7968     72        5718   
       ColorVision.obj                  4832     16        6908   
       COECSL_edma3.obj                 1216     0         4136   
       ColorLCD.obj                     2400     24        11     
       MatrixMath.obj                   2336     0         0      
       COECSL_mcbsp.obj                 1664     0         300    
       user_xy.obj                      960      0         0      
       LCDprintf.obj                    416      0         8      
       pru.obj                          256      0         0      
    +--+--------------------------------+--------+---------+---------+
       Total:                           34464    316       22433  
                                                                  
    C:\hzhou39_decamar2_ashwina2\SE423Repo\Contest\FinalContestRobot2\FinalContestRobot2Project\Debug\configPkg\package\cfg\
       FinalContestRobot2_pe674.oe674   4608     7490      17376  
    +--+--------------------------------+--------+---------+---------+
       Total:                           4608     7490      17376  
                                                                  
    C:/hzhou39_decamar2_ashwina2/SE423Repo/LabFiles/bsl_forSYSBIOS/lib/evmomapl138_bsl.lib
       evmomapl138.obj                  4064     192       0      
       evmomapl138_vpif.obj             1920     0         0      
       evmomapl138_i2c.obj              1376     0         4      
       evmomapl138_uart.obj             1344     16        0      
       evmomapl138_i2c_gpio.obj         1344     0         0      
       evmomapl138_spi.obj              1184     16        0      
       evmomapl138_gpio.obj             1152     36        0      
       evmomapl138_timer.obj            384      0         0      
    +--+--------------------------------+--------+---------+---------+
       Total:                           12768    260       4      
                                                                  
    C:\CCStudio_v8\bios_6_70_01_03\packages\ti\targets\rts6000\lib\boot.ae674
       autoinit.oe674                   288      0         0      
       boot.oe674                       160      0         0      
    +--+--------------------------------+--------+---------+---------+
       Total:                           448      0         0      
                                                                  
    C:\CCStudio_v8\bios_6_70_01_03\packages\ti\targets\rts6000\lib\ti.targets.rts6000.ae674
       System.oe674                     3232     24        0      
       LoggerBuf.oe674                  2400     0         0      
       Text.oe674                       1728     64        0      
       Error.oe674                      1152     88        0      
       Startup.oe674                    896      44        0      
       SysMin.oe674                     704      0         0      
       Memory.oe674                     320      0         0      
       Gate.oe674                       64       0         0      
       Registry.oe674                   64       0         0      
    +--+--------------------------------+--------+---------+---------+
       Total:                           10560    220       0      
                                                                  
    C:\CCStudio_v8\ccsv8\tools\compiler\ti-cgt-c6000_8.2.2\lib\rts6740_elf.lib
       _printfi.obj                     13504    92        0      
       _scanfi.obj                      7296     53        0      
       divd.obj                         1472     0         0      
       strtod.obj                       1248     152       0      
       strtoll.obj                      1184     0         0      
       strtoull.obj                     1088     0         0      
       fputs.obj                        992      0         0      
       strtol.obj                       928      0         0      
       cos.obj                          800      0         64     
       fmodf.obj                        864      0         0      
       defs.obj                         0        0         804    
       imath64.obj                      800      0         0      
       sin.obj                          736      0         64     
       strtoul.obj                      768      0         0      
       divf.obj                         672      0         0      
       cosf.obj                         640      0         16     
       sinf.obj                         608      0         16     
       fputc.obj                        544      0         0      
       setvbuf.obj                      544      0         0      
       trgmsg.obj                       224      0         288    
       sscanf.obj                       480      0         0      
       frexp.obj                        448      0         0      
       getdevice.obj                    448      0         0      
       imath40.obj                      448      0         0      
       frexpf.obj                       416      0         0      
       hostrename.obj                   416      0         0      
       ldexp.obj                        384      0         0      
       ldexpf.obj                       384      0         0      
       write.obj                        96       0         280    
       atan2f.obj                       320      0         0      
       fclose.obj                       320      0         0      
       atanf.obj                        256      0         32     
       copy_decompress_rle.obj          288      0         0      
       fseek.obj                        288      0         0      
       printf.obj                       288      0         0      
       sqrtf.obj                        288      0         0      
       exit.obj                         256      0         12     
       ctype.obj                        0        257       0      
       _io_perm.obj                     256      0         0      
       atoi.obj                         256      0         0      
       hostopen.obj                     224      0         8      
       close.obj                        224      0         0      
       divi.obj                         224      0         0      
       hostlseek.obj                    224      0         0      
       hostwrite.obj                    224      0         0      
       llshift.obj                      224      0         0      
       ltoa.obj                         224      0         0      
       memset.obj                       224      0         0      
       divu.obj                         192      0         0      
       fflush.obj                       192      0         0      
       hostread.obj                     192      0         0      
       hostunlink.obj                   192      0         0      
       remi.obj                         192      0         0      
       sprintf.obj                      192      0         0      
       tls.obj                          192      0         0      
       fopen.obj                        160      0         0      
       hostclose.obj                    160      0         0      
       memcpy64.obj                     160      0         0      
       modf.obj                         160      0         0      
       remu.obj                         160      0         0      
       round.obj                        160      0         0      
       vsprintf.obj                     160      0         0      
       roundf.obj                       128      0         0      
       unlink.obj                       128      0         0      
       _lock.obj                        96       0         8      
       lseek.obj                        96       0         0      
       memccpy.obj                      96       0         0      
       modff.obj                        96       0         0      
       args_main.obj                    64       0         0      
       frcmpyd_div.obj                  64       0         0      
       isinf.obj                        64       0         0      
       errno.obj                        32       0         4      
       copy_decompress_none.obj         32       0         0      
       trunc.obj                        32       0         0      
       truncf.obj                       32       0         0      
    +--+--------------------------------+--------+---------+---------+
       Total:                           46464    554       1596   
                                                                  
    C:\hzhou39_decamar2_ashwina2\SE423Repo\Contest\FinalContestRobot2\SYSBIOS\src\sysbios\sysbios.ae674
       BIOS.obj                         17632    1304      0      
       c64p_Hwi_disp_always.obj         512      0         0      
       c64p_Exception_asm.obj           384      0         0      
       c62_TaskSupport_asm.obj          224      0         0      
       c64p_Hwi_asm_switch.obj          192      0         0      
    +--+--------------------------------+--------+---------+---------+
       Total:                           18944    1304      0      
                                                                  
       Stack:                           0        0         8192   
       Linker Generated:                0        2602      0      
    +--+--------------------------------+--------+---------+---------+
       Grand Total:                     128256   12746     49601  


LINKER GENERATED COPY TABLES

__TI_cinit_table @ 1182e8b8 records: 5, size/record: 8, table size: 40
	.fardata: load addr=1182deb0, load size=0000091e bytes, run addr=1182c7d8, run size=00000f3c bytes, compression=rle
	.neardata: load addr=1182e7ce, load size=00000096 bytes, run addr=1182d780, run size=000002e7 bytes, compression=rle
	.rodata: load addr=1182e864, load size=00000032 bytes, run addr=1182da68, run size=0000002c bytes, compression=rle
	.far: load addr=1182e896, load size=0000000b bytes, run addr=1181f300, run size=00008e50 bytes, compression=rle
	.bss: load addr=1182e8a1, load size=00000009 bytes, run addr=1182d714, run size=0000006c bytes, compression=rle


LINKER GENERATED HANDLER TABLE

__TI_handler_table @ 1182e8ac records: 2, size/record: 4, table size: 8
	index: 0, handler: __TI_decompress_rle24
	index: 1, handler: __TI_decompress_none


GLOBAL SYMBOLS: SORTED ALPHABETICALLY BY Name 

address   name                                                                
[...]
1182d740  current                                                             
1182d744  delta                                                               
1182d748  green                                                               
1182d74c  hue                                                                 
1182d750  index                                                               
1182d754  k                                                                   
1182d758  largest_num_pixels                                                  
1182d75c  largest_object                                                      
1182d760  min                                                                 
1182d764  pic_data                                                            
1182d768  ptrshrdmem                                                          
1182d76c  r                                                                   
1182d770  rbar                                                                
1182d774  red                                                                 
1182d778  sat                                                                 
1182d77c  value                                                               
1182d780  vref                                                                
1182d784  turn                                                                
1182d788  tskcount                                                            
1182d78c  LVvalue1                                                            
1182d790  LVvalue2                                                            
1182d794  new_LV_data                                                         
1182d798  newnavdata                                                          
1182d79c  newvref                                                             
1182d7a0  newturn                                                             
1182d7a4  vel1                                                                
1182d7a8  vel2                                                                
1182d7ac  vel1old                                                             
1182d7b0  vel2old                                                             
1182d7b4  enc1old                                                             
1182d7b8  enc2old                                                             
1182d7bc  settlegyro                                                          
1182d7c0  gyro_zero                                                           
1182d7c4  gyro_angle                                                          
1182d7c8  old_gyro                                                            
1182d7cc  gyro_drift                                                          
1182d7d0  gyro                                                                
1182d7d4  gyro_degrees                                                        
1182d7d8  gyro_radians                                                        
1182d7dc  gyro_x                                                              
1182d7e0  gyro_y                                                              
1182d7e4  gyro4x_gain                                                         
1182d7e8  statePos                                                            
1182d7ec  robotdestSize                                                       
1182d7f0  trackableIDerror                                                    
1182d7f4  firstdata                                                           
1182d7f8  new_optitrack                                                       
1182d7fc  previous_frame                                                      
1182d800  frame_error                                                         
1182d804  temp_theta                                                          
1182d808  tempOPTITRACK_theta                                                 
1182d80c  temp_trackableID                                                    
1182d810  trackableID                                                         
1182d814  errorcheck                                                          
1182d818  RobotState                                                          
1182d81c  Kp_obs                                                              
1182d820  FrontLeft_error                                                     
1182d824  FrontRight_error                                                    
1182d828  Kp_vref_obs                                                         
1182d82c  new_DSP_Float2                                                      
1182d830  new_DSP_Float3                                                      
1182d834  new_DSP_Float4                                                      
1182d838  new_DSP_Float5                                                      
1182d83c  new_DSP_Float6                                                      
1182d840  new_DSP_Float7                                                      
1182d844  new_DSP_Float8                                                      
1182d848  new_DSP_Float9                                                      
1182d84c  new_DSP_Float10                                                     
1182d850  new_DSP_Float11                                                     
1182d854  new_DSP_Float12                                                     
1182d858  new_DSP_Float13                                                     
1182d85c  new_DSP_Float14                                                     
1182d860  new_DSP_Float15                                                     
1182d864  new_DSP_Float16                                                     
1182d868  new_DSP_Float17                                                     
1182d86c  new_DSP_Float18                                                     
1182d870  new_DSP_Float19                                                     
1182d874  DSP_Float2                                                          
1182d878  DSP_Float3                                                          
1182d87c  DSP_Float4                                                          
1182d880  DSP_Float5                                                          
1182d884  DSP_Float6                                                          
1182d888  DSP_Float7                                                          
1182d88c  DSP_Float8                                                          
1182d890  DSP_Float9                                                          
1182d894  DSP_Float10                                                         
1182d898  DSP_Float11                                                         
1182d89c  DSP_Float12                                                         
1182d8a0  DSP_Float13                                                         
1182d8a4  DSP_Float14                                                         
1182d8a8  DSP_Float15                                                         
1182d8ac  DSP_Float16                                                         
1182d8b0  DSP_Float17                                                         
1182d8b4  DSP_Float18                                                         
1182d8b8  DSP_Float19                                                         
1182d8bc  timecount                                                           
1182d8c0  whichled                                                            
1182d8c4  updateLCD                                                           
1182d8c8  testvar                                                             
1182d8cc  noimagefound                                                        
1182d8d0  object_x                                                            
1182d8d4  object_y                                                            
1182d8d8  new_coordata                                                        
1182d8dc  numpels                                                             
1182d8e0  new_num_found_objects                                               
1182d8e4  new_object_theta                                                    
1182d8e8  new_C20                                                             
1182d8ec  new_C02                                                             
1182d8f0  top                                                                 
1182d8f4  left                                                                
1182d8f8  num_unique_objects                                                  
1182d8fc  current_object                                                      
1182d900  color                                                               
1182d904  color2                                                              
1182d908  Cdifference                                                         
1182d90c  neighbor_type                                                       
1182d910  too_many_objects                                                    
1182d914  object_detected                                                     
1182d918  print_hue                                                           
1182d919  print_sat                                                           
1182d91a  print_val                                                           
1182d91b  print_r                                                             
1182d91c  print_b                                                             
1182d91d  print_g                                                             
1182d920  specs_s                                                             
1182d924  specs_srad                                                          
1182d928  specs_v                                                             
1182d92c  specs_vrad                                                          
1182d930  specs_h                                                             
1182d934  specs_h2                                                            
1182d938  specs_hrad                                                          
1182d93c  VPIF_beginning_line                                                 
1182d940  equivalency                                                         
1182d944  done                                                                
1182d948  f28335RecFirsttime                                                  
1182d94c  enc1                                                                
1182d950  enc2                                                                
1182d954  enc3                                                                
1182d958  enc4                                                                
1182d95c  compass                                                             
1182d960  switchstate                                                         
1182d964  adcA0                                                               
1182d968  adcB0                                                               
1182d96c  adcA1                                                               
1182d970  adcB1                                                               
1182d974  adcA2                                                               
1182d978  adcB2                                                               
1182d97c  adcA3                                                               
1182d980  adcB3                                                               
1182d984  adcA4                                                               
1182d988  adcB4                                                               
1182d98c  adcA5                                                               
1182d990  adcB5                                                               
1182d994  adcA6                                                               
1182d998  adcA7                                                               
1182d99c  F28335_Extra1                                                       
1182d9a0  F28335_Extra2                                                       
1182d9a4  F28335_Extra3                                                       
1182d9a8  F28335_Extra4                                                       
1182d9ac  new_sendtolinux_F28335_Extra                                        
1182d9b0  send_F28335_Extra1                                                  
1182d9b4  send_F28335_Extra2                                                  
1182d9b8  send_F28335_Extra3                                                  
1182d9bc  send_F28335_Extra4                                                  
1182d9c0  num_EDMA3_0                                                         
1182d9c4  numofints                                                           
1182d9c8  scalingLadar                                                        
1182d9cc  LADARready                                                          
1182d9d0  LADARprocess                                                        
1182d9d4  uart1count                                                          
1182d9d8  numReadings                                                         
1182d9dc  errL                                                                
1182d9e0  errC                                                                
1182d9e4  errR                                                                
1182d9e8  tLADARleftFt                                                        
1182d9ec  tLADARcenterFt                                                      
1182d9f0  tLADARrightFt                                                       
1182d9f4  cPrevLADARdata                                                      
1182d9f5  cLADARdata                                                          
1182d9f8  iLADARrcv                                                           
1182d9fc  cCommandName                                                        
1182da00  LADARleftFt                                                         
1182da04  LADARcenterFt                                                       
1182da08  LADARrightFt                                                        
1182da0c  numreadings_lastscan                                                
1182da10  startAngle                                                          
1182da14  stepSize                                                            
1182da18  newLADARdata                                                        
1182da1c  robotX                                                              
1182da20  robotY                                                              
1182da24  robotT                                                              
1182da28  tempSign                                                            
1182da2c  tempOff                                                             
1182da30  servosPosted                                                        
1182da34  newServos                                                           
1182da38  McBSPrecerror                                                       
1182da3c  firsttimeintMCBSPrec                                                
1182da40  timeint                                                             
1182da44  mcbspReset                                                          
1182da48  testcount                                                           
1182da4c  danindex                                                            
1182da50  firsttimeLine1                                                      
1182da54  firsttimeLine2                                                      
1182da58  LCDnewMsgLine1                                                      
1182da5c  LCDnewMsgLine2                                                      
1182da60  bluegain                                                            
1182da64  bkgrnd_red                                                          
1182da65  bkgrnd_green                                                        
1182da66  bkgrnd_blue                                                         
1182da68  SWI_RobotControl                                                    
1182da6c  CLK_addtime                                                         
1182da70  CLK_startMcBSP                                                      
1182da74  HWI8_EDMA3_0                                                        
1182da78  SWI_LCD                                                             
1182da7c  SWI_vision                                                          
1182da80  HWI4_VPIF95                                                         
1182da84  HWI7_PRU6                                                           
1182da88  HWI5_EDMA3_1                                                        
1182da8c  TASK_ComWithLinux                                                   
1182da90  TASK_LADAR                                                          
1182da98  __CIOBUF_                                                           
1182dc00  ti_sysbios_family_c64p_Hwi0                                         
1182dc00  ti_sysbios_family_c64p_Hwi_int0                                     
1182dc20  ti_sysbios_family_c64p_Hwi_int1                                     
1182dc40  ti_sysbios_family_c64p_Hwi_int2                                     
1182dc60  ti_sysbios_family_c64p_Hwi_int3                                     
1182dc80  ti_sysbios_family_c64p_Hwi_int4                                     
1182dca0  ti_sysbios_family_c64p_Hwi_int5                                     
1182dcc0  ti_sysbios_family_c64p_Hwi_int6                                     
1182dce0  ti_sysbios_family_c64p_Hwi_int7                                     
1182dd00  ti_sysbios_family_c64p_Hwi_int8                                     
1182dd20  ti_sysbios_family_c64p_Hwi_int9                                     
1182dd40  ti_sysbios_family_c64p_Hwi_int10                                    
1182dd60  ti_sysbios_family_c64p_Hwi_int11                                    
1182dd80  ti_sysbios_family_c64p_Hwi_int12                                    
1182dda0  ti_sysbios_family_c64p_Hwi_int13                                    
1182ddc0  ti_sysbios_family_c64p_Hwi_int14                                    
1182dde0  ti_sysbios_family_c64p_Hwi_int15                                    
1182e8ac  __TI_Handler_Table_Base                                             
1182e8b4  __TI_Handler_Table_Limit                                            
1182e8b8  __TI_CINIT_Base                                                     
1182e8e0  __TI_CINIT_Limit                                                    
ffffffff  __TI_pprof_out_hndl                                                 
ffffffff  __TI_prof_data_size                                                 
ffffffff  __TI_prof_data_start                                                
ffffffff  __binit__                                                           
ffffffff  __c_args__                                                          
ffffffff  binit                                                               
UNDEFED   __TI_INITARRAY_Base                                                 
UNDEFED   __TI_INITARRAY_Limit                                                
UNDEFED   __TI_TLS_INIT_Base                                                  
UNDEFED   __TI_TLS_INIT_Limit                                                 

[907 symbols]
