******************************************************************************
               TMS320C6x Linker PC v8.3.3                      
******************************************************************************
>> Linked Sat May  4 15:55:59 2019

OUTPUT FILE NAME:   <FinalContestRobot2.out>
ENTRY POINT SYMBOL: "_c_int00"  address: 1181f360


MEMORY CONFIGURATION

         name            origin    length      used     unused   attr    fill
----------------------  --------  ---------  --------  --------  ----  --------
  IROM                  11700000   00100000  00000000  00100000  R  X
  IRAM                  11800000   00038000  0003561c  000029e4  RW X
  L3_CBA_RAM            80000000   00020000  00000000  00020000  RW X
  DDR                   c3000000   01000000  00000000  01000000  RW X


SEGMENT ALLOCATION MAP

run origin  load origin   length   init length attrs members
----------  ----------- ---------- ----------- ----- -------
11800000    11800000    00022900   00022900    r-x
  11800000    11800000    000228c0   000228c0    r-x .text
  118228c0    118228c0    00000040   00000040    r-- .const.1
11822900    11822900    0000bfdc   00000000    rw-
  11822900    11822900    0000bfdc   00000000    rw- .far
1182e8e0    1182e8e0    00002794   00002794    r--
  1182e8e0    1182e8e0    00002794   00002794    r-- .const.2
11831078    11831078    00003607   00000000    rw-
  11831078    11831078    00002000   00000000    rw- .stack
  11833078    11833078    0000116c   00000000    rw- .fardata
  118341e4    118341e4    0000006c   00000000    rw- .bss
  11834250    11834250    0000042f   00000000    rw- .neardata
11834680    11834680    00000038   00000000    r--
  11834680    11834680    00000038   00000000    r-- .rodata
118346b8    118346b8    00000134   00000134    r--
  118346b8    118346b8    00000134   00000134    r-- .switch
11834800    11834800    00000200   00000200    r-x
  11834800    11834800    00000200   00000200    r-x .vecs
11834a00    11834a00    00000120   00000000    rw-
  11834a00    11834a00    00000120   00000000    rw- .cio
11834b20    11834b20    00000b18   00000b18    r--
  11834b20    11834b20    00000b18   00000b18    r-- .cinit


SECTION ALLOCATION MAP

 output                                  attributes/
section   page    origin      length       input sections
--------  ----  ----------  ----------   ----------------
.stack     0    11831078    00002000     UNINITIALIZED
                  11831078    00000008     boot.ae674 : boot.oe674 (.stack)
                  11831080    00001ff8     --HOLE--

.bss       0    118341e4    0000006c     UNINITIALIZED
                  118341e4    00000004     evmomapl138_bsl.lib : evmomapl138_i2c.obj (.bss)
                  118341e8    00000004     (.common:EDMA3_0_Regs)
                  118341ec    00000004     (.common:EDMA3_1_Regs)
                  118341f0    00000004     (.common:Image_data)
                  118341f4    00000004     (.common:LCD_Image)
                  118341f8    00000004     (.common:LCD_mem)
                  118341fc    00000004     (.common:Linux_Image)
                  11834200    00000004     (.common:Thres_Image)
                  11834204    00000004     (.common:blue)
                  11834208    00000004     (.common:c)
                  1183420c    00000004     (.common:cbar)
                  11834210    00000004     (.common:current)
                  11834214    00000004     (.common:delta)
                  11834218    00000004     (.common:green)
                  1183421c    00000004     (.common:hue)
                  11834220    00000004     (.common:index)
                  11834224    00000004     (.common:k)
                  11834228    00000004     (.common:largest_num_pixels)
                  1183422c    00000004     (.common:largest_object)
                  11834230    00000004     (.common:min)
                  11834234    00000004     (.common:pic_data)
                  11834238    00000004     (.common:ptrshrdmem)
                  1183423c    00000004     (.common:r)
                  11834240    00000004     (.common:rbar)
                  11834244    00000004     (.common:red)
                  11834248    00000004     (.common:sat)
                  1183424c    00000004     (.common:value)

.neardata 
*          0    11834250    0000042f     UNINITIALIZED
                  11834250    00000270     user_FinalContestRobot2.obj (.neardata)
                  118344c0    000000a0     ColorVision.obj (.neardata)
                  11834560    00000080     COECSL_edma3.obj (.neardata)
                  118345e0    00000068     Ladar.obj (.neardata)
                  11834648    00000028     COECSL_mcbsp.obj (.neardata)
                  11834670    00000008     LCDprintf.obj (.neardata)
                  11834678    00000007     ColorLCD.obj (.neardata)

.rodata    0    11834680    00000038     UNINITIALIZED
                  11834680    00000038     FinalContestRobot2_pe674.oe674 (.rodata)

.cinit     0    11834b20    00000b18     
                  11834b20    0000099c     (.cinit..fardata.load) [load image, compression = rle]
                  118354bc    000000f9     (.cinit..neardata.load) [load image, compression = rle]
                  118355b5    0000003e     (.cinit..rodata.load) [load image, compression = rle]
                  118355f3    0000000b     (.cinit..far.load) [load image, compression = rle]
                  118355fe    00000009     (.cinit..bss.load) [load image, compression = rle]
                  11835607    00000001     --HOLE-- [fill = 0]
                  11835608    00000008     (__TI_handler_table)
                  11835610    00000028     (__TI_cinit_table)

.init_array 
*          0    11800000    00000000     UNINITIALIZED

.vecs      0    11834800    00000200     
                  11834800    00000200     FinalContestRobot2_pe674.oe674 (.vecs)

xdc.meta   0    11800000    00000130     COPY SECTION
                  11800000    00000130     FinalContestRobot2_pe674.oe674 (xdc.meta)

.text      0    11800000    000228c0     
                  11800000    00005d80     user_FinalContestRobot2.obj (.text)
                  11805d80    00002040     rts6740_elf.lib : _printfi.c.obj (.text:__TI_printfi)
                  11807dc0    00001fc0                     : _scanfi.c.obj (.text:__TI_scanfi)
                  11809d80    00001f40     Ladar.obj (.text)
                  1180bcc0    000013c0     ColorVision.obj (.text)
                  1180d080    00001040     evmomapl138_bsl.lib : evmomapl138.obj (.text)
                  1180e0c0    00000960     ColorLCD.obj (.text)
                  1180ea20    00000920     rts6740_elf.lib : strtod.c.obj (.text:strtod)
                  1180f340    000008a0     ti.targets.rts6000.ae674 : System.oe674 (.text:xdc_runtime_System_doPrint__I)
                  1180fbe0    00000780     evmomapl138_bsl.lib : evmomapl138_vpif.obj (.text)
                  11810360    00000780     sysbios.ae674 : BIOS.obj (.text:ti_sysbios_family_c64p_Exception_handler__I)
                  11810ae0    00000720     MatrixMath.obj (.text)
                  11811200    00000680     COECSL_mcbsp.obj (.text)
                  11811880    00000660     rts6740_elf.lib : _printfi.c.obj (.text:_pconv_a)
                  11811ee0    000005e0                     : divd.c.obj (.text:__c6xabi_divd)
                  118124c0    00000560     evmomapl138_bsl.lib : evmomapl138_i2c_gpio.obj (.text)
                  11812a20    00000560                         : evmomapl138_uart.obj (.text)
                  11812f80    00000520                         : evmomapl138_i2c.obj (.text)
                  118134a0    000004c0     COECSL_edma3.obj (.text)
                  11813960    000004c0     rts6740_elf.lib : strtoll.c.obj (.text:strtoll)
                  11813e20    000004a0     evmomapl138_bsl.lib : evmomapl138_gpio.obj (.text)
                  118142c0    00000480                         : evmomapl138_spi.obj (.text)
                  11814740    00000440     rts6740_elf.lib : strtoull.c.obj (.text:strtoull)
                  11814b80    00000400                     : _printfi.c.obj (.text:_pconv_g)
                  11814f80    000003e0     user_xy.obj (.text)
                  11815360    000003a0     rts6740_elf.lib : strtol.c.obj (.text:strtol)
                  11815700    000003a0     sysbios.ae674 : BIOS.obj (.text:ti_sysbios_timers_timer64_Timer_Module_startup__E)
                  11815aa0    00000360     rts6740_elf.lib : fmodf.c.obj (.text:fmodf)
                  11815e00    00000340     sysbios.ae674 : BIOS.obj (.text:ti_sysbios_timers_timer64_Timer_deviceConfig__I)
                  11816140    00000340     FinalContestRobot2_pe674.oe674 (.text:xdc_runtime_System_printfExtend__I)
                  11816480    00000320     rts6740_elf.lib : cos.c.obj (.text:cos)
                  118167a0    00000320                     : fputs.c.obj (.text:fputs)
                  11816ac0    00000320     sysbios.ae674 : BIOS.obj (.text:ti_sysbios_knl_Semaphore_pend__E)
                  11816de0    00000300     rts6740_elf.lib : strtoul.c.obj (.text:strtoul)
                  118170e0    000002e0                     : sin.c.obj (.text:sin)
                  118173c0    000002e0     sysbios.ae674 : BIOS.obj (.text:ti_sysbios_timers_timer64_Timer_setPeriodMicroSecs__E)
                  118176a0    000002c0     ti.targets.rts6000.ae674 : LoggerBuf.oe674 (.text:xdc_runtime_LoggerBuf_write8__E)
                  11817960    000002a0     rts6740_elf.lib : _printfi.c.obj (.text:_pconv_e)
                  11817c00    000002a0                     : _printfi.c.obj (.text:fcvt)
                  11817ea0    00000280                     : divf.c.obj (.text:__c6xabi_divf)
                  11818120    00000260                     : imath64.c.obj (.text:__c6xabi_divull)
                  11818380    00000260                     : cosf.c.obj (.text:cosf)
                  118185e0    00000260                     : sinf.c.obj (.text:sinf)
                  11818840    00000260     ti.targets.rts6000.ae674 : Startup.oe674 (.text:xdc_runtime_Startup_startMods__I)
                  11818aa0    00000240     sysbios.ae674 : BIOS.obj (.text:ti_sysbios_family_c64p_Exception_internalHandler__I)
                  11818ce0    00000200     rts6740_elf.lib : _printfi.c.obj (.text:_ltostr)
                  11818ee0    00000200     sysbios.ae674 : c64p_Hwi_disp_always.obj (.text:_ti_sysbios_family_c64p_Hwi_dispatchAlways)
                  118190e0    00000200     ti.targets.rts6000.ae674 : Error.oe674 (.text:xdc_runtime_Error_policyDefault__E)
                  118192e0    000001e0     sysbios.ae674 : BIOS.obj (.text:ti_sysbios_family_c64p_Cache_block__I)
                  118194c0    000001e0                   : BIOS.obj (.text:ti_sysbios_knl_Task_checkStacks__E)
                  118196a0    000001e0     ti.targets.rts6000.ae674 : LoggerBuf.oe674 (.text:xdc_runtime_LoggerBuf_write4__E)
                  11819880    000001e0                              : Text.oe674 (.text:xdc_runtime_Text_putSite__E)
                  11819a60    000001c0     rts6740_elf.lib : imath40.c.obj (.text:__c6xabi_divul)
                  11819c20    000001c0                     : fputc.c.obj (.text:fputc)
                  11819de0    000001c0                     : frexp.c.obj (.text:frexp)
                  11819fa0    000001c0                     : setvbuf.c.obj (.text:setvbuf)
                  1181a160    000001c0     sysbios.ae674 : BIOS.obj (.text:ti_sysbios_heaps_HeapMem_alloc__E)
                  1181a320    000001a0     rts6740_elf.lib : hostrename.c.obj (.text:HOSTrename)
                  1181a4c0    000001a0     LCDprintf.obj (.text)
                  1181a660    000001a0     rts6740_elf.lib : frexpf.c.obj (.text:frexpf)
                  1181a800    000001a0                     : ldexpf.c.obj (.text:ldexpf)
                  1181a9a0    000001a0     sysbios.ae674 : BIOS.obj (.text:ti_sysbios_family_c64p_Cache_getL2InitSize__I)
                  1181ab40    000001a0                   : BIOS.obj (.text:ti_sysbios_timers_timer64_Timer_start__E)
                  1181ace0    00000180     evmomapl138_bsl.lib : evmomapl138_timer.obj (.text)
                  1181ae60    00000180     rts6740_elf.lib : ldexp.c.obj (.text:ldexp)
                  1181afe0    00000180     sysbios.ae674 : c64p_Exception_asm.obj (.text)
                  1181b160    00000180                   : BIOS.obj (.text:ti_sysbios_knl_Task_sleep__E)
                  1181b2e0    00000160     rts6740_elf.lib : sscanf.c.obj (.text:_chkmbc)
                  1181b440    00000160     sysbios.ae674 : BIOS.obj (.text:ti_sysbios_heaps_HeapMem_free__E)
                  1181b5a0    00000160     ti.targets.rts6000.ae674 : Text.oe674 (.text:xdc_runtime_Text_putMod__E)
                  1181b700    00000140     rts6740_elf.lib : _scanfi.c.obj (.text:_sproc_str)
                  1181b840    00000140                     : _scanfi.c.obj (.text:_sproc_wstr)
                  1181b980    00000140                     : atan2f.c.obj (.text:atan2f)
                  1181bac0    00000140     sysbios.ae674 : BIOS.obj (.text:ti_sysbios_family_c64p_Cache_Module_startup__E)
                  1181bc00    00000140                   : BIOS.obj (.text:ti_sysbios_family_c64p_Cache_getL1DInitSize__I)
                  1181bd40    00000140                   : BIOS.obj (.text:ti_sysbios_family_c64p_Cache_getL1PInitSize__I)
                  1181be80    00000140     ti.targets.rts6000.ae674 : LoggerBuf.oe674 (.text:xdc_runtime_LoggerBuf_setFilterLevel__E)
                  1181bfc0    00000140                              : Text.oe674 (.text:xdc_runtime_Text_putLab__E)
                  1181c100    00000120     boot.ae674 : autoinit.oe674 (.text:_auto_init_elf)
                  1181c220    00000120     rts6740_elf.lib : _printfi.c.obj (.text:_pconv_f)
                  1181c340    00000120                     : getdevice.c.obj (.text:getdevice)
                  1181c460    00000120                     : sqrtf.c.obj (.text:sqrtf)
                  1181c580    00000120     sysbios.ae674 : BIOS.obj (.text:ti_sysbios_family_c64p_Hwi_Module_startup__E)
                  1181c6a0    00000120                   : BIOS.obj (.text:ti_sysbios_knl_Clock_workFunc__E)
                  1181c7c0    00000120                   : BIOS.obj (.text:ti_sysbios_knl_Swi_restoreHwi__E)
                  1181c8e0    00000120                   : BIOS.obj (.text:ti_sysbios_knl_Task_postInit__I)
                  1181ca00    00000120     ti.targets.rts6000.ae674 : LoggerBuf.oe674 (.text:xdc_runtime_LoggerBuf_getFilterLevel__E)
                  1181cb20    00000100     rts6740_elf.lib : fclose.c.obj (.text:__TI_closefile)
                  1181cc20    00000100                     : copy_decompress_rle.c.obj (.text:__TI_decompress_rle_core)
                  1181cd20    00000100                     : _printfi.c.obj (.text:_mcpy)
                  1181ce20    00000100                     : atanf.c.obj (.text:atanf)
                  1181cf20    00000100                     : atoi.c.obj (.text:atoi)
                  1181d020    00000100                     : fseek.c.obj (.text:fseek)
                  1181d120    00000100     pru.obj (.text)
                  1181d220    00000100     sysbios.ae674 : BIOS.obj (.text:ti_sysbios_knl_Task_schedule__I)
                  1181d320    00000100                   : BIOS.obj (.text:ti_sysbios_timers_timer64_Timer_initDevice__I)
                  1181d420    00000100     ti.targets.rts6000.ae674 : Error.oe674 (.text:xdc_runtime_Error_print__E)
                  1181d520    00000100                              : Memory.oe674 (.text:xdc_runtime_Memory_alloc__E)
                  1181d620    00000100                              : Startup.oe674 (.text:xdc_runtime_Startup_exec__E)
                  1181d720    000000e0     rts6740_elf.lib : hostlseek.c.obj (.text:HOSTlseek)
                  1181d800    000000e0                     : hostopen.c.obj (.text:HOSTopen)
                  1181d8e0    000000e0                     : hostwrite.c.obj (.text:HOSTwrite)
                  1181d9c0    000000e0                     : _ltoa.c.obj (.text:__TI_ltoa)
                  1181daa0    000000e0                     : _io_perm.c.obj (.text:__TI_wrt_ok)
                  1181db80    000000e0                     : divi.asm.obj (.text:__divi)
                  1181dc60    000000e0                     : close.c.obj (.text:close)
                  1181dd40    000000e0                     : exit.c.obj (.text:exit)
                  1181de20    000000e0                     : memset.c.obj (.text:memset)
                  1181df00    000000e0                     : printf.c.obj (.text:printf)
                  1181dfe0    000000e0     sysbios.ae674 : BIOS.obj (.text:ti_sysbios_knl_Swi_runLoop__I)
                  1181e0c0    000000e0                   : BIOS.obj (.text:ti_sysbios_knl_Task_Module_startup__E)
                  1181e1a0    000000e0                   : BIOS.obj (.text:ti_sysbios_timers_timer64_Timer_startup__E)
                  1181e280    000000e0     ti.targets.rts6000.ae674 : Text.oe674 (.text:xdc_runtime_Text_visitRope2__I)
                  1181e360    000000c0     rts6740_elf.lib : hostread.c.obj (.text:HOSTread)
                  1181e420    000000c0                     : hostunlink.c.obj (.text:HOSTunlink)
                  1181e4e0    000000c0                     : fflush.c.obj (.text:__TI_doflush)
                  1181e5a0    000000c0                     : divu.asm.obj (.text:__divu)
                  1181e660    000000c0                     : remi.asm.obj (.text:__remi)
                  1181e720    000000c0                     : modf.c.obj (.text:modf)
                  1181e7e0    000000c0     sysbios.ae674 : BIOS.obj (.text:ti_sysbios_family_c64p_Hwi_dispatchCore__I)
                  1181e8a0    000000c0                   : BIOS.obj (.text:ti_sysbios_heaps_HeapMem_getStats__E)
                  1181e960    000000c0                   : BIOS.obj (.text:ti_sysbios_knl_Semaphore_post__E)
                  1181ea20    000000c0                   : BIOS.obj (.text:ti_sysbios_knl_Swi_run__I)
                  1181eae0    000000c0                   : BIOS.obj (.text:ti_sysbios_knl_Swi_schedule__I)
                  1181eba0    000000c0                   : BIOS.obj (.text:ti_sysbios_knl_Task_allBlockedFunction__I)
                  1181ec60    000000c0                   : BIOS.obj (.text:ti_sysbios_knl_Task_exit__E)
                  1181ed20    000000c0                   : BIOS.obj (.text:ti_sysbios_knl_Task_startCore__E)
                  1181ede0    000000c0     rts6740_elf.lib : tls.c.obj (.text:tls:init:__TI_tls_init)
                  1181eea0    000000c0     ti.targets.rts6000.ae674 : Error.oe674 (.text:xdc_runtime_Error_setX__E)
                  1181ef60    000000c0                              : SysMin.oe674 (.text:xdc_runtime_SysMin_abort__E)
                  1181f020    000000c0                              : SysMin.oe674 (.text:xdc_runtime_SysMin_flush__E)
                  1181f0e0    000000a0     rts6740_elf.lib : hostclose.c.obj (.text:HOSTclose)
                  1181f180    000000a0                     : fopen.c.obj (.text:__TI_cleanup)
                  1181f220    000000a0                     : round.c.obj (.text:__c6xabi_nround)
                  1181f2c0    000000a0                     : remu.asm.obj (.text:__remu)
                  1181f360    000000a0     boot.ae674 : boot.oe674 (.text:_c_int00)
                  1181f400    000000a0     rts6740_elf.lib : _printfi.c.obj (.text:_ecpy)
                  1181f4a0    000000a0                     : getdevice.c.obj (.text:finddevice)
                  1181f540    000000a0                     : memcpy64.asm.obj (.text:memcpy)
                  1181f5e0    000000a0     sysbios.ae674 : BIOS.obj (.text:ti_sysbios_family_c64p_Exception_Module_startup__E)
                  1181f680    000000a0                   : BIOS.obj (.text:ti_sysbios_family_c64p_Hwi_eventMap__E)
                  1181f720    000000a0                   : BIOS.obj (.text:ti_sysbios_family_c64p_Hwi_getStackInfo__E)
                  1181f7c0    000000a0                   : BIOS.obj (.text:ti_sysbios_gates_GateMutex_enter__E)
                  1181f860    000000a0                   : BIOS.obj (.text:ti_sysbios_timers_timer64_Timer_stop__E)
                  1181f900    000000a0     ti.targets.rts6000.ae674 : SysMin.oe674 (.text:xdc_runtime_SysMin_putch__E)
                  1181f9a0    000000a0                              : System.oe674 (.text:xdc_runtime_System_formatNum__I)
                  1181fa40    000000a0                              : System.oe674 (.text:xdc_runtime_System_putchar__I)
                  1181fae0    000000a0                              : Text.oe674 (.text:xdc_runtime_Text_printVisFxn__I)
                  1181fb80    000000a0                              : Text.oe674 (.text:xdc_runtime_Text_xprintf__I)
                  1181fc20    00000080     rts6740_elf.lib : trgmsg.c.obj (.text:__TI_readmsg)
                  1181fca0    00000080                     : llshift.c.obj (.text:__c6xabi_llshl)
                  1181fd20    00000080                     : roundf.c.obj (.text:__c6xabi_roundf)
                  1181fda0    00000080     sysbios.ae674 : c62_TaskSupport_asm.obj (.text:_ti_sysbios_family_c62_TaskSupport_swap__E)
                  1181fe20    00000080                   : BIOS.obj (.text:ti_sysbios_family_c64p_Cache_wait__E)
                  1181fea0    00000080                   : BIOS.obj (.text:ti_sysbios_hal_Hwi_checkStack)
                  1181ff20    00000080                   : BIOS.obj (.text:ti_sysbios_hal_Hwi_initStack)
                  1181ffa0    00000080                   : BIOS.obj (.text:ti_sysbios_heaps_HeapMem_init__I)
                  11820020    00000080                   : BIOS.obj (.text:ti_sysbios_knl_Idle_run__E)
                  118200a0    00000080                   : BIOS.obj (.text:ti_sysbios_knl_Swi_post__E)
                  11820120    00000080                   : BIOS.obj (.text:ti_sysbios_knl_Swi_startup__E)
                  118201a0    00000080                   : BIOS.obj (.text:ti_sysbios_knl_Task_processVitalTaskFlag__I)
                  11820220    00000080                   : BIOS.obj (.text:ti_sysbios_knl_Task_restoreHwi__E)
                  118202a0    00000080                   : BIOS.obj (.text:ti_sysbios_knl_Task_restore__E)
                  11820320    00000080     FinalContestRobot2_pe674.oe674 (.text:ti_sysbios_rts_MemAlloc_alloc)
                  118203a0    00000080     rts6740_elf.lib : unlink.c.obj (.text:unlink)
                  11820420    00000080     ti.targets.rts6000.ae674 : LoggerBuf.oe674 (.text:xdc_runtime_LoggerBuf_Module_startup__E)
                  118204a0    00000080                              : LoggerBuf.oe674 (.text:xdc_runtime_LoggerBuf_filterOutEvent__I)
                  11820520    00000080                              : System.oe674 (.text:xdc_runtime_System_atexit__E)
                  118205a0    00000080                              : System.oe674 (.text:xdc_runtime_System_avprintf__E)
                  11820620    00000080                              : System.oe674 (.text:xdc_runtime_System_processAtExit__E)
                  118206a0    00000080                              : System.oe674 (.text:xdc_runtime_System_vprintf__E)
                  11820720    00000060     rts6740_elf.lib : trgmsg.c.obj (.text:__TI_writemsg)
                  11820780    00000060                     : llshift.c.obj (.text:__c6xabi_llshru)
                  118207e0    00000060                     : imath64.c.obj (.text:__c6xabi_remull)
                  11820840    00000060                     : imath64.c.obj (.text:_subcull)
                  118208a0    00000060     sysbios.ae674 : c64p_Hwi_asm_switch.obj (.text:_ti_sysbios_family_c64p_Hwi_switchAndDispatch__I)
                  11820900    00000060                   : c64p_Hwi_asm_switch.obj (.text:_ti_sysbios_family_xxx_Hwi_switchAndRunFunc)
                  11820960    00000060     rts6740_elf.lib : lseek.c.obj (.text:lseek)
                  118209c0    00000060                     : memccpy.c.obj (.text:memccpy)
                  11820a20    00000060                     : modff.c.obj (.text:modff)
                  11820a80    00000060                     : sprintf.c.obj (.text:sprintf)
                  11820ae0    00000060                     : sscanf.c.obj (.text:sscanf)
                  11820b40    00000060                     : _scanfi.c.obj (.text:strrchr)
                  11820ba0    00000060     FinalContestRobot2_pe674.oe674 (.text:ti_sysbios_BIOS_atExitFunc__I)
                  11820c00    00000060     FinalContestRobot2_pe674.oe674 (.text:ti_sysbios_BIOS_errorRaiseHook__I)
                  11820c60    00000060     FinalContestRobot2_pe674.oe674 (.text:ti_sysbios_BIOS_rtsLock__I)
                  11820cc0    00000060     FinalContestRobot2_pe674.oe674 (.text:ti_sysbios_BIOS_rtsUnlock__I)
                  11820d20    00000060     sysbios.ae674 : BIOS.obj (.text:ti_sysbios_family_c62_TaskSupport_start__E)
                  11820d80    00000060                   : BIOS.obj (.text:ti_sysbios_family_c64p_Cache_marInit__I)
                  11820de0    00000060                   : BIOS.obj (.text:ti_sysbios_family_c64p_Cache_setMar__E)
                  11820e40    00000060     FinalContestRobot2_pe674.oe674 (.text:ti_sysbios_heaps_HeapMem_Object__get__S)
                  11820ea0    00000060     sysbios.ae674 : BIOS.obj (.text:ti_sysbios_knl_Clock_Module_startup__E)
                  11820f00    00000060     FinalContestRobot2_pe674.oe674 (.text:ti_sysbios_knl_Clock_doTick__I)
                  11820f60    00000060     sysbios.ae674 : BIOS.obj (.text:ti_sysbios_knl_Semaphore_pendTimeout__I)
                  11820fc0    00000060                   : BIOS.obj (.text:ti_sysbios_knl_Swi_Module_startup__E)
                  11821020    00000060     FinalContestRobot2_pe674.oe674 (.text:ti_sysbios_knl_Task_Object__get__S)
                  11821080    00000060     sysbios.ae674 : BIOS.obj (.text:ti_sysbios_knl_Task_enter__I)
                  118210e0    00000060                   : BIOS.obj (.text:ti_sysbios_knl_Task_unblockI__E)
                  11821140    00000060     rts6740_elf.lib : write.c.obj (.text:write)
                  118211a0    00000060     FinalContestRobot2_pe674.oe674 (.text:xdc_runtime_LoggerBuf_Object__get__S)
                  11821200    00000060     ti.targets.rts6000.ae674 : LoggerBuf.oe674 (.text:xdc_runtime_LoggerBuf_reset__E)
                  11821260    00000060     FinalContestRobot2_pe674.oe674 (.text:xdc_runtime_SysMin_output__I)
                  118212c0    00000040     rts6740_elf.lib : frcmpyd_div.c.obj (.text:__TI_frcmpyd_div)
                  11821300    00000040                     : isinf.c.obj (.text:__c6xabi_isinf)
                  11821340    00000040                     : _printfi.c.obj (.text:__c6xabi_isnan)
                  11821380    00000040                     : args_main.c.obj (.text:_args_main)
                  118213c0    00000040                     : sprintf.c.obj (.text:_outs)
                  11821400    00000040                     : vsprintf.c.obj (.text:_outs)
                  11821440    00000040     sysbios.ae674 : c62_TaskSupport_asm.obj (.text:_ti_sysbios_family_c62_TaskSupport_buildTaskStack)
                  11821480    00000040     FinalContestRobot2_pe674.oe674 (.text:free)
                  118214c0    00000040     FinalContestRobot2_pe674.oe674 (.text:ti_sysbios_BIOS_exitFunc__I)
                  11821500    00000040     FinalContestRobot2_pe674.oe674 (.text:ti_sysbios_BIOS_registerRTSLock__I)
                  11821540    00000040     FinalContestRobot2_pe674.oe674 (.text:ti_sysbios_BIOS_removeRTSLock__I)
                  11821580    00000040     FinalContestRobot2_pe674.oe674 (.text:ti_sysbios_BIOS_startFunc__I)
                  118215c0    00000040     FinalContestRobot2_pe674.oe674 (.text:ti_sysbios_family_c64p_Hwi_Module__startupDone__F)
                  11821600    00000040     sysbios.ae674 : BIOS.obj (.text:ti_sysbios_family_c64p_Hwi_disableInterrupt__E)
                  11821640    00000040                   : BIOS.obj (.text:ti_sysbios_family_c64p_Hwi_dispatchC__I)
                  11821680    00000040                   : BIOS.obj (.text:ti_sysbios_family_c64p_Hwi_enableInterrupt__E)
                  118216c0    00000040                   : BIOS.obj (.text:ti_sysbios_family_c64p_primus_TimerSupport_enable__E)
                  11821700    00000040                   : BIOS.obj (.text:ti_sysbios_gates_GateMutex_leave__E)
                  11821740    00000040     FinalContestRobot2_pe674.oe674 (.text:ti_sysbios_hal_Hwi_HwiProxy_getStackInfo__E)
                  11821780    00000040     FinalContestRobot2_pe674.oe674 (.text:ti_sysbios_knl_Clock_Module_State_clockQ)
                  118217c0    00000040     FinalContestRobot2_pe674.oe674 (.text:ti_sysbios_knl_Queue_Object__get__S)
                  11821800    00000040     FinalContestRobot2_pe674.oe674 (.text:ti_sysbios_knl_Swi_Object__get__S)
                  11821840    00000040     FinalContestRobot2_pe674.oe674 (.text:ti_sysbios_timers_timer64_Timer_Module__startupDone__F)
                  11821880    00000040     rts6740_elf.lib : vsprintf.c.obj (.text:vsprintf)
                  118218c0    00000040                     : wcslen.c.obj (.text:wcslen)
                  11821900    00000040     ti.targets.rts6000.ae674 : Error.oe674 (.text:xdc_runtime_Error_check__E)
                  11821940    00000040                              : Error.oe674 (.text:xdc_runtime_Error_init__E)
                  11821980    00000040     FinalContestRobot2_pe674.oe674 (.text:xdc_runtime_IHeap_alloc)
                  118219c0    00000040     FinalContestRobot2_pe674.oe674 (.text:xdc_runtime_IHeap_free)
                  11821a00    00000040     ti.targets.rts6000.ae674 : LoggerBuf.oe674 (.text:xdc_runtime_LoggerBuf_write0__E)
                  11821a40    00000040                              : LoggerBuf.oe674 (.text:xdc_runtime_LoggerBuf_write1__E)
                  11821a80    00000040                              : LoggerBuf.oe674 (.text:xdc_runtime_LoggerBuf_write2__E)
                  11821ac0    00000040                              : Registry.oe674 (.text:xdc_runtime_Registry_findById__E)
                  11821b00    00000040     FinalContestRobot2_pe674.oe674 (.text:xdc_runtime_Startup_exec__I)
                  11821b40    00000040     ti.targets.rts6000.ae674 : SysMin.oe674 (.text:xdc_runtime_SysMin_Module_startup__E)
                  11821b80    00000040                              : SysMin.oe674 (.text:xdc_runtime_SysMin_exit__E)
                  11821bc0    00000040                              : System.oe674 (.text:xdc_runtime_System_abort__E)
                  11821c00    00000040     FinalContestRobot2_pe674.oe674 (.text:xdc_runtime_System_aprintf__E)
                  11821c40    00000040     ti.targets.rts6000.ae674 : System.oe674 (.text:xdc_runtime_System_exit__E)
                  11821c80    00000040     FinalContestRobot2_pe674.oe674 (.text:xdc_runtime_System_printf__E)
                  11821cc0    00000040     FinalContestRobot2_pe674.oe674 (.text:xdc_runtime_Text_visitRope__I)
                  11821d00    00000020     rts6740_elf.lib : errno.c.obj (.text:__c6xabi_errno_addr)
                  11821d20    00000020                     : trunc.c.obj (.text:__c6xabi_trunc)
                  11821d40    00000020                     : truncf.c.obj (.text:__c6xabi_truncf)
                  11821d60    00000020                     : push.asm.obj (.text:__pop_rts)
                  11821d80    00000020                     : push.asm.obj (.text:__push_rts)
                  11821da0    00000020                     : sscanf.c.obj (.text:_inpchar)
                  11821dc0    00000020                     : _lock.c.obj (.text:_nop)
                  11821de0    00000020                     : printf.c.obj (.text:_outc)
                  11821e00    00000020                     : sprintf.c.obj (.text:_outc)
                  11821e20    00000020                     : vsprintf.c.obj (.text:_outc)
                  11821e40    00000020                     : printf.c.obj (.text:_outs)
                  11821e60    00000020                     : _lock.c.obj (.text:_register_lock)
                  11821e80    00000020                     : _lock.c.obj (.text:_register_unlock)
                  11821ea0    00000020                     : signbit.c.obj (.text:_signbit)
                  11821ec0    00000020     sysbios.ae674 : c62_TaskSupport_asm.obj (.text:_ti_sysbios_family_c62_TaskSupport_glue)
                  11821ee0    00000020     rts6740_elf.lib : sscanf.c.obj (.text:_uninpchar)
                  11821f00    00000020                     : exit.c.obj (.text:abort)
                  11821f20    00000020                     : copy_decompress_none.c.obj (.text:decompress:none:__TI_decompress_none)
                  11821f40    00000020                     : copy_decompress_rle.c.obj (.text:decompress:rle24:__TI_decompress_rle24)
                  11821f60    00000020     FinalContestRobot2_pe674.oe674 (.text:malloc)
                  11821f80    00000020     FinalContestRobot2_pe674.oe674 (.text:ti_sysbios_BIOS_RtsGateProxy_enter__E)
                  11821fa0    00000020     FinalContestRobot2_pe674.oe674 (.text:ti_sysbios_BIOS_RtsGateProxy_leave__E)
                  11821fc0    00000020     sysbios.ae674 : BIOS.obj (.text:ti_sysbios_BIOS_linkedWithIncorrectBootLibrary__E)
                  11821fe0    00000020     FinalContestRobot2_pe674.oe674 (.text:ti_sysbios_BIOS_nullFunc__I)
                  11822000    00000020     sysbios.ae674 : BIOS.obj (.text:ti_sysbios_BIOS_setThreadType__E)
                  11822020    00000020                   : BIOS.obj (.text:ti_sysbios_BIOS_start__E)
                  11822040    00000020     FinalContestRobot2_pe674.oe674 (.text:ti_sysbios_family_c62_TaskSupport_Module__startupDone__S)
                  11822060    00000020     sysbios.ae674 : BIOS.obj (.text:ti_sysbios_family_c62_TaskSupport_checkStack__E)
                  11822080    00000020                   : BIOS.obj (.text:ti_sysbios_family_c64p_Cache_inv__E)
                  118220a0    00000020                   : BIOS.obj (.text:ti_sysbios_family_c64p_Cache_wb__E)
                  118220c0    00000020     FinalContestRobot2_pe674.oe674 (.text:ti_sysbios_family_c64p_Hwi_Module__startupDone__S)
                  118220e0    00000020     sysbios.ae674 : BIOS.obj (.text:ti_sysbios_family_c64p_Hwi_clearInterrupt__E)
                  11822100    00000020                   : BIOS.obj (.text:ti_sysbios_family_c64p_Hwi_startup__E)
                  11822120    00000020                   : BIOS.obj (.text:ti_sysbios_family_c64p_Hwi_switchFromBootStack__E)
                  11822140    00000020                   : BIOS.obj (.text:ti_sysbios_family_c64p_TimestampProvider_Module_startup__E)
                  11822160    00000020                   : BIOS.obj (.text:ti_sysbios_family_c64p_TimestampProvider_get64__E)
                  11822180    00000020                   : BIOS.obj (.text:ti_sysbios_gates_GateHwi_enter__E)
                  118221a0    00000020                   : BIOS.obj (.text:ti_sysbios_gates_GateHwi_leave__E)
                  118221c0    00000020                   : BIOS.obj (.text:ti_sysbios_gates_GateHwi_query__E)
                  118221e0    00000020                   : BIOS.obj (.text:ti_sysbios_gates_GateMutex_query__E)
                  11822200    00000020     FinalContestRobot2_pe674.oe674 (.text:ti_sysbios_hal_Hwi_HwiProxy_Module__startupDone__S)
                  11822220    00000020     FinalContestRobot2_pe674.oe674 (.text:ti_sysbios_hal_Hwi_HwiProxy_clearInterrupt__E)
                  11822240    00000020     FinalContestRobot2_pe674.oe674 (.text:ti_sysbios_hal_Hwi_HwiProxy_disableInterrupt__E)
                  11822260    00000020     FinalContestRobot2_pe674.oe674 (.text:ti_sysbios_hal_Hwi_HwiProxy_enableInterrupt__E)
                  11822280    00000020     FinalContestRobot2_pe674.oe674 (.text:ti_sysbios_hal_Hwi_HwiProxy_startup__E)
                  118222a0    00000020     FinalContestRobot2_pe674.oe674 (.text:ti_sysbios_hal_Hwi_HwiProxy_switchFromBootStack__E)
                  118222c0    00000020     sysbios.ae674 : BIOS.obj (.text:ti_sysbios_hal_Hwi_Module_startup__E)
                  118222e0    00000020     FinalContestRobot2_pe674.oe674 (.text:ti_sysbios_heaps_HeapMem_Module_GateProxy_enter__E)
                  11822300    00000020     FinalContestRobot2_pe674.oe674 (.text:ti_sysbios_heaps_HeapMem_Module_GateProxy_leave__E)
                  11822320    00000020     FinalContestRobot2_pe674.oe674 (.text:ti_sysbios_heaps_HeapMem_Module_GateProxy_query__E)
                  11822340    00000020     sysbios.ae674 : BIOS.obj (.text:ti_sysbios_heaps_HeapMem_isBlocking__E)
                  11822360    00000020     FinalContestRobot2_pe674.oe674 (.text:ti_sysbios_knl_Clock_TimerProxy_Module__startupDone__S)
                  11822380    00000020     FinalContestRobot2_pe674.oe674 (.text:ti_sysbios_knl_Clock_TimerProxy_getMaxTicks__E)
                  118223a0    00000020     sysbios.ae674 : BIOS.obj (.text:ti_sysbios_knl_Clock_getTicks__E)
                  118223c0    00000020                   : BIOS.obj (.text:ti_sysbios_knl_Clock_logTick__E)
                  118223e0    00000020                   : BIOS.obj (.text:ti_sysbios_knl_Idle_loop__E)
                  11822400    00000020                   : BIOS.obj (.text:ti_sysbios_knl_Queue_empty__E)
                  11822420    00000020                   : BIOS.obj (.text:ti_sysbios_knl_Swi_disable__E)
                  11822440    00000020     FinalContestRobot2_pe674.oe674 (.text:ti_sysbios_knl_Task_SupportProxy_Module__startupDone__S)
                  11822460    00000020     FinalContestRobot2_pe674.oe674 (.text:ti_sysbios_knl_Task_SupportProxy_checkStack__E)
                  11822480    00000020     FinalContestRobot2_pe674.oe674 (.text:ti_sysbios_knl_Task_SupportProxy_start__E)
                  118224a0    00000020     FinalContestRobot2_pe674.oe674 (.text:ti_sysbios_knl_Task_SupportProxy_swap__E)
                  118224c0    00000020     sysbios.ae674 : BIOS.obj (.text:ti_sysbios_knl_Task_disable__E)
                  118224e0    00000020                   : BIOS.obj (.text:ti_sysbios_knl_Task_sleepTimeout__I)
                  11822500    00000020                   : BIOS.obj (.text:ti_sysbios_knl_Task_startup__E)
                  11822520    00000020     FinalContestRobot2_pe674.oe674 (.text:ti_sysbios_timers_timer64_Timer_Module__startupDone__S)
                  11822540    00000020     FinalContestRobot2_pe674.oe674 (.text:ti_sysbios_timers_timer64_Timer_TimerSupportProxy_enable__E)
                  11822560    00000020     sysbios.ae674 : BIOS.obj (.text:ti_sysbios_timers_timer64_Timer_getMaxTicks__E)
                  11822580    00000020     FinalContestRobot2_pe674.oe674 (.text:xdc_iargToPtr)
                  118225a0    00000020     ti.targets.rts6000.ae674 : Error.oe674 (.text:xdc_runtime_Error_getSite__E)
                  118225c0    00000020                              : Error.oe674 (.text:xdc_runtime_Error_raiseX__E)
                  118225e0    00000020                              : Gate.oe674 (.text:xdc_runtime_Gate_enterSystem__E)
                  11822600    00000020                              : Gate.oe674 (.text:xdc_runtime_Gate_leaveSystem__E)
                  11822620    00000020     FinalContestRobot2_pe674.oe674 (.text:xdc_runtime_LoggerBuf_Module_GateProxy_enter__E)
                  11822640    00000020     FinalContestRobot2_pe674.oe674 (.text:xdc_runtime_LoggerBuf_Module_GateProxy_leave__E)
                  11822660    00000020     FinalContestRobot2_pe674.oe674 (.text:xdc_runtime_LoggerBuf_TimestampProxy_get64__E)
                  11822680    00000020     ti.targets.rts6000.ae674 : LoggerBuf.oe674 (.text:xdc_runtime_LoggerBuf_disable__E)
                  118226a0    00000020                              : LoggerBuf.oe674 (.text:xdc_runtime_LoggerBuf_enable__E)
                  118226c0    00000020     FinalContestRobot2_pe674.oe674 (.text:xdc_runtime_Memory_HeapProxy_alloc__E)
                  118226e0    00000020     FinalContestRobot2_pe674.oe674 (.text:xdc_runtime_Memory_HeapProxy_free__E)
                  11822700    00000020     ti.targets.rts6000.ae674 : Memory.oe674 (.text:xdc_runtime_Memory_free__E)
                  11822720    00000020                              : Memory.oe674 (.text:xdc_runtime_Memory_getMaxDefaultTypeAlign__E)
                  11822740    00000020     FinalContestRobot2_pe674.oe674 (.text:xdc_runtime_Startup_reset__I)
                  11822760    00000020     ti.targets.rts6000.ae674 : Startup.oe674 (.text:xdc_runtime_Startup_rtsDone__E)
                  11822780    00000020                              : SysMin.oe674 (.text:xdc_runtime_SysMin_ready__E)
                  118227a0    00000020     FinalContestRobot2_pe674.oe674 (.text:xdc_runtime_System_Module_GateProxy_enter__E)
                  118227c0    00000020     FinalContestRobot2_pe674.oe674 (.text:xdc_runtime_System_Module_GateProxy_leave__E)
                  118227e0    00000020     ti.targets.rts6000.ae674 : System.oe674 (.text:xdc_runtime_System_Module_startup__E)
                  11822800    00000020     FinalContestRobot2_pe674.oe674 (.text:xdc_runtime_System_SupportProxy_abort__E)
                  11822820    00000020     FinalContestRobot2_pe674.oe674 (.text:xdc_runtime_System_SupportProxy_exit__E)
                  11822840    00000020     FinalContestRobot2_pe674.oe674 (.text:xdc_runtime_System_SupportProxy_putch__E)
                  11822860    00000020     FinalContestRobot2_pe674.oe674 (.text:xdc_runtime_System_SupportProxy_ready__E)
                  11822880    00000020     ti.targets.rts6000.ae674 : System.oe674 (.text:xdc_runtime_System_vsnprintf__E)
                  118228a0    00000020                              : Text.oe674 (.text:xdc_runtime_Text_ropeText__E)

.const.1   0    118228c0    00000040     
                  118228c0    00000040     evmomapl138_bsl.lib : evmomapl138.obj (.const:.string)

.far       0    11822900    0000bfdc     UNINITIALIZED
                  11822900    000048c0     FinalContestRobot2_pe674.oe674 (.far:taskStackSection)
                  118271c0    00001000     (.common:ti_sysbios_heaps_HeapMem_Instance_State_0_buf__A)
                  118281c0    00000fa0     (.common:enc0_array)
                  11829160    00000c00     (.common:object_stats)
                  11829d60    00000ab0     (.common:obs)
                  1182a810    00000060     (.common:robotdest)
                  1182a870    0000000c     (.common:LADARps)
                  1182a87c    00000004     --HOLE--
                  1182a880    00000578     (.common:LADARinBuffer)
                  1182adf8    00000400     (.common:equivalency_objects)
                  1182b1f8    00000400     (.common:temp_equivalency_objects)
                  1182b5f8    000003e8     (.common:LADARangle)
                  1182b9e0    000003e8     (.common:LADARdataX)
                  1182bdc8    000003e8     (.common:LADARdataY)
                  1182c1b0    000003e8     (.common:LADARdistance)
                  1182c598    000003e8     (.common:newLADARangle)
                  1182c980    000003e8     (.common:newLADARdataX)
                  1182cd68    000003e8     (.common:newLADARdataY)
                  1182d150    000003e8     (.common:newLADARdistance)
                  1182d538    0000039c     (.common:final_object_stats)
                  1182d8d4    00000004     --HOLE--
                  1182d8d8    000002d0     (.common:boxes)
                  1182dba8    00000200     (.common:xdc_runtime_LoggerBuf_Instance_State_0_entryArr__A)
                  1182dda8    00000200     (.common:xdc_runtime_SysMin_Module_State_0_outbuf__A)
                  1182dfa8    00000190     (.common:pathCol)
                  1182e138    00000190     (.common:pathRow)
                  1182e2c8    00000140     (.common:__TI_tmpnams)
                  1182e408    00000102     (.common:fromLinuxstring)
                  1182e50a    00000006     --HOLE--
                  1182e510    00000102     (.common:toLinuxstring)
                  1182e612    00000006     --HOLE--
                  1182e618    0000002c     (.common:dist)
                  1182e644    00000004     --HOLE--
                  1182e648    0000002c     (.common:xdist)
                  1182e674    0000000c     (.common:OPTITRACKps)
                  1182e680    0000009c     (.common:f28335recData)
                  1182e71c    00000004     --HOLE--
                  1182e720    0000002c     (.common:ydist)
                  1182e74c    00000004     --HOLE--
                  1182e750    00000028     (.common:i2cdata)
                  1182e778    00000008     (.common:parmbuf)
                  1182e780    00000068     (.common:f28335TXData)
                  1182e7e8    00000024     (.common:temp_3x3)
                  1182e80c    00000004     --HOLE--
                  1182e810    0000001e     (.common:LADARoutBuffer)
                  1182e82e    00000002     --HOLE--
                  1182e830    00000018     (.common:bluex)
                  1182e848    00000018     (.common:bluey)
                  1182e860    00000018     (.common:orangex)
                  1182e878    00000018     (.common:orangey)
                  1182e890    00000014     (.common:Optitrackdata)
                  1182e8a4    0000000c     (.common:ROBOTps)
                  1182e8b0    0000000c     (.common:temp_3x1)
                  1182e8bc    00000004     --HOLE--
                  1182e8c0    0000000c     (.common:ytilde)
                  1182e8cc    00000004     --HOLE--
                  1182e8d0    0000000c     (.common:z)

.const.2   0    1182e8e0    00002794     
                  1182e8e0    000019d4     FinalContestRobot2_pe674.oe674 (.const:xdc_runtime_Text_charTab__A)
                  118302b4    00000518     sysbios.ae674 : BIOS.obj (.const:.string)
                  118307cc    00000174     user_FinalContestRobot2.obj (.const:.string)
                  11830940    00000101     rts6740_elf.lib : ctype.c.obj (.const:.string:_ctypes_)
                  11830a41    00000001     FinalContestRobot2_pe674.oe674 (.const:ti_sysbios_timers_timer64_Timer_localTimerBaseId__C)
                  11830a42    00000002     FinalContestRobot2_pe674.oe674 (.const:ti_sysbios_family_c64p_Cache_Module__id__C)
                  11830a44    00000004     FinalContestRobot2_pe674.oe674 (.const:ti_sysbios_BIOS_installedErrorHook__C)
                  11830a48    000000cc     FinalContestRobot2_pe674.oe674 (.const:xdc_runtime_Text_nodeTab__A)
                  11830b14    00000004     FinalContestRobot2_pe674.oe674 (.const:ti_sysbios_family_c64p_Cache_EMIFA_BASE__C)
                  11830b18    00000080     evmomapl138_bsl.lib : evmomapl138.obj (.const:bitval_u32)
                  11830b98    00000080     rts6740_elf.lib : strtod.c.obj (.const:digits)
                  11830c18    00000058     ti.targets.rts6000.ae674 : Error.oe674 (.const:.string)
                  11830c70    00000048     rts6740_elf.lib : strtod.c.obj (.const:powerof10)
                  11830cb8    00000044     Ladar.obj (.const:.string)
                  11830cfc    00000040     ti.targets.rts6000.ae674 : Text.oe674 (.const:.string)
                  11830d3c    0000003c     FinalContestRobot2_pe674.oe674 (.const:xdc_runtime_LoggerBuf_Module__FXNS__C)
                  11830d78    00000030     FinalContestRobot2_pe674.oe674 (.const:xdc_runtime_Startup_sfxnTab__A)
                  11830da8    0000002c     ti.targets.rts6000.ae674 : Startup.oe674 (.const:.string)
                  11830dd4    00000028     FinalContestRobot2_pe674.oe674 (.const:ti_sysbios_heaps_HeapMem_Module__FXNS__C)
                  11830dfc    00000024     rts6740_elf.lib : _printfi.c.obj (.const:.string)
                  11830e20    00000024     FinalContestRobot2_pe674.oe674 (.const:ti_sysbios_gates_GateHwi_Module__FXNS__C)
                  11830e44    00000024     FinalContestRobot2_pe674.oe674 (.const:ti_sysbios_gates_GateMutex_Module__FXNS__C)
                  11830e68    00000018     ColorLCD.obj (.const:$P$T0$1)
                  11830e80    00000018     ti.targets.rts6000.ae674 : System.oe674 (.const:.string)
                  11830e98    00000018     FinalContestRobot2_pe674.oe674 (.const:xdc_runtime_Startup_sfxnRts__A)
                  11830eb0    00000010     evmomapl138_bsl.lib : evmomapl138_uart.obj (.const:.string)
                  11830ec0    00000010     rts6740_elf.lib : _scanfi.c.obj (.const:.string)
                  11830ed0    00000008     FinalContestRobot2_pe674.oe674 (.const:ti_sysbios_knl_Idle_funcList__C)
                  11830ed8    00000008     FinalContestRobot2_pe674.oe674 (.const:xdc_runtime_Startup_firstFxns__A)
                  11830ee0    00000008     FinalContestRobot2_pe674.oe674 (.const:xdc_runtime_Startup_firstFxns__C)
                  11830ee8    00000008     FinalContestRobot2_pe674.oe674 (.const:xdc_runtime_Startup_lastFxns__C)
                  11830ef0    00000007     rts6740_elf.lib : _scanfi.c.obj (.const:.string:flit$1)
                  11830ef7    00000001     --HOLE-- [fill = 0]
                  11830ef8    00000006                     : _scanfi.c.obj (.const:.string:barr$2)
                  11830efe    00000002     FinalContestRobot2_pe674.oe674 (.const:ti_sysbios_family_c64p_Exception_Module__id__C)
                  11830f00    00000004     Ladar.obj (.const:.string:$P$T0$1)
                  11830f04    00000004     FinalContestRobot2_pe674.oe674 (.const:ti_sysbios_family_c64p_Cache_EMIFA_CFG__C)
                  11830f08    00000004     FinalContestRobot2_pe674.oe674 (.const:ti_sysbios_family_c64p_Cache_EMIFA_LENGTH__C)
                  11830f0c    00000004     FinalContestRobot2_pe674.oe674 (.const:ti_sysbios_family_c64p_Cache_EMIFB_BASE__C)
                  11830f10    00000004     FinalContestRobot2_pe674.oe674 (.const:ti_sysbios_family_c64p_Cache_EMIFB_CFG__C)
                  11830f14    00000004     FinalContestRobot2_pe674.oe674 (.const:ti_sysbios_family_c64p_Cache_EMIFB_LENGTH__C)
                  11830f18    00000004     FinalContestRobot2_pe674.oe674 (.const:ti_sysbios_family_c64p_Cache_EMIFC_BASE__C)
                  11830f1c    00000004     FinalContestRobot2_pe674.oe674 (.const:ti_sysbios_family_c64p_Cache_EMIFC_CFG__C)
                  11830f20    00000004     FinalContestRobot2_pe674.oe674 (.const:ti_sysbios_family_c64p_Cache_EMIFC_LENGTH__C)
                  11830f24    00000004     FinalContestRobot2_pe674.oe674 (.const:ti_sysbios_family_c64p_Cache_E_invalidL1CacheSize__C)
                  11830f28    00000004     FinalContestRobot2_pe674.oe674 (.const:ti_sysbios_family_c64p_Cache_E_invalidL2CacheSize__C)
                  11830f2c    00000004     FinalContestRobot2_pe674.oe674 (.const:ti_sysbios_family_c64p_Cache_MAR0_31__C)
                  11830f30    00000004     FinalContestRobot2_pe674.oe674 (.const:ti_sysbios_family_c64p_Cache_MAR128_159__C)
                  11830f34    00000004     FinalContestRobot2_pe674.oe674 (.const:ti_sysbios_family_c64p_Cache_MAR160_191__C)
                  11830f38    00000004     FinalContestRobot2_pe674.oe674 (.const:ti_sysbios_family_c64p_Cache_MAR192_223__C)
                  11830f3c    00000004     FinalContestRobot2_pe674.oe674 (.const:ti_sysbios_family_c64p_Cache_MAR224_255__C)
                  11830f40    00000004     FinalContestRobot2_pe674.oe674 (.const:ti_sysbios_family_c64p_Cache_MAR32_63__C)
                  11830f44    00000004     FinalContestRobot2_pe674.oe674 (.const:ti_sysbios_family_c64p_Cache_MAR64_95__C)
                  11830f48    00000004     FinalContestRobot2_pe674.oe674 (.const:ti_sysbios_family_c64p_Cache_MAR96_127__C)
                  11830f4c    00000004     FinalContestRobot2_pe674.oe674 (.const:ti_sysbios_family_c64p_Exception_E_exceptionMax__C)
                  11830f50    00000004     FinalContestRobot2_pe674.oe674 (.const:ti_sysbios_family_c64p_Exception_exceptionHook__C)
                  11830f54    00000004     FinalContestRobot2_pe674.oe674 (.const:ti_sysbios_family_c64p_Exception_externalHook__C)
                  11830f58    00000004     FinalContestRobot2_pe674.oe674 (.const:ti_sysbios_family_c64p_Exception_internalHook__C)
                  11830f5c    00000004     FinalContestRobot2_pe674.oe674 (.const:ti_sysbios_family_c64p_Exception_nmiHook__C)
                  11830f60    00000004     FinalContestRobot2_pe674.oe674 (.const:ti_sysbios_gates_GateMutex_Instance_State_sem__O)
                  11830f64    00000004     FinalContestRobot2_pe674.oe674 (.const:ti_sysbios_hal_Hwi_E_stackOverflow__C)
                  11830f68    00000004     FinalContestRobot2_pe674.oe674 (.const:ti_sysbios_heaps_HeapMem_E_memory__C)
                  11830f6c    00000004     FinalContestRobot2_pe674.oe674 (.const:ti_sysbios_heaps_HeapMem_Module__gateObj__C)
                  11830f70    00000004     FinalContestRobot2_pe674.oe674 (.const:ti_sysbios_heaps_HeapMem_Object__count__C)
                  11830f74    00000004     FinalContestRobot2_pe674.oe674 (.const:ti_sysbios_heaps_HeapMem_Object__table__C)
                  11830f78    00000004     FinalContestRobot2_pe674.oe674 (.const:ti_sysbios_knl_Clock_Module_State_clockQ__O)
                  11830f7c    00000004     FinalContestRobot2_pe674.oe674 (.const:ti_sysbios_knl_Semaphore_Instance_State_pendQ__O)
                  11830f80    00000004     FinalContestRobot2_pe674.oe674 (.const:ti_sysbios_knl_Idle_funcList__A)
                  11830f84    00000004     FinalContestRobot2_pe674.oe674 (.const:ti_sysbios_knl_Swi_Object__count__C)
                  11830f88    00000004     FinalContestRobot2_pe674.oe674 (.const:ti_sysbios_knl_Swi_Object__table__C)
                  11830f8c    00000004     FinalContestRobot2_pe674.oe674 (.const:ti_sysbios_knl_Task_E_spOutOfBounds__C)
                  11830f90    00000004     FinalContestRobot2_pe674.oe674 (.const:ti_sysbios_knl_Task_E_stackOverflow__C)
                  11830f94    00000004     FinalContestRobot2_pe674.oe674 (.const:ti_sysbios_knl_Task_Module_State_inactiveQ__O)
                  11830f98    00000004     FinalContestRobot2_pe674.oe674 (.const:ti_sysbios_knl_Task_Object__count__C)
                  11830f9c    00000004     FinalContestRobot2_pe674.oe674 (.const:ti_sysbios_knl_Task_Object__table__C)
                  11830fa0    00000004     FinalContestRobot2_pe674.oe674 (.const:ti_sysbios_knl_Task_allBlockedFunc__C)
                  11830fa4    00000004     FinalContestRobot2_pe674.oe674 (.const:ti_sysbios_knl_Task_numConstructedTasks__C)
                  11830fa8    00000004     FinalContestRobot2_pe674.oe674 (.const:ti_sysbios_timers_timer64_Timer_E_cannotSupport__C)
                  11830fac    00000004     FinalContestRobot2_pe674.oe674 (.const:ti_sysbios_timers_timer64_Timer_anyMaskHigh__C)
                  11830fb0    00000004     FinalContestRobot2_pe674.oe674 (.const:ti_sysbios_timers_timer64_Timer_anyMask__C)
                  11830fb4    00000004     FinalContestRobot2_pe674.oe674 (.const:ti_sysbios_timers_timer64_Timer_freqDivisor__C)
                  11830fb8    00000004     FinalContestRobot2_pe674.oe674 (.const:ti_sysbios_timers_timer64_Timer_numLocalTimers__C)
                  11830fbc    00000004     FinalContestRobot2_pe674.oe674 (.const:ti_sysbios_timers_timer64_Timer_numTimerDevices__C)
                  11830fc0    00000004     FinalContestRobot2_pe674.oe674 (.const:xdc_runtime_Assert_E_assertFailed__C)
                  11830fc4    00000004     FinalContestRobot2_pe674.oe674 (.const:xdc_runtime_Error_E_memory__C)
                  11830fc8    00000004     FinalContestRobot2_pe674.oe674 (.const:xdc_runtime_Error_Module__diagsEnabled__C)
                  11830fcc    00000004     FinalContestRobot2_pe674.oe674 (.const:xdc_runtime_Error_Module__diagsIncluded__C)
                  11830fd0    00000004     FinalContestRobot2_pe674.oe674 (.const:xdc_runtime_Error_Module__diagsMask__C)
                  11830fd4    00000004     FinalContestRobot2_pe674.oe674 (.const:xdc_runtime_Error_Module__loggerFxn8__C)
                  11830fd8    00000004     FinalContestRobot2_pe674.oe674 (.const:xdc_runtime_Error_Module__loggerObj__C)
                  11830fdc    00000004     FinalContestRobot2_pe674.oe674 (.const:xdc_runtime_Error_policyFxn__C)
                  11830fe0    00000004     FinalContestRobot2_pe674.oe674 (.const:xdc_runtime_Error_policy__C)
                  11830fe4    00000004     FinalContestRobot2_pe674.oe674 (.const:xdc_runtime_Error_raiseHook__C)
                  11830fe8    00000004     FinalContestRobot2_pe674.oe674 (.const:xdc_runtime_IFilterLogger_Interface__BASE__C)
                  11830fec    00000004     FinalContestRobot2_pe674.oe674 (.const:xdc_runtime_IGateProvider_Interface__BASE__C)
                  11830ff0    00000004     FinalContestRobot2_pe674.oe674 (.const:xdc_runtime_IHeap_Interface__BASE__C)
                  11830ff4    00000004     FinalContestRobot2_pe674.oe674 (.const:xdc_runtime_ILogger_Interface__BASE__C)
                  11830ff8    00000004     FinalContestRobot2_pe674.oe674 (.const:xdc_runtime_IModule_Interface__BASE__C)
                  11830ffc    00000004     FinalContestRobot2_pe674.oe674 (.const:xdc_runtime_Log_L_error__C)
                  11831000    00000004     FinalContestRobot2_pe674.oe674 (.const:xdc_runtime_LoggerBuf_E_badLevel__C)
                  11831004    00000004     FinalContestRobot2_pe674.oe674 (.const:xdc_runtime_LoggerBuf_Module__gateObj__C)
                  11831008    00000004     FinalContestRobot2_pe674.oe674 (.const:xdc_runtime_LoggerBuf_Object__count__C)
                  1183100c    00000004     FinalContestRobot2_pe674.oe674 (.const:xdc_runtime_LoggerBuf_Object__table__C)
                  11831010    00000004     FinalContestRobot2_pe674.oe674 (.const:xdc_runtime_LoggerBuf_statusLogger__C)
                  11831014    00000004     FinalContestRobot2_pe674.oe674 (.const:xdc_runtime_Memory_defaultHeapInstance__C)
                  11831018    00000004     FinalContestRobot2_pe674.oe674 (.const:xdc_runtime_Startup_execImpl__C)
                  1183101c    00000004     FinalContestRobot2_pe674.oe674 (.const:xdc_runtime_Startup_maxPasses__C)
                  11831020    00000004     FinalContestRobot2_pe674.oe674 (.const:xdc_runtime_Startup_sfxnRts__C)
                  11831024    00000004     FinalContestRobot2_pe674.oe674 (.const:xdc_runtime_Startup_sfxnTab__C)
                  11831028    00000004     FinalContestRobot2_pe674.oe674 (.const:xdc_runtime_Startup_startModsFxn__C)
                  1183102c    00000004     FinalContestRobot2_pe674.oe674 (.const:xdc_runtime_SysMin_bufSize__C)
                  11831030    00000004     FinalContestRobot2_pe674.oe674 (.const:xdc_runtime_SysMin_outputFunc__C)
                  11831034    00000004     FinalContestRobot2_pe674.oe674 (.const:xdc_runtime_System_Module__gateObj__C)
                  11831038    00000004     FinalContestRobot2_pe674.oe674 (.const:xdc_runtime_System_abortFxn__C)
                  1183103c    00000004     FinalContestRobot2_pe674.oe674 (.const:xdc_runtime_System_exitFxn__C)
                  11831040    00000004     FinalContestRobot2_pe674.oe674 (.const:xdc_runtime_System_extendFxn__C)
                  11831044    00000004     FinalContestRobot2_pe674.oe674 (.const:xdc_runtime_System_maxAtexitHandlers__C)
                  11831048    00000004     FinalContestRobot2_pe674.oe674 (.const:xdc_runtime_Text_charTab__C)
                  1183104c    00000004     FinalContestRobot2_pe674.oe674 (.const:xdc_runtime_Text_nodeTab__C)
                  11831050    00000004     FinalContestRobot2_pe674.oe674 (.const:xdc_runtime_Text_visitRopeFxn__C)
                  11831054    00000002     FinalContestRobot2_pe674.oe674 (.const:ti_sysbios_family_c64p_Exception_useInternalBuffer__C)
                  11831056    00000002     FinalContestRobot2_pe674.oe674 (.const:ti_sysbios_hal_Hwi_Module__id__C)
                  11831058    00000002     FinalContestRobot2_pe674.oe674 (.const:ti_sysbios_heaps_HeapMem_Module__id__C)
                  1183105a    00000002     FinalContestRobot2_pe674.oe674 (.const:ti_sysbios_knl_Task_Module__id__C)
                  1183105c    00000002     FinalContestRobot2_pe674.oe674 (.const:ti_sysbios_timers_timer64_Timer_Module__id__C)
                  1183105e    00000002     FinalContestRobot2_pe674.oe674 (.const:ti_sysbios_timers_timer64_Timer_startupNeeded__C)
                  11831060    00000002     FinalContestRobot2_pe674.oe674 (.const:ti_sysbios_timers_timer64_Timer_useTimer64pRegMap__C)
                  11831062    00000002     FinalContestRobot2_pe674.oe674 (.const:xdc_runtime_Error_Module__loggerDefined__C)
                  11831064    00000002     FinalContestRobot2_pe674.oe674 (.const:xdc_runtime_Error_maxDepth__C)
                  11831066    00000002     FinalContestRobot2_pe674.oe674 (.const:xdc_runtime_LoggerBuf_Module__id__C)
                  11831068    00000002     FinalContestRobot2_pe674.oe674 (.const:xdc_runtime_LoggerBuf_filterByLevel__C)
                  1183106a    00000002     FinalContestRobot2_pe674.oe674 (.const:xdc_runtime_Memory_Module__id__C)
                  1183106c    00000002     FinalContestRobot2_pe674.oe674 (.const:xdc_runtime_SysMin_flushAtExit__C)
                  1183106e    00000002     FinalContestRobot2_pe674.oe674 (.const:xdc_runtime_Text_isLoaded__C)
                  11831070    00000002     FinalContestRobot2_pe674.oe674 (.const:xdc_runtime_Text_registryModsLastId__C)
                  11831072    00000002     FinalContestRobot2_pe674.oe674 (.const:xdc_runtime_Text_unnamedModsLastId__C)

.fardata   0    11833078    0000116c     UNINITIALIZED
                  11833078    0000025c     ColorVision.obj (.fardata:PRUCode)
                  118332d4    00000004     rts6740_elf.lib : _lock.c.obj (.fardata:_lock)
                  118332d8    000001e0                     : defs.c.obj (.fardata:_ftable)
                  118334b8    000001cc     FinalContestRobot2_pe674.oe674 (.fardata:ti_sysbios_knl_Task_Object__table__V)
                  11833684    00000004     rts6740_elf.lib : _lock.c.obj (.fardata:_unlock)
                  11833688    000000c0     FinalContestRobot2_pe674.oe674 (.fardata:ti_sysbios_knl_Swi_Object__table__V)
                  11833748    000000b0     user_FinalContestRobot2.obj (.fardata:map)
                  118337f8    000000b0     user_FinalContestRobot2.obj (.fardata:originalMap)
                  118338a8    000000a0     rts6740_elf.lib : write.c.obj (.fardata:_stream)
                  11833948    00000080     FinalContestRobot2_pe674.oe674 (.fardata:ti_sysbios_knl_Swi_Module_State_0_readyQ__A)
                  118339c8    00000080     FinalContestRobot2_pe674.oe674 (.fardata:ti_sysbios_knl_Task_Module_State_0_readyQ__A)
                  11833a48    00000078     rts6740_elf.lib : write.c.obj (.fardata:_device)
                  11833ac0    00000078     FinalContestRobot2_pe674.oe674 (.fardata:ti_sysbios_family_c64p_Hwi_Object__table__V)
                  11833b38    0000006c     FinalContestRobot2_pe674.oe674 (.fardata:ti_sysbios_family_c64p_Hwi_Module__state__V)
                  11833ba4    00000004     rts6740_elf.lib : defs.c.obj (.fardata)
                  11833ba8    00000060     FinalContestRobot2_pe674.oe674 (.fardata:ti_sysbios_timers_timer64_Timer_Module_State_0_device__A)
                  11833c08    00000050     Ladar.obj (.fardata:cornersX)
                  11833c58    00000050     Ladar.obj (.fardata:cornersY)
                  11833ca8    00000050     FinalContestRobot2_pe674.oe674 (.fardata:ti_sysbios_timers_timer64_Timer_Object__table__V)
                  11833cf8    00000048     FinalContestRobot2_pe674.oe674 (.fardata:ti_sysbios_knl_Task_Module__state__V)
                  11833d40    00000040     rts6740_elf.lib : cos.c.obj (.fardata:R$1)
                  11833d80    00000040                     : sin.c.obj (.fardata:R$1)
                  11833dc0    00000040     FinalContestRobot2_pe674.oe674 (.fardata:ti_sysbios_gates_GateMutex_Object__table__V)
                  11833e00    00000040     FinalContestRobot2_pe674.oe674 (.fardata:ti_sysbios_knl_Clock_Object__table__V)
                  11833e40    00000030     FinalContestRobot2_pe674.oe674 (.fardata:ti_sysbios_family_c64p_Exception_Module__state__V)
                  11833e70    0000002c     FinalContestRobot2_pe674.oe674 (.fardata:ti_sysbios_knl_Clock_Module__state__V)
                  11833e9c    00000004     rts6740_elf.lib : errno.c.obj (.fardata)
                  11833ea0    00000028     FinalContestRobot2_pe674.oe674 (.fardata:ti_sysbios_hal_Hwi_Object__table__V)
                  11833ec8    00000024     user_FinalContestRobot2.obj (.fardata:K)
                  11833eec    00000004     FinalContestRobot2_pe674.oe674 (.fardata:ti_sysbios_family_c64p_Cache_Module__state__V)
                  11833ef0    00000024     user_FinalContestRobot2.obj (.fardata:P_pred)
                  11833f14    00000004     FinalContestRobot2_pe674.oe674 (.fardata:ti_sysbios_family_c64p_primus_TimerSupport_Module__state__V)
                  11833f18    00000024     user_FinalContestRobot2.obj (.fardata:Q)
                  11833f3c    00000004     FinalContestRobot2_pe674.oe674 (.fardata:xdc_runtime_Memory_Module__state__V)
                  11833f40    00000024     user_FinalContestRobot2.obj (.fardata:R)
                  11833f64    00000002     FinalContestRobot2_pe674.oe674 (.fardata:xdc_runtime_Error_Module__state__V)
                  11833f66    00000002     --HOLE--
                  11833f68    00000024     user_FinalContestRobot2.obj (.fardata:S)
                  11833f8c    00000004     --HOLE--
                  11833f90    00000024     user_FinalContestRobot2.obj (.fardata:S_inv)
                  11833fb4    00000004     --HOLE--
                  11833fb8    00000024     user_FinalContestRobot2.obj (.fardata:eye3)
                  11833fdc    00000024     FinalContestRobot2_pe674.oe674 (.fardata:ti_sysbios_BIOS_Module__state__V)
                  11834000    00000024     FinalContestRobot2_pe674.oe674 (.fardata:xdc_runtime_LoggerBuf_Object__table__V)
                  11834024    00000004     --HOLE--
                  11834028    00000020     rts6740_elf.lib : atanf.c.obj (.fardata:arctan_consts$1)
                  11834048    00000020     FinalContestRobot2_pe674.oe674 (.fardata:ti_sysbios_timers_timer64_Timer_Module_State_0_gctrl__A)
                  11834068    00000020     FinalContestRobot2_pe674.oe674 (.fardata:ti_sysbios_timers_timer64_Timer_Module_State_0_handles__A)
                  11834088    00000020     FinalContestRobot2_pe674.oe674 (.fardata:ti_sysbios_timers_timer64_Timer_Module_State_0_intFreqs__A)
                  118340a8    00000020     FinalContestRobot2_pe674.oe674 (.fardata:xdc_runtime_Error_IgnoreBlock)
                  118340c8    0000001c     FinalContestRobot2_pe674.oe674 (.fardata:ti_sysbios_knl_Swi_Module__state__V)
                  118340e4    00000004     --HOLE--
                  118340e8    00000018     user_FinalContestRobot2.obj (.fardata:B)
                  11834100    00000018     FinalContestRobot2_pe674.oe674 (.fardata:ti_sysbios_heaps_HeapMem_Object__table__V)
                  11834118    00000018     FinalContestRobot2_pe674.oe674 (.fardata:ti_sysbios_knl_Semaphore_Object__table__V)
                  11834130    00000018     FinalContestRobot2_pe674.oe674 (.fardata:ti_sysbios_timers_timer64_Timer_Module__state__V)
                  11834148    00000010     rts6740_elf.lib : cosf.c.obj (.fardata:R$1)
                  11834158    00000010                     : sinf.c.obj (.fardata:R$1)
                  11834168    00000010     FinalContestRobot2_pe674.oe674 (.fardata:xdc_runtime_System_Module_State_0_atexitHandlers__A)
                  11834178    0000000c     user_FinalContestRobot2.obj (.fardata:Bu)
                  11834184    0000000c     rts6740_elf.lib : exit.c.obj (.fardata)
                  11834190    0000000c     user_FinalContestRobot2.obj (.fardata:x_pred)
                  1183419c    0000000c     FinalContestRobot2_pe674.oe674 (.fardata:xdc_runtime_SysMin_Module__state__V)
                  118341a8    00000008     FinalContestRobot2_pe674.oe674 (.fardata:ti_sysbios_family_c64p_primus_TimerSupport_Module_State_0_suspSrc__A)
                  118341b0    00000008     user_FinalContestRobot2.obj (.fardata:u)
                  118341b8    00000008     FinalContestRobot2_pe674.oe674 (.fardata:xdc_runtime_Registry_Module__state__V)
                  118341c0    00000008     FinalContestRobot2_pe674.oe674 (.fardata:xdc_runtime_Startup_Module__state__V)
                  118341c8    00000008     FinalContestRobot2_pe674.oe674 (.fardata:xdc_runtime_System_Module__state__V)
                  118341d0    00000006     FinalContestRobot2_pe674.oe674 (.fardata:xdc_runtime_LoggerBuf_Module__state__V)
                  118341d6    00000002     --HOLE--
                  118341d8    00000004     FinalContestRobot2_pe674.oe674 (.fardata:ti_sysbios_gates_GateHwi_Object__table__V)
                  118341dc    00000004     --HOLE--
                  118341e0    00000004     FinalContestRobot2_pe674.oe674 (.fardata:ti_sysbios_knl_Task_Module_State_0_idleTask__A)

.switch    0    118346b8    00000134     
                  118346b8    0000005c     user_FinalContestRobot2.obj (.switch:RobotControl)
                  11834714    0000005c     rts6740_elf.lib : _scanfi.c.obj (.switch:__TI_scanfi)
                  11834770    00000038                     : _printfi.c.obj (.switch:__TI_printfi)
                  118347a8    00000024     evmomapl138_bsl.lib : evmomapl138_gpio.obj (.switch:getRegisterBankAndBit)
                  118347cc    00000010                         : evmomapl138_spi.obj (.switch:SPI_init)
                  118347dc    00000010     ColorVision.obj (.switch:userProcessColorImageFunc_laser)

.cio       0    11834a00    00000120     UNINITIALIZED
                  11834a00    00000120     rts6740_elf.lib : trgmsg.c.obj (.cio)

MODULE SUMMARY

       Module                           code     ro data   rw data
       ------                           ----     -------   -------
    .\
       user_FinalContestRobot2.obj      23936    464       10488  
       Ladar.obj                        8000     72        5718   
       ColorVision.obj                  5056     16        6936   
       COECSL_edma3.obj                 1216     0         4136   
       ColorLCD.obj                     2400     24        11     
       COECSL_mcbsp.obj                 1664     0         300    
       MatrixMath.obj                   1824     0         0      
       user_xy.obj                      992      0         0      
       LCDprintf.obj                    416      0         8      
       pru.obj                          256      0         0      
    +--+--------------------------------+--------+---------+---------+
       Total:                           45760    576       27597  
                                                                  
    C:\hzhou39_decamar2_ashwina2\SE423Repo\Contest\FinalContestRobot2\FinalContestRobot2Project\Debug\configPkg\package\cfg\
       FinalContestRobot2_pe674.oe674   4576     7529      25776  
    +--+--------------------------------+--------+---------+---------+
       Total:                           4576     7529      25776  
                                                                  
    C:/hzhou39_decamar2_ashwina2/SE423Repo/LabFiles/bsl_forSYSBIOS/lib/evmomapl138_bsl.lib
       evmomapl138.obj                  4160     192       0      
       evmomapl138_vpif.obj             1920     0         0      
       evmomapl138_uart.obj             1376     16        0      
       evmomapl138_i2c_gpio.obj         1376     0         0      
       evmomapl138_i2c.obj              1312     0         4      
       evmomapl138_gpio.obj             1184     36        0      
       evmomapl138_spi.obj              1152     16        0      
       evmomapl138_timer.obj            384      0         0      
    +--+--------------------------------+--------+---------+---------+
       Total:                           12864    260       4      
                                                                  
    C:\CCStudio_v8\bios_6_70_01_03\packages\ti\targets\rts6000\lib\boot.ae674
       autoinit.oe674                   288      0         0      
       boot.oe674                       160      0         0      
    +--+--------------------------------+--------+---------+---------+
       Total:                           448      0         0      
                                                                  
    C:\CCStudio_v8\bios_6_70_01_03\packages\ti\targets\rts6000\lib\ti.targets.rts6000.ae674
       System.oe674                     3232     24        0      
       LoggerBuf.oe674                  2400     0         0      
       Text.oe674                       1728     64        0      
       Error.oe674                      1152     88        0      
       Startup.oe674                    896      44        0      
       SysMin.oe674                     704      0         0      
       Memory.oe674                     320      0         0      
       Gate.oe674                       64       0         0      
       Registry.oe674                   64       0         0      
    +--+--------------------------------+--------+---------+---------+
       Total:                           10560    220       0      
                                                                  
    C:\CCStudio_v8\ccsv8\tools\compiler\ti-cgt-c6000_8.3.3\lib\rts6740_elf.lib
       _printfi.c.obj                   13536    92        0      
       _scanfi.c.obj                    8864     121       0      
       strtod.c.obj                     2336     200       0      
       divd.c.obj                       1504     0         0      
       strtoll.c.obj                    1216     0         0      
       strtoull.c.obj                   1088     0         0      
       strtol.c.obj                     928      0         0      
       cos.c.obj                        800      0         64     
       fmodf.c.obj                      864      0         0      
       defs.c.obj                       0        0         804    
       fputs.c.obj                      800      0         0      
       imath64.c.obj                    800      0         0      
       sin.c.obj                        736      0         64     
       strtoul.c.obj                    768      0         0      
       divf.c.obj                       640      0         0      
       cosf.c.obj                       608      0         16     
       sinf.c.obj                       608      0         16     
       sscanf.c.obj                     512      0         0      
       trgmsg.c.obj                     224      0         288    
       fputc.c.obj                      448      0         0      
       frexp.c.obj                      448      0         0      
       getdevice.c.obj                  448      0         0      
       imath40.c.obj                    448      0         0      
       setvbuf.c.obj                    448      0         0      
       frexpf.c.obj                     416      0         0      
       hostrename.c.obj                 416      0         0      
       ldexpf.c.obj                     416      0         0      
       ldexp.c.obj                      384      0         0      
       write.c.obj                      96       0         280    
       atan2f.c.obj                     320      0         0      
       atanf.c.obj                      256      0         32     
       copy_decompress_rle.c.obj        288      0         0      
       printf.c.obj                     288      0         0      
       sqrtf.c.obj                      288      0         0      
       exit.c.obj                       256      0         12     
       ctype.c.obj                      0        257       0      
       atoi.c.obj                       256      0         0      
       fclose.c.obj                     256      0         0      
       fseek.c.obj                      256      0         0      
       hostopen.c.obj                   224      0         8      
       _io_perm.c.obj                   224      0         0      
       _ltoa.c.obj                      224      0         0      
       close.c.obj                      224      0         0      
       divi.asm.obj                     224      0         0      
       hostlseek.c.obj                  224      0         0      
       hostwrite.c.obj                  224      0         0      
       llshift.c.obj                    224      0         0      
       memset.c.obj                     224      0         0      
       divu.asm.obj                     192      0         0      
       fflush.c.obj                     192      0         0      
       hostread.c.obj                   192      0         0      
       hostunlink.c.obj                 192      0         0      
       modf.c.obj                       192      0         0      
       remi.asm.obj                     192      0         0      
       sprintf.c.obj                    192      0         0      
       tls.c.obj                        192      0         0      
       fopen.c.obj                      160      0         0      
       hostclose.c.obj                  160      0         0      
       memcpy64.asm.obj                 160      0         0      
       remu.asm.obj                     160      0         0      
       round.c.obj                      160      0         0      
       vsprintf.c.obj                   160      0         0      
       roundf.c.obj                     128      0         0      
       unlink.c.obj                     128      0         0      
       _lock.c.obj                      96       0         8      
       lseek.c.obj                      96       0         0      
       memccpy.c.obj                    96       0         0      
       modff.c.obj                      96       0         0      
       args_main.c.obj                  64       0         0      
       frcmpyd_div.c.obj                64       0         0      
       isinf.c.obj                      64       0         0      
       push.asm.obj                     64       0         0      
       wcslen.c.obj                     64       0         0      
       errno.c.obj                      32       0         4      
       copy_decompress_none.c.obj       32       0         0      
       signbit.c.obj                    32       0         0      
       trunc.c.obj                      32       0         0      
       truncf.c.obj                     32       0         0      
    +--+--------------------------------+--------+---------+---------+
[...]
11834364  DSP_Float9                                                          
11834368  DSP_Float10                                                         
1183436c  DSP_Float11                                                         
11834370  DSP_Float12                                                         
11834374  DSP_Float13                                                         
11834378  DSP_Float14                                                         
1183437c  DSP_Float15                                                         
11834380  DSP_Float16                                                         
11834384  DSP_Float17                                                         
11834388  DSP_Float18                                                         
1183438c  DSP_Float19                                                         
11834390  cntturn                                                             
11834394  ref_right_wall                                                      
11834398  left_turn_Start_threshold                                           
1183439c  left_turn_Stop_threshold                                            
118343a0  Kp_right_wall                                                       
118343a4  Kp_front_wall                                                       
118343a8  front_turn_velocity                                                 
118343ac  turn_command_saturation                                             
118343b0  sharp_right_threshold                                               
118343b4  Kp_sharp_right                                                      
118343b8  left_turn_corner_threshold                                          
118343bc  KpGyro                                                              
118343c0  data1                                                               
118343c4  data2                                                               
118343c8  data3                                                               
118343cc  data4                                                               
118343d0  data5                                                               
118343d4  data6                                                               
118343d8  data7                                                               
118343dc  newWeed                                                             
118343e0  p1_old                                                              
118343e4  p2_old                                                              
118343e8  angular_vel                                                         
118343ec  orientation                                                         
118343f0  old_angular_vel                                                     
118343f4  p1_current                                                          
118343f8  p2_current                                                          
118343fc  v1                                                                  
11834400  v2                                                                  
11834404  x                                                                   
11834408  y                                                                   
1183440c  update_Timer                                                        
11834410  countdown                                                           
11834414  astarRunning                                                        
11834418  astarTrigger                                                        
1183441c  astarDone                                                           
11834420  pathLen                                                             
11834424  pathPos                                                             
11834428  newLVData                                                           
1183442c  newROBOTpsx                                                         
11834430  newROBOTpsy                                                         
11834434  sharedROBOTpsx                                                      
11834438  sharedROBOTpsy                                                      
1183443c  orange_found                                                        
11834440  blue_found                                                          
11834444  spraying                                                            
11834448  blue_center_x                                                       
1183444c  blue_center_y                                                       
11834450  blue_area                                                           
11834454  i                                                                   
11834458  orange_center_x                                                     
1183445c  orange_center_y                                                     
11834460  orange_area                                                         
11834464  to_blue                                                             
11834468  blue_posx                                                           
1183446c  blue_posy                                                           
11834470  sharedbluex                                                         
11834474  sharedbluey                                                         
11834478  to_orange                                                           
1183447c  orange_posx                                                         
11834480  orange_posy                                                         
11834484  sharedorangex                                                       
11834488  sharedorangey                                                       
1183448c  ft                                                                  
11834490  p1                                                                  
11834494  p2                                                                  
11834498  p3                                                                  
1183449c  p4                                                                  
118344a0  colorerror                                                          
118344a4  KpLight                                                             
118344a8  WeedCoolDown                                                        
118344ac  DeathSpin                                                           
118344b0  distthresh                                                          
118344b4  mindist                                                             
118344b8  timecount                                                           
118344bc  whichled                                                            
118344c0  updateLCD                                                           
118344c4  testvar                                                             
118344c8  noimagefound                                                        
118344cc  object_x                                                            
118344d0  object_y                                                            
118344d4  blue_object_x                                                       
118344d8  blue_object_y                                                       
118344dc  orange_object_x                                                     
118344e0  orange_object_y                                                     
118344e4  blue_numpels                                                        
118344e8  orange_numpels                                                      
118344ec  colorstate                                                          
118344f0  new_coordata                                                        
118344f4  numpels                                                             
118344f8  new_num_found_objects                                               
118344fc  new_object_theta                                                    
11834500  new_C20                                                             
11834504  new_C02                                                             
11834508  top                                                                 
1183450c  left                                                                
11834510  num_unique_objects                                                  
11834514  current_object                                                      
11834518  color                                                               
1183451c  color2                                                              
11834520  Cdifference                                                         
11834524  neighbor_type                                                       
11834528  too_many_objects                                                    
1183452c  object_detected                                                     
11834530  print_hue                                                           
11834531  print_sat                                                           
11834532  print_val                                                           
11834533  print_r                                                             
11834534  print_b                                                             
11834535  print_g                                                             
11834538  specs_s                                                             
1183453c  specs_srad                                                          
11834540  specs_v                                                             
11834544  specs_vrad                                                          
11834548  specs_h                                                             
1183454c  specs_h2                                                            
11834550  specs_hrad                                                          
11834554  VPIF_beginning_line                                                 
11834558  equivalency                                                         
1183455c  done                                                                
11834560  f28335RecFirsttime                                                  
11834564  enc1                                                                
11834568  enc2                                                                
1183456c  enc3                                                                
11834570  enc4                                                                
11834574  compass                                                             
11834578  switchstate                                                         
1183457c  adcA0                                                               
11834580  adcB0                                                               
11834584  adcA1                                                               
11834588  adcB1                                                               
1183458c  adcA2                                                               
11834590  adcB2                                                               
11834594  adcA3                                                               
11834598  adcB3                                                               
1183459c  adcA4                                                               
118345a0  adcB4                                                               
118345a4  adcA5                                                               
118345a8  adcB5                                                               
118345ac  adcA6                                                               
118345b0  adcA7                                                               
118345b4  F28335_Extra1                                                       
118345b8  F28335_Extra2                                                       
118345bc  F28335_Extra3                                                       
118345c0  F28335_Extra4                                                       
118345c4  new_sendtolinux_F28335_Extra                                        
118345c8  send_F28335_Extra1                                                  
118345cc  send_F28335_Extra2                                                  
118345d0  send_F28335_Extra3                                                  
118345d4  send_F28335_Extra4                                                  
118345d8  num_EDMA3_0                                                         
118345dc  numofints                                                           
118345e0  scalingLadar                                                        
118345e4  LADARready                                                          
118345e8  LADARprocess                                                        
118345ec  uart1count                                                          
118345f0  numReadings                                                         
118345f4  errL                                                                
118345f8  errC                                                                
118345fc  errR                                                                
11834600  tLADARleftFt                                                        
11834604  tLADARcenterFt                                                      
11834608  tLADARrightFt                                                       
1183460c  cPrevLADARdata                                                      
1183460d  cLADARdata                                                          
11834610  iLADARrcv                                                           
11834614  cCommandName                                                        
11834618  LADARleftFt                                                         
1183461c  LADARcenterFt                                                       
11834620  LADARrightFt                                                        
11834624  numreadings_lastscan                                                
11834628  startAngle                                                          
1183462c  stepSize                                                            
11834630  newLADARdata                                                        
11834634  robotX                                                              
11834638  robotY                                                              
1183463c  robotT                                                              
11834640  tempSign                                                            
11834644  tempOff                                                             
11834648  servosPosted                                                        
1183464c  newServos                                                           
11834650  McBSPrecerror                                                       
11834654  firsttimeintMCBSPrec                                                
11834658  timeint                                                             
1183465c  mcbspReset                                                          
11834660  testcount                                                           
11834664  danindex                                                            
11834668  firsttimeLine1                                                      
1183466c  firsttimeLine2                                                      
11834670  LCDnewMsgLine1                                                      
11834674  LCDnewMsgLine2                                                      
11834678  bluegain                                                            
1183467c  bkgrnd_red                                                          
1183467d  bkgrnd_green                                                        
1183467e  bkgrnd_blue                                                         
11834680  SWI_RobotControl                                                    
11834684  CLK_addtime                                                         
11834688  CLK_startMcBSP                                                      
1183468c  HWI8_EDMA3_0                                                        
11834690  SWI_LCD                                                             
11834694  SWI_vision                                                          
11834698  HWI4_VPIF95                                                         
1183469c  HWI7_PRU6                                                           
118346a0  HWI5_EDMA3_1                                                        
118346a4  TASK_ComWithLinux                                                   
118346a8  TASK_LADAR                                                          
118346ac  task2                                                               
118346b0  task3                                                               
118346b4  SEM_startAstar                                                      
11834800  ti_sysbios_family_c64p_Hwi0                                         
11834800  ti_sysbios_family_c64p_Hwi_int0                                     
11834820  ti_sysbios_family_c64p_Hwi_int1                                     
11834840  ti_sysbios_family_c64p_Hwi_int2                                     
11834860  ti_sysbios_family_c64p_Hwi_int3                                     
11834880  ti_sysbios_family_c64p_Hwi_int4                                     
118348a0  ti_sysbios_family_c64p_Hwi_int5                                     
118348c0  ti_sysbios_family_c64p_Hwi_int6                                     
118348e0  ti_sysbios_family_c64p_Hwi_int7                                     
11834900  ti_sysbios_family_c64p_Hwi_int8                                     
11834920  ti_sysbios_family_c64p_Hwi_int9                                     
11834940  ti_sysbios_family_c64p_Hwi_int10                                    
11834960  ti_sysbios_family_c64p_Hwi_int11                                    
11834980  ti_sysbios_family_c64p_Hwi_int12                                    
118349a0  ti_sysbios_family_c64p_Hwi_int13                                    
118349c0  ti_sysbios_family_c64p_Hwi_int14                                    
118349e0  ti_sysbios_family_c64p_Hwi_int15                                    
11834a00  __CIOBUF_                                                           
11835608  __TI_Handler_Table_Base                                             
11835610  __TI_CINIT_Base                                                     
11835610  __TI_Handler_Table_Limit                                            
11835638  __TI_CINIT_Limit                                                    
ffffffff  __TI_pprof_out_hndl                                                 
ffffffff  __TI_prof_data_size                                                 
ffffffff  __TI_prof_data_start                                                
ffffffff  __binit__                                                           
ffffffff  __c_args__                                                          
ffffffff  binit                                                               
UNDEFED   __TI_INITARRAY_Base                                                 
UNDEFED   __TI_INITARRAY_Limit                                                
UNDEFED   __TI_TLS_INIT_Base                                                  
UNDEFED   __TI_TLS_INIT_Limit                                                 

[1024 symbols]
