******************************************************************************
               TMS320C6x Linker PC v8.2.2                      
******************************************************************************
>> Linked Fri May  3 15:21:27 2019

OUTPUT FILE NAME:   <FinalContestRobot2.out>
ENTRY POINT SYMBOL: "_c_int00"  address: 1181e480


MEMORY CONFIGURATION

         name            origin    length      used     unused   attr    fill
----------------------  --------  ---------  --------  --------  ----  --------
  IROM                  11700000   00100000  00000000  00100000  R  X
  IRAM                  11800000   00038000  00034674  0000398c  RW X
  L3_CBA_RAM            80000000   00020000  00000000  00020000  RW X
  DDR                   c3000000   01000000  00000000  01000000  RW X


SEGMENT ALLOCATION MAP

run origin  load origin   length   init length attrs members
----------  ----------- ---------- ----------- ----- -------
11800000    11800000    00021a00   00021a00    r-x
  11800000    11800000    00021a00   00021a00    r-x .text
11821a00    11821a00    0000bfbc   00000000    rw-
  11821a00    11821a00    0000bfbc   00000000    rw- .far
1182d9c0    1182d9c0    00002748   00002748    r--
  1182d9c0    1182d9c0    00002748   00002748    r-- .const
11830108    11830108    000035ff   00000000    rw-
  11830108    11830108    00002000   00000000    rw- .stack
  11832108    11832108    0000116c   00000000    rw- .fardata
  11833274    11833274    0000006c   00000000    rw- .bss
  118332e0    118332e0    00000427   00000000    rw- .neardata
11833708    11833708    00000038   00000000    r--
  11833708    11833708    00000038   00000000    r-- .rodata
11833740    11833740    000000bc   000000bc    r--
  11833740    11833740    000000bc   000000bc    r-- .switch.1
11833800    11833800    00000200   00000200    r-x
  11833800    11833800    00000200   00000200    r-x .vecs
11833a00    11833a00    00000120   00000000    rw-
  11833a00    11833a00    00000120   00000000    rw- .cio
11833b20    11833b20    00000b60   00000b60    r--
  11833b20    11833b20    00000044   00000044    r-- .switch.2
  11833b68    11833b68    00000b18   00000b18    r-- .cinit


SECTION ALLOCATION MAP

 output                                  attributes/
section   page    origin      length       input sections
--------  ----  ----------  ----------   ----------------
.stack     0    11830108    00002000     UNINITIALIZED
                  11830108    00000008     boot.ae674 : boot.oe674 (.stack)
                  11830110    00001ff8     --HOLE--

.bss       0    11833274    0000006c     UNINITIALIZED
                  11833274    00000004     evmomapl138_bsl.lib : evmomapl138_i2c.obj (.bss)
                  11833278    00000004     (.common:EDMA3_0_Regs)
                  1183327c    00000004     (.common:EDMA3_1_Regs)
                  11833280    00000004     (.common:Image_data)
                  11833284    00000004     (.common:LCD_Image)
                  11833288    00000004     (.common:LCD_mem)
                  1183328c    00000004     (.common:Linux_Image)
                  11833290    00000004     (.common:Thres_Image)
                  11833294    00000004     (.common:blue)
                  11833298    00000004     (.common:c)
                  1183329c    00000004     (.common:cbar)
                  118332a0    00000004     (.common:current)
                  118332a4    00000004     (.common:delta)
                  118332a8    00000004     (.common:green)
                  118332ac    00000004     (.common:hue)
                  118332b0    00000004     (.common:index)
                  118332b4    00000004     (.common:k)
                  118332b8    00000004     (.common:largest_num_pixels)
                  118332bc    00000004     (.common:largest_object)
                  118332c0    00000004     (.common:min)
                  118332c4    00000004     (.common:pic_data)
                  118332c8    00000004     (.common:ptrshrdmem)
                  118332cc    00000004     (.common:r)
                  118332d0    00000004     (.common:rbar)
                  118332d4    00000004     (.common:red)
                  118332d8    00000004     (.common:sat)
                  118332dc    00000004     (.common:value)

.neardata 
*          0    118332e0    00000427     UNINITIALIZED
                  118332e0    00000268     user_FinalContestRobot2.obj (.neardata)
                  11833548    000000a0     ColorVision.obj (.neardata)
                  118335e8    00000080     COECSL_edma3.obj (.neardata)
                  11833668    00000068     Ladar.obj (.neardata)
                  118336d0    00000028     COECSL_mcbsp.obj (.neardata)
                  118336f8    00000008     LCDprintf.obj (.neardata)
                  11833700    00000007     ColorLCD.obj (.neardata)

.rodata    0    11833708    00000038     UNINITIALIZED
                  11833708    00000038     FinalContestRobot2_pe674.oe674 (.rodata)

.cinit     0    11833b68    00000b18     
                  11833b68    0000099e     (.cinit..fardata.load) [load image, compression = rle]
                  11834506    000000f8     (.cinit..neardata.load) [load image, compression = rle]
                  118345fe    0000003e     (.cinit..rodata.load) [load image, compression = rle]
                  1183463c    0000000b     (.cinit..far.load) [load image, compression = rle]
                  11834647    00000009     (.cinit..bss.load) [load image, compression = rle]
                  11834650    00000008     (__TI_handler_table)
                  11834658    00000028     (__TI_cinit_table)

.init_array 
*          0    11800000    00000000     UNINITIALIZED

.vecs      0    11833800    00000200     
                  11833800    00000200     FinalContestRobot2_pe674.oe674 (.vecs)

xdc.meta   0    11800000    00000120     COPY SECTION
                  11800000    00000120     FinalContestRobot2_pe674.oe674 (xdc.meta)

.text      0    11800000    00021a00     
                  11800000    000056e0     user_FinalContestRobot2.obj (.text)
                  118056e0    00001f20     Ladar.obj (.text)
                  11807600    00001ce0     rts6740_elf.lib : _printfi.obj (.text:__TI_printfi)
                  118092e0    00001a80                     : _scanfi.obj (.text:__TI_scanfi)
                  1180ad60    00001360     ColorVision.obj (.text)
                  1180c0c0    00000fe0     evmomapl138_bsl.lib : evmomapl138.obj (.text)
                  1180d0a0    00000960     ColorLCD.obj (.text)
                  1180da00    00000920     MatrixMath.obj (.text)
                  1180e320    000008a0     ti.targets.rts6000.ae674 : System.oe674 (.text:xdc_runtime_System_doPrint__I)
                  1180ebc0    00000780     evmomapl138_bsl.lib : evmomapl138_vpif.obj (.text)
                  1180f340    00000780     sysbios.ae674 : BIOS.obj (.text:ti_sysbios_family_c64p_Exception_handler__I)
                  1180fac0    00000680     COECSL_mcbsp.obj (.text)
                  11810140    00000680     rts6740_elf.lib : _printfi.obj (.text:_pconv_a)
                  118107c0    000005c0                     : divd.obj (.text:__c6xabi_divd)
                  11810d80    00000560     evmomapl138_bsl.lib : evmomapl138_i2c.obj (.text)
                  118112e0    00000540                         : evmomapl138_i2c_gpio.obj (.text)
                  11811820    00000540                         : evmomapl138_uart.obj (.text)
                  11811d60    00000500     rts6740_elf.lib : _printfi.obj (.text:_pconv_g)
                  11812260    000004e0                     : strtod.obj (.text:strtod)
                  11812740    000004c0     COECSL_edma3.obj (.text)
                  11812c00    000004a0     evmomapl138_bsl.lib : evmomapl138_spi.obj (.text)
                  118130a0    000004a0     rts6740_elf.lib : strtoll.obj (.text:strtoll)
                  11813540    00000480     evmomapl138_bsl.lib : evmomapl138_gpio.obj (.text)
                  118139c0    00000440     rts6740_elf.lib : strtoull.obj (.text:strtoull)
                  11813e00    00000420                     : _printfi.obj (.text:_pconv_e)
                  11814220    000003e0                     : fputs.obj (.text:fputs)
                  11814600    000003e0     user_xy.obj (.text)
                  118149e0    000003c0     sysbios.ae674 : BIOS.obj (.text:ti_sysbios_timers_timer64_Timer_Module_startup__E)
                  11814da0    000003a0     rts6740_elf.lib : strtol.obj (.text:strtol)
                  11815140    00000360                     : fmodf.obj (.text:fmodf)
                  118154a0    00000340     sysbios.ae674 : BIOS.obj (.text:ti_sysbios_knl_Semaphore_pend__E)
                  118157e0    00000340                   : BIOS.obj (.text:ti_sysbios_timers_timer64_Timer_deviceConfig__I)
                  11815b20    00000340     FinalContestRobot2_pe674.oe674 (.text:xdc_runtime_System_printfExtend__I)
                  11815e60    00000320     rts6740_elf.lib : cos.obj (.text:cos)
                  11816180    00000300                     : strtoul.obj (.text:strtoul)
                  11816480    000002e0                     : sin.obj (.text:sin)
                  11816760    000002e0     sysbios.ae674 : BIOS.obj (.text:ti_sysbios_timers_timer64_Timer_setPeriodMicroSecs__E)
                  11816a40    000002c0     ti.targets.rts6000.ae674 : LoggerBuf.oe674 (.text:xdc_runtime_LoggerBuf_write8__E)
                  11816d00    000002a0     rts6740_elf.lib : divf.obj (.text:__c6xabi_divf)
                  11816fa0    000002a0                     : _printfi.obj (.text:_pconv_f)
                  11817240    000002a0                     : _printfi.obj (.text:fcvt)
                  118174e0    00000280                     : cosf.obj (.text:cosf)
                  11817760    00000260                     : imath64.obj (.text:__c6xabi_divull)
                  118179c0    00000260                     : sinf.obj (.text:sinf)
                  11817c20    00000260     ti.targets.rts6000.ae674 : Startup.oe674 (.text:xdc_runtime_Startup_startMods__I)
                  11817e80    00000240     sysbios.ae674 : BIOS.obj (.text:ti_sysbios_family_c64p_Exception_internalHandler__I)
                  118180c0    00000220     rts6740_elf.lib : fputc.obj (.text:fputc)
                  118182e0    00000220                     : setvbuf.obj (.text:setvbuf)
                  11818500    00000200                     : _printfi.obj (.text:_ltostr)
                  11818700    00000200     sysbios.ae674 : c64p_Hwi_disp_always.obj (.text:_ti_sysbios_family_c64p_Hwi_dispatchAlways)
                  11818900    00000200     ti.targets.rts6000.ae674 : Error.oe674 (.text:xdc_runtime_Error_policyDefault__E)
                  11818b00    000001e0     sysbios.ae674 : BIOS.obj (.text:ti_sysbios_family_c64p_Cache_block__I)
                  11818ce0    000001e0     ti.targets.rts6000.ae674 : LoggerBuf.oe674 (.text:xdc_runtime_LoggerBuf_write4__E)
                  11818ec0    000001e0                              : Text.oe674 (.text:xdc_runtime_Text_putSite__E)
                  118190a0    000001c0     rts6740_elf.lib : imath40.obj (.text:__c6xabi_divul)
                  11819260    000001c0                     : frexp.obj (.text:frexp)
                  11819420    000001c0     sysbios.ae674 : BIOS.obj (.text:ti_sysbios_heaps_HeapMem_alloc__E)
                  118195e0    000001c0                   : BIOS.obj (.text:ti_sysbios_knl_Task_checkStacks__E)
                  118197a0    000001a0     rts6740_elf.lib : hostrename.obj (.text:HOSTrename)
                  11819940    000001a0     LCDprintf.obj (.text)
                  11819ae0    000001a0     rts6740_elf.lib : _scanfi.obj (.text:_sproc_str)
                  11819c80    000001a0                     : frexpf.obj (.text:frexpf)
                  11819e20    000001a0     sysbios.ae674 : BIOS.obj (.text:ti_sysbios_family_c64p_Cache_getL2InitSize__I)
                  11819fc0    000001a0                   : BIOS.obj (.text:ti_sysbios_timers_timer64_Timer_start__E)
                  1181a160    00000180     evmomapl138_bsl.lib : evmomapl138_timer.obj (.text)
                  1181a2e0    00000180     rts6740_elf.lib : ldexp.obj (.text:ldexp)
                  1181a460    00000180                     : ldexpf.obj (.text:ldexpf)
                  1181a5e0    00000180     sysbios.ae674 : c64p_Exception_asm.obj (.text)
                  1181a760    00000180                   : BIOS.obj (.text:ti_sysbios_knl_Task_sleep__E)
                  1181a8e0    00000160                   : BIOS.obj (.text:ti_sysbios_heaps_HeapMem_free__E)
                  1181aa40    00000160     ti.targets.rts6000.ae674 : Text.oe674 (.text:xdc_runtime_Text_putMod__E)
                  1181aba0    00000140     rts6740_elf.lib : fclose.obj (.text:__TI_closefile)
                  1181ace0    00000140                     : sscanf.obj (.text:_chkmbc)
                  1181ae20    00000140                     : atan2f.obj (.text:atan2f)
                  1181af60    00000140                     : getdevice.obj (.text:getdevice)
                  1181b0a0    00000140     sysbios.ae674 : BIOS.obj (.text:ti_sysbios_family_c64p_Cache_Module_startup__E)
                  1181b1e0    00000140                   : BIOS.obj (.text:ti_sysbios_family_c64p_Cache_getL1DInitSize__I)
                  1181b320    00000140                   : BIOS.obj (.text:ti_sysbios_family_c64p_Cache_getL1PInitSize__I)
                  1181b460    00000140                   : BIOS.obj (.text:ti_sysbios_knl_Task_postInit__I)
                  1181b5a0    00000140     ti.targets.rts6000.ae674 : LoggerBuf.oe674 (.text:xdc_runtime_LoggerBuf_setFilterLevel__E)
                  1181b6e0    00000140                              : Text.oe674 (.text:xdc_runtime_Text_putLab__E)
                  1181b820    00000120     boot.ae674 : autoinit.oe674 (.text:_auto_init_elf)
                  1181b940    00000120     rts6740_elf.lib : fseek.obj (.text:fseek)
                  1181ba60    00000120                     : sqrtf.obj (.text:sqrtf)
                  1181bb80    00000120     sysbios.ae674 : BIOS.obj (.text:ti_sysbios_family_c64p_Hwi_Module_startup__E)
                  1181bca0    00000120                   : BIOS.obj (.text:ti_sysbios_knl_Clock_workFunc__E)
                  1181bdc0    00000120     ti.targets.rts6000.ae674 : LoggerBuf.oe674 (.text:xdc_runtime_LoggerBuf_getFilterLevel__E)
                  1181bee0    00000100     rts6740_elf.lib : copy_decompress_rle.obj (.text:__TI_decompress_rle_core)
                  1181bfe0    00000100                     : _io_perm.obj (.text:__TI_wrt_ok)
                  1181c0e0    00000100                     : atanf.obj (.text:atanf)
                  1181c1e0    00000100                     : atoi.obj (.text:atoi)
                  1181c2e0    00000100     pru.obj (.text)
                  1181c3e0    00000100     sysbios.ae674 : BIOS.obj (.text:ti_sysbios_knl_Swi_restoreHwi__E)
                  1181c4e0    00000100                   : BIOS.obj (.text:ti_sysbios_timers_timer64_Timer_initDevice__I)
                  1181c5e0    00000100     ti.targets.rts6000.ae674 : Error.oe674 (.text:xdc_runtime_Error_print__E)
                  1181c6e0    00000100                              : Memory.oe674 (.text:xdc_runtime_Memory_alloc__E)
                  1181c7e0    00000100                              : Startup.oe674 (.text:xdc_runtime_Startup_exec__E)
                  1181c8e0    000000e0     rts6740_elf.lib : hostlseek.obj (.text:HOSTlseek)
                  1181c9c0    000000e0                     : hostopen.obj (.text:HOSTopen)
                  1181caa0    000000e0                     : hostwrite.obj (.text:HOSTwrite)
                  1181cb80    000000e0                     : divi.obj (.text:__divi)
                  1181cc60    000000e0                     : close.obj (.text:close)
                  1181cd40    000000e0                     : exit.obj (.text:exit)
                  1181ce20    000000e0                     : ltoa.obj (.text:ltoa)
                  1181cf00    000000e0                     : memset.obj (.text:memset)
                  1181cfe0    000000e0                     : printf.obj (.text:printf)
                  1181d0c0    000000e0     sysbios.ae674 : BIOS.obj (.text:ti_sysbios_knl_Swi_runLoop__I)
                  1181d1a0    000000e0                   : BIOS.obj (.text:ti_sysbios_knl_Task_Module_startup__E)
                  1181d280    000000e0                   : BIOS.obj (.text:ti_sysbios_knl_Task_exit__E)
                  1181d360    000000e0                   : BIOS.obj (.text:ti_sysbios_knl_Task_schedule__I)
                  1181d440    000000e0                   : BIOS.obj (.text:ti_sysbios_timers_timer64_Timer_startup__E)
                  1181d520    000000e0     ti.targets.rts6000.ae674 : Text.oe674 (.text:xdc_runtime_Text_visitRope2__I)
                  1181d600    000000c0     rts6740_elf.lib : hostread.obj (.text:HOSTread)
                  1181d6c0    000000c0                     : hostunlink.obj (.text:HOSTunlink)
                  1181d780    000000c0                     : fflush.obj (.text:__TI_doflush)
                  1181d840    000000c0                     : divu.obj (.text:__divu)
                  1181d900    000000c0                     : remi.obj (.text:__remi)
                  1181d9c0    000000c0                     : _printfi.obj (.text:_ecpy)
                  1181da80    000000c0     sysbios.ae674 : BIOS.obj (.text:ti_sysbios_family_c64p_Hwi_dispatchCore__I)
                  1181db40    000000c0                   : BIOS.obj (.text:ti_sysbios_heaps_HeapMem_getStats__E)
                  1181dc00    000000c0                   : BIOS.obj (.text:ti_sysbios_knl_Semaphore_post__E)
                  1181dcc0    000000c0                   : BIOS.obj (.text:ti_sysbios_knl_Swi_run__I)
                  1181dd80    000000c0                   : BIOS.obj (.text:ti_sysbios_knl_Swi_schedule__I)
                  1181de40    000000c0                   : BIOS.obj (.text:ti_sysbios_knl_Task_startCore__E)
                  1181df00    000000c0     rts6740_elf.lib : tls.obj (.text:tls:init:__TI_tls_init)
                  1181dfc0    000000c0     ti.targets.rts6000.ae674 : Error.oe674 (.text:xdc_runtime_Error_setX__E)
                  1181e080    000000c0                              : SysMin.oe674 (.text:xdc_runtime_SysMin_abort__E)
                  1181e140    000000c0                              : SysMin.oe674 (.text:xdc_runtime_SysMin_flush__E)
                  1181e200    000000a0     rts6740_elf.lib : hostclose.obj (.text:HOSTclose)
                  1181e2a0    000000a0                     : fopen.obj (.text:__TI_cleanup)
                  1181e340    000000a0                     : round.obj (.text:__c6xabi_nround)
                  1181e3e0    000000a0                     : remu.obj (.text:__remu)
                  1181e480    000000a0     boot.ae674 : boot.oe674 (.text:_c_int00)
                  1181e520    000000a0     rts6740_elf.lib : memcpy64.obj (.text:memcpy)
                  1181e5c0    000000a0                     : modf.obj (.text:modf)
                  1181e660    000000a0     sysbios.ae674 : BIOS.obj (.text:ti_sysbios_family_c64p_Exception_Module_startup__E)
                  1181e700    000000a0                   : BIOS.obj (.text:ti_sysbios_family_c64p_Hwi_eventMap__E)
                  1181e7a0    000000a0                   : BIOS.obj (.text:ti_sysbios_family_c64p_Hwi_getStackInfo__E)
                  1181e840    000000a0                   : BIOS.obj (.text:ti_sysbios_gates_GateMutex_enter__E)
                  1181e8e0    000000a0                   : BIOS.obj (.text:ti_sysbios_heaps_HeapMem_init__I)
                  1181e980    000000a0                   : BIOS.obj (.text:ti_sysbios_knl_Task_allBlockedFunction__I)
                  1181ea20    000000a0                   : BIOS.obj (.text:ti_sysbios_timers_timer64_Timer_stop__E)
                  1181eac0    000000a0     ti.targets.rts6000.ae674 : SysMin.oe674 (.text:xdc_runtime_SysMin_putch__E)
                  1181eb60    000000a0                              : System.oe674 (.text:xdc_runtime_System_formatNum__I)
                  1181ec00    000000a0                              : System.oe674 (.text:xdc_runtime_System_putchar__I)
                  1181eca0    000000a0                              : Text.oe674 (.text:xdc_runtime_Text_printVisFxn__I)
                  1181ed40    000000a0                              : Text.oe674 (.text:xdc_runtime_Text_xprintf__I)
                  1181ede0    00000080     rts6740_elf.lib : trgmsg.obj (.text:__TI_readmsg)
                  1181ee60    00000080                     : llshift.obj (.text:__c6xabi_llshl)
                  1181eee0    00000080                     : roundf.obj (.text:__c6xabi_roundf)
                  1181ef60    00000080     sysbios.ae674 : c62_TaskSupport_asm.obj (.text:_ti_sysbios_family_c62_TaskSupport_swap__E)
                  1181efe0    00000080     rts6740_elf.lib : getdevice.obj (.text:finddevice)
                  1181f060    00000080     sysbios.ae674 : BIOS.obj (.text:ti_sysbios_family_c64p_Cache_wait__E)
                  1181f0e0    00000080                   : BIOS.obj (.text:ti_sysbios_hal_Hwi_checkStack)
                  1181f160    00000080                   : BIOS.obj (.text:ti_sysbios_hal_Hwi_initStack)
                  1181f1e0    00000080                   : BIOS.obj (.text:ti_sysbios_knl_Idle_run__E)
                  1181f260    00000080                   : BIOS.obj (.text:ti_sysbios_knl_Swi_post__E)
                  1181f2e0    00000080                   : BIOS.obj (.text:ti_sysbios_knl_Swi_startup__E)
                  1181f360    00000080                   : BIOS.obj (.text:ti_sysbios_knl_Task_processVitalTaskFlag__I)
                  1181f3e0    00000080                   : BIOS.obj (.text:ti_sysbios_knl_Task_restoreHwi__E)
                  1181f460    00000080                   : BIOS.obj (.text:ti_sysbios_knl_Task_restore__E)
                  1181f4e0    00000080     FinalContestRobot2_pe674.oe674 (.text:ti_sysbios_rts_MemAlloc_alloc)
                  1181f560    00000080     rts6740_elf.lib : unlink.obj (.text:unlink)
                  1181f5e0    00000080     ti.targets.rts6000.ae674 : LoggerBuf.oe674 (.text:xdc_runtime_LoggerBuf_Module_startup__E)
                  1181f660    00000080                              : LoggerBuf.oe674 (.text:xdc_runtime_LoggerBuf_filterOutEvent__I)
                  1181f6e0    00000080                              : System.oe674 (.text:xdc_runtime_System_atexit__E)
                  1181f760    00000080                              : System.oe674 (.text:xdc_runtime_System_avprintf__E)
                  1181f7e0    00000080                              : System.oe674 (.text:xdc_runtime_System_processAtExit__E)
                  1181f860    00000080                              : System.oe674 (.text:xdc_runtime_System_vprintf__E)
                  1181f8e0    00000060     rts6740_elf.lib : trgmsg.obj (.text:__TI_writemsg)
                  1181f940    00000060                     : llshift.obj (.text:__c6xabi_llshru)
                  1181f9a0    00000060                     : imath64.obj (.text:__c6xabi_remull)
                  1181fa00    00000060                     : imath64.obj (.text:_subcull)
                  1181fa60    00000060     sysbios.ae674 : c64p_Hwi_asm_switch.obj (.text:_ti_sysbios_family_c64p_Hwi_switchAndDispatch__I)
                  1181fac0    00000060                   : c64p_Hwi_asm_switch.obj (.text:_ti_sysbios_family_xxx_Hwi_switchAndRunFunc)
                  1181fb20    00000060     rts6740_elf.lib : lseek.obj (.text:lseek)
                  1181fb80    00000060                     : memccpy.obj (.text:memccpy)
                  1181fbe0    00000060                     : modff.obj (.text:modff)
                  1181fc40    00000060                     : sprintf.obj (.text:sprintf)
                  1181fca0    00000060                     : sscanf.obj (.text:sscanf)
                  1181fd00    00000060                     : _scanfi.obj (.text:strrchr)
                  1181fd60    00000060     FinalContestRobot2_pe674.oe674 (.text:ti_sysbios_BIOS_atExitFunc__I)
                  1181fdc0    00000060     FinalContestRobot2_pe674.oe674 (.text:ti_sysbios_BIOS_errorRaiseHook__I)
                  1181fe20    00000060     FinalContestRobot2_pe674.oe674 (.text:ti_sysbios_BIOS_rtsLock__I)
                  1181fe80    00000060     FinalContestRobot2_pe674.oe674 (.text:ti_sysbios_BIOS_rtsUnlock__I)
                  1181fee0    00000060     sysbios.ae674 : BIOS.obj (.text:ti_sysbios_family_c62_TaskSupport_start__E)
                  1181ff40    00000060                   : BIOS.obj (.text:ti_sysbios_family_c64p_Cache_marInit__I)
                  1181ffa0    00000060                   : BIOS.obj (.text:ti_sysbios_family_c64p_Cache_setMar__E)
                  11820000    00000060     FinalContestRobot2_pe674.oe674 (.text:ti_sysbios_heaps_HeapMem_Object__get__S)
                  11820060    00000060     sysbios.ae674 : BIOS.obj (.text:ti_sysbios_knl_Clock_Module_startup__E)
                  118200c0    00000060     FinalContestRobot2_pe674.oe674 (.text:ti_sysbios_knl_Clock_doTick__I)
                  11820120    00000060     sysbios.ae674 : BIOS.obj (.text:ti_sysbios_knl_Semaphore_pendTimeout__I)
                  11820180    00000060                   : BIOS.obj (.text:ti_sysbios_knl_Swi_Module_startup__E)
                  118201e0    00000060     FinalContestRobot2_pe674.oe674 (.text:ti_sysbios_knl_Swi_Object__get__S)
                  11820240    00000060     FinalContestRobot2_pe674.oe674 (.text:ti_sysbios_knl_Task_Object__get__S)
                  118202a0    00000060     sysbios.ae674 : BIOS.obj (.text:ti_sysbios_knl_Task_enter__I)
                  11820300    00000060                   : BIOS.obj (.text:ti_sysbios_knl_Task_unblockI__E)
                  11820360    00000060     rts6740_elf.lib : write.obj (.text:write)
                  118203c0    00000060     FinalContestRobot2_pe674.oe674 (.text:xdc_runtime_LoggerBuf_Object__get__S)
                  11820420    00000060     ti.targets.rts6000.ae674 : LoggerBuf.oe674 (.text:xdc_runtime_LoggerBuf_reset__E)
                  11820480    00000060     FinalContestRobot2_pe674.oe674 (.text:xdc_runtime_SysMin_output__I)
                  118204e0    00000040     rts6740_elf.lib : frcmpyd_div.obj (.text:__TI_frcmpyd_div)
                  11820520    00000040                     : isinf.obj (.text:__c6xabi_isinf)
                  11820560    00000040                     : _printfi.obj (.text:__c6xabi_isnan)
                  118205a0    00000040                     : args_main.obj (.text:_args_main)
                  118205e0    00000040                     : sprintf.obj (.text:_outs)
                  11820620    00000040                     : vsprintf.obj (.text:_outs)
                  11820660    00000040     sysbios.ae674 : c62_TaskSupport_asm.obj (.text:_ti_sysbios_family_c62_TaskSupport_buildTaskStack)
                  118206a0    00000040     FinalContestRobot2_pe674.oe674 (.text:free)
                  118206e0    00000040     FinalContestRobot2_pe674.oe674 (.text:ti_sysbios_BIOS_exitFunc__I)
                  11820720    00000040     FinalContestRobot2_pe674.oe674 (.text:ti_sysbios_BIOS_registerRTSLock__I)
                  11820760    00000040     FinalContestRobot2_pe674.oe674 (.text:ti_sysbios_BIOS_removeRTSLock__I)
                  118207a0    00000040     FinalContestRobot2_pe674.oe674 (.text:ti_sysbios_BIOS_startFunc__I)
                  118207e0    00000040     FinalContestRobot2_pe674.oe674 (.text:ti_sysbios_family_c64p_Hwi_Module__startupDone__F)
                  11820820    00000040     sysbios.ae674 : BIOS.obj (.text:ti_sysbios_family_c64p_Hwi_disableInterrupt__E)
                  11820860    00000040                   : BIOS.obj (.text:ti_sysbios_family_c64p_Hwi_dispatchC__I)
                  118208a0    00000040                   : BIOS.obj (.text:ti_sysbios_family_c64p_Hwi_enableInterrupt__E)
                  118208e0    00000040                   : BIOS.obj (.text:ti_sysbios_family_c64p_primus_TimerSupport_enable__E)
                  11820920    00000040                   : BIOS.obj (.text:ti_sysbios_gates_GateMutex_leave__E)
                  11820960    00000040     FinalContestRobot2_pe674.oe674 (.text:ti_sysbios_hal_Hwi_HwiProxy_getStackInfo__E)
                  118209a0    00000040     FinalContestRobot2_pe674.oe674 (.text:ti_sysbios_knl_Clock_Module_State_clockQ)
                  118209e0    00000040     FinalContestRobot2_pe674.oe674 (.text:ti_sysbios_knl_Queue_Object__get__S)
                  11820a20    00000040     FinalContestRobot2_pe674.oe674 (.text:ti_sysbios_timers_timer64_Timer_Module__startupDone__F)
                  11820a60    00000040     rts6740_elf.lib : vsprintf.obj (.text:vsprintf)
                  11820aa0    00000040     ti.targets.rts6000.ae674 : Error.oe674 (.text:xdc_runtime_Error_check__E)
                  11820ae0    00000040                              : Error.oe674 (.text:xdc_runtime_Error_init__E)
                  11820b20    00000040     FinalContestRobot2_pe674.oe674 (.text:xdc_runtime_IHeap_alloc)
                  11820b60    00000040     FinalContestRobot2_pe674.oe674 (.text:xdc_runtime_IHeap_free)
                  11820ba0    00000040     ti.targets.rts6000.ae674 : LoggerBuf.oe674 (.text:xdc_runtime_LoggerBuf_write0__E)
                  11820be0    00000040                              : LoggerBuf.oe674 (.text:xdc_runtime_LoggerBuf_write1__E)
                  11820c20    00000040                              : LoggerBuf.oe674 (.text:xdc_runtime_LoggerBuf_write2__E)
                  11820c60    00000040                              : Registry.oe674 (.text:xdc_runtime_Registry_findById__E)
                  11820ca0    00000040     FinalContestRobot2_pe674.oe674 (.text:xdc_runtime_Startup_exec__I)
                  11820ce0    00000040     ti.targets.rts6000.ae674 : SysMin.oe674 (.text:xdc_runtime_SysMin_Module_startup__E)
                  11820d20    00000040                              : SysMin.oe674 (.text:xdc_runtime_SysMin_exit__E)
                  11820d60    00000040                              : System.oe674 (.text:xdc_runtime_System_abort__E)
                  11820da0    00000040     FinalContestRobot2_pe674.oe674 (.text:xdc_runtime_System_aprintf__E)
                  11820de0    00000040     ti.targets.rts6000.ae674 : System.oe674 (.text:xdc_runtime_System_exit__E)
                  11820e20    00000040     FinalContestRobot2_pe674.oe674 (.text:xdc_runtime_System_printf__E)
                  11820e60    00000040     FinalContestRobot2_pe674.oe674 (.text:xdc_runtime_Text_visitRope__I)
                  11820ea0    00000020     rts6740_elf.lib : errno.obj (.text:__c6xabi_errno_addr)
                  11820ec0    00000020                     : trunc.obj (.text:__c6xabi_trunc)
                  11820ee0    00000020                     : truncf.obj (.text:__c6xabi_truncf)
                  11820f00    00000020                     : sscanf.obj (.text:_inpchar)
                  11820f20    00000020                     : _lock.obj (.text:_nop)
                  11820f40    00000020                     : printf.obj (.text:_outc)
                  11820f60    00000020                     : sprintf.obj (.text:_outc)
                  11820f80    00000020                     : vsprintf.obj (.text:_outc)
                  11820fa0    00000020                     : printf.obj (.text:_outs)
                  11820fc0    00000020                     : _lock.obj (.text:_register_lock)
                  11820fe0    00000020                     : _lock.obj (.text:_register_unlock)
                  11821000    00000020     sysbios.ae674 : c62_TaskSupport_asm.obj (.text:_ti_sysbios_family_c62_TaskSupport_glue)
                  11821020    00000020     rts6740_elf.lib : sscanf.obj (.text:_uninpchar)
                  11821040    00000020                     : exit.obj (.text:abort)
                  11821060    00000020                     : copy_decompress_none.obj (.text:decompress:none:__TI_decompress_none)
                  11821080    00000020                     : copy_decompress_rle.obj (.text:decompress:rle24:__TI_decompress_rle24)
                  118210a0    00000020     FinalContestRobot2_pe674.oe674 (.text:malloc)
                  118210c0    00000020     FinalContestRobot2_pe674.oe674 (.text:ti_sysbios_BIOS_RtsGateProxy_enter__E)
                  118210e0    00000020     FinalContestRobot2_pe674.oe674 (.text:ti_sysbios_BIOS_RtsGateProxy_leave__E)
                  11821100    00000020     sysbios.ae674 : BIOS.obj (.text:ti_sysbios_BIOS_linkedWithIncorrectBootLibrary__E)
                  11821120    00000020     FinalContestRobot2_pe674.oe674 (.text:ti_sysbios_BIOS_nullFunc__I)
                  11821140    00000020     sysbios.ae674 : BIOS.obj (.text:ti_sysbios_BIOS_setThreadType__E)
                  11821160    00000020                   : BIOS.obj (.text:ti_sysbios_BIOS_start__E)
                  11821180    00000020     FinalContestRobot2_pe674.oe674 (.text:ti_sysbios_family_c62_TaskSupport_Module__startupDone__S)
                  118211a0    00000020     sysbios.ae674 : BIOS.obj (.text:ti_sysbios_family_c62_TaskSupport_checkStack__E)
                  118211c0    00000020                   : BIOS.obj (.text:ti_sysbios_family_c64p_Cache_inv__E)
                  118211e0    00000020                   : BIOS.obj (.text:ti_sysbios_family_c64p_Cache_wb__E)
                  11821200    00000020     FinalContestRobot2_pe674.oe674 (.text:ti_sysbios_family_c64p_Hwi_Module__startupDone__S)
                  11821220    00000020     sysbios.ae674 : BIOS.obj (.text:ti_sysbios_family_c64p_Hwi_clearInterrupt__E)
                  11821240    00000020                   : BIOS.obj (.text:ti_sysbios_family_c64p_Hwi_startup__E)
                  11821260    00000020                   : BIOS.obj (.text:ti_sysbios_family_c64p_Hwi_switchFromBootStack__E)
                  11821280    00000020                   : BIOS.obj (.text:ti_sysbios_family_c64p_TimestampProvider_Module_startup__E)
                  118212a0    00000020                   : BIOS.obj (.text:ti_sysbios_family_c64p_TimestampProvider_get64__E)
                  118212c0    00000020                   : BIOS.obj (.text:ti_sysbios_gates_GateHwi_enter__E)
                  118212e0    00000020                   : BIOS.obj (.text:ti_sysbios_gates_GateHwi_leave__E)
                  11821300    00000020                   : BIOS.obj (.text:ti_sysbios_gates_GateHwi_query__E)
                  11821320    00000020                   : BIOS.obj (.text:ti_sysbios_gates_GateMutex_query__E)
                  11821340    00000020     FinalContestRobot2_pe674.oe674 (.text:ti_sysbios_hal_Hwi_HwiProxy_Module__startupDone__S)
                  11821360    00000020     FinalContestRobot2_pe674.oe674 (.text:ti_sysbios_hal_Hwi_HwiProxy_clearInterrupt__E)
                  11821380    00000020     FinalContestRobot2_pe674.oe674 (.text:ti_sysbios_hal_Hwi_HwiProxy_disableInterrupt__E)
                  118213a0    00000020     FinalContestRobot2_pe674.oe674 (.text:ti_sysbios_hal_Hwi_HwiProxy_enableInterrupt__E)
                  118213c0    00000020     FinalContestRobot2_pe674.oe674 (.text:ti_sysbios_hal_Hwi_HwiProxy_startup__E)
                  118213e0    00000020     FinalContestRobot2_pe674.oe674 (.text:ti_sysbios_hal_Hwi_HwiProxy_switchFromBootStack__E)
                  11821400    00000020     sysbios.ae674 : BIOS.obj (.text:ti_sysbios_hal_Hwi_Module_startup__E)
                  11821420    00000020     FinalContestRobot2_pe674.oe674 (.text:ti_sysbios_heaps_HeapMem_Module_GateProxy_enter__E)
                  11821440    00000020     FinalContestRobot2_pe674.oe674 (.text:ti_sysbios_heaps_HeapMem_Module_GateProxy_leave__E)
                  11821460    00000020     FinalContestRobot2_pe674.oe674 (.text:ti_sysbios_heaps_HeapMem_Module_GateProxy_query__E)
                  11821480    00000020     sysbios.ae674 : BIOS.obj (.text:ti_sysbios_heaps_HeapMem_isBlocking__E)
                  118214a0    00000020     FinalContestRobot2_pe674.oe674 (.text:ti_sysbios_knl_Clock_TimerProxy_Module__startupDone__S)
                  118214c0    00000020     FinalContestRobot2_pe674.oe674 (.text:ti_sysbios_knl_Clock_TimerProxy_getMaxTicks__E)
                  118214e0    00000020     sysbios.ae674 : BIOS.obj (.text:ti_sysbios_knl_Clock_getTicks__E)
                  11821500    00000020                   : BIOS.obj (.text:ti_sysbios_knl_Clock_logTick__E)
                  11821520    00000020                   : BIOS.obj (.text:ti_sysbios_knl_Idle_loop__E)
                  11821540    00000020                   : BIOS.obj (.text:ti_sysbios_knl_Queue_empty__E)
                  11821560    00000020                   : BIOS.obj (.text:ti_sysbios_knl_Swi_disable__E)
                  11821580    00000020     FinalContestRobot2_pe674.oe674 (.text:ti_sysbios_knl_Task_SupportProxy_Module__startupDone__S)
                  118215a0    00000020     FinalContestRobot2_pe674.oe674 (.text:ti_sysbios_knl_Task_SupportProxy_checkStack__E)
                  118215c0    00000020     FinalContestRobot2_pe674.oe674 (.text:ti_sysbios_knl_Task_SupportProxy_start__E)
                  118215e0    00000020     FinalContestRobot2_pe674.oe674 (.text:ti_sysbios_knl_Task_SupportProxy_swap__E)
                  11821600    00000020     sysbios.ae674 : BIOS.obj (.text:ti_sysbios_knl_Task_disable__E)
                  11821620    00000020                   : BIOS.obj (.text:ti_sysbios_knl_Task_sleepTimeout__I)
                  11821640    00000020                   : BIOS.obj (.text:ti_sysbios_knl_Task_startup__E)
                  11821660    00000020     FinalContestRobot2_pe674.oe674 (.text:ti_sysbios_timers_timer64_Timer_Module__startupDone__S)
                  11821680    00000020     FinalContestRobot2_pe674.oe674 (.text:ti_sysbios_timers_timer64_Timer_TimerSupportProxy_enable__E)
                  118216a0    00000020     sysbios.ae674 : BIOS.obj (.text:ti_sysbios_timers_timer64_Timer_getMaxTicks__E)
                  118216c0    00000020     FinalContestRobot2_pe674.oe674 (.text:xdc_iargToPtr)
                  118216e0    00000020     ti.targets.rts6000.ae674 : Error.oe674 (.text:xdc_runtime_Error_getSite__E)
                  11821700    00000020                              : Error.oe674 (.text:xdc_runtime_Error_raiseX__E)
                  11821720    00000020                              : Gate.oe674 (.text:xdc_runtime_Gate_enterSystem__E)
                  11821740    00000020                              : Gate.oe674 (.text:xdc_runtime_Gate_leaveSystem__E)
                  11821760    00000020     FinalContestRobot2_pe674.oe674 (.text:xdc_runtime_LoggerBuf_Module_GateProxy_enter__E)
                  11821780    00000020     FinalContestRobot2_pe674.oe674 (.text:xdc_runtime_LoggerBuf_Module_GateProxy_leave__E)
                  118217a0    00000020     FinalContestRobot2_pe674.oe674 (.text:xdc_runtime_LoggerBuf_TimestampProxy_get64__E)
                  118217c0    00000020     ti.targets.rts6000.ae674 : LoggerBuf.oe674 (.text:xdc_runtime_LoggerBuf_disable__E)
                  118217e0    00000020                              : LoggerBuf.oe674 (.text:xdc_runtime_LoggerBuf_enable__E)
                  11821800    00000020     FinalContestRobot2_pe674.oe674 (.text:xdc_runtime_Memory_HeapProxy_alloc__E)
                  11821820    00000020     FinalContestRobot2_pe674.oe674 (.text:xdc_runtime_Memory_HeapProxy_free__E)
                  11821840    00000020     ti.targets.rts6000.ae674 : Memory.oe674 (.text:xdc_runtime_Memory_free__E)
                  11821860    00000020                              : Memory.oe674 (.text:xdc_runtime_Memory_getMaxDefaultTypeAlign__E)
                  11821880    00000020     FinalContestRobot2_pe674.oe674 (.text:xdc_runtime_Startup_reset__I)
                  118218a0    00000020     ti.targets.rts6000.ae674 : Startup.oe674 (.text:xdc_runtime_Startup_rtsDone__E)
                  118218c0    00000020                              : SysMin.oe674 (.text:xdc_runtime_SysMin_ready__E)
                  118218e0    00000020     FinalContestRobot2_pe674.oe674 (.text:xdc_runtime_System_Module_GateProxy_enter__E)
                  11821900    00000020     FinalContestRobot2_pe674.oe674 (.text:xdc_runtime_System_Module_GateProxy_leave__E)
                  11821920    00000020     ti.targets.rts6000.ae674 : System.oe674 (.text:xdc_runtime_System_Module_startup__E)
                  11821940    00000020     FinalContestRobot2_pe674.oe674 (.text:xdc_runtime_System_SupportProxy_abort__E)
                  11821960    00000020     FinalContestRobot2_pe674.oe674 (.text:xdc_runtime_System_SupportProxy_exit__E)
                  11821980    00000020     FinalContestRobot2_pe674.oe674 (.text:xdc_runtime_System_SupportProxy_putch__E)
                  118219a0    00000020     FinalContestRobot2_pe674.oe674 (.text:xdc_runtime_System_SupportProxy_ready__E)
                  118219c0    00000020     ti.targets.rts6000.ae674 : System.oe674 (.text:xdc_runtime_System_vsnprintf__E)
                  118219e0    00000020                              : Text.oe674 (.text:xdc_runtime_Text_ropeText__E)

.far       0    11821a00    0000bfbc     UNINITIALIZED
                  11821a00    000048c0     FinalContestRobot2_pe674.oe674 (.far:taskStackSection)
                  118262c0    00001000     (.common:ti_sysbios_heaps_HeapMem_Instance_State_0_buf__A)
                  118272c0    00000fa0     (.common:enc0_array)
                  11828260    00000c00     (.common:object_stats)
                  11828e60    00000ab0     (.common:obs)
                  11829910    00000060     (.common:robotdest)
                  11829970    0000000c     (.common:LADARps)
                  1182997c    00000004     --HOLE--
                  11829980    00000578     (.common:LADARinBuffer)
                  11829ef8    00000400     (.common:equivalency_objects)
                  1182a2f8    00000400     (.common:temp_equivalency_objects)
                  1182a6f8    000003e8     (.common:LADARangle)
                  1182aae0    000003e8     (.common:LADARdataX)
                  1182aec8    000003e8     (.common:LADARdataY)
                  1182b2b0    000003e8     (.common:LADARdistance)
                  1182b698    000003e8     (.common:newLADARangle)
                  1182ba80    000003e8     (.common:newLADARdataX)
                  1182be68    000003e8     (.common:newLADARdataY)
                  1182c250    000003e8     (.common:newLADARdistance)
                  1182c638    0000039c     (.common:final_object_stats)
                  1182c9d4    00000004     --HOLE--
                  1182c9d8    000002d0     (.common:boxes)
                  1182cca8    00000200     (.common:xdc_runtime_LoggerBuf_Instance_State_0_entryArr__A)
                  1182cea8    00000200     (.common:xdc_runtime_SysMin_Module_State_0_outbuf__A)
                  1182d0a8    00000190     (.common:pathCol)
                  1182d238    00000190     (.common:pathRow)
                  1182d3c8    00000140     (.common:__TI_tmpnams)
                  1182d508    00000102     (.common:fromLinuxstring)
                  1182d60a    00000006     --HOLE--
                  1182d610    00000102     (.common:toLinuxstring)
                  1182d712    00000006     --HOLE--
                  1182d718    0000002c     (.common:dist)
                  1182d744    00000004     --HOLE--
                  1182d748    0000002c     (.common:xdist)
                  1182d774    0000000c     (.common:OPTITRACKps)
                  1182d780    0000009c     (.common:f28335recData)
                  1182d81c    00000004     --HOLE--
                  1182d820    0000002c     (.common:ydist)
                  1182d84c    00000004     --HOLE--
                  1182d850    00000028     (.common:i2cdata)
                  1182d878    00000008     (.common:parmbuf)
                  1182d880    00000068     (.common:f28335TXData)
                  1182d8e8    00000024     (.common:temp_3x3)
                  1182d90c    00000004     --HOLE--
                  1182d910    0000001e     (.common:LADARoutBuffer)
                  1182d92e    00000002     --HOLE--
                  1182d930    00000014     (.common:Optitrackdata)
                  1182d944    0000000c     (.common:ROBOTps)
                  1182d950    0000000c     (.common:bluex)
                  1182d95c    00000004     --HOLE--
                  1182d960    0000000c     (.common:bluey)
                  1182d96c    00000004     --HOLE--
                  1182d970    0000000c     (.common:orangex)
                  1182d97c    00000004     --HOLE--
                  1182d980    0000000c     (.common:orangey)
                  1182d98c    00000004     --HOLE--
                  1182d990    0000000c     (.common:temp_3x1)
                  1182d99c    00000004     --HOLE--
                  1182d9a0    0000000c     (.common:ytilde)
                  1182d9ac    00000004     --HOLE--
                  1182d9b0    0000000c     (.common:z)

.const     0    1182d9c0    00002748     
                  1182d9c0    000019d4     FinalContestRobot2_pe674.oe674 (.const:xdc_runtime_Text_charTab__A)
                  1182f394    00000518     sysbios.ae674 : BIOS.obj (.const:.string)
                  1182f8ac    00000128     user_FinalContestRobot2.obj (.const:.string)
                  1182f9d4    00000004     FinalContestRobot2_pe674.oe674 (.const:ti_sysbios_BIOS_installedErrorHook__C)
                  1182f9d8    00000101     rts6740_elf.lib : ctype.obj (.const:.string:_ctypes_)
                  1182fad9    00000001     FinalContestRobot2_pe674.oe674 (.const:ti_sysbios_timers_timer64_Timer_localTimerBaseId__C)
                  1182fada    00000002     FinalContestRobot2_pe674.oe674 (.const:ti_sysbios_family_c64p_Cache_Module__id__C)
                  1182fadc    00000004     FinalContestRobot2_pe674.oe674 (.const:ti_sysbios_family_c64p_Cache_EMIFA_BASE__C)
                  1182fae0    000000cc     FinalContestRobot2_pe674.oe674 (.const:xdc_runtime_Text_nodeTab__A)
                  1182fbac    00000004     FinalContestRobot2_pe674.oe674 (.const:ti_sysbios_family_c64p_Cache_EMIFA_CFG__C)
                  1182fbb0    00000080     evmomapl138_bsl.lib : evmomapl138.obj (.const:bitval_u32)
                  1182fc30    00000058     ti.targets.rts6000.ae674 : Error.oe674 (.const:.string)
                  1182fc88    00000050     rts6740_elf.lib : strtod.obj (.const:digits)
                  1182fcd8    00000048                     : strtod.obj (.const:powerof10)
                  1182fd20    00000044     Ladar.obj (.const:.string)
                  1182fd64    00000040     evmomapl138_bsl.lib : evmomapl138.obj (.const:.string)
                  1182fda4    00000040     ti.targets.rts6000.ae674 : Text.oe674 (.const:.string)
                  1182fde4    0000003c     FinalContestRobot2_pe674.oe674 (.const:xdc_runtime_LoggerBuf_Module__FXNS__C)
                  1182fe20    00000030     FinalContestRobot2_pe674.oe674 (.const:xdc_runtime_Startup_sfxnTab__A)
                  1182fe50    0000002c     ti.targets.rts6000.ae674 : Startup.oe674 (.const:.string)
                  1182fe7c    00000028     FinalContestRobot2_pe674.oe674 (.const:ti_sysbios_heaps_HeapMem_Module__FXNS__C)
                  1182fea4    00000024     rts6740_elf.lib : _printfi.obj (.const:.string)
                  1182fec8    00000024     FinalContestRobot2_pe674.oe674 (.const:ti_sysbios_gates_GateHwi_Module__FXNS__C)
                  1182feec    00000024     FinalContestRobot2_pe674.oe674 (.const:ti_sysbios_gates_GateMutex_Module__FXNS__C)
                  1182ff10    00000018     ColorLCD.obj (.const:$P$T0$1)
                  1182ff28    00000018     ti.targets.rts6000.ae674 : System.oe674 (.const:.string)
                  1182ff40    00000018     FinalContestRobot2_pe674.oe674 (.const:xdc_runtime_Startup_sfxnRts__A)
                  1182ff58    00000010     evmomapl138_bsl.lib : evmomapl138_uart.obj (.const:.string)
                  1182ff68    00000008     FinalContestRobot2_pe674.oe674 (.const:ti_sysbios_knl_Idle_funcList__C)
                  1182ff70    00000008     FinalContestRobot2_pe674.oe674 (.const:xdc_runtime_Startup_firstFxns__A)
                  1182ff78    00000008     FinalContestRobot2_pe674.oe674 (.const:xdc_runtime_Startup_firstFxns__C)
                  1182ff80    00000008     FinalContestRobot2_pe674.oe674 (.const:xdc_runtime_Startup_lastFxns__C)
                  1182ff88    00000007     rts6740_elf.lib : _scanfi.obj (.const:.string:flit$1)
                  1182ff8f    00000001     --HOLE-- [fill = 0]
                  1182ff90    00000006                     : _scanfi.obj (.const:.string:barr$2)
                  1182ff96    00000002     FinalContestRobot2_pe674.oe674 (.const:ti_sysbios_family_c64p_Exception_Module__id__C)
                  1182ff98    00000004     Ladar.obj (.const:.string:$P$T0$1)
                  1182ff9c    00000004     FinalContestRobot2_pe674.oe674 (.const:ti_sysbios_family_c64p_Cache_EMIFA_LENGTH__C)
                  1182ffa0    00000004     FinalContestRobot2_pe674.oe674 (.const:ti_sysbios_family_c64p_Cache_EMIFB_BASE__C)
                  1182ffa4    00000004     FinalContestRobot2_pe674.oe674 (.const:ti_sysbios_family_c64p_Cache_EMIFB_CFG__C)
                  1182ffa8    00000004     FinalContestRobot2_pe674.oe674 (.const:ti_sysbios_family_c64p_Cache_EMIFB_LENGTH__C)
                  1182ffac    00000004     FinalContestRobot2_pe674.oe674 (.const:ti_sysbios_family_c64p_Cache_EMIFC_BASE__C)
                  1182ffb0    00000004     FinalContestRobot2_pe674.oe674 (.const:ti_sysbios_family_c64p_Cache_EMIFC_CFG__C)
                  1182ffb4    00000004     FinalContestRobot2_pe674.oe674 (.const:ti_sysbios_family_c64p_Cache_EMIFC_LENGTH__C)
                  1182ffb8    00000004     FinalContestRobot2_pe674.oe674 (.const:ti_sysbios_family_c64p_Cache_E_invalidL1CacheSize__C)
                  1182ffbc    00000004     FinalContestRobot2_pe674.oe674 (.const:ti_sysbios_family_c64p_Cache_E_invalidL2CacheSize__C)
                  1182ffc0    00000004     FinalContestRobot2_pe674.oe674 (.const:ti_sysbios_family_c64p_Cache_MAR0_31__C)
                  1182ffc4    00000004     FinalContestRobot2_pe674.oe674 (.const:ti_sysbios_family_c64p_Cache_MAR128_159__C)
                  1182ffc8    00000004     FinalContestRobot2_pe674.oe674 (.const:ti_sysbios_family_c64p_Cache_MAR160_191__C)
                  1182ffcc    00000004     FinalContestRobot2_pe674.oe674 (.const:ti_sysbios_family_c64p_Cache_MAR192_223__C)
                  1182ffd0    00000004     FinalContestRobot2_pe674.oe674 (.const:ti_sysbios_family_c64p_Cache_MAR224_255__C)
                  1182ffd4    00000004     FinalContestRobot2_pe674.oe674 (.const:ti_sysbios_family_c64p_Cache_MAR32_63__C)
                  1182ffd8    00000004     FinalContestRobot2_pe674.oe674 (.const:ti_sysbios_family_c64p_Cache_MAR64_95__C)
                  1182ffdc    00000004     FinalContestRobot2_pe674.oe674 (.const:ti_sysbios_family_c64p_Cache_MAR96_127__C)
                  1182ffe0    00000004     FinalContestRobot2_pe674.oe674 (.const:ti_sysbios_family_c64p_Exception_E_exceptionMax__C)
                  1182ffe4    00000004     FinalContestRobot2_pe674.oe674 (.const:ti_sysbios_family_c64p_Exception_exceptionHook__C)
                  1182ffe8    00000004     FinalContestRobot2_pe674.oe674 (.const:ti_sysbios_family_c64p_Exception_externalHook__C)
                  1182ffec    00000004     FinalContestRobot2_pe674.oe674 (.const:ti_sysbios_family_c64p_Exception_internalHook__C)
                  1182fff0    00000004     FinalContestRobot2_pe674.oe674 (.const:ti_sysbios_family_c64p_Exception_nmiHook__C)
                  1182fff4    00000004     FinalContestRobot2_pe674.oe674 (.const:ti_sysbios_gates_GateMutex_Instance_State_sem__O)
                  1182fff8    00000004     FinalContestRobot2_pe674.oe674 (.const:ti_sysbios_hal_Hwi_E_stackOverflow__C)
                  1182fffc    00000004     FinalContestRobot2_pe674.oe674 (.const:ti_sysbios_heaps_HeapMem_E_memory__C)
                  11830000    00000004     FinalContestRobot2_pe674.oe674 (.const:ti_sysbios_heaps_HeapMem_Module__gateObj__C)
                  11830004    00000004     FinalContestRobot2_pe674.oe674 (.const:ti_sysbios_heaps_HeapMem_Object__count__C)
                  11830008    00000004     FinalContestRobot2_pe674.oe674 (.const:ti_sysbios_heaps_HeapMem_Object__table__C)
                  1183000c    00000004     FinalContestRobot2_pe674.oe674 (.const:ti_sysbios_knl_Clock_Module_State_clockQ__O)
                  11830010    00000004     FinalContestRobot2_pe674.oe674 (.const:ti_sysbios_knl_Idle_funcList__A)
                  11830014    00000004     FinalContestRobot2_pe674.oe674 (.const:ti_sysbios_knl_Semaphore_Instance_State_pendQ__O)
                  11830018    00000004     FinalContestRobot2_pe674.oe674 (.const:ti_sysbios_knl_Swi_Object__count__C)
                  1183001c    00000004     FinalContestRobot2_pe674.oe674 (.const:ti_sysbios_knl_Swi_Object__table__C)
                  11830020    00000004     FinalContestRobot2_pe674.oe674 (.const:ti_sysbios_knl_Task_E_spOutOfBounds__C)
                  11830024    00000004     FinalContestRobot2_pe674.oe674 (.const:ti_sysbios_knl_Task_E_stackOverflow__C)
                  11830028    00000004     FinalContestRobot2_pe674.oe674 (.const:ti_sysbios_knl_Task_Module_State_inactiveQ__O)
                  1183002c    00000004     FinalContestRobot2_pe674.oe674 (.const:ti_sysbios_knl_Task_Object__count__C)
                  11830030    00000004     FinalContestRobot2_pe674.oe674 (.const:ti_sysbios_knl_Task_Object__table__C)
                  11830034    00000004     FinalContestRobot2_pe674.oe674 (.const:ti_sysbios_knl_Task_allBlockedFunc__C)
                  11830038    00000004     FinalContestRobot2_pe674.oe674 (.const:ti_sysbios_knl_Task_numConstructedTasks__C)
                  1183003c    00000004     FinalContestRobot2_pe674.oe674 (.const:ti_sysbios_timers_timer64_Timer_E_cannotSupport__C)
                  11830040    00000004     FinalContestRobot2_pe674.oe674 (.const:ti_sysbios_timers_timer64_Timer_anyMaskHigh__C)
                  11830044    00000004     FinalContestRobot2_pe674.oe674 (.const:ti_sysbios_timers_timer64_Timer_anyMask__C)
                  11830048    00000004     FinalContestRobot2_pe674.oe674 (.const:ti_sysbios_timers_timer64_Timer_freqDivisor__C)
                  1183004c    00000004     FinalContestRobot2_pe674.oe674 (.const:ti_sysbios_timers_timer64_Timer_numLocalTimers__C)
                  11830050    00000004     FinalContestRobot2_pe674.oe674 (.const:ti_sysbios_timers_timer64_Timer_numTimerDevices__C)
                  11830054    00000004     FinalContestRobot2_pe674.oe674 (.const:xdc_runtime_Assert_E_assertFailed__C)
                  11830058    00000004     FinalContestRobot2_pe674.oe674 (.const:xdc_runtime_Error_E_memory__C)
                  1183005c    00000004     FinalContestRobot2_pe674.oe674 (.const:xdc_runtime_Error_Module__diagsEnabled__C)
                  11830060    00000004     FinalContestRobot2_pe674.oe674 (.const:xdc_runtime_Error_Module__diagsIncluded__C)
                  11830064    00000004     FinalContestRobot2_pe674.oe674 (.const:xdc_runtime_Error_Module__diagsMask__C)
                  11830068    00000004     FinalContestRobot2_pe674.oe674 (.const:xdc_runtime_Error_Module__loggerFxn8__C)
                  1183006c    00000004     FinalContestRobot2_pe674.oe674 (.const:xdc_runtime_Error_Module__loggerObj__C)
                  11830070    00000004     FinalContestRobot2_pe674.oe674 (.const:xdc_runtime_Error_policyFxn__C)
                  11830074    00000004     FinalContestRobot2_pe674.oe674 (.const:xdc_runtime_Error_policy__C)
                  11830078    00000004     FinalContestRobot2_pe674.oe674 (.const:xdc_runtime_Error_raiseHook__C)
                  1183007c    00000004     FinalContestRobot2_pe674.oe674 (.const:xdc_runtime_IFilterLogger_Interface__BASE__C)
                  11830080    00000004     FinalContestRobot2_pe674.oe674 (.const:xdc_runtime_IGateProvider_Interface__BASE__C)
                  11830084    00000004     FinalContestRobot2_pe674.oe674 (.const:xdc_runtime_IHeap_Interface__BASE__C)
                  11830088    00000004     FinalContestRobot2_pe674.oe674 (.const:xdc_runtime_ILogger_Interface__BASE__C)
                  1183008c    00000004     FinalContestRobot2_pe674.oe674 (.const:xdc_runtime_IModule_Interface__BASE__C)
                  11830090    00000004     FinalContestRobot2_pe674.oe674 (.const:xdc_runtime_Log_L_error__C)
                  11830094    00000004     FinalContestRobot2_pe674.oe674 (.const:xdc_runtime_LoggerBuf_E_badLevel__C)
                  11830098    00000004     FinalContestRobot2_pe674.oe674 (.const:xdc_runtime_LoggerBuf_Module__gateObj__C)
                  1183009c    00000004     FinalContestRobot2_pe674.oe674 (.const:xdc_runtime_LoggerBuf_Object__count__C)
                  118300a0    00000004     FinalContestRobot2_pe674.oe674 (.const:xdc_runtime_LoggerBuf_Object__table__C)
                  118300a4    00000004     FinalContestRobot2_pe674.oe674 (.const:xdc_runtime_LoggerBuf_statusLogger__C)
                  118300a8    00000004     FinalContestRobot2_pe674.oe674 (.const:xdc_runtime_Memory_defaultHeapInstance__C)
                  118300ac    00000004     FinalContestRobot2_pe674.oe674 (.const:xdc_runtime_Startup_execImpl__C)
                  118300b0    00000004     FinalContestRobot2_pe674.oe674 (.const:xdc_runtime_Startup_maxPasses__C)
                  118300b4    00000004     FinalContestRobot2_pe674.oe674 (.const:xdc_runtime_Startup_sfxnRts__C)
                  118300b8    00000004     FinalContestRobot2_pe674.oe674 (.const:xdc_runtime_Startup_sfxnTab__C)
                  118300bc    00000004     FinalContestRobot2_pe674.oe674 (.const:xdc_runtime_Startup_startModsFxn__C)
                  118300c0    00000004     FinalContestRobot2_pe674.oe674 (.const:xdc_runtime_SysMin_bufSize__C)
                  118300c4    00000004     FinalContestRobot2_pe674.oe674 (.const:xdc_runtime_SysMin_outputFunc__C)
                  118300c8    00000004     FinalContestRobot2_pe674.oe674 (.const:xdc_runtime_System_Module__gateObj__C)
                  118300cc    00000004     FinalContestRobot2_pe674.oe674 (.const:xdc_runtime_System_abortFxn__C)
                  118300d0    00000004     FinalContestRobot2_pe674.oe674 (.const:xdc_runtime_System_exitFxn__C)
                  118300d4    00000004     FinalContestRobot2_pe674.oe674 (.const:xdc_runtime_System_extendFxn__C)
                  118300d8    00000004     FinalContestRobot2_pe674.oe674 (.const:xdc_runtime_System_maxAtexitHandlers__C)
                  118300dc    00000004     FinalContestRobot2_pe674.oe674 (.const:xdc_runtime_Text_charTab__C)
                  118300e0    00000004     FinalContestRobot2_pe674.oe674 (.const:xdc_runtime_Text_nodeTab__C)
                  118300e4    00000004     FinalContestRobot2_pe674.oe674 (.const:xdc_runtime_Text_visitRopeFxn__C)
                  118300e8    00000002     FinalContestRobot2_pe674.oe674 (.const:ti_sysbios_family_c64p_Exception_useInternalBuffer__C)
                  118300ea    00000002     FinalContestRobot2_pe674.oe674 (.const:ti_sysbios_hal_Hwi_Module__id__C)
                  118300ec    00000002     FinalContestRobot2_pe674.oe674 (.const:ti_sysbios_heaps_HeapMem_Module__id__C)
                  118300ee    00000002     FinalContestRobot2_pe674.oe674 (.const:ti_sysbios_knl_Task_Module__id__C)
                  118300f0    00000002     FinalContestRobot2_pe674.oe674 (.const:ti_sysbios_timers_timer64_Timer_Module__id__C)
                  118300f2    00000002     FinalContestRobot2_pe674.oe674 (.const:ti_sysbios_timers_timer64_Timer_startupNeeded__C)
                  118300f4    00000002     FinalContestRobot2_pe674.oe674 (.const:ti_sysbios_timers_timer64_Timer_useTimer64pRegMap__C)
                  118300f6    00000002     FinalContestRobot2_pe674.oe674 (.const:xdc_runtime_Error_Module__loggerDefined__C)
                  118300f8    00000002     FinalContestRobot2_pe674.oe674 (.const:xdc_runtime_Error_maxDepth__C)
                  118300fa    00000002     FinalContestRobot2_pe674.oe674 (.const:xdc_runtime_LoggerBuf_Module__id__C)
                  118300fc    00000002     FinalContestRobot2_pe674.oe674 (.const:xdc_runtime_LoggerBuf_filterByLevel__C)
                  118300fe    00000002     FinalContestRobot2_pe674.oe674 (.const:xdc_runtime_Memory_Module__id__C)
                  11830100    00000002     FinalContestRobot2_pe674.oe674 (.const:xdc_runtime_SysMin_flushAtExit__C)
                  11830102    00000002     FinalContestRobot2_pe674.oe674 (.const:xdc_runtime_Text_isLoaded__C)
                  11830104    00000002     FinalContestRobot2_pe674.oe674 (.const:xdc_runtime_Text_registryModsLastId__C)
                  11830106    00000002     FinalContestRobot2_pe674.oe674 (.const:xdc_runtime_Text_unnamedModsLastId__C)

.fardata   0    11832108    0000116c     UNINITIALIZED
                  11832108    0000025c     ColorVision.obj (.fardata:PRUCode)
                  11832364    00000004     rts6740_elf.lib : _lock.obj (.fardata:_lock)
                  11832368    000001e0                     : defs.obj (.fardata:_ftable)
                  11832548    000001cc     FinalContestRobot2_pe674.oe674 (.fardata:ti_sysbios_knl_Task_Object__table__V)
                  11832714    00000004     rts6740_elf.lib : _lock.obj (.fardata:_unlock)
                  11832718    000000c0     FinalContestRobot2_pe674.oe674 (.fardata:ti_sysbios_knl_Swi_Object__table__V)
                  118327d8    000000b0     user_FinalContestRobot2.obj (.fardata:map)
                  11832888    000000b0     user_FinalContestRobot2.obj (.fardata:originalMap)
                  11832938    000000a0     rts6740_elf.lib : write.obj (.fardata:_stream)
                  118329d8    00000080     FinalContestRobot2_pe674.oe674 (.fardata:ti_sysbios_knl_Swi_Module_State_0_readyQ__A)
                  11832a58    00000080     FinalContestRobot2_pe674.oe674 (.fardata:ti_sysbios_knl_Task_Module_State_0_readyQ__A)
                  11832ad8    00000078     rts6740_elf.lib : write.obj (.fardata:_device)
                  11832b50    00000078     FinalContestRobot2_pe674.oe674 (.fardata:ti_sysbios_family_c64p_Hwi_Object__table__V)
                  11832bc8    0000006c     FinalContestRobot2_pe674.oe674 (.fardata:ti_sysbios_family_c64p_Hwi_Module__state__V)
                  11832c34    00000004     rts6740_elf.lib : defs.obj (.fardata)
                  11832c38    00000060     FinalContestRobot2_pe674.oe674 (.fardata:ti_sysbios_timers_timer64_Timer_Module_State_0_device__A)
                  11832c98    00000050     Ladar.obj (.fardata:cornersX)
                  11832ce8    00000050     Ladar.obj (.fardata:cornersY)
                  11832d38    00000050     FinalContestRobot2_pe674.oe674 (.fardata:ti_sysbios_timers_timer64_Timer_Object__table__V)
                  11832d88    00000048     FinalContestRobot2_pe674.oe674 (.fardata:ti_sysbios_knl_Task_Module__state__V)
                  11832dd0    00000040     rts6740_elf.lib : cos.obj (.fardata:R$1)
                  11832e10    00000040                     : sin.obj (.fardata:R$1)
                  11832e50    00000040     FinalContestRobot2_pe674.oe674 (.fardata:ti_sysbios_gates_GateMutex_Object__table__V)
                  11832e90    00000040     FinalContestRobot2_pe674.oe674 (.fardata:ti_sysbios_knl_Clock_Object__table__V)
                  11832ed0    00000030     FinalContestRobot2_pe674.oe674 (.fardata:ti_sysbios_family_c64p_Exception_Module__state__V)
                  11832f00    0000002c     FinalContestRobot2_pe674.oe674 (.fardata:ti_sysbios_knl_Clock_Module__state__V)
                  11832f2c    00000004     rts6740_elf.lib : errno.obj (.fardata)
                  11832f30    00000028     FinalContestRobot2_pe674.oe674 (.fardata:ti_sysbios_hal_Hwi_Object__table__V)
                  11832f58    00000024     user_FinalContestRobot2.obj (.fardata:K)
                  11832f7c    00000004     FinalContestRobot2_pe674.oe674 (.fardata:ti_sysbios_family_c64p_Cache_Module__state__V)
                  11832f80    00000024     user_FinalContestRobot2.obj (.fardata:P_pred)
                  11832fa4    00000004     FinalContestRobot2_pe674.oe674 (.fardata:ti_sysbios_family_c64p_primus_TimerSupport_Module__state__V)
                  11832fa8    00000024     user_FinalContestRobot2.obj (.fardata:Q)
                  11832fcc    00000004     FinalContestRobot2_pe674.oe674 (.fardata:xdc_runtime_Memory_Module__state__V)
                  11832fd0    00000024     user_FinalContestRobot2.obj (.fardata:R)
                  11832ff4    00000002     FinalContestRobot2_pe674.oe674 (.fardata:xdc_runtime_Error_Module__state__V)
                  11832ff6    00000002     --HOLE--
                  11832ff8    00000024     user_FinalContestRobot2.obj (.fardata:S)
                  1183301c    00000004     --HOLE--
                  11833020    00000024     user_FinalContestRobot2.obj (.fardata:S_inv)
                  11833044    00000004     --HOLE--
                  11833048    00000024     user_FinalContestRobot2.obj (.fardata:eye3)
                  1183306c    00000024     FinalContestRobot2_pe674.oe674 (.fardata:ti_sysbios_BIOS_Module__state__V)
                  11833090    00000024     FinalContestRobot2_pe674.oe674 (.fardata:xdc_runtime_LoggerBuf_Object__table__V)
                  118330b4    00000004     --HOLE--
                  118330b8    00000020     rts6740_elf.lib : atanf.obj (.fardata:arctan_consts$1)
                  118330d8    00000020     FinalContestRobot2_pe674.oe674 (.fardata:ti_sysbios_timers_timer64_Timer_Module_State_0_gctrl__A)
                  118330f8    00000020     FinalContestRobot2_pe674.oe674 (.fardata:ti_sysbios_timers_timer64_Timer_Module_State_0_handles__A)
                  11833118    00000020     FinalContestRobot2_pe674.oe674 (.fardata:ti_sysbios_timers_timer64_Timer_Module_State_0_intFreqs__A)
                  11833138    00000020     FinalContestRobot2_pe674.oe674 (.fardata:xdc_runtime_Error_IgnoreBlock)
                  11833158    0000001c     FinalContestRobot2_pe674.oe674 (.fardata:ti_sysbios_knl_Swi_Module__state__V)
                  11833174    00000004     --HOLE--
                  11833178    00000018     user_FinalContestRobot2.obj (.fardata:B)
                  11833190    00000018     FinalContestRobot2_pe674.oe674 (.fardata:ti_sysbios_heaps_HeapMem_Object__table__V)
                  118331a8    00000018     FinalContestRobot2_pe674.oe674 (.fardata:ti_sysbios_knl_Semaphore_Object__table__V)
                  118331c0    00000018     FinalContestRobot2_pe674.oe674 (.fardata:ti_sysbios_timers_timer64_Timer_Module__state__V)
                  118331d8    00000010     rts6740_elf.lib : cosf.obj (.fardata:R$1)
                  118331e8    00000010                     : sinf.obj (.fardata:R$1)
                  118331f8    00000010     FinalContestRobot2_pe674.oe674 (.fardata:xdc_runtime_System_Module_State_0_atexitHandlers__A)
                  11833208    0000000c     user_FinalContestRobot2.obj (.fardata:Bu)
                  11833214    0000000c     rts6740_elf.lib : exit.obj (.fardata)
                  11833220    0000000c     user_FinalContestRobot2.obj (.fardata:x_pred)
                  1183322c    0000000c     FinalContestRobot2_pe674.oe674 (.fardata:xdc_runtime_SysMin_Module__state__V)
                  11833238    00000008     FinalContestRobot2_pe674.oe674 (.fardata:ti_sysbios_family_c64p_primus_TimerSupport_Module_State_0_suspSrc__A)
                  11833240    00000008     user_FinalContestRobot2.obj (.fardata:u)
                  11833248    00000008     FinalContestRobot2_pe674.oe674 (.fardata:xdc_runtime_Registry_Module__state__V)
                  11833250    00000008     FinalContestRobot2_pe674.oe674 (.fardata:xdc_runtime_Startup_Module__state__V)
                  11833258    00000008     FinalContestRobot2_pe674.oe674 (.fardata:xdc_runtime_System_Module__state__V)
                  11833260    00000006     FinalContestRobot2_pe674.oe674 (.fardata:xdc_runtime_LoggerBuf_Module__state__V)
                  11833266    00000002     --HOLE--
                  11833268    00000004     FinalContestRobot2_pe674.oe674 (.fardata:ti_sysbios_gates_GateHwi_Object__table__V)
                  1183326c    00000004     --HOLE--
                  11833270    00000004     FinalContestRobot2_pe674.oe674 (.fardata:ti_sysbios_knl_Task_Module_State_0_idleTask__A)

.switch.1 
*          0    11833740    000000bc     
                  11833740    0000005c     user_FinalContestRobot2.obj (.switch:RobotControl)
                  1183379c    00000038     rts6740_elf.lib : _printfi.obj (.switch:__TI_printfi)
                  118337d4    00000028                     : _scanfi.obj (.switch:__TI_scanfi)

.cio       0    11833a00    00000120     UNINITIALIZED
                  11833a00    00000120     rts6740_elf.lib : trgmsg.obj (.cio)

.switch.2 
*          0    11833b20    00000044     
                  11833b20    00000024     evmomapl138_bsl.lib : evmomapl138_gpio.obj (.switch:getRegisterBankAndBit)
                  11833b44    00000010                         : evmomapl138_spi.obj (.switch:SPI_init)
                  11833b54    00000010     ColorVision.obj (.switch:userProcessColorImageFunc_laser)

MODULE SUMMARY

       Module                           code     ro data   rw data
       ------                           ----     -------   -------
    .\
       user_FinalContestRobot2.obj      22240    388       10432  
       Ladar.obj                        7968     72        5718   
       ColorVision.obj                  4960     16        6936   
       COECSL_edma3.obj                 1216     0         4136   
       ColorLCD.obj                     2400     24        11     
       MatrixMath.obj                   2336     0         0      
       COECSL_mcbsp.obj                 1664     0         300    
       user_xy.obj                      992      0         0      
       LCDprintf.obj                    416      0         8      
       pru.obj                          256      0         0      
    +--+--------------------------------+--------+---------+---------+
       Total:                           44448    500       27541  
                                                                  
    C:\decamar2\trunk\Contest\FinalContestRobot2\FinalContestRobot2Project\Debug\configPkg\package\cfg\
       FinalContestRobot2_pe674.oe674   4608     7529      25776  
    +--+--------------------------------+--------+---------+---------+
       Total:                           4608     7529      25776  
                                                                  
    C:/decamar2/trunk/LabFiles/bsl_forSYSBIOS/lib/evmomapl138_bsl.lib
       evmomapl138.obj                  4064     192       0      
       evmomapl138_vpif.obj             1920     0         0      
       evmomapl138_i2c.obj              1376     0         4      
       evmomapl138_uart.obj             1344     16        0      
       evmomapl138_i2c_gpio.obj         1344     0         0      
       evmomapl138_spi.obj              1184     16        0      
       evmomapl138_gpio.obj             1152     36        0      
       evmomapl138_timer.obj            384      0         0      
    +--+--------------------------------+--------+---------+---------+
       Total:                           12768    260       4      
                                                                  
    C:\CCStudio_v8\bios_6_70_01_03\packages\ti\targets\rts6000\lib\boot.ae674
       autoinit.oe674                   288      0         0      
       boot.oe674                       160      0         0      
    +--+--------------------------------+--------+---------+---------+
       Total:                           448      0         0      
                                                                  
    C:\CCStudio_v8\bios_6_70_01_03\packages\ti\targets\rts6000\lib\ti.targets.rts6000.ae674
       System.oe674                     3232     24        0      
       LoggerBuf.oe674                  2400     0         0      
       Text.oe674                       1728     64        0      
       Error.oe674                      1152     88        0      
       Startup.oe674                    896      44        0      
       SysMin.oe674                     704      0         0      
       Memory.oe674                     320      0         0      
       Gate.oe674                       64       0         0      
       Registry.oe674                   64       0         0      
    +--+--------------------------------+--------+---------+---------+
       Total:                           10560    220       0      
                                                                  
    C:\CCStudio_v8\ccsv8\tools\compiler\ti-cgt-c6000_8.2.2\lib\rts6740_elf.lib
       _printfi.obj                     13504    92        0      
       _scanfi.obj                      7296     53        0      
       divd.obj                         1472     0         0      
       strtod.obj                       1248     152       0      
       strtoll.obj                      1184     0         0      
       strtoull.obj                     1088     0         0      
       fputs.obj                        992      0         0      
       strtol.obj                       928      0         0      
       cos.obj                          800      0         64     
       fmodf.obj                        864      0         0      
       defs.obj                         0        0         804    
       imath64.obj                      800      0         0      
       sin.obj                          736      0         64     
       strtoul.obj                      768      0         0      
       divf.obj                         672      0         0      
       cosf.obj                         640      0         16     
       sinf.obj                         608      0         16     
       fputc.obj                        544      0         0      
       setvbuf.obj                      544      0         0      
       trgmsg.obj                       224      0         288    
       sscanf.obj                       480      0         0      
       frexp.obj                        448      0         0      
       getdevice.obj                    448      0         0      
       imath40.obj                      448      0         0      
       frexpf.obj                       416      0         0      
       hostrename.obj                   416      0         0      
       ldexp.obj                        384      0         0      
       ldexpf.obj                       384      0         0      
       write.obj                        96       0         280    
       atan2f.obj                       320      0         0      
       fclose.obj                       320      0         0      
       atanf.obj                        256      0         32     
       copy_decompress_rle.obj          288      0         0      
       fseek.obj                        288      0         0      
       printf.obj                       288      0         0      
       sqrtf.obj                        288      0         0      
       exit.obj                         256      0         12     
       ctype.obj                        0        257       0      
       _io_perm.obj                     256      0         0      
       atoi.obj                         256      0         0      
       hostopen.obj                     224      0         8      
       close.obj                        224      0         0      
       divi.obj                         224      0         0      
       hostlseek.obj                    224      0         0      
       hostwrite.obj                    224      0         0      
       llshift.obj                      224      0         0      
       ltoa.obj                         224      0         0      
       memset.obj                       224      0         0      
       divu.obj                         192      0         0      
       fflush.obj                       192      0         0      
       hostread.obj                     192      0         0      
       hostunlink.obj                   192      0         0      
       remi.obj                         192      0         0      
       sprintf.obj                      192      0         0      
       tls.obj                          192      0         0      
       fopen.obj                        160      0         0      
       hostclose.obj                    160      0         0      
       memcpy64.obj                     160      0         0      
       modf.obj                         160      0         0      
       remu.obj                         160      0         0      
       round.obj                        160      0         0      
       vsprintf.obj                     160      0         0      
       roundf.obj                       128      0         0      
       unlink.obj                       128      0         0      
       _lock.obj                        96       0         8      
       lseek.obj                        96       0         0      
       memccpy.obj                      96       0         0      
       modff.obj                        96       0         0      
       args_main.obj                    64       0         0      
       frcmpyd_div.obj                  64       0         0      
       isinf.obj                        64       0         0      
       errno.obj                        32       0         4      
       copy_decompress_none.obj         32       0         0      
       trunc.obj                        32       0         0      
       truncf.obj                       32       0         0      
    +--+--------------------------------+--------+---------+---------+
       Total:                           46464    554       1596   
                                                                  
[...]
118333f8  DSP_Float10                                                         
118333fc  DSP_Float11                                                         
11833400  DSP_Float12                                                         
11833404  DSP_Float13                                                         
11833408  DSP_Float14                                                         
1183340c  DSP_Float15                                                         
11833410  DSP_Float16                                                         
11833414  DSP_Float17                                                         
11833418  DSP_Float18                                                         
1183341c  DSP_Float19                                                         
11833420  cntturn                                                             
11833424  ref_right_wall                                                      
11833428  left_turn_Start_threshold                                           
1183342c  left_turn_Stop_threshold                                            
11833430  Kp_right_wall                                                       
11833434  Kp_front_wall                                                       
11833438  front_turn_velocity                                                 
1183343c  turn_command_saturation                                             
11833440  sharp_right_threshold                                               
11833444  Kp_sharp_right                                                      
11833448  left_turn_corner_threshold                                          
1183344c  KpGyro                                                              
11833450  data1                                                               
11833454  data2                                                               
11833458  data3                                                               
1183345c  data4                                                               
11833460  data5                                                               
11833464  data6                                                               
11833468  data7                                                               
1183346c  newWeed                                                             
11833470  p1_old                                                              
11833474  p2_old                                                              
11833478  angular_vel                                                         
1183347c  orientation                                                         
11833480  old_angular_vel                                                     
11833484  p1_current                                                          
11833488  p2_current                                                          
1183348c  v1                                                                  
11833490  v2                                                                  
11833494  x                                                                   
11833498  y                                                                   
1183349c  update_Timer                                                        
118334a0  countdown                                                           
118334a4  astarRunning                                                        
118334a8  astarTrigger                                                        
118334ac  astarDone                                                           
118334b0  pathLen                                                             
118334b4  pathPos                                                             
118334b8  newLVData                                                           
118334bc  newROBOTpsx                                                         
118334c0  newROBOTpsy                                                         
118334c4  sharedROBOTpsx                                                      
118334c8  sharedROBOTpsy                                                      
118334cc  orange_found                                                        
118334d0  blue_found                                                          
118334d4  spraying                                                            
118334d8  blue_center_x                                                       
118334dc  blue_center_y                                                       
118334e0  blue_area                                                           
118334e4  i                                                                   
118334e8  orange_center_x                                                     
118334ec  orange_center_y                                                     
118334f0  orange_area                                                         
118334f4  to_blue                                                             
118334f8  blue_posx                                                           
118334fc  blue_posy                                                           
11833500  sharedbluex                                                         
11833504  sharedbluey                                                         
11833508  to_orange                                                           
1183350c  orange_posx                                                         
11833510  orange_posy                                                         
11833514  sharedorangex                                                       
11833518  sharedorangey                                                       
1183351c  ft                                                                  
11833520  p1                                                                  
11833524  p2                                                                  
11833528  p3                                                                  
1183352c  p4                                                                  
11833530  colorerror                                                          
11833534  KpLight                                                             
11833538  distthresh                                                          
1183353c  mindist                                                             
11833540  timecount                                                           
11833544  whichled                                                            
11833548  updateLCD                                                           
1183354c  testvar                                                             
11833550  noimagefound                                                        
11833554  object_x                                                            
11833558  object_y                                                            
1183355c  blue_object_x                                                       
11833560  blue_object_y                                                       
11833564  orange_object_x                                                     
11833568  orange_object_y                                                     
1183356c  blue_numpels                                                        
11833570  orange_numpels                                                      
11833574  colorstate                                                          
11833578  new_coordata                                                        
1183357c  numpels                                                             
11833580  new_num_found_objects                                               
11833584  new_object_theta                                                    
11833588  new_C20                                                             
1183358c  new_C02                                                             
11833590  top                                                                 
11833594  left                                                                
11833598  num_unique_objects                                                  
1183359c  current_object                                                      
118335a0  color                                                               
118335a4  color2                                                              
118335a8  Cdifference                                                         
118335ac  neighbor_type                                                       
118335b0  too_many_objects                                                    
118335b4  object_detected                                                     
118335b8  print_hue                                                           
118335b9  print_sat                                                           
118335ba  print_val                                                           
118335bb  print_r                                                             
118335bc  print_b                                                             
118335bd  print_g                                                             
118335c0  specs_s                                                             
118335c4  specs_srad                                                          
118335c8  specs_v                                                             
118335cc  specs_vrad                                                          
118335d0  specs_h                                                             
118335d4  specs_h2                                                            
118335d8  specs_hrad                                                          
118335dc  VPIF_beginning_line                                                 
118335e0  equivalency                                                         
118335e4  done                                                                
118335e8  f28335RecFirsttime                                                  
118335ec  enc1                                                                
118335f0  enc2                                                                
118335f4  enc3                                                                
118335f8  enc4                                                                
118335fc  compass                                                             
11833600  switchstate                                                         
11833604  adcA0                                                               
11833608  adcB0                                                               
1183360c  adcA1                                                               
11833610  adcB1                                                               
11833614  adcA2                                                               
11833618  adcB2                                                               
1183361c  adcA3                                                               
11833620  adcB3                                                               
11833624  adcA4                                                               
11833628  adcB4                                                               
1183362c  adcA5                                                               
11833630  adcB5                                                               
11833634  adcA6                                                               
11833638  adcA7                                                               
1183363c  F28335_Extra1                                                       
11833640  F28335_Extra2                                                       
11833644  F28335_Extra3                                                       
11833648  F28335_Extra4                                                       
1183364c  new_sendtolinux_F28335_Extra                                        
11833650  send_F28335_Extra1                                                  
11833654  send_F28335_Extra2                                                  
11833658  send_F28335_Extra3                                                  
1183365c  send_F28335_Extra4                                                  
11833660  num_EDMA3_0                                                         
11833664  numofints                                                           
11833668  scalingLadar                                                        
1183366c  LADARready                                                          
11833670  LADARprocess                                                        
11833674  uart1count                                                          
11833678  numReadings                                                         
1183367c  errL                                                                
11833680  errC                                                                
11833684  errR                                                                
11833688  tLADARleftFt                                                        
1183368c  tLADARcenterFt                                                      
11833690  tLADARrightFt                                                       
11833694  cPrevLADARdata                                                      
11833695  cLADARdata                                                          
11833698  iLADARrcv                                                           
1183369c  cCommandName                                                        
118336a0  LADARleftFt                                                         
118336a4  LADARcenterFt                                                       
118336a8  LADARrightFt                                                        
118336ac  numreadings_lastscan                                                
118336b0  startAngle                                                          
118336b4  stepSize                                                            
118336b8  newLADARdata                                                        
118336bc  robotX                                                              
118336c0  robotY                                                              
118336c4  robotT                                                              
118336c8  tempSign                                                            
118336cc  tempOff                                                             
118336d0  servosPosted                                                        
118336d4  newServos                                                           
118336d8  McBSPrecerror                                                       
118336dc  firsttimeintMCBSPrec                                                
118336e0  timeint                                                             
118336e4  mcbspReset                                                          
118336e8  testcount                                                           
118336ec  danindex                                                            
118336f0  firsttimeLine1                                                      
118336f4  firsttimeLine2                                                      
118336f8  LCDnewMsgLine1                                                      
118336fc  LCDnewMsgLine2                                                      
11833700  bluegain                                                            
11833704  bkgrnd_red                                                          
11833705  bkgrnd_green                                                        
11833706  bkgrnd_blue                                                         
11833708  SWI_RobotControl                                                    
1183370c  CLK_addtime                                                         
11833710  CLK_startMcBSP                                                      
11833714  HWI8_EDMA3_0                                                        
11833718  SWI_LCD                                                             
1183371c  SWI_vision                                                          
11833720  HWI4_VPIF95                                                         
11833724  HWI7_PRU6                                                           
11833728  HWI5_EDMA3_1                                                        
1183372c  TASK_ComWithLinux                                                   
11833730  TASK_LADAR                                                          
11833734  task2                                                               
11833738  task3                                                               
1183373c  SEM_startAstar                                                      
11833800  ti_sysbios_family_c64p_Hwi0                                         
11833800  ti_sysbios_family_c64p_Hwi_int0                                     
11833820  ti_sysbios_family_c64p_Hwi_int1                                     
11833840  ti_sysbios_family_c64p_Hwi_int2                                     
11833860  ti_sysbios_family_c64p_Hwi_int3                                     
11833880  ti_sysbios_family_c64p_Hwi_int4                                     
118338a0  ti_sysbios_family_c64p_Hwi_int5                                     
118338c0  ti_sysbios_family_c64p_Hwi_int6                                     
118338e0  ti_sysbios_family_c64p_Hwi_int7                                     
11833900  ti_sysbios_family_c64p_Hwi_int8                                     
11833920  ti_sysbios_family_c64p_Hwi_int9                                     
11833940  ti_sysbios_family_c64p_Hwi_int10                                    
11833960  ti_sysbios_family_c64p_Hwi_int11                                    
11833980  ti_sysbios_family_c64p_Hwi_int12                                    
118339a0  ti_sysbios_family_c64p_Hwi_int13                                    
118339c0  ti_sysbios_family_c64p_Hwi_int14                                    
118339e0  ti_sysbios_family_c64p_Hwi_int15                                    
11833a00  __CIOBUF_                                                           
11834650  __TI_Handler_Table_Base                                             
11834658  __TI_CINIT_Base                                                     
11834658  __TI_Handler_Table_Limit                                            
11834680  __TI_CINIT_Limit                                                    
ffffffff  __TI_pprof_out_hndl                                                 
ffffffff  __TI_prof_data_size                                                 
ffffffff  __TI_prof_data_start                                                
ffffffff  __binit__                                                           
ffffffff  __c_args__                                                          
ffffffff  binit                                                               
UNDEFED   __TI_INITARRAY_Base                                                 
UNDEFED   __TI_INITARRAY_Limit                                                
UNDEFED   __TI_TLS_INIT_Base                                                  
UNDEFED   __TI_TLS_INIT_Limit                                                 

[1013 symbols]
