******************************************************************************
               TMS320C6x Linker PC v8.2.2                      
******************************************************************************
>> Linked Thu May  2 18:20:01 2019

OUTPUT FILE NAME:   <FinalContestRobot2.out>
ENTRY POINT SYMBOL: "_c_int00"  address: 1181e5a0


MEMORY CONFIGURATION

         name            origin    length      used     unused   attr    fill
----------------------  --------  ---------  --------  --------  ----  --------
  IROM                  11700000   00100000  00000000  00100000  R  X
  IRAM                  11800000   00038000  00034764  0000389c  RW X
  L3_CBA_RAM            80000000   00020000  00000000  00020000  RW X
  DDR                   c3000000   01000000  00000000  01000000  RW X


SEGMENT ALLOCATION MAP

run origin  load origin   length   init length attrs members
----------  ----------- ---------- ----------- ----- -------
11800000    11800000    00021b80   00021b80    r-x
  11800000    11800000    00021b20   00021b20    r-x .text
  11821b20    11821b20    00000060   00000060    r-- .const.1
11821b80    11821b80    0000bfbc   00000000    rw-
  11821b80    11821b80    0000bfbc   00000000    rw- .far
1182db40    1182db40    000026b4   000026b4    r--
  1182db40    1182db40    000026b4   000026b4    r-- .const.2
118301f8    118301f8    000035fb   00000000    rw-
  118301f8    118301f8    00002000   00000000    rw- .stack
  118321f8    118321f8    0000116c   00000000    rw- .fardata
  11833364    11833364    0000006c   00000000    rw- .bss
  118333d0    118333d0    00000423   00000000    rw- .neardata
118337f4    118337f4    00000038   00000000    r--
  118337f4    118337f4    00000038   00000000    r-- .rodata
11833830    11833830    00000120   00000000    rw-
  11833830    11833830    00000120   00000000    rw- .cio
11833950    11833950    00000100   00000100    r--
  11833950    11833950    00000100   00000100    r-- .switch
11833c00    11833c00    00000d20   00000d20    r-x
  11833c00    11833c00    00000200   00000200    r-x .vecs
  11833e00    11833e00    00000b20   00000b20    r-- .cinit


SECTION ALLOCATION MAP

 output                                  attributes/
section   page    origin      length       input sections
--------  ----  ----------  ----------   ----------------
.stack     0    118301f8    00002000     UNINITIALIZED
                  118301f8    00000008     boot.ae674 : boot.oe674 (.stack)
                  11830200    00001ff8     --HOLE--

.bss       0    11833364    0000006c     UNINITIALIZED
                  11833364    00000004     evmomapl138_bsl.lib : evmomapl138_i2c.obj (.bss)
                  11833368    00000004     (.common:EDMA3_0_Regs)
                  1183336c    00000004     (.common:EDMA3_1_Regs)
                  11833370    00000004     (.common:Image_data)
                  11833374    00000004     (.common:LCD_Image)
                  11833378    00000004     (.common:LCD_mem)
                  1183337c    00000004     (.common:Linux_Image)
                  11833380    00000004     (.common:Thres_Image)
                  11833384    00000004     (.common:blue)
                  11833388    00000004     (.common:c)
                  1183338c    00000004     (.common:cbar)
                  11833390    00000004     (.common:current)
                  11833394    00000004     (.common:delta)
                  11833398    00000004     (.common:green)
                  1183339c    00000004     (.common:hue)
                  118333a0    00000004     (.common:index)
                  118333a4    00000004     (.common:k)
                  118333a8    00000004     (.common:largest_num_pixels)
                  118333ac    00000004     (.common:largest_object)
                  118333b0    00000004     (.common:min)
                  118333b4    00000004     (.common:pic_data)
                  118333b8    00000004     (.common:ptrshrdmem)
                  118333bc    00000004     (.common:r)
                  118333c0    00000004     (.common:rbar)
                  118333c4    00000004     (.common:red)
                  118333c8    00000004     (.common:sat)
                  118333cc    00000004     (.common:value)

.neardata 
*          0    118333d0    00000423     UNINITIALIZED
                  118333d0    00000264     user_FinalContestRobot2.obj (.neardata)
                  11833634    000000a0     ColorVision.obj (.neardata)
                  118336d4    00000080     COECSL_edma3.obj (.neardata)
                  11833754    00000068     Ladar.obj (.neardata)
                  118337bc    00000028     COECSL_mcbsp.obj (.neardata)
                  118337e4    00000008     LCDprintf.obj (.neardata)
                  118337ec    00000007     ColorLCD.obj (.neardata)

.rodata    0    118337f4    00000038     UNINITIALIZED
                  118337f4    00000038     FinalContestRobot2_pe674.oe674 (.rodata)

.cinit     0    11833e00    00000b20     
                  11833e00    0000099f     (.cinit..fardata.load) [load image, compression = rle]
                  1183479f    000000f8     (.cinit..neardata.load) [load image, compression = rle]
                  11834897    0000003e     (.cinit..rodata.load) [load image, compression = rle]
                  118348d5    0000000b     (.cinit..far.load) [load image, compression = rle]
                  118348e0    00000009     (.cinit..bss.load) [load image, compression = rle]
                  118348e9    00000003     --HOLE-- [fill = 0]
                  118348ec    00000008     (__TI_handler_table)
                  118348f4    00000004     --HOLE-- [fill = 0]
                  118348f8    00000028     (__TI_cinit_table)

.init_array 
*          0    11800000    00000000     UNINITIALIZED

.vecs      0    11833c00    00000200     
                  11833c00    00000200     FinalContestRobot2_pe674.oe674 (.vecs)

xdc.meta   0    11800000    00000130     COPY SECTION
                  11800000    00000130     FinalContestRobot2_pe674.oe674 (xdc.meta)

.text      0    11800000    00021b20     
                  11800000    00005700     user_FinalContestRobot2.obj (.text)
                  11805700    00001f20     Ladar.obj (.text)
                  11807620    00001ce0     rts6740_elf.lib : _printfi.obj (.text:__TI_printfi)
                  11809300    00001a80                     : _scanfi.obj (.text:__TI_scanfi)
                  1180ad80    00001460     ColorVision.obj (.text)
                  1180c1e0    00000fe0     evmomapl138_bsl.lib : evmomapl138.obj (.text)
                  1180d1c0    00000960     ColorLCD.obj (.text)
                  1180db20    00000920     MatrixMath.obj (.text)
                  1180e440    000008a0     ti.targets.rts6000.ae674 : System.oe674 (.text:xdc_runtime_System_doPrint__I)
                  1180ece0    00000780     evmomapl138_bsl.lib : evmomapl138_vpif.obj (.text)
                  1180f460    00000780     sysbios.ae674 : BIOS.obj (.text:ti_sysbios_family_c64p_Exception_handler__I)
                  1180fbe0    00000680     COECSL_mcbsp.obj (.text)
                  11810260    00000680     rts6740_elf.lib : _printfi.obj (.text:_pconv_a)
                  118108e0    000005c0                     : divd.obj (.text:__c6xabi_divd)
                  11810ea0    00000560     evmomapl138_bsl.lib : evmomapl138_i2c.obj (.text)
                  11811400    00000540                         : evmomapl138_i2c_gpio.obj (.text)
                  11811940    00000540                         : evmomapl138_uart.obj (.text)
                  11811e80    00000500     rts6740_elf.lib : _printfi.obj (.text:_pconv_g)
                  11812380    000004e0                     : strtod.obj (.text:strtod)
                  11812860    000004c0     COECSL_edma3.obj (.text)
                  11812d20    000004a0     evmomapl138_bsl.lib : evmomapl138_spi.obj (.text)
                  118131c0    000004a0     rts6740_elf.lib : strtoll.obj (.text:strtoll)
                  11813660    00000480     evmomapl138_bsl.lib : evmomapl138_gpio.obj (.text)
                  11813ae0    00000440     rts6740_elf.lib : strtoull.obj (.text:strtoull)
                  11813f20    00000420                     : _printfi.obj (.text:_pconv_e)
                  11814340    000003e0                     : fputs.obj (.text:fputs)
                  11814720    000003e0     user_xy.obj (.text)
                  11814b00    000003c0     sysbios.ae674 : BIOS.obj (.text:ti_sysbios_timers_timer64_Timer_Module_startup__E)
                  11814ec0    000003a0     rts6740_elf.lib : strtol.obj (.text:strtol)
                  11815260    00000360                     : fmodf.obj (.text:fmodf)
                  118155c0    00000340     sysbios.ae674 : BIOS.obj (.text:ti_sysbios_knl_Semaphore_pend__E)
                  11815900    00000340                   : BIOS.obj (.text:ti_sysbios_timers_timer64_Timer_deviceConfig__I)
                  11815c40    00000340     FinalContestRobot2_pe674.oe674 (.text:xdc_runtime_System_printfExtend__I)
                  11815f80    00000320     rts6740_elf.lib : cos.obj (.text:cos)
                  118162a0    00000300                     : strtoul.obj (.text:strtoul)
                  118165a0    000002e0                     : sin.obj (.text:sin)
                  11816880    000002e0     sysbios.ae674 : BIOS.obj (.text:ti_sysbios_timers_timer64_Timer_setPeriodMicroSecs__E)
                  11816b60    000002c0     ti.targets.rts6000.ae674 : LoggerBuf.oe674 (.text:xdc_runtime_LoggerBuf_write8__E)
                  11816e20    000002a0     rts6740_elf.lib : divf.obj (.text:__c6xabi_divf)
                  118170c0    000002a0                     : _printfi.obj (.text:_pconv_f)
                  11817360    000002a0                     : _printfi.obj (.text:fcvt)
                  11817600    00000280                     : cosf.obj (.text:cosf)
                  11817880    00000260                     : imath64.obj (.text:__c6xabi_divull)
                  11817ae0    00000260                     : sinf.obj (.text:sinf)
                  11817d40    00000260     ti.targets.rts6000.ae674 : Startup.oe674 (.text:xdc_runtime_Startup_startMods__I)
                  11817fa0    00000240     sysbios.ae674 : BIOS.obj (.text:ti_sysbios_family_c64p_Exception_internalHandler__I)
                  118181e0    00000220     rts6740_elf.lib : fputc.obj (.text:fputc)
                  11818400    00000220                     : setvbuf.obj (.text:setvbuf)
                  11818620    00000200                     : _printfi.obj (.text:_ltostr)
                  11818820    00000200     sysbios.ae674 : c64p_Hwi_disp_always.obj (.text:_ti_sysbios_family_c64p_Hwi_dispatchAlways)
                  11818a20    00000200     ti.targets.rts6000.ae674 : Error.oe674 (.text:xdc_runtime_Error_policyDefault__E)
                  11818c20    000001e0     sysbios.ae674 : BIOS.obj (.text:ti_sysbios_family_c64p_Cache_block__I)
                  11818e00    000001e0     ti.targets.rts6000.ae674 : LoggerBuf.oe674 (.text:xdc_runtime_LoggerBuf_write4__E)
                  11818fe0    000001e0                              : Text.oe674 (.text:xdc_runtime_Text_putSite__E)
                  118191c0    000001c0     rts6740_elf.lib : imath40.obj (.text:__c6xabi_divul)
                  11819380    000001c0                     : frexp.obj (.text:frexp)
                  11819540    000001c0     sysbios.ae674 : BIOS.obj (.text:ti_sysbios_heaps_HeapMem_alloc__E)
                  11819700    000001c0                   : BIOS.obj (.text:ti_sysbios_knl_Task_checkStacks__E)
                  118198c0    000001a0     rts6740_elf.lib : hostrename.obj (.text:HOSTrename)
                  11819a60    000001a0     LCDprintf.obj (.text)
                  11819c00    000001a0     rts6740_elf.lib : _scanfi.obj (.text:_sproc_str)
                  11819da0    000001a0                     : frexpf.obj (.text:frexpf)
                  11819f40    000001a0     sysbios.ae674 : BIOS.obj (.text:ti_sysbios_family_c64p_Cache_getL2InitSize__I)
                  1181a0e0    000001a0                   : BIOS.obj (.text:ti_sysbios_timers_timer64_Timer_start__E)
                  1181a280    00000180     evmomapl138_bsl.lib : evmomapl138_timer.obj (.text)
                  1181a400    00000180     rts6740_elf.lib : ldexp.obj (.text:ldexp)
                  1181a580    00000180                     : ldexpf.obj (.text:ldexpf)
                  1181a700    00000180     sysbios.ae674 : c64p_Exception_asm.obj (.text)
                  1181a880    00000180                   : BIOS.obj (.text:ti_sysbios_knl_Task_sleep__E)
                  1181aa00    00000160                   : BIOS.obj (.text:ti_sysbios_heaps_HeapMem_free__E)
                  1181ab60    00000160     ti.targets.rts6000.ae674 : Text.oe674 (.text:xdc_runtime_Text_putMod__E)
                  1181acc0    00000140     rts6740_elf.lib : fclose.obj (.text:__TI_closefile)
                  1181ae00    00000140                     : sscanf.obj (.text:_chkmbc)
                  1181af40    00000140                     : atan2f.obj (.text:atan2f)
                  1181b080    00000140                     : getdevice.obj (.text:getdevice)
                  1181b1c0    00000140     sysbios.ae674 : BIOS.obj (.text:ti_sysbios_family_c64p_Cache_Module_startup__E)
                  1181b300    00000140                   : BIOS.obj (.text:ti_sysbios_family_c64p_Cache_getL1DInitSize__I)
                  1181b440    00000140                   : BIOS.obj (.text:ti_sysbios_family_c64p_Cache_getL1PInitSize__I)
                  1181b580    00000140                   : BIOS.obj (.text:ti_sysbios_knl_Task_postInit__I)
                  1181b6c0    00000140     ti.targets.rts6000.ae674 : LoggerBuf.oe674 (.text:xdc_runtime_LoggerBuf_setFilterLevel__E)
                  1181b800    00000140                              : Text.oe674 (.text:xdc_runtime_Text_putLab__E)
                  1181b940    00000120     boot.ae674 : autoinit.oe674 (.text:_auto_init_elf)
                  1181ba60    00000120     rts6740_elf.lib : fseek.obj (.text:fseek)
                  1181bb80    00000120                     : sqrtf.obj (.text:sqrtf)
                  1181bca0    00000120     sysbios.ae674 : BIOS.obj (.text:ti_sysbios_family_c64p_Hwi_Module_startup__E)
                  1181bdc0    00000120                   : BIOS.obj (.text:ti_sysbios_knl_Clock_workFunc__E)
                  1181bee0    00000120     ti.targets.rts6000.ae674 : LoggerBuf.oe674 (.text:xdc_runtime_LoggerBuf_getFilterLevel__E)
                  1181c000    00000100     rts6740_elf.lib : copy_decompress_rle.obj (.text:__TI_decompress_rle_core)
                  1181c100    00000100                     : _io_perm.obj (.text:__TI_wrt_ok)
                  1181c200    00000100                     : atanf.obj (.text:atanf)
                  1181c300    00000100                     : atoi.obj (.text:atoi)
                  1181c400    00000100     pru.obj (.text)
                  1181c500    00000100     sysbios.ae674 : BIOS.obj (.text:ti_sysbios_knl_Swi_restoreHwi__E)
                  1181c600    00000100                   : BIOS.obj (.text:ti_sysbios_timers_timer64_Timer_initDevice__I)
                  1181c700    00000100     ti.targets.rts6000.ae674 : Error.oe674 (.text:xdc_runtime_Error_print__E)
                  1181c800    00000100                              : Memory.oe674 (.text:xdc_runtime_Memory_alloc__E)
                  1181c900    00000100                              : Startup.oe674 (.text:xdc_runtime_Startup_exec__E)
                  1181ca00    000000e0     rts6740_elf.lib : hostlseek.obj (.text:HOSTlseek)
                  1181cae0    000000e0                     : hostopen.obj (.text:HOSTopen)
                  1181cbc0    000000e0                     : hostwrite.obj (.text:HOSTwrite)
                  1181cca0    000000e0                     : divi.obj (.text:__divi)
                  1181cd80    000000e0                     : close.obj (.text:close)
                  1181ce60    000000e0                     : exit.obj (.text:exit)
                  1181cf40    000000e0                     : ltoa.obj (.text:ltoa)
                  1181d020    000000e0                     : memset.obj (.text:memset)
                  1181d100    000000e0                     : printf.obj (.text:printf)
                  1181d1e0    000000e0     sysbios.ae674 : BIOS.obj (.text:ti_sysbios_knl_Swi_runLoop__I)
                  1181d2c0    000000e0                   : BIOS.obj (.text:ti_sysbios_knl_Task_Module_startup__E)
                  1181d3a0    000000e0                   : BIOS.obj (.text:ti_sysbios_knl_Task_exit__E)
                  1181d480    000000e0                   : BIOS.obj (.text:ti_sysbios_knl_Task_schedule__I)
                  1181d560    000000e0                   : BIOS.obj (.text:ti_sysbios_timers_timer64_Timer_startup__E)
                  1181d640    000000e0     ti.targets.rts6000.ae674 : Text.oe674 (.text:xdc_runtime_Text_visitRope2__I)
                  1181d720    000000c0     rts6740_elf.lib : hostread.obj (.text:HOSTread)
                  1181d7e0    000000c0                     : hostunlink.obj (.text:HOSTunlink)
                  1181d8a0    000000c0                     : fflush.obj (.text:__TI_doflush)
                  1181d960    000000c0                     : divu.obj (.text:__divu)
                  1181da20    000000c0                     : remi.obj (.text:__remi)
                  1181dae0    000000c0                     : _printfi.obj (.text:_ecpy)
                  1181dba0    000000c0     sysbios.ae674 : BIOS.obj (.text:ti_sysbios_family_c64p_Hwi_dispatchCore__I)
                  1181dc60    000000c0                   : BIOS.obj (.text:ti_sysbios_heaps_HeapMem_getStats__E)
                  1181dd20    000000c0                   : BIOS.obj (.text:ti_sysbios_knl_Semaphore_post__E)
                  1181dde0    000000c0                   : BIOS.obj (.text:ti_sysbios_knl_Swi_run__I)
                  1181dea0    000000c0                   : BIOS.obj (.text:ti_sysbios_knl_Swi_schedule__I)
                  1181df60    000000c0                   : BIOS.obj (.text:ti_sysbios_knl_Task_startCore__E)
                  1181e020    000000c0     rts6740_elf.lib : tls.obj (.text:tls:init:__TI_tls_init)
                  1181e0e0    000000c0     ti.targets.rts6000.ae674 : Error.oe674 (.text:xdc_runtime_Error_setX__E)
                  1181e1a0    000000c0                              : SysMin.oe674 (.text:xdc_runtime_SysMin_abort__E)
                  1181e260    000000c0                              : SysMin.oe674 (.text:xdc_runtime_SysMin_flush__E)
                  1181e320    000000a0     rts6740_elf.lib : hostclose.obj (.text:HOSTclose)
                  1181e3c0    000000a0                     : fopen.obj (.text:__TI_cleanup)
                  1181e460    000000a0                     : round.obj (.text:__c6xabi_nround)
                  1181e500    000000a0                     : remu.obj (.text:__remu)
                  1181e5a0    000000a0     boot.ae674 : boot.oe674 (.text:_c_int00)
                  1181e640    000000a0     rts6740_elf.lib : memcpy64.obj (.text:memcpy)
                  1181e6e0    000000a0                     : modf.obj (.text:modf)
                  1181e780    000000a0     sysbios.ae674 : BIOS.obj (.text:ti_sysbios_family_c64p_Exception_Module_startup__E)
                  1181e820    000000a0                   : BIOS.obj (.text:ti_sysbios_family_c64p_Hwi_eventMap__E)
                  1181e8c0    000000a0                   : BIOS.obj (.text:ti_sysbios_family_c64p_Hwi_getStackInfo__E)
                  1181e960    000000a0                   : BIOS.obj (.text:ti_sysbios_gates_GateMutex_enter__E)
                  1181ea00    000000a0                   : BIOS.obj (.text:ti_sysbios_heaps_HeapMem_init__I)
                  1181eaa0    000000a0                   : BIOS.obj (.text:ti_sysbios_knl_Task_allBlockedFunction__I)
                  1181eb40    000000a0                   : BIOS.obj (.text:ti_sysbios_timers_timer64_Timer_stop__E)
                  1181ebe0    000000a0     ti.targets.rts6000.ae674 : SysMin.oe674 (.text:xdc_runtime_SysMin_putch__E)
                  1181ec80    000000a0                              : System.oe674 (.text:xdc_runtime_System_formatNum__I)
                  1181ed20    000000a0                              : System.oe674 (.text:xdc_runtime_System_putchar__I)
                  1181edc0    000000a0                              : Text.oe674 (.text:xdc_runtime_Text_printVisFxn__I)
                  1181ee60    000000a0                              : Text.oe674 (.text:xdc_runtime_Text_xprintf__I)
                  1181ef00    00000080     rts6740_elf.lib : trgmsg.obj (.text:__TI_readmsg)
                  1181ef80    00000080                     : llshift.obj (.text:__c6xabi_llshl)
                  1181f000    00000080                     : roundf.obj (.text:__c6xabi_roundf)
                  1181f080    00000080     sysbios.ae674 : c62_TaskSupport_asm.obj (.text:_ti_sysbios_family_c62_TaskSupport_swap__E)
                  1181f100    00000080     rts6740_elf.lib : getdevice.obj (.text:finddevice)
                  1181f180    00000080     sysbios.ae674 : BIOS.obj (.text:ti_sysbios_family_c64p_Cache_wait__E)
                  1181f200    00000080                   : BIOS.obj (.text:ti_sysbios_hal_Hwi_checkStack)
                  1181f280    00000080                   : BIOS.obj (.text:ti_sysbios_hal_Hwi_initStack)
                  1181f300    00000080                   : BIOS.obj (.text:ti_sysbios_knl_Idle_run__E)
                  1181f380    00000080                   : BIOS.obj (.text:ti_sysbios_knl_Swi_post__E)
                  1181f400    00000080                   : BIOS.obj (.text:ti_sysbios_knl_Swi_startup__E)
                  1181f480    00000080                   : BIOS.obj (.text:ti_sysbios_knl_Task_processVitalTaskFlag__I)
                  1181f500    00000080                   : BIOS.obj (.text:ti_sysbios_knl_Task_restoreHwi__E)
                  1181f580    00000080                   : BIOS.obj (.text:ti_sysbios_knl_Task_restore__E)
                  1181f600    00000080     FinalContestRobot2_pe674.oe674 (.text:ti_sysbios_rts_MemAlloc_alloc)
                  1181f680    00000080     rts6740_elf.lib : unlink.obj (.text:unlink)
                  1181f700    00000080     ti.targets.rts6000.ae674 : LoggerBuf.oe674 (.text:xdc_runtime_LoggerBuf_Module_startup__E)
                  1181f780    00000080                              : LoggerBuf.oe674 (.text:xdc_runtime_LoggerBuf_filterOutEvent__I)
                  1181f800    00000080                              : System.oe674 (.text:xdc_runtime_System_atexit__E)
                  1181f880    00000080                              : System.oe674 (.text:xdc_runtime_System_avprintf__E)
                  1181f900    00000080                              : System.oe674 (.text:xdc_runtime_System_processAtExit__E)
                  1181f980    00000080                              : System.oe674 (.text:xdc_runtime_System_vprintf__E)
                  1181fa00    00000060     rts6740_elf.lib : trgmsg.obj (.text:__TI_writemsg)
                  1181fa60    00000060                     : llshift.obj (.text:__c6xabi_llshru)
                  1181fac0    00000060                     : imath64.obj (.text:__c6xabi_remull)
                  1181fb20    00000060                     : imath64.obj (.text:_subcull)
                  1181fb80    00000060     sysbios.ae674 : c64p_Hwi_asm_switch.obj (.text:_ti_sysbios_family_c64p_Hwi_switchAndDispatch__I)
                  1181fbe0    00000060                   : c64p_Hwi_asm_switch.obj (.text:_ti_sysbios_family_xxx_Hwi_switchAndRunFunc)
                  1181fc40    00000060     rts6740_elf.lib : lseek.obj (.text:lseek)
                  1181fca0    00000060                     : memccpy.obj (.text:memccpy)
                  1181fd00    00000060                     : modff.obj (.text:modff)
                  1181fd60    00000060                     : sprintf.obj (.text:sprintf)
                  1181fdc0    00000060                     : sscanf.obj (.text:sscanf)
                  1181fe20    00000060                     : _scanfi.obj (.text:strrchr)
                  1181fe80    00000060     FinalContestRobot2_pe674.oe674 (.text:ti_sysbios_BIOS_atExitFunc__I)
                  1181fee0    00000060     FinalContestRobot2_pe674.oe674 (.text:ti_sysbios_BIOS_errorRaiseHook__I)
                  1181ff40    00000060     FinalContestRobot2_pe674.oe674 (.text:ti_sysbios_BIOS_rtsLock__I)
                  1181ffa0    00000060     FinalContestRobot2_pe674.oe674 (.text:ti_sysbios_BIOS_rtsUnlock__I)
                  11820000    00000060     sysbios.ae674 : BIOS.obj (.text:ti_sysbios_family_c62_TaskSupport_start__E)
                  11820060    00000060                   : BIOS.obj (.text:ti_sysbios_family_c64p_Cache_marInit__I)
                  118200c0    00000060                   : BIOS.obj (.text:ti_sysbios_family_c64p_Cache_setMar__E)
                  11820120    00000060     FinalContestRobot2_pe674.oe674 (.text:ti_sysbios_heaps_HeapMem_Object__get__S)
                  11820180    00000060     sysbios.ae674 : BIOS.obj (.text:ti_sysbios_knl_Clock_Module_startup__E)
                  118201e0    00000060     FinalContestRobot2_pe674.oe674 (.text:ti_sysbios_knl_Clock_doTick__I)
                  11820240    00000060     sysbios.ae674 : BIOS.obj (.text:ti_sysbios_knl_Semaphore_pendTimeout__I)
                  118202a0    00000060                   : BIOS.obj (.text:ti_sysbios_knl_Swi_Module_startup__E)
                  11820300    00000060     FinalContestRobot2_pe674.oe674 (.text:ti_sysbios_knl_Swi_Object__get__S)
                  11820360    00000060     FinalContestRobot2_pe674.oe674 (.text:ti_sysbios_knl_Task_Object__get__S)
                  118203c0    00000060     sysbios.ae674 : BIOS.obj (.text:ti_sysbios_knl_Task_enter__I)
                  11820420    00000060                   : BIOS.obj (.text:ti_sysbios_knl_Task_unblockI__E)
                  11820480    00000060     rts6740_elf.lib : write.obj (.text:write)
                  118204e0    00000060     FinalContestRobot2_pe674.oe674 (.text:xdc_runtime_LoggerBuf_Object__get__S)
                  11820540    00000060     ti.targets.rts6000.ae674 : LoggerBuf.oe674 (.text:xdc_runtime_LoggerBuf_reset__E)
                  118205a0    00000060     FinalContestRobot2_pe674.oe674 (.text:xdc_runtime_SysMin_output__I)
                  11820600    00000040     rts6740_elf.lib : frcmpyd_div.obj (.text:__TI_frcmpyd_div)
                  11820640    00000040                     : isinf.obj (.text:__c6xabi_isinf)
                  11820680    00000040                     : _printfi.obj (.text:__c6xabi_isnan)
                  118206c0    00000040                     : args_main.obj (.text:_args_main)
                  11820700    00000040                     : sprintf.obj (.text:_outs)
                  11820740    00000040                     : vsprintf.obj (.text:_outs)
                  11820780    00000040     sysbios.ae674 : c62_TaskSupport_asm.obj (.text:_ti_sysbios_family_c62_TaskSupport_buildTaskStack)
                  118207c0    00000040     FinalContestRobot2_pe674.oe674 (.text:free)
                  11820800    00000040     FinalContestRobot2_pe674.oe674 (.text:ti_sysbios_BIOS_exitFunc__I)
                  11820840    00000040     FinalContestRobot2_pe674.oe674 (.text:ti_sysbios_BIOS_registerRTSLock__I)
                  11820880    00000040     FinalContestRobot2_pe674.oe674 (.text:ti_sysbios_BIOS_removeRTSLock__I)
                  118208c0    00000040     FinalContestRobot2_pe674.oe674 (.text:ti_sysbios_BIOS_startFunc__I)
                  11820900    00000040     FinalContestRobot2_pe674.oe674 (.text:ti_sysbios_family_c64p_Hwi_Module__startupDone__F)
                  11820940    00000040     sysbios.ae674 : BIOS.obj (.text:ti_sysbios_family_c64p_Hwi_disableInterrupt__E)
                  11820980    00000040                   : BIOS.obj (.text:ti_sysbios_family_c64p_Hwi_dispatchC__I)
                  118209c0    00000040                   : BIOS.obj (.text:ti_sysbios_family_c64p_Hwi_enableInterrupt__E)
                  11820a00    00000040                   : BIOS.obj (.text:ti_sysbios_family_c64p_primus_TimerSupport_enable__E)
                  11820a40    00000040                   : BIOS.obj (.text:ti_sysbios_gates_GateMutex_leave__E)
                  11820a80    00000040     FinalContestRobot2_pe674.oe674 (.text:ti_sysbios_hal_Hwi_HwiProxy_getStackInfo__E)
                  11820ac0    00000040     FinalContestRobot2_pe674.oe674 (.text:ti_sysbios_knl_Clock_Module_State_clockQ)
                  11820b00    00000040     FinalContestRobot2_pe674.oe674 (.text:ti_sysbios_knl_Queue_Object__get__S)
                  11820b40    00000040     FinalContestRobot2_pe674.oe674 (.text:ti_sysbios_timers_timer64_Timer_Module__startupDone__F)
                  11820b80    00000040     rts6740_elf.lib : vsprintf.obj (.text:vsprintf)
                  11820bc0    00000040     ti.targets.rts6000.ae674 : Error.oe674 (.text:xdc_runtime_Error_check__E)
                  11820c00    00000040                              : Error.oe674 (.text:xdc_runtime_Error_init__E)
                  11820c40    00000040     FinalContestRobot2_pe674.oe674 (.text:xdc_runtime_IHeap_alloc)
                  11820c80    00000040     FinalContestRobot2_pe674.oe674 (.text:xdc_runtime_IHeap_free)
                  11820cc0    00000040     ti.targets.rts6000.ae674 : LoggerBuf.oe674 (.text:xdc_runtime_LoggerBuf_write0__E)
                  11820d00    00000040                              : LoggerBuf.oe674 (.text:xdc_runtime_LoggerBuf_write1__E)
                  11820d40    00000040                              : LoggerBuf.oe674 (.text:xdc_runtime_LoggerBuf_write2__E)
                  11820d80    00000040                              : Registry.oe674 (.text:xdc_runtime_Registry_findById__E)
                  11820dc0    00000040     FinalContestRobot2_pe674.oe674 (.text:xdc_runtime_Startup_exec__I)
                  11820e00    00000040     ti.targets.rts6000.ae674 : SysMin.oe674 (.text:xdc_runtime_SysMin_Module_startup__E)
                  11820e40    00000040                              : SysMin.oe674 (.text:xdc_runtime_SysMin_exit__E)
                  11820e80    00000040                              : System.oe674 (.text:xdc_runtime_System_abort__E)
                  11820ec0    00000040     FinalContestRobot2_pe674.oe674 (.text:xdc_runtime_System_aprintf__E)
                  11820f00    00000040     ti.targets.rts6000.ae674 : System.oe674 (.text:xdc_runtime_System_exit__E)
                  11820f40    00000040     FinalContestRobot2_pe674.oe674 (.text:xdc_runtime_System_printf__E)
                  11820f80    00000040     FinalContestRobot2_pe674.oe674 (.text:xdc_runtime_Text_visitRope__I)
                  11820fc0    00000020     rts6740_elf.lib : errno.obj (.text:__c6xabi_errno_addr)
                  11820fe0    00000020                     : trunc.obj (.text:__c6xabi_trunc)
                  11821000    00000020                     : truncf.obj (.text:__c6xabi_truncf)
                  11821020    00000020                     : sscanf.obj (.text:_inpchar)
                  11821040    00000020                     : _lock.obj (.text:_nop)
                  11821060    00000020                     : printf.obj (.text:_outc)
                  11821080    00000020                     : sprintf.obj (.text:_outc)
                  118210a0    00000020                     : vsprintf.obj (.text:_outc)
                  118210c0    00000020                     : printf.obj (.text:_outs)
                  118210e0    00000020                     : _lock.obj (.text:_register_lock)
                  11821100    00000020                     : _lock.obj (.text:_register_unlock)
                  11821120    00000020     sysbios.ae674 : c62_TaskSupport_asm.obj (.text:_ti_sysbios_family_c62_TaskSupport_glue)
                  11821140    00000020     rts6740_elf.lib : sscanf.obj (.text:_uninpchar)
                  11821160    00000020                     : exit.obj (.text:abort)
                  11821180    00000020                     : copy_decompress_none.obj (.text:decompress:none:__TI_decompress_none)
                  118211a0    00000020                     : copy_decompress_rle.obj (.text:decompress:rle24:__TI_decompress_rle24)
                  118211c0    00000020     FinalContestRobot2_pe674.oe674 (.text:malloc)
                  118211e0    00000020     FinalContestRobot2_pe674.oe674 (.text:ti_sysbios_BIOS_RtsGateProxy_enter__E)
                  11821200    00000020     FinalContestRobot2_pe674.oe674 (.text:ti_sysbios_BIOS_RtsGateProxy_leave__E)
                  11821220    00000020     sysbios.ae674 : BIOS.obj (.text:ti_sysbios_BIOS_linkedWithIncorrectBootLibrary__E)
                  11821240    00000020     FinalContestRobot2_pe674.oe674 (.text:ti_sysbios_BIOS_nullFunc__I)
                  11821260    00000020     sysbios.ae674 : BIOS.obj (.text:ti_sysbios_BIOS_setThreadType__E)
                  11821280    00000020                   : BIOS.obj (.text:ti_sysbios_BIOS_start__E)
                  118212a0    00000020     FinalContestRobot2_pe674.oe674 (.text:ti_sysbios_family_c62_TaskSupport_Module__startupDone__S)
                  118212c0    00000020     sysbios.ae674 : BIOS.obj (.text:ti_sysbios_family_c62_TaskSupport_checkStack__E)
                  118212e0    00000020                   : BIOS.obj (.text:ti_sysbios_family_c64p_Cache_inv__E)
                  11821300    00000020                   : BIOS.obj (.text:ti_sysbios_family_c64p_Cache_wb__E)
                  11821320    00000020     FinalContestRobot2_pe674.oe674 (.text:ti_sysbios_family_c64p_Hwi_Module__startupDone__S)
                  11821340    00000020     sysbios.ae674 : BIOS.obj (.text:ti_sysbios_family_c64p_Hwi_clearInterrupt__E)
                  11821360    00000020                   : BIOS.obj (.text:ti_sysbios_family_c64p_Hwi_startup__E)
                  11821380    00000020                   : BIOS.obj (.text:ti_sysbios_family_c64p_Hwi_switchFromBootStack__E)
                  118213a0    00000020                   : BIOS.obj (.text:ti_sysbios_family_c64p_TimestampProvider_Module_startup__E)
                  118213c0    00000020                   : BIOS.obj (.text:ti_sysbios_family_c64p_TimestampProvider_get64__E)
                  118213e0    00000020                   : BIOS.obj (.text:ti_sysbios_gates_GateHwi_enter__E)
                  11821400    00000020                   : BIOS.obj (.text:ti_sysbios_gates_GateHwi_leave__E)
                  11821420    00000020                   : BIOS.obj (.text:ti_sysbios_gates_GateHwi_query__E)
                  11821440    00000020                   : BIOS.obj (.text:ti_sysbios_gates_GateMutex_query__E)
                  11821460    00000020     FinalContestRobot2_pe674.oe674 (.text:ti_sysbios_hal_Hwi_HwiProxy_Module__startupDone__S)
                  11821480    00000020     FinalContestRobot2_pe674.oe674 (.text:ti_sysbios_hal_Hwi_HwiProxy_clearInterrupt__E)
                  118214a0    00000020     FinalContestRobot2_pe674.oe674 (.text:ti_sysbios_hal_Hwi_HwiProxy_disableInterrupt__E)
                  118214c0    00000020     FinalContestRobot2_pe674.oe674 (.text:ti_sysbios_hal_Hwi_HwiProxy_enableInterrupt__E)
                  118214e0    00000020     FinalContestRobot2_pe674.oe674 (.text:ti_sysbios_hal_Hwi_HwiProxy_startup__E)
                  11821500    00000020     FinalContestRobot2_pe674.oe674 (.text:ti_sysbios_hal_Hwi_HwiProxy_switchFromBootStack__E)
                  11821520    00000020     sysbios.ae674 : BIOS.obj (.text:ti_sysbios_hal_Hwi_Module_startup__E)
                  11821540    00000020     FinalContestRobot2_pe674.oe674 (.text:ti_sysbios_heaps_HeapMem_Module_GateProxy_enter__E)
                  11821560    00000020     FinalContestRobot2_pe674.oe674 (.text:ti_sysbios_heaps_HeapMem_Module_GateProxy_leave__E)
                  11821580    00000020     FinalContestRobot2_pe674.oe674 (.text:ti_sysbios_heaps_HeapMem_Module_GateProxy_query__E)
                  118215a0    00000020     sysbios.ae674 : BIOS.obj (.text:ti_sysbios_heaps_HeapMem_isBlocking__E)
                  118215c0    00000020     FinalContestRobot2_pe674.oe674 (.text:ti_sysbios_knl_Clock_TimerProxy_Module__startupDone__S)
                  118215e0    00000020     FinalContestRobot2_pe674.oe674 (.text:ti_sysbios_knl_Clock_TimerProxy_getMaxTicks__E)
                  11821600    00000020     sysbios.ae674 : BIOS.obj (.text:ti_sysbios_knl_Clock_getTicks__E)
                  11821620    00000020                   : BIOS.obj (.text:ti_sysbios_knl_Clock_logTick__E)
                  11821640    00000020                   : BIOS.obj (.text:ti_sysbios_knl_Idle_loop__E)
                  11821660    00000020                   : BIOS.obj (.text:ti_sysbios_knl_Queue_empty__E)
                  11821680    00000020                   : BIOS.obj (.text:ti_sysbios_knl_Swi_disable__E)
                  118216a0    00000020     FinalContestRobot2_pe674.oe674 (.text:ti_sysbios_knl_Task_SupportProxy_Module__startupDone__S)
                  118216c0    00000020     FinalContestRobot2_pe674.oe674 (.text:ti_sysbios_knl_Task_SupportProxy_checkStack__E)
                  118216e0    00000020     FinalContestRobot2_pe674.oe674 (.text:ti_sysbios_knl_Task_SupportProxy_start__E)
                  11821700    00000020     FinalContestRobot2_pe674.oe674 (.text:ti_sysbios_knl_Task_SupportProxy_swap__E)
                  11821720    00000020     sysbios.ae674 : BIOS.obj (.text:ti_sysbios_knl_Task_disable__E)
                  11821740    00000020                   : BIOS.obj (.text:ti_sysbios_knl_Task_sleepTimeout__I)
                  11821760    00000020                   : BIOS.obj (.text:ti_sysbios_knl_Task_startup__E)
                  11821780    00000020     FinalContestRobot2_pe674.oe674 (.text:ti_sysbios_timers_timer64_Timer_Module__startupDone__S)
                  118217a0    00000020     FinalContestRobot2_pe674.oe674 (.text:ti_sysbios_timers_timer64_Timer_TimerSupportProxy_enable__E)
                  118217c0    00000020     sysbios.ae674 : BIOS.obj (.text:ti_sysbios_timers_timer64_Timer_getMaxTicks__E)
                  118217e0    00000020     FinalContestRobot2_pe674.oe674 (.text:xdc_iargToPtr)
                  11821800    00000020     ti.targets.rts6000.ae674 : Error.oe674 (.text:xdc_runtime_Error_getSite__E)
                  11821820    00000020                              : Error.oe674 (.text:xdc_runtime_Error_raiseX__E)
                  11821840    00000020                              : Gate.oe674 (.text:xdc_runtime_Gate_enterSystem__E)
                  11821860    00000020                              : Gate.oe674 (.text:xdc_runtime_Gate_leaveSystem__E)
                  11821880    00000020     FinalContestRobot2_pe674.oe674 (.text:xdc_runtime_LoggerBuf_Module_GateProxy_enter__E)
                  118218a0    00000020     FinalContestRobot2_pe674.oe674 (.text:xdc_runtime_LoggerBuf_Module_GateProxy_leave__E)
                  118218c0    00000020     FinalContestRobot2_pe674.oe674 (.text:xdc_runtime_LoggerBuf_TimestampProxy_get64__E)
                  118218e0    00000020     ti.targets.rts6000.ae674 : LoggerBuf.oe674 (.text:xdc_runtime_LoggerBuf_disable__E)
                  11821900    00000020                              : LoggerBuf.oe674 (.text:xdc_runtime_LoggerBuf_enable__E)
                  11821920    00000020     FinalContestRobot2_pe674.oe674 (.text:xdc_runtime_Memory_HeapProxy_alloc__E)
                  11821940    00000020     FinalContestRobot2_pe674.oe674 (.text:xdc_runtime_Memory_HeapProxy_free__E)
                  11821960    00000020     ti.targets.rts6000.ae674 : Memory.oe674 (.text:xdc_runtime_Memory_free__E)
                  11821980    00000020                              : Memory.oe674 (.text:xdc_runtime_Memory_getMaxDefaultTypeAlign__E)
                  118219a0    00000020     FinalContestRobot2_pe674.oe674 (.text:xdc_runtime_Startup_reset__I)
                  118219c0    00000020     ti.targets.rts6000.ae674 : Startup.oe674 (.text:xdc_runtime_Startup_rtsDone__E)
                  118219e0    00000020                              : SysMin.oe674 (.text:xdc_runtime_SysMin_ready__E)
                  11821a00    00000020     FinalContestRobot2_pe674.oe674 (.text:xdc_runtime_System_Module_GateProxy_enter__E)
                  11821a20    00000020     FinalContestRobot2_pe674.oe674 (.text:xdc_runtime_System_Module_GateProxy_leave__E)
                  11821a40    00000020     ti.targets.rts6000.ae674 : System.oe674 (.text:xdc_runtime_System_Module_startup__E)
                  11821a60    00000020     FinalContestRobot2_pe674.oe674 (.text:xdc_runtime_System_SupportProxy_abort__E)
                  11821a80    00000020     FinalContestRobot2_pe674.oe674 (.text:xdc_runtime_System_SupportProxy_exit__E)
                  11821aa0    00000020     FinalContestRobot2_pe674.oe674 (.text:xdc_runtime_System_SupportProxy_putch__E)
                  11821ac0    00000020     FinalContestRobot2_pe674.oe674 (.text:xdc_runtime_System_SupportProxy_ready__E)
                  11821ae0    00000020     ti.targets.rts6000.ae674 : System.oe674 (.text:xdc_runtime_System_vsnprintf__E)
                  11821b00    00000020                              : Text.oe674 (.text:xdc_runtime_Text_ropeText__E)

.const.1   0    11821b20    00000060     
                  11821b20    00000058     ti.targets.rts6000.ae674 : Error.oe674 (.const:.string)
                  11821b78    00000008     FinalContestRobot2_pe674.oe674 (.const:ti_sysbios_knl_Idle_funcList__C)

.far       0    11821b80    0000bfbc     UNINITIALIZED
                  11821b80    000048c0     FinalContestRobot2_pe674.oe674 (.far:taskStackSection)
                  11826440    00001000     (.common:ti_sysbios_heaps_HeapMem_Instance_State_0_buf__A)
                  11827440    00000fa0     (.common:enc0_array)
                  118283e0    00000c00     (.common:object_stats)
                  11828fe0    00000ab0     (.common:obs)
                  11829a90    00000060     (.common:robotdest)
                  11829af0    0000000c     (.common:LADARps)
                  11829afc    00000004     --HOLE--
                  11829b00    00000578     (.common:LADARinBuffer)
                  1182a078    00000400     (.common:equivalency_objects)
                  1182a478    00000400     (.common:temp_equivalency_objects)
                  1182a878    000003e8     (.common:LADARangle)
                  1182ac60    000003e8     (.common:LADARdataX)
                  1182b048    000003e8     (.common:LADARdataY)
                  1182b430    000003e8     (.common:LADARdistance)
                  1182b818    000003e8     (.common:newLADARangle)
                  1182bc00    000003e8     (.common:newLADARdataX)
                  1182bfe8    000003e8     (.common:newLADARdataY)
                  1182c3d0    000003e8     (.common:newLADARdistance)
                  1182c7b8    0000039c     (.common:final_object_stats)
                  1182cb54    00000004     --HOLE--
                  1182cb58    000002d0     (.common:boxes)
                  1182ce28    00000200     (.common:xdc_runtime_LoggerBuf_Instance_State_0_entryArr__A)
                  1182d028    00000200     (.common:xdc_runtime_SysMin_Module_State_0_outbuf__A)
                  1182d228    00000190     (.common:pathCol)
                  1182d3b8    00000190     (.common:pathRow)
                  1182d548    00000140     (.common:__TI_tmpnams)
                  1182d688    00000102     (.common:fromLinuxstring)
                  1182d78a    00000006     --HOLE--
                  1182d790    00000102     (.common:toLinuxstring)
                  1182d892    00000006     --HOLE--
                  1182d898    0000002c     (.common:dist)
                  1182d8c4    00000004     --HOLE--
                  1182d8c8    0000002c     (.common:xdist)
                  1182d8f4    0000000c     (.common:OPTITRACKps)
                  1182d900    0000009c     (.common:f28335recData)
                  1182d99c    00000004     --HOLE--
                  1182d9a0    0000002c     (.common:ydist)
                  1182d9cc    00000004     --HOLE--
                  1182d9d0    00000028     (.common:i2cdata)
                  1182d9f8    00000008     (.common:parmbuf)
                  1182da00    00000068     (.common:f28335TXData)
                  1182da68    00000024     (.common:temp_3x3)
                  1182da8c    00000004     --HOLE--
                  1182da90    0000001e     (.common:LADARoutBuffer)
                  1182daae    00000002     --HOLE--
                  1182dab0    00000014     (.common:Optitrackdata)
                  1182dac4    0000000c     (.common:ROBOTps)
                  1182dad0    0000000c     (.common:bluex)
                  1182dadc    00000004     --HOLE--
                  1182dae0    0000000c     (.common:bluey)
                  1182daec    00000004     --HOLE--
                  1182daf0    0000000c     (.common:orangex)
                  1182dafc    00000004     --HOLE--
                  1182db00    0000000c     (.common:orangey)
                  1182db0c    00000004     --HOLE--
                  1182db10    0000000c     (.common:temp_3x1)
                  1182db1c    00000004     --HOLE--
                  1182db20    0000000c     (.common:ytilde)
                  1182db2c    00000004     --HOLE--
                  1182db30    0000000c     (.common:z)

.const.2   0    1182db40    000026b4     
                  1182db40    000019d4     FinalContestRobot2_pe674.oe674 (.const:xdc_runtime_Text_charTab__A)
                  1182f514    00000518     sysbios.ae674 : BIOS.obj (.const:.string)
                  1182fa2c    00000004     FinalContestRobot2_pe674.oe674 (.const:ti_sysbios_BIOS_installedErrorHook__C)
                  1182fa30    00000101     rts6740_elf.lib : ctype.obj (.const:.string:_ctypes_)
                  1182fb31    00000001     FinalContestRobot2_pe674.oe674 (.const:ti_sysbios_timers_timer64_Timer_localTimerBaseId__C)
                  1182fb32    00000002     FinalContestRobot2_pe674.oe674 (.const:ti_sysbios_family_c64p_Cache_Module__id__C)
                  1182fb34    000000f4     user_FinalContestRobot2.obj (.const:.string)
                  1182fc28    000000cc     FinalContestRobot2_pe674.oe674 (.const:xdc_runtime_Text_nodeTab__A)
                  1182fcf4    00000004     FinalContestRobot2_pe674.oe674 (.const:ti_sysbios_family_c64p_Cache_EMIFA_BASE__C)
                  1182fcf8    00000080     evmomapl138_bsl.lib : evmomapl138.obj (.const:bitval_u32)
                  1182fd78    00000050     rts6740_elf.lib : strtod.obj (.const:digits)
                  1182fdc8    00000048                     : strtod.obj (.const:powerof10)
                  1182fe10    00000044     Ladar.obj (.const:.string)
                  1182fe54    00000040     evmomapl138_bsl.lib : evmomapl138.obj (.const:.string)
                  1182fe94    00000040     ti.targets.rts6000.ae674 : Text.oe674 (.const:.string)
                  1182fed4    0000003c     FinalContestRobot2_pe674.oe674 (.const:xdc_runtime_LoggerBuf_Module__FXNS__C)
                  1182ff10    00000030     FinalContestRobot2_pe674.oe674 (.const:xdc_runtime_Startup_sfxnTab__A)
                  1182ff40    0000002c     ti.targets.rts6000.ae674 : Startup.oe674 (.const:.string)
                  1182ff6c    00000028     FinalContestRobot2_pe674.oe674 (.const:ti_sysbios_heaps_HeapMem_Module__FXNS__C)
                  1182ff94    00000024     rts6740_elf.lib : _printfi.obj (.const:.string)
                  1182ffb8    00000024     FinalContestRobot2_pe674.oe674 (.const:ti_sysbios_gates_GateHwi_Module__FXNS__C)
                  1182ffdc    00000024     FinalContestRobot2_pe674.oe674 (.const:ti_sysbios_gates_GateMutex_Module__FXNS__C)
                  11830000    00000018     ColorLCD.obj (.const:$P$T0$1)
                  11830018    00000018     ti.targets.rts6000.ae674 : System.oe674 (.const:.string)
                  11830030    00000018     FinalContestRobot2_pe674.oe674 (.const:xdc_runtime_Startup_sfxnRts__A)
                  11830048    00000010     evmomapl138_bsl.lib : evmomapl138_uart.obj (.const:.string)
                  11830058    00000008     FinalContestRobot2_pe674.oe674 (.const:xdc_runtime_Startup_firstFxns__A)
                  11830060    00000008     FinalContestRobot2_pe674.oe674 (.const:xdc_runtime_Startup_firstFxns__C)
                  11830068    00000008     FinalContestRobot2_pe674.oe674 (.const:xdc_runtime_Startup_lastFxns__C)
                  11830070    00000007     rts6740_elf.lib : _scanfi.obj (.const:.string:flit$1)
                  11830077    00000001     --HOLE-- [fill = 0]
                  11830078    00000006                     : _scanfi.obj (.const:.string:barr$2)
                  1183007e    00000002     FinalContestRobot2_pe674.oe674 (.const:ti_sysbios_family_c64p_Exception_Module__id__C)
                  11830080    00000004     Ladar.obj (.const:.string:$P$T0$1)
                  11830084    00000004     FinalContestRobot2_pe674.oe674 (.const:ti_sysbios_family_c64p_Cache_EMIFA_CFG__C)
                  11830088    00000004     FinalContestRobot2_pe674.oe674 (.const:ti_sysbios_family_c64p_Cache_EMIFA_LENGTH__C)
                  1183008c    00000004     FinalContestRobot2_pe674.oe674 (.const:ti_sysbios_family_c64p_Cache_EMIFB_BASE__C)
                  11830090    00000004     FinalContestRobot2_pe674.oe674 (.const:ti_sysbios_family_c64p_Cache_EMIFB_CFG__C)
                  11830094    00000004     FinalContestRobot2_pe674.oe674 (.const:ti_sysbios_family_c64p_Cache_EMIFB_LENGTH__C)
                  11830098    00000004     FinalContestRobot2_pe674.oe674 (.const:ti_sysbios_family_c64p_Cache_EMIFC_BASE__C)
                  1183009c    00000004     FinalContestRobot2_pe674.oe674 (.const:ti_sysbios_family_c64p_Cache_EMIFC_CFG__C)
                  118300a0    00000004     FinalContestRobot2_pe674.oe674 (.const:ti_sysbios_family_c64p_Cache_EMIFC_LENGTH__C)
                  118300a4    00000004     FinalContestRobot2_pe674.oe674 (.const:ti_sysbios_family_c64p_Cache_E_invalidL1CacheSize__C)
                  118300a8    00000004     FinalContestRobot2_pe674.oe674 (.const:ti_sysbios_family_c64p_Cache_E_invalidL2CacheSize__C)
                  118300ac    00000004     FinalContestRobot2_pe674.oe674 (.const:ti_sysbios_family_c64p_Cache_MAR0_31__C)
                  118300b0    00000004     FinalContestRobot2_pe674.oe674 (.const:ti_sysbios_family_c64p_Cache_MAR128_159__C)
                  118300b4    00000004     FinalContestRobot2_pe674.oe674 (.const:ti_sysbios_family_c64p_Cache_MAR160_191__C)
                  118300b8    00000004     FinalContestRobot2_pe674.oe674 (.const:ti_sysbios_family_c64p_Cache_MAR192_223__C)
                  118300bc    00000004     FinalContestRobot2_pe674.oe674 (.const:ti_sysbios_family_c64p_Cache_MAR224_255__C)
                  118300c0    00000004     FinalContestRobot2_pe674.oe674 (.const:ti_sysbios_family_c64p_Cache_MAR32_63__C)
                  118300c4    00000004     FinalContestRobot2_pe674.oe674 (.const:ti_sysbios_family_c64p_Cache_MAR64_95__C)
                  118300c8    00000004     FinalContestRobot2_pe674.oe674 (.const:ti_sysbios_family_c64p_Cache_MAR96_127__C)
                  118300cc    00000004     FinalContestRobot2_pe674.oe674 (.const:ti_sysbios_family_c64p_Exception_E_exceptionMax__C)
                  118300d0    00000004     FinalContestRobot2_pe674.oe674 (.const:ti_sysbios_family_c64p_Exception_exceptionHook__C)
                  118300d4    00000004     FinalContestRobot2_pe674.oe674 (.const:ti_sysbios_family_c64p_Exception_externalHook__C)
                  118300d8    00000004     FinalContestRobot2_pe674.oe674 (.const:ti_sysbios_family_c64p_Exception_internalHook__C)
                  118300dc    00000004     FinalContestRobot2_pe674.oe674 (.const:ti_sysbios_family_c64p_Exception_nmiHook__C)
                  118300e0    00000004     FinalContestRobot2_pe674.oe674 (.const:ti_sysbios_gates_GateMutex_Instance_State_sem__O)
                  118300e4    00000004     FinalContestRobot2_pe674.oe674 (.const:ti_sysbios_hal_Hwi_E_stackOverflow__C)
                  118300e8    00000004     FinalContestRobot2_pe674.oe674 (.const:ti_sysbios_heaps_HeapMem_E_memory__C)
                  118300ec    00000004     FinalContestRobot2_pe674.oe674 (.const:ti_sysbios_heaps_HeapMem_Module__gateObj__C)
                  118300f0    00000004     FinalContestRobot2_pe674.oe674 (.const:ti_sysbios_heaps_HeapMem_Object__count__C)
                  118300f4    00000004     FinalContestRobot2_pe674.oe674 (.const:ti_sysbios_heaps_HeapMem_Object__table__C)
                  118300f8    00000004     FinalContestRobot2_pe674.oe674 (.const:ti_sysbios_knl_Clock_Module_State_clockQ__O)
                  118300fc    00000004     FinalContestRobot2_pe674.oe674 (.const:ti_sysbios_knl_Semaphore_Instance_State_pendQ__O)
                  11830100    00000004     FinalContestRobot2_pe674.oe674 (.const:ti_sysbios_knl_Idle_funcList__A)
                  11830104    00000004     FinalContestRobot2_pe674.oe674 (.const:ti_sysbios_knl_Swi_Object__count__C)
                  11830108    00000004     FinalContestRobot2_pe674.oe674 (.const:ti_sysbios_knl_Swi_Object__table__C)
                  1183010c    00000004     FinalContestRobot2_pe674.oe674 (.const:ti_sysbios_knl_Task_E_spOutOfBounds__C)
                  11830110    00000004     FinalContestRobot2_pe674.oe674 (.const:ti_sysbios_knl_Task_E_stackOverflow__C)
                  11830114    00000004     FinalContestRobot2_pe674.oe674 (.const:ti_sysbios_knl_Task_Module_State_inactiveQ__O)
                  11830118    00000004     FinalContestRobot2_pe674.oe674 (.const:ti_sysbios_knl_Task_Object__count__C)
                  1183011c    00000004     FinalContestRobot2_pe674.oe674 (.const:ti_sysbios_knl_Task_Object__table__C)
                  11830120    00000004     FinalContestRobot2_pe674.oe674 (.const:ti_sysbios_knl_Task_allBlockedFunc__C)
                  11830124    00000004     FinalContestRobot2_pe674.oe674 (.const:ti_sysbios_knl_Task_numConstructedTasks__C)
                  11830128    00000004     FinalContestRobot2_pe674.oe674 (.const:ti_sysbios_timers_timer64_Timer_E_cannotSupport__C)
                  1183012c    00000004     FinalContestRobot2_pe674.oe674 (.const:ti_sysbios_timers_timer64_Timer_anyMaskHigh__C)
                  11830130    00000004     FinalContestRobot2_pe674.oe674 (.const:ti_sysbios_timers_timer64_Timer_anyMask__C)
                  11830134    00000004     FinalContestRobot2_pe674.oe674 (.const:ti_sysbios_timers_timer64_Timer_freqDivisor__C)
                  11830138    00000004     FinalContestRobot2_pe674.oe674 (.const:ti_sysbios_timers_timer64_Timer_numLocalTimers__C)
                  1183013c    00000004     FinalContestRobot2_pe674.oe674 (.const:ti_sysbios_timers_timer64_Timer_numTimerDevices__C)
                  11830140    00000004     FinalContestRobot2_pe674.oe674 (.const:xdc_runtime_Assert_E_assertFailed__C)
                  11830144    00000004     FinalContestRobot2_pe674.oe674 (.const:xdc_runtime_Error_E_memory__C)
                  11830148    00000004     FinalContestRobot2_pe674.oe674 (.const:xdc_runtime_Error_Module__diagsEnabled__C)
                  1183014c    00000004     FinalContestRobot2_pe674.oe674 (.const:xdc_runtime_Error_Module__diagsIncluded__C)
                  11830150    00000004     FinalContestRobot2_pe674.oe674 (.const:xdc_runtime_Error_Module__diagsMask__C)
                  11830154    00000004     FinalContestRobot2_pe674.oe674 (.const:xdc_runtime_Error_Module__loggerFxn8__C)
                  11830158    00000004     FinalContestRobot2_pe674.oe674 (.const:xdc_runtime_Error_Module__loggerObj__C)
                  1183015c    00000004     FinalContestRobot2_pe674.oe674 (.const:xdc_runtime_Error_policyFxn__C)
                  11830160    00000004     FinalContestRobot2_pe674.oe674 (.const:xdc_runtime_Error_policy__C)
                  11830164    00000004     FinalContestRobot2_pe674.oe674 (.const:xdc_runtime_Error_raiseHook__C)
                  11830168    00000004     FinalContestRobot2_pe674.oe674 (.const:xdc_runtime_IFilterLogger_Interface__BASE__C)
                  1183016c    00000004     FinalContestRobot2_pe674.oe674 (.const:xdc_runtime_IGateProvider_Interface__BASE__C)
                  11830170    00000004     FinalContestRobot2_pe674.oe674 (.const:xdc_runtime_IHeap_Interface__BASE__C)
                  11830174    00000004     FinalContestRobot2_pe674.oe674 (.const:xdc_runtime_ILogger_Interface__BASE__C)
                  11830178    00000004     FinalContestRobot2_pe674.oe674 (.const:xdc_runtime_IModule_Interface__BASE__C)
                  1183017c    00000004     FinalContestRobot2_pe674.oe674 (.const:xdc_runtime_Log_L_error__C)
                  11830180    00000004     FinalContestRobot2_pe674.oe674 (.const:xdc_runtime_LoggerBuf_E_badLevel__C)
                  11830184    00000004     FinalContestRobot2_pe674.oe674 (.const:xdc_runtime_LoggerBuf_Module__gateObj__C)
                  11830188    00000004     FinalContestRobot2_pe674.oe674 (.const:xdc_runtime_LoggerBuf_Object__count__C)
                  1183018c    00000004     FinalContestRobot2_pe674.oe674 (.const:xdc_runtime_LoggerBuf_Object__table__C)
                  11830190    00000004     FinalContestRobot2_pe674.oe674 (.const:xdc_runtime_LoggerBuf_statusLogger__C)
                  11830194    00000004     FinalContestRobot2_pe674.oe674 (.const:xdc_runtime_Memory_defaultHeapInstance__C)
                  11830198    00000004     FinalContestRobot2_pe674.oe674 (.const:xdc_runtime_Startup_execImpl__C)
                  1183019c    00000004     FinalContestRobot2_pe674.oe674 (.const:xdc_runtime_Startup_maxPasses__C)
                  118301a0    00000004     FinalContestRobot2_pe674.oe674 (.const:xdc_runtime_Startup_sfxnRts__C)
                  118301a4    00000004     FinalContestRobot2_pe674.oe674 (.const:xdc_runtime_Startup_sfxnTab__C)
                  118301a8    00000004     FinalContestRobot2_pe674.oe674 (.const:xdc_runtime_Startup_startModsFxn__C)
                  118301ac    00000004     FinalContestRobot2_pe674.oe674 (.const:xdc_runtime_SysMin_bufSize__C)
                  118301b0    00000004     FinalContestRobot2_pe674.oe674 (.const:xdc_runtime_SysMin_outputFunc__C)
                  118301b4    00000004     FinalContestRobot2_pe674.oe674 (.const:xdc_runtime_System_Module__gateObj__C)
                  118301b8    00000004     FinalContestRobot2_pe674.oe674 (.const:xdc_runtime_System_abortFxn__C)
                  118301bc    00000004     FinalContestRobot2_pe674.oe674 (.const:xdc_runtime_System_exitFxn__C)
                  118301c0    00000004     FinalContestRobot2_pe674.oe674 (.const:xdc_runtime_System_extendFxn__C)
                  118301c4    00000004     FinalContestRobot2_pe674.oe674 (.const:xdc_runtime_System_maxAtexitHandlers__C)
                  118301c8    00000004     FinalContestRobot2_pe674.oe674 (.const:xdc_runtime_Text_charTab__C)
                  118301cc    00000004     FinalContestRobot2_pe674.oe674 (.const:xdc_runtime_Text_nodeTab__C)
                  118301d0    00000004     FinalContestRobot2_pe674.oe674 (.const:xdc_runtime_Text_visitRopeFxn__C)
                  118301d4    00000002     FinalContestRobot2_pe674.oe674 (.const:ti_sysbios_family_c64p_Exception_useInternalBuffer__C)
                  118301d6    00000002     FinalContestRobot2_pe674.oe674 (.const:ti_sysbios_hal_Hwi_Module__id__C)
                  118301d8    00000002     FinalContestRobot2_pe674.oe674 (.const:ti_sysbios_heaps_HeapMem_Module__id__C)
                  118301da    00000002     FinalContestRobot2_pe674.oe674 (.const:ti_sysbios_knl_Task_Module__id__C)
                  118301dc    00000002     FinalContestRobot2_pe674.oe674 (.const:ti_sysbios_timers_timer64_Timer_Module__id__C)
                  118301de    00000002     FinalContestRobot2_pe674.oe674 (.const:ti_sysbios_timers_timer64_Timer_startupNeeded__C)
                  118301e0    00000002     FinalContestRobot2_pe674.oe674 (.const:ti_sysbios_timers_timer64_Timer_useTimer64pRegMap__C)
                  118301e2    00000002     FinalContestRobot2_pe674.oe674 (.const:xdc_runtime_Error_Module__loggerDefined__C)
                  118301e4    00000002     FinalContestRobot2_pe674.oe674 (.const:xdc_runtime_Error_maxDepth__C)
                  118301e6    00000002     FinalContestRobot2_pe674.oe674 (.const:xdc_runtime_LoggerBuf_Module__id__C)
                  118301e8    00000002     FinalContestRobot2_pe674.oe674 (.const:xdc_runtime_LoggerBuf_filterByLevel__C)
                  118301ea    00000002     FinalContestRobot2_pe674.oe674 (.const:xdc_runtime_Memory_Module__id__C)
                  118301ec    00000002     FinalContestRobot2_pe674.oe674 (.const:xdc_runtime_SysMin_flushAtExit__C)
                  118301ee    00000002     FinalContestRobot2_pe674.oe674 (.const:xdc_runtime_Text_isLoaded__C)
                  118301f0    00000002     FinalContestRobot2_pe674.oe674 (.const:xdc_runtime_Text_registryModsLastId__C)
                  118301f2    00000002     FinalContestRobot2_pe674.oe674 (.const:xdc_runtime_Text_unnamedModsLastId__C)

.fardata   0    118321f8    0000116c     UNINITIALIZED
                  118321f8    0000025c     ColorVision.obj (.fardata:PRUCode)
                  11832454    00000004     rts6740_elf.lib : _lock.obj (.fardata:_lock)
                  11832458    000001e0                     : defs.obj (.fardata:_ftable)
                  11832638    000001cc     FinalContestRobot2_pe674.oe674 (.fardata:ti_sysbios_knl_Task_Object__table__V)
                  11832804    00000004     rts6740_elf.lib : _lock.obj (.fardata:_unlock)
                  11832808    000000c0     FinalContestRobot2_pe674.oe674 (.fardata:ti_sysbios_knl_Swi_Object__table__V)
                  118328c8    000000b0     user_FinalContestRobot2.obj (.fardata:map)
                  11832978    000000b0     user_FinalContestRobot2.obj (.fardata:originalMap)
                  11832a28    000000a0     rts6740_elf.lib : write.obj (.fardata:_stream)
                  11832ac8    00000080     FinalContestRobot2_pe674.oe674 (.fardata:ti_sysbios_knl_Swi_Module_State_0_readyQ__A)
                  11832b48    00000080     FinalContestRobot2_pe674.oe674 (.fardata:ti_sysbios_knl_Task_Module_State_0_readyQ__A)
                  11832bc8    00000078     rts6740_elf.lib : write.obj (.fardata:_device)
                  11832c40    00000078     FinalContestRobot2_pe674.oe674 (.fardata:ti_sysbios_family_c64p_Hwi_Object__table__V)
                  11832cb8    0000006c     FinalContestRobot2_pe674.oe674 (.fardata:ti_sysbios_family_c64p_Hwi_Module__state__V)
                  11832d24    00000004     rts6740_elf.lib : defs.obj (.fardata)
                  11832d28    00000060     FinalContestRobot2_pe674.oe674 (.fardata:ti_sysbios_timers_timer64_Timer_Module_State_0_device__A)
                  11832d88    00000050     Ladar.obj (.fardata:cornersX)
                  11832dd8    00000050     Ladar.obj (.fardata:cornersY)
                  11832e28    00000050     FinalContestRobot2_pe674.oe674 (.fardata:ti_sysbios_timers_timer64_Timer_Object__table__V)
                  11832e78    00000048     FinalContestRobot2_pe674.oe674 (.fardata:ti_sysbios_knl_Task_Module__state__V)
                  11832ec0    00000040     rts6740_elf.lib : cos.obj (.fardata:R$1)
                  11832f00    00000040                     : sin.obj (.fardata:R$1)
                  11832f40    00000040     FinalContestRobot2_pe674.oe674 (.fardata:ti_sysbios_gates_GateMutex_Object__table__V)
                  11832f80    00000040     FinalContestRobot2_pe674.oe674 (.fardata:ti_sysbios_knl_Clock_Object__table__V)
                  11832fc0    00000030     FinalContestRobot2_pe674.oe674 (.fardata:ti_sysbios_family_c64p_Exception_Module__state__V)
                  11832ff0    0000002c     FinalContestRobot2_pe674.oe674 (.fardata:ti_sysbios_knl_Clock_Module__state__V)
                  1183301c    00000004     rts6740_elf.lib : errno.obj (.fardata)
                  11833020    00000028     FinalContestRobot2_pe674.oe674 (.fardata:ti_sysbios_hal_Hwi_Object__table__V)
                  11833048    00000024     user_FinalContestRobot2.obj (.fardata:K)
                  1183306c    00000004     FinalContestRobot2_pe674.oe674 (.fardata:ti_sysbios_family_c64p_Cache_Module__state__V)
                  11833070    00000024     user_FinalContestRobot2.obj (.fardata:P_pred)
                  11833094    00000004     FinalContestRobot2_pe674.oe674 (.fardata:ti_sysbios_family_c64p_primus_TimerSupport_Module__state__V)
                  11833098    00000024     user_FinalContestRobot2.obj (.fardata:Q)
                  118330bc    00000004     FinalContestRobot2_pe674.oe674 (.fardata:xdc_runtime_Memory_Module__state__V)
                  118330c0    00000024     user_FinalContestRobot2.obj (.fardata:R)
                  118330e4    00000002     FinalContestRobot2_pe674.oe674 (.fardata:xdc_runtime_Error_Module__state__V)
                  118330e6    00000002     --HOLE--
                  118330e8    00000024     user_FinalContestRobot2.obj (.fardata:S)
                  1183310c    00000004     --HOLE--
                  11833110    00000024     user_FinalContestRobot2.obj (.fardata:S_inv)
                  11833134    00000004     --HOLE--
                  11833138    00000024     user_FinalContestRobot2.obj (.fardata:eye3)
                  1183315c    00000024     FinalContestRobot2_pe674.oe674 (.fardata:ti_sysbios_BIOS_Module__state__V)
                  11833180    00000024     FinalContestRobot2_pe674.oe674 (.fardata:xdc_runtime_LoggerBuf_Object__table__V)
                  118331a4    00000004     --HOLE--
                  118331a8    00000020     rts6740_elf.lib : atanf.obj (.fardata:arctan_consts$1)
                  118331c8    00000020     FinalContestRobot2_pe674.oe674 (.fardata:ti_sysbios_timers_timer64_Timer_Module_State_0_gctrl__A)
                  118331e8    00000020     FinalContestRobot2_pe674.oe674 (.fardata:ti_sysbios_timers_timer64_Timer_Module_State_0_handles__A)
                  11833208    00000020     FinalContestRobot2_pe674.oe674 (.fardata:ti_sysbios_timers_timer64_Timer_Module_State_0_intFreqs__A)
                  11833228    00000020     FinalContestRobot2_pe674.oe674 (.fardata:xdc_runtime_Error_IgnoreBlock)
                  11833248    0000001c     FinalContestRobot2_pe674.oe674 (.fardata:ti_sysbios_knl_Swi_Module__state__V)
                  11833264    00000004     --HOLE--
                  11833268    00000018     user_FinalContestRobot2.obj (.fardata:B)
                  11833280    00000018     FinalContestRobot2_pe674.oe674 (.fardata:ti_sysbios_heaps_HeapMem_Object__table__V)
                  11833298    00000018     FinalContestRobot2_pe674.oe674 (.fardata:ti_sysbios_knl_Semaphore_Object__table__V)
                  118332b0    00000018     FinalContestRobot2_pe674.oe674 (.fardata:ti_sysbios_timers_timer64_Timer_Module__state__V)
                  118332c8    00000010     rts6740_elf.lib : cosf.obj (.fardata:R$1)
                  118332d8    00000010                     : sinf.obj (.fardata:R$1)
                  118332e8    00000010     FinalContestRobot2_pe674.oe674 (.fardata:xdc_runtime_System_Module_State_0_atexitHandlers__A)
                  118332f8    0000000c     user_FinalContestRobot2.obj (.fardata:Bu)
                  11833304    0000000c     rts6740_elf.lib : exit.obj (.fardata)
                  11833310    0000000c     user_FinalContestRobot2.obj (.fardata:x_pred)
                  1183331c    0000000c     FinalContestRobot2_pe674.oe674 (.fardata:xdc_runtime_SysMin_Module__state__V)
                  11833328    00000008     FinalContestRobot2_pe674.oe674 (.fardata:ti_sysbios_family_c64p_primus_TimerSupport_Module_State_0_suspSrc__A)
                  11833330    00000008     user_FinalContestRobot2.obj (.fardata:u)
                  11833338    00000008     FinalContestRobot2_pe674.oe674 (.fardata:xdc_runtime_Registry_Module__state__V)
                  11833340    00000008     FinalContestRobot2_pe674.oe674 (.fardata:xdc_runtime_Startup_Module__state__V)
                  11833348    00000008     FinalContestRobot2_pe674.oe674 (.fardata:xdc_runtime_System_Module__state__V)
                  11833350    00000006     FinalContestRobot2_pe674.oe674 (.fardata:xdc_runtime_LoggerBuf_Module__state__V)
                  11833356    00000002     --HOLE--
                  11833358    00000004     FinalContestRobot2_pe674.oe674 (.fardata:ti_sysbios_gates_GateHwi_Object__table__V)
                  1183335c    00000004     --HOLE--
                  11833360    00000004     FinalContestRobot2_pe674.oe674 (.fardata:ti_sysbios_knl_Task_Module_State_0_idleTask__A)

.cio       0    11833830    00000120     UNINITIALIZED
                  11833830    00000120     rts6740_elf.lib : trgmsg.obj (.cio)

.switch    0    11833950    00000100     
                  11833950    0000005c     user_FinalContestRobot2.obj (.switch:RobotControl)
                  118339ac    00000038     rts6740_elf.lib : _printfi.obj (.switch:__TI_printfi)
                  118339e4    00000028                     : _scanfi.obj (.switch:__TI_scanfi)
                  11833a0c    00000024     evmomapl138_bsl.lib : evmomapl138_gpio.obj (.switch:getRegisterBankAndBit)
                  11833a30    00000010                         : evmomapl138_spi.obj (.switch:SPI_init)
                  11833a40    00000010     ColorVision.obj (.switch:userProcessColorImageFunc_laser)

MODULE SUMMARY

       Module                           code     ro data   rw data
       ------                           ----     -------   -------
    .\
       user_FinalContestRobot2.obj      22272    336       10428  
       Ladar.obj                        7968     72        5718   
       ColorVision.obj                  5216     16        6936   
       COECSL_edma3.obj                 1216     0         4136   
       ColorLCD.obj                     2400     24        11     
       MatrixMath.obj                   2336     0         0      
       COECSL_mcbsp.obj                 1664     0         300    
       user_xy.obj                      992      0         0      
       LCDprintf.obj                    416      0         8      
       pru.obj                          256      0         0      
    +--+--------------------------------+--------+---------+---------+
       Total:                           44736    448       27537  
                                                                  
    C:\hzhou39_decamar2_ashwina2\SE423Repo\Contest\FinalContestRobot2\FinalContestRobot2Project\Debug\configPkg\package\cfg\
       FinalContestRobot2_pe674.oe674   4608     7529      25776  
    +--+--------------------------------+--------+---------+---------+
       Total:                           4608     7529      25776  
                                                                  
    C:/hzhou39_decamar2_ashwina2/SE423Repo/LabFiles/bsl_forSYSBIOS/lib/evmomapl138_bsl.lib
       evmomapl138.obj                  4064     192       0      
       evmomapl138_vpif.obj             1920     0         0      
       evmomapl138_i2c.obj              1376     0         4      
       evmomapl138_uart.obj             1344     16        0      
       evmomapl138_i2c_gpio.obj         1344     0         0      
       evmomapl138_spi.obj              1184     16        0      
       evmomapl138_gpio.obj             1152     36        0      
       evmomapl138_timer.obj            384      0         0      
    +--+--------------------------------+--------+---------+---------+
       Total:                           12768    260       4      
                                                                  
    C:\CCStudio_v8\bios_6_70_01_03\packages\ti\targets\rts6000\lib\boot.ae674
       autoinit.oe674                   288      0         0      
       boot.oe674                       160      0         0      
    +--+--------------------------------+--------+---------+---------+
       Total:                           448      0         0      
                                                                  
    C:\CCStudio_v8\bios_6_70_01_03\packages\ti\targets\rts6000\lib\ti.targets.rts6000.ae674
       System.oe674                     3232     24        0      
       LoggerBuf.oe674                  2400     0         0      
       Text.oe674                       1728     64        0      
       Error.oe674                      1152     88        0      
       Startup.oe674                    896      44        0      
       SysMin.oe674                     704      0         0      
       Memory.oe674                     320      0         0      
       Gate.oe674                       64       0         0      
       Registry.oe674                   64       0         0      
    +--+--------------------------------+--------+---------+---------+
       Total:                           10560    220       0      
                                                                  
    C:\CCStudio_v8\ccsv8\tools\compiler\ti-cgt-c6000_8.2.2\lib\rts6740_elf.lib
       _printfi.obj                     13504    92        0      
       _scanfi.obj                      7296     53        0      
       divd.obj                         1472     0         0      
       strtod.obj                       1248     152       0      
       strtoll.obj                      1184     0         0      
       strtoull.obj                     1088     0         0      
       fputs.obj                        992      0         0      
       strtol.obj                       928      0         0      
       cos.obj                          800      0         64     
       fmodf.obj                        864      0         0      
       defs.obj                         0        0         804    
       imath64.obj                      800      0         0      
       sin.obj                          736      0         64     
       strtoul.obj                      768      0         0      
       divf.obj                         672      0         0      
       cosf.obj                         640      0         16     
       sinf.obj                         608      0         16     
       fputc.obj                        544      0         0      
       setvbuf.obj                      544      0         0      
       trgmsg.obj                       224      0         288    
       sscanf.obj                       480      0         0      
       frexp.obj                        448      0         0      
       getdevice.obj                    448      0         0      
       imath40.obj                      448      0         0      
       frexpf.obj                       416      0         0      
       hostrename.obj                   416      0         0      
       ldexp.obj                        384      0         0      
       ldexpf.obj                       384      0         0      
       write.obj                        96       0         280    
       atan2f.obj                       320      0         0      
       fclose.obj                       320      0         0      
       atanf.obj                        256      0         32     
       copy_decompress_rle.obj          288      0         0      
       fseek.obj                        288      0         0      
       printf.obj                       288      0         0      
       sqrtf.obj                        288      0         0      
       exit.obj                         256      0         12     
       ctype.obj                        0        257       0      
       _io_perm.obj                     256      0         0      
       atoi.obj                         256      0         0      
       hostopen.obj                     224      0         8      
       close.obj                        224      0         0      
       divi.obj                         224      0         0      
       hostlseek.obj                    224      0         0      
       hostwrite.obj                    224      0         0      
       llshift.obj                      224      0         0      
       ltoa.obj                         224      0         0      
       memset.obj                       224      0         0      
       divu.obj                         192      0         0      
       fflush.obj                       192      0         0      
       hostread.obj                     192      0         0      
       hostunlink.obj                   192      0         0      
       remi.obj                         192      0         0      
       sprintf.obj                      192      0         0      
       tls.obj                          192      0         0      
       fopen.obj                        160      0         0      
       hostclose.obj                    160      0         0      
       memcpy64.obj                     160      0         0      
       modf.obj                         160      0         0      
       remu.obj                         160      0         0      
       round.obj                        160      0         0      
       vsprintf.obj                     160      0         0      
       roundf.obj                       128      0         0      
       unlink.obj                       128      0         0      
       _lock.obj                        96       0         8      
       lseek.obj                        96       0         0      
       memccpy.obj                      96       0         0      
       modff.obj                        96       0         0      
       args_main.obj                    64       0         0      
       frcmpyd_div.obj                  64       0         0      
       isinf.obj                        64       0         0      
       errno.obj                        32       0         4      
       copy_decompress_none.obj         32       0         0      
       trunc.obj                        32       0         0      
       truncf.obj                       32       0         0      
    +--+--------------------------------+--------+---------+---------+
       Total:                           46464    554       1596   
                                                                  
    C:\hzhou39_decamar2_ashwina2\SE423Repo\Contest\FinalContestRobot2\SYSBIOS\src\sysbios\sysbios.ae674
       BIOS.obj                         17632    1304      0      
       c64p_Hwi_disp_always.obj         512      0         0      
       c64p_Exception_asm.obj           384      0         0      
       c62_TaskSupport_asm.obj          224      0         0      
       c64p_Hwi_asm_switch.obj          192      0         0      
    +--+--------------------------------+--------+---------+---------+
       Total:                           18944    1304      0      
                                                                  
       Stack:                           0        0         8192   
       Linker Generated:                0        2841      0      
[...]
118334d8  DSP_Float6                                                          
118334dc  DSP_Float7                                                          
118334e0  DSP_Float8                                                          
118334e4  DSP_Float9                                                          
118334e8  DSP_Float10                                                         
118334ec  DSP_Float11                                                         
118334f0  DSP_Float12                                                         
118334f4  DSP_Float13                                                         
118334f8  DSP_Float14                                                         
118334fc  DSP_Float15                                                         
11833500  DSP_Float16                                                         
11833504  DSP_Float17                                                         
11833508  DSP_Float18                                                         
1183350c  DSP_Float19                                                         
11833510  cntturn                                                             
11833514  ref_right_wall                                                      
11833518  left_turn_Start_threshold                                           
1183351c  left_turn_Stop_threshold                                            
11833520  Kp_right_wall                                                       
11833524  Kp_front_wall                                                       
11833528  front_turn_velocity                                                 
1183352c  turn_command_saturation                                             
11833530  sharp_right_threshold                                               
11833534  Kp_sharp_right                                                      
11833538  left_turn_corner_threshold                                          
1183353c  KpGyro                                                              
11833540  data1                                                               
11833544  data2                                                               
11833548  data3                                                               
1183354c  data4                                                               
11833550  data5                                                               
11833554  data6                                                               
11833558  data7                                                               
1183355c  newWeed                                                             
11833560  p1_old                                                              
11833564  p2_old                                                              
11833568  angular_vel                                                         
1183356c  orientation                                                         
11833570  old_angular_vel                                                     
11833574  p1_current                                                          
11833578  p2_current                                                          
1183357c  v1                                                                  
11833580  v2                                                                  
11833584  x                                                                   
11833588  y                                                                   
1183358c  update_Timer                                                        
11833590  countdown                                                           
11833594  astarRunning                                                        
11833598  astarTrigger                                                        
1183359c  astarDone                                                           
118335a0  pathLen                                                             
118335a4  pathPos                                                             
118335a8  newLVData                                                           
118335ac  newROBOTpsx                                                         
118335b0  newROBOTpsy                                                         
118335b4  sharedROBOTpsx                                                      
118335b8  sharedROBOTpsy                                                      
118335bc  orange_found                                                        
118335c0  blue_found                                                          
118335c4  spraying                                                            
118335c8  blue_center_x                                                       
118335cc  blue_center_y                                                       
118335d0  blue_area                                                           
118335d4  i                                                                   
118335d8  orange_center_x                                                     
118335dc  orange_center_y                                                     
118335e0  orange_area                                                         
118335e4  to_blue                                                             
118335e8  blue_posx                                                           
118335ec  blue_posy                                                           
118335f0  sharedbluex                                                         
118335f4  sharedbluey                                                         
118335f8  to_orange                                                           
118335fc  orange_posx                                                         
11833600  orange_posy                                                         
11833604  sharedorangex                                                       
11833608  sharedorangey                                                       
1183360c  p1                                                                  
11833610  p2                                                                  
11833614  p3                                                                  
11833618  p4                                                                  
1183361c  colorerror                                                          
11833620  KpLight                                                             
11833624  distthresh                                                          
11833628  mindist                                                             
1183362c  timecount                                                           
11833630  whichled                                                            
11833634  updateLCD                                                           
11833638  testvar                                                             
1183363c  noimagefound                                                        
11833640  object_x                                                            
11833644  object_y                                                            
11833648  blue_object_x                                                       
1183364c  blue_object_y                                                       
11833650  orange_object_x                                                     
11833654  orange_object_y                                                     
11833658  blue_numpels                                                        
1183365c  orange_numpels                                                      
11833660  colorstate                                                          
11833664  new_coordata                                                        
11833668  numpels                                                             
1183366c  new_num_found_objects                                               
11833670  new_object_theta                                                    
11833674  new_C20                                                             
11833678  new_C02                                                             
1183367c  top                                                                 
11833680  left                                                                
11833684  num_unique_objects                                                  
11833688  current_object                                                      
1183368c  color                                                               
11833690  color2                                                              
11833694  Cdifference                                                         
11833698  neighbor_type                                                       
1183369c  too_many_objects                                                    
118336a0  object_detected                                                     
118336a4  print_hue                                                           
118336a5  print_sat                                                           
118336a6  print_val                                                           
118336a7  print_r                                                             
118336a8  print_b                                                             
118336a9  print_g                                                             
118336ac  specs_s                                                             
118336b0  specs_srad                                                          
118336b4  specs_v                                                             
118336b8  specs_vrad                                                          
118336bc  specs_h                                                             
118336c0  specs_h2                                                            
118336c4  specs_hrad                                                          
118336c8  VPIF_beginning_line                                                 
118336cc  equivalency                                                         
118336d0  done                                                                
118336d4  f28335RecFirsttime                                                  
118336d8  enc1                                                                
118336dc  enc2                                                                
118336e0  enc3                                                                
118336e4  enc4                                                                
118336e8  compass                                                             
118336ec  switchstate                                                         
118336f0  adcA0                                                               
118336f4  adcB0                                                               
118336f8  adcA1                                                               
118336fc  adcB1                                                               
11833700  adcA2                                                               
11833704  adcB2                                                               
11833708  adcA3                                                               
1183370c  adcB3                                                               
11833710  adcA4                                                               
11833714  adcB4                                                               
11833718  adcA5                                                               
1183371c  adcB5                                                               
11833720  adcA6                                                               
11833724  adcA7                                                               
11833728  F28335_Extra1                                                       
1183372c  F28335_Extra2                                                       
11833730  F28335_Extra3                                                       
11833734  F28335_Extra4                                                       
11833738  new_sendtolinux_F28335_Extra                                        
1183373c  send_F28335_Extra1                                                  
11833740  send_F28335_Extra2                                                  
11833744  send_F28335_Extra3                                                  
11833748  send_F28335_Extra4                                                  
1183374c  num_EDMA3_0                                                         
11833750  numofints                                                           
11833754  scalingLadar                                                        
11833758  LADARready                                                          
1183375c  LADARprocess                                                        
11833760  uart1count                                                          
11833764  numReadings                                                         
11833768  errL                                                                
1183376c  errC                                                                
11833770  errR                                                                
11833774  tLADARleftFt                                                        
11833778  tLADARcenterFt                                                      
1183377c  tLADARrightFt                                                       
11833780  cPrevLADARdata                                                      
11833781  cLADARdata                                                          
11833784  iLADARrcv                                                           
11833788  cCommandName                                                        
1183378c  LADARleftFt                                                         
11833790  LADARcenterFt                                                       
11833794  LADARrightFt                                                        
11833798  numreadings_lastscan                                                
1183379c  startAngle                                                          
118337a0  stepSize                                                            
118337a4  newLADARdata                                                        
118337a8  robotX                                                              
118337ac  robotY                                                              
118337b0  robotT                                                              
118337b4  tempSign                                                            
118337b8  tempOff                                                             
118337bc  servosPosted                                                        
118337c0  newServos                                                           
118337c4  McBSPrecerror                                                       
118337c8  firsttimeintMCBSPrec                                                
118337cc  timeint                                                             
118337d0  mcbspReset                                                          
118337d4  testcount                                                           
118337d8  danindex                                                            
118337dc  firsttimeLine1                                                      
118337e0  firsttimeLine2                                                      
118337e4  LCDnewMsgLine1                                                      
118337e8  LCDnewMsgLine2                                                      
118337ec  bluegain                                                            
118337f0  bkgrnd_red                                                          
118337f1  bkgrnd_green                                                        
118337f2  bkgrnd_blue                                                         
118337f4  SWI_RobotControl                                                    
118337f8  CLK_addtime                                                         
118337fc  CLK_startMcBSP                                                      
11833800  HWI8_EDMA3_0                                                        
11833804  SWI_LCD                                                             
11833808  SWI_vision                                                          
1183380c  HWI4_VPIF95                                                         
11833810  HWI7_PRU6                                                           
11833814  HWI5_EDMA3_1                                                        
11833818  TASK_ComWithLinux                                                   
1183381c  TASK_LADAR                                                          
11833820  task2                                                               
11833824  task3                                                               
11833828  SEM_startAstar                                                      
11833830  __CIOBUF_                                                           
11833c00  ti_sysbios_family_c64p_Hwi0                                         
11833c00  ti_sysbios_family_c64p_Hwi_int0                                     
11833c20  ti_sysbios_family_c64p_Hwi_int1                                     
11833c40  ti_sysbios_family_c64p_Hwi_int2                                     
11833c60  ti_sysbios_family_c64p_Hwi_int3                                     
11833c80  ti_sysbios_family_c64p_Hwi_int4                                     
11833ca0  ti_sysbios_family_c64p_Hwi_int5                                     
11833cc0  ti_sysbios_family_c64p_Hwi_int6                                     
11833ce0  ti_sysbios_family_c64p_Hwi_int7                                     
11833d00  ti_sysbios_family_c64p_Hwi_int8                                     
11833d20  ti_sysbios_family_c64p_Hwi_int9                                     
11833d40  ti_sysbios_family_c64p_Hwi_int10                                    
11833d60  ti_sysbios_family_c64p_Hwi_int11                                    
11833d80  ti_sysbios_family_c64p_Hwi_int12                                    
11833da0  ti_sysbios_family_c64p_Hwi_int13                                    
11833dc0  ti_sysbios_family_c64p_Hwi_int14                                    
11833de0  ti_sysbios_family_c64p_Hwi_int15                                    
118348ec  __TI_Handler_Table_Base                                             
118348f4  __TI_Handler_Table_Limit                                            
118348f8  __TI_CINIT_Base                                                     
11834920  __TI_CINIT_Limit                                                    
ffffffff  __TI_pprof_out_hndl                                                 
ffffffff  __TI_prof_data_size                                                 
ffffffff  __TI_prof_data_start                                                
ffffffff  __binit__                                                           
ffffffff  __c_args__                                                          
ffffffff  binit                                                               
UNDEFED   __TI_INITARRAY_Base                                                 
UNDEFED   __TI_INITARRAY_Limit                                                
UNDEFED   __TI_TLS_INIT_Base                                                  
UNDEFED   __TI_TLS_INIT_Limit                                                 

[1012 symbols]
