******************************************************************************
               TMS320C6x Linker PC v8.2.2                      
******************************************************************************
>> Linked Wed Apr 24 23:36:05 2019

OUTPUT FILE NAME:   <FinalContestRobot2.out>
ENTRY POINT SYMBOL: "_c_int00"  address: 1181d020


MEMORY CONFIGURATION

         name            origin    length      used     unused   attr    fill
----------------------  --------  ---------  --------  --------  ----  --------
  IROM                  11700000   00100000  00000000  00100000  R  X
  IRAM                  11800000   00038000  00032270  00005d90  RW X
  L3_CBA_RAM            80000000   00020000  00000000  00020000  RW X
  DDR                   c3000000   01000000  00000000  01000000  RW X


SEGMENT ALLOCATION MAP

run origin  load origin   length   init length attrs members
----------  ----------- ---------- ----------- ----- -------
11800000    11800000    00020600   00020600    r-x
  11800000    11800000    000205a0   000205a0    r-x .text
  118205a0    118205a0    00000060   00000060    r-- .const.1
11820600    11820600    0000b178   00000000    rw-
  11820600    11820600    0000b178   00000000    rw- .far
1182b778    1182b778    00002640   00002640    r--
  1182b778    1182b778    00002640   00002640    r-- .const.2
1182ddb8    1182ddb8    00003553   00000000    rw-
  1182ddb8    1182ddb8    00002000   00000000    rw- .stack
  1182fdb8    1182fdb8    0000116c   00000000    rw- .fardata
  11830f24    11830f24    0000006c   00000000    rw- .bss
  11830f90    11830f90    0000037b   00000000    rw- .neardata
1183130c    1183130c    00000038   00000000    r--
  1183130c    1183130c    00000038   00000000    r-- .rodata
11831344    11831344    000000b0   000000b0    r--
  11831344    11831344    000000b0   000000b0    r-- .switch.1
11831400    11831400    00000200   00000200    r-x
  11831400    11831400    00000200   00000200    r-x .vecs
11831600    11831600    00000120   00000000    rw-
  11831600    11831600    00000120   00000000    rw- .cio
11831720    11831720    00000b60   00000b60    r--
  11831720    11831720    00000034   00000034    r-- .switch.2
  11831758    11831758    00000b28   00000b28    r-- .cinit


SECTION ALLOCATION MAP

 output                                  attributes/
section   page    origin      length       input sections
--------  ----  ----------  ----------   ----------------
.stack     0    1182ddb8    00002000     UNINITIALIZED
                  1182ddb8    00000008     boot.ae674 : boot.oe674 (.stack)
                  1182ddc0    00001ff8     --HOLE--

.bss       0    11830f24    0000006c     UNINITIALIZED
                  11830f24    00000004     evmomapl138_bsl.lib : evmomapl138_i2c.obj (.bss)
                  11830f28    00000004     (.common:EDMA3_0_Regs)
                  11830f2c    00000004     (.common:EDMA3_1_Regs)
                  11830f30    00000004     (.common:Image_data)
                  11830f34    00000004     (.common:LCD_Image)
                  11830f38    00000004     (.common:LCD_mem)
                  11830f3c    00000004     (.common:Linux_Image)
                  11830f40    00000004     (.common:Thres_Image)
                  11830f44    00000004     (.common:blue)
                  11830f48    00000004     (.common:c)
                  11830f4c    00000004     (.common:cbar)
                  11830f50    00000004     (.common:current)
                  11830f54    00000004     (.common:delta)
                  11830f58    00000004     (.common:green)
                  11830f5c    00000004     (.common:hue)
                  11830f60    00000004     (.common:index)
                  11830f64    00000004     (.common:k)
                  11830f68    00000004     (.common:largest_num_pixels)
                  11830f6c    00000004     (.common:largest_object)
                  11830f70    00000004     (.common:min)
                  11830f74    00000004     (.common:pic_data)
                  11830f78    00000004     (.common:ptrshrdmem)
                  11830f7c    00000004     (.common:r)
                  11830f80    00000004     (.common:rbar)
                  11830f84    00000004     (.common:red)
                  11830f88    00000004     (.common:sat)
                  11830f8c    00000004     (.common:value)

.neardata 
*          0    11830f90    0000037b     UNINITIALIZED
                  11830f90    000001d8     user_FinalContestRobot2.obj (.neardata)
                  11831168    00000084     ColorVision.obj (.neardata)
                  118311ec    00000080     COECSL_edma3.obj (.neardata)
                  1183126c    00000068     Ladar.obj (.neardata)
                  118312d4    00000028     COECSL_mcbsp.obj (.neardata)
                  118312fc    00000008     LCDprintf.obj (.neardata)
                  11831304    00000007     ColorLCD.obj (.neardata)

.rodata    0    1183130c    00000038     UNINITIALIZED
                  1183130c    00000038     FinalContestRobot2_pe674.oe674 (.rodata)

.cinit     0    11831758    00000b28     
                  11831758    000009d7     (.cinit..fardata.load) [load image, compression = rle]
                  1183212f    000000cc     (.cinit..neardata.load) [load image, compression = rle]
                  118321fb    0000003e     (.cinit..rodata.load) [load image, compression = rle]
                  11832239    0000000b     (.cinit..far.load) [load image, compression = rle]
                  11832244    00000009     (.cinit..bss.load) [load image, compression = rle]
                  1183224d    00000003     --HOLE-- [fill = 0]
                  11832250    00000008     (__TI_handler_table)
                  11832258    00000028     (__TI_cinit_table)

.init_array 
*          0    11800000    00000000     UNINITIALIZED

.vecs      0    11831400    00000200     
                  11831400    00000200     FinalContestRobot2_pe674.oe674 (.vecs)

xdc.meta   0    11800000    00000130     COPY SECTION
                  11800000    00000130     FinalContestRobot2_pe674.oe674 (xdc.meta)

.text      0    11800000    000205a0     
                  11800000    00004320     user_FinalContestRobot2.obj (.text)
                  11804320    00001f20     Ladar.obj (.text)
                  11806240    00001ce0     rts6740_elf.lib : _printfi.obj (.text:__TI_printfi)
                  11807f20    00001a80                     : _scanfi.obj (.text:__TI_scanfi)
                  118099a0    000012e0     ColorVision.obj (.text)
                  1180ac80    00000fe0     evmomapl138_bsl.lib : evmomapl138.obj (.text)
                  1180bc60    00000960     ColorLCD.obj (.text)
                  1180c5c0    00000920     MatrixMath.obj (.text)
                  1180cee0    000008a0     ti.targets.rts6000.ae674 : System.oe674 (.text:xdc_runtime_System_doPrint__I)
                  1180d780    00000780     evmomapl138_bsl.lib : evmomapl138_vpif.obj (.text)
                  1180df00    00000780     sysbios.ae674 : BIOS.obj (.text:ti_sysbios_family_c64p_Exception_handler__I)
                  1180e680    00000680     COECSL_mcbsp.obj (.text)
                  1180ed00    00000680     rts6740_elf.lib : _printfi.obj (.text:_pconv_a)
                  1180f380    000005c0                     : divd.obj (.text:__c6xabi_divd)
                  1180f940    00000560     evmomapl138_bsl.lib : evmomapl138_i2c.obj (.text)
                  1180fea0    00000540                         : evmomapl138_i2c_gpio.obj (.text)
                  118103e0    00000540                         : evmomapl138_uart.obj (.text)
                  11810920    00000500     rts6740_elf.lib : _printfi.obj (.text:_pconv_g)
                  11810e20    000004e0                     : strtod.obj (.text:strtod)
                  11811300    000004c0     COECSL_edma3.obj (.text)
                  118117c0    000004a0     evmomapl138_bsl.lib : evmomapl138_spi.obj (.text)
                  11811c60    000004a0     rts6740_elf.lib : strtoll.obj (.text:strtoll)
                  11812100    00000480     evmomapl138_bsl.lib : evmomapl138_gpio.obj (.text)
                  11812580    00000440     rts6740_elf.lib : strtoull.obj (.text:strtoull)
                  118129c0    00000420                     : _printfi.obj (.text:_pconv_e)
                  11812de0    000003e0                     : fputs.obj (.text:fputs)
                  118131c0    000003c0     sysbios.ae674 : BIOS.obj (.text:ti_sysbios_timers_timer64_Timer_Module_startup__E)
                  11813580    000003c0     user_xy.obj (.text)
                  11813940    000003a0     rts6740_elf.lib : strtol.obj (.text:strtol)
                  11813ce0    00000360                     : fmodf.obj (.text:fmodf)
                  11814040    00000340     sysbios.ae674 : BIOS.obj (.text:ti_sysbios_knl_Semaphore_pend__E)
                  11814380    00000340                   : BIOS.obj (.text:ti_sysbios_timers_timer64_Timer_deviceConfig__I)
                  118146c0    00000340     FinalContestRobot2_pe674.oe674 (.text:xdc_runtime_System_printfExtend__I)
                  11814a00    00000320     rts6740_elf.lib : cos.obj (.text:cos)
                  11814d20    00000300                     : strtoul.obj (.text:strtoul)
                  11815020    000002e0                     : sin.obj (.text:sin)
                  11815300    000002e0     sysbios.ae674 : BIOS.obj (.text:ti_sysbios_timers_timer64_Timer_setPeriodMicroSecs__E)
                  118155e0    000002c0     ti.targets.rts6000.ae674 : LoggerBuf.oe674 (.text:xdc_runtime_LoggerBuf_write8__E)
                  118158a0    000002a0     rts6740_elf.lib : divf.obj (.text:__c6xabi_divf)
                  11815b40    000002a0                     : _printfi.obj (.text:_pconv_f)
                  11815de0    000002a0                     : _printfi.obj (.text:fcvt)
                  11816080    00000280                     : cosf.obj (.text:cosf)
                  11816300    00000260                     : imath64.obj (.text:__c6xabi_divull)
                  11816560    00000260                     : sinf.obj (.text:sinf)
                  118167c0    00000260     ti.targets.rts6000.ae674 : Startup.oe674 (.text:xdc_runtime_Startup_startMods__I)
                  11816a20    00000240     sysbios.ae674 : BIOS.obj (.text:ti_sysbios_family_c64p_Exception_internalHandler__I)
                  11816c60    00000220     rts6740_elf.lib : fputc.obj (.text:fputc)
                  11816e80    00000220                     : setvbuf.obj (.text:setvbuf)
                  118170a0    00000200                     : _printfi.obj (.text:_ltostr)
                  118172a0    00000200     sysbios.ae674 : c64p_Hwi_disp_always.obj (.text:_ti_sysbios_family_c64p_Hwi_dispatchAlways)
                  118174a0    00000200     ti.targets.rts6000.ae674 : Error.oe674 (.text:xdc_runtime_Error_policyDefault__E)
                  118176a0    000001e0     sysbios.ae674 : BIOS.obj (.text:ti_sysbios_family_c64p_Cache_block__I)
                  11817880    000001e0     ti.targets.rts6000.ae674 : LoggerBuf.oe674 (.text:xdc_runtime_LoggerBuf_write4__E)
                  11817a60    000001e0                              : Text.oe674 (.text:xdc_runtime_Text_putSite__E)
                  11817c40    000001c0     rts6740_elf.lib : imath40.obj (.text:__c6xabi_divul)
                  11817e00    000001c0                     : frexp.obj (.text:frexp)
                  11817fc0    000001c0     sysbios.ae674 : BIOS.obj (.text:ti_sysbios_heaps_HeapMem_alloc__E)
                  11818180    000001c0                   : BIOS.obj (.text:ti_sysbios_knl_Task_checkStacks__E)
                  11818340    000001a0     rts6740_elf.lib : hostrename.obj (.text:HOSTrename)
                  118184e0    000001a0     LCDprintf.obj (.text)
                  11818680    000001a0     rts6740_elf.lib : _scanfi.obj (.text:_sproc_str)
                  11818820    000001a0                     : frexpf.obj (.text:frexpf)
                  118189c0    000001a0     sysbios.ae674 : BIOS.obj (.text:ti_sysbios_family_c64p_Cache_getL2InitSize__I)
                  11818b60    000001a0                   : BIOS.obj (.text:ti_sysbios_timers_timer64_Timer_start__E)
                  11818d00    00000180     evmomapl138_bsl.lib : evmomapl138_timer.obj (.text)
                  11818e80    00000180     rts6740_elf.lib : ldexp.obj (.text:ldexp)
                  11819000    00000180                     : ldexpf.obj (.text:ldexpf)
                  11819180    00000180     sysbios.ae674 : c64p_Exception_asm.obj (.text)
                  11819300    00000180                   : BIOS.obj (.text:ti_sysbios_knl_Task_sleep__E)
                  11819480    00000160                   : BIOS.obj (.text:ti_sysbios_heaps_HeapMem_free__E)
                  118195e0    00000160     ti.targets.rts6000.ae674 : Text.oe674 (.text:xdc_runtime_Text_putMod__E)
                  11819740    00000140     rts6740_elf.lib : fclose.obj (.text:__TI_closefile)
                  11819880    00000140                     : sscanf.obj (.text:_chkmbc)
                  118199c0    00000140                     : atan2f.obj (.text:atan2f)
                  11819b00    00000140                     : getdevice.obj (.text:getdevice)
                  11819c40    00000140     sysbios.ae674 : BIOS.obj (.text:ti_sysbios_family_c64p_Cache_Module_startup__E)
                  11819d80    00000140                   : BIOS.obj (.text:ti_sysbios_family_c64p_Cache_getL1DInitSize__I)
                  11819ec0    00000140                   : BIOS.obj (.text:ti_sysbios_family_c64p_Cache_getL1PInitSize__I)
                  1181a000    00000140                   : BIOS.obj (.text:ti_sysbios_knl_Task_postInit__I)
                  1181a140    00000140     ti.targets.rts6000.ae674 : LoggerBuf.oe674 (.text:xdc_runtime_LoggerBuf_setFilterLevel__E)
                  1181a280    00000140                              : Text.oe674 (.text:xdc_runtime_Text_putLab__E)
                  1181a3c0    00000120     boot.ae674 : autoinit.oe674 (.text:_auto_init_elf)
                  1181a4e0    00000120     rts6740_elf.lib : fseek.obj (.text:fseek)
                  1181a600    00000120                     : sqrtf.obj (.text:sqrtf)
                  1181a720    00000120     sysbios.ae674 : BIOS.obj (.text:ti_sysbios_family_c64p_Hwi_Module_startup__E)
                  1181a840    00000120                   : BIOS.obj (.text:ti_sysbios_knl_Clock_workFunc__E)
                  1181a960    00000120     ti.targets.rts6000.ae674 : LoggerBuf.oe674 (.text:xdc_runtime_LoggerBuf_getFilterLevel__E)
                  1181aa80    00000100     rts6740_elf.lib : copy_decompress_rle.obj (.text:__TI_decompress_rle_core)
                  1181ab80    00000100                     : _io_perm.obj (.text:__TI_wrt_ok)
                  1181ac80    00000100                     : atanf.obj (.text:atanf)
                  1181ad80    00000100                     : atoi.obj (.text:atoi)
                  1181ae80    00000100     pru.obj (.text)
                  1181af80    00000100     sysbios.ae674 : BIOS.obj (.text:ti_sysbios_knl_Swi_restoreHwi__E)
                  1181b080    00000100                   : BIOS.obj (.text:ti_sysbios_timers_timer64_Timer_initDevice__I)
                  1181b180    00000100     ti.targets.rts6000.ae674 : Error.oe674 (.text:xdc_runtime_Error_print__E)
                  1181b280    00000100                              : Memory.oe674 (.text:xdc_runtime_Memory_alloc__E)
                  1181b380    00000100                              : Startup.oe674 (.text:xdc_runtime_Startup_exec__E)
                  1181b480    000000e0     rts6740_elf.lib : hostlseek.obj (.text:HOSTlseek)
                  1181b560    000000e0                     : hostopen.obj (.text:HOSTopen)
                  1181b640    000000e0                     : hostwrite.obj (.text:HOSTwrite)
                  1181b720    000000e0                     : divi.obj (.text:__divi)
                  1181b800    000000e0                     : close.obj (.text:close)
                  1181b8e0    000000e0                     : exit.obj (.text:exit)
                  1181b9c0    000000e0                     : ltoa.obj (.text:ltoa)
                  1181baa0    000000e0                     : memset.obj (.text:memset)
                  1181bb80    000000e0                     : printf.obj (.text:printf)
                  1181bc60    000000e0     sysbios.ae674 : BIOS.obj (.text:ti_sysbios_knl_Swi_runLoop__I)
                  1181bd40    000000e0                   : BIOS.obj (.text:ti_sysbios_knl_Task_Module_startup__E)
                  1181be20    000000e0                   : BIOS.obj (.text:ti_sysbios_knl_Task_exit__E)
                  1181bf00    000000e0                   : BIOS.obj (.text:ti_sysbios_knl_Task_schedule__I)
                  1181bfe0    000000e0                   : BIOS.obj (.text:ti_sysbios_timers_timer64_Timer_startup__E)
                  1181c0c0    000000e0     ti.targets.rts6000.ae674 : Text.oe674 (.text:xdc_runtime_Text_visitRope2__I)
                  1181c1a0    000000c0     rts6740_elf.lib : hostread.obj (.text:HOSTread)
                  1181c260    000000c0                     : hostunlink.obj (.text:HOSTunlink)
                  1181c320    000000c0                     : fflush.obj (.text:__TI_doflush)
                  1181c3e0    000000c0                     : divu.obj (.text:__divu)
                  1181c4a0    000000c0                     : remi.obj (.text:__remi)
                  1181c560    000000c0                     : _printfi.obj (.text:_ecpy)
                  1181c620    000000c0     sysbios.ae674 : BIOS.obj (.text:ti_sysbios_family_c64p_Hwi_dispatchCore__I)
                  1181c6e0    000000c0                   : BIOS.obj (.text:ti_sysbios_heaps_HeapMem_getStats__E)
                  1181c7a0    000000c0                   : BIOS.obj (.text:ti_sysbios_knl_Semaphore_post__E)
                  1181c860    000000c0                   : BIOS.obj (.text:ti_sysbios_knl_Swi_run__I)
                  1181c920    000000c0                   : BIOS.obj (.text:ti_sysbios_knl_Swi_schedule__I)
                  1181c9e0    000000c0                   : BIOS.obj (.text:ti_sysbios_knl_Task_startCore__E)
                  1181caa0    000000c0     rts6740_elf.lib : tls.obj (.text:tls:init:__TI_tls_init)
                  1181cb60    000000c0     ti.targets.rts6000.ae674 : Error.oe674 (.text:xdc_runtime_Error_setX__E)
                  1181cc20    000000c0                              : SysMin.oe674 (.text:xdc_runtime_SysMin_abort__E)
                  1181cce0    000000c0                              : SysMin.oe674 (.text:xdc_runtime_SysMin_flush__E)
                  1181cda0    000000a0     rts6740_elf.lib : hostclose.obj (.text:HOSTclose)
                  1181ce40    000000a0                     : fopen.obj (.text:__TI_cleanup)
                  1181cee0    000000a0                     : round.obj (.text:__c6xabi_nround)
                  1181cf80    000000a0                     : remu.obj (.text:__remu)
                  1181d020    000000a0     boot.ae674 : boot.oe674 (.text:_c_int00)
                  1181d0c0    000000a0     rts6740_elf.lib : memcpy64.obj (.text:memcpy)
                  1181d160    000000a0                     : modf.obj (.text:modf)
                  1181d200    000000a0     sysbios.ae674 : BIOS.obj (.text:ti_sysbios_family_c64p_Exception_Module_startup__E)
                  1181d2a0    000000a0                   : BIOS.obj (.text:ti_sysbios_family_c64p_Hwi_eventMap__E)
                  1181d340    000000a0                   : BIOS.obj (.text:ti_sysbios_family_c64p_Hwi_getStackInfo__E)
                  1181d3e0    000000a0                   : BIOS.obj (.text:ti_sysbios_gates_GateMutex_enter__E)
                  1181d480    000000a0                   : BIOS.obj (.text:ti_sysbios_heaps_HeapMem_init__I)
                  1181d520    000000a0                   : BIOS.obj (.text:ti_sysbios_knl_Task_allBlockedFunction__I)
                  1181d5c0    000000a0                   : BIOS.obj (.text:ti_sysbios_timers_timer64_Timer_stop__E)
                  1181d660    000000a0     ti.targets.rts6000.ae674 : SysMin.oe674 (.text:xdc_runtime_SysMin_putch__E)
                  1181d700    000000a0                              : System.oe674 (.text:xdc_runtime_System_formatNum__I)
                  1181d7a0    000000a0                              : System.oe674 (.text:xdc_runtime_System_putchar__I)
                  1181d840    000000a0                              : Text.oe674 (.text:xdc_runtime_Text_printVisFxn__I)
                  1181d8e0    000000a0                              : Text.oe674 (.text:xdc_runtime_Text_xprintf__I)
                  1181d980    00000080     rts6740_elf.lib : trgmsg.obj (.text:__TI_readmsg)
                  1181da00    00000080                     : llshift.obj (.text:__c6xabi_llshl)
                  1181da80    00000080                     : roundf.obj (.text:__c6xabi_roundf)
                  1181db00    00000080     sysbios.ae674 : c62_TaskSupport_asm.obj (.text:_ti_sysbios_family_c62_TaskSupport_swap__E)
                  1181db80    00000080     rts6740_elf.lib : getdevice.obj (.text:finddevice)
                  1181dc00    00000080     sysbios.ae674 : BIOS.obj (.text:ti_sysbios_family_c64p_Cache_wait__E)
                  1181dc80    00000080                   : BIOS.obj (.text:ti_sysbios_hal_Hwi_checkStack)
                  1181dd00    00000080                   : BIOS.obj (.text:ti_sysbios_hal_Hwi_initStack)
                  1181dd80    00000080                   : BIOS.obj (.text:ti_sysbios_knl_Idle_run__E)
                  1181de00    00000080                   : BIOS.obj (.text:ti_sysbios_knl_Swi_post__E)
                  1181de80    00000080                   : BIOS.obj (.text:ti_sysbios_knl_Swi_startup__E)
                  1181df00    00000080                   : BIOS.obj (.text:ti_sysbios_knl_Task_processVitalTaskFlag__I)
                  1181df80    00000080                   : BIOS.obj (.text:ti_sysbios_knl_Task_restoreHwi__E)
                  1181e000    00000080                   : BIOS.obj (.text:ti_sysbios_knl_Task_restore__E)
                  1181e080    00000080     FinalContestRobot2_pe674.oe674 (.text:ti_sysbios_rts_MemAlloc_alloc)
                  1181e100    00000080     rts6740_elf.lib : unlink.obj (.text:unlink)
                  1181e180    00000080     ti.targets.rts6000.ae674 : LoggerBuf.oe674 (.text:xdc_runtime_LoggerBuf_Module_startup__E)
                  1181e200    00000080                              : LoggerBuf.oe674 (.text:xdc_runtime_LoggerBuf_filterOutEvent__I)
                  1181e280    00000080                              : System.oe674 (.text:xdc_runtime_System_atexit__E)
                  1181e300    00000080                              : System.oe674 (.text:xdc_runtime_System_avprintf__E)
                  1181e380    00000080                              : System.oe674 (.text:xdc_runtime_System_processAtExit__E)
                  1181e400    00000080                              : System.oe674 (.text:xdc_runtime_System_vprintf__E)
                  1181e480    00000060     rts6740_elf.lib : trgmsg.obj (.text:__TI_writemsg)
                  1181e4e0    00000060                     : llshift.obj (.text:__c6xabi_llshru)
                  1181e540    00000060                     : imath64.obj (.text:__c6xabi_remull)
                  1181e5a0    00000060                     : imath64.obj (.text:_subcull)
                  1181e600    00000060     sysbios.ae674 : c64p_Hwi_asm_switch.obj (.text:_ti_sysbios_family_c64p_Hwi_switchAndDispatch__I)
                  1181e660    00000060                   : c64p_Hwi_asm_switch.obj (.text:_ti_sysbios_family_xxx_Hwi_switchAndRunFunc)
                  1181e6c0    00000060     rts6740_elf.lib : lseek.obj (.text:lseek)
                  1181e720    00000060                     : memccpy.obj (.text:memccpy)
                  1181e780    00000060                     : modff.obj (.text:modff)
                  1181e7e0    00000060                     : sprintf.obj (.text:sprintf)
                  1181e840    00000060                     : sscanf.obj (.text:sscanf)
                  1181e8a0    00000060                     : _scanfi.obj (.text:strrchr)
                  1181e900    00000060     FinalContestRobot2_pe674.oe674 (.text:ti_sysbios_BIOS_atExitFunc__I)
                  1181e960    00000060     FinalContestRobot2_pe674.oe674 (.text:ti_sysbios_BIOS_errorRaiseHook__I)
                  1181e9c0    00000060     FinalContestRobot2_pe674.oe674 (.text:ti_sysbios_BIOS_rtsLock__I)
                  1181ea20    00000060     FinalContestRobot2_pe674.oe674 (.text:ti_sysbios_BIOS_rtsUnlock__I)
                  1181ea80    00000060     sysbios.ae674 : BIOS.obj (.text:ti_sysbios_family_c62_TaskSupport_start__E)
                  1181eae0    00000060                   : BIOS.obj (.text:ti_sysbios_family_c64p_Cache_marInit__I)
                  1181eb40    00000060                   : BIOS.obj (.text:ti_sysbios_family_c64p_Cache_setMar__E)
                  1181eba0    00000060     FinalContestRobot2_pe674.oe674 (.text:ti_sysbios_heaps_HeapMem_Object__get__S)
                  1181ec00    00000060     sysbios.ae674 : BIOS.obj (.text:ti_sysbios_knl_Clock_Module_startup__E)
                  1181ec60    00000060     FinalContestRobot2_pe674.oe674 (.text:ti_sysbios_knl_Clock_doTick__I)
                  1181ecc0    00000060     sysbios.ae674 : BIOS.obj (.text:ti_sysbios_knl_Semaphore_pendTimeout__I)
                  1181ed20    00000060                   : BIOS.obj (.text:ti_sysbios_knl_Swi_Module_startup__E)
                  1181ed80    00000060     FinalContestRobot2_pe674.oe674 (.text:ti_sysbios_knl_Swi_Object__get__S)
                  1181ede0    00000060     FinalContestRobot2_pe674.oe674 (.text:ti_sysbios_knl_Task_Object__get__S)
                  1181ee40    00000060     sysbios.ae674 : BIOS.obj (.text:ti_sysbios_knl_Task_enter__I)
                  1181eea0    00000060                   : BIOS.obj (.text:ti_sysbios_knl_Task_unblockI__E)
                  1181ef00    00000060     rts6740_elf.lib : write.obj (.text:write)
                  1181ef60    00000060     FinalContestRobot2_pe674.oe674 (.text:xdc_runtime_LoggerBuf_Object__get__S)
                  1181efc0    00000060     ti.targets.rts6000.ae674 : LoggerBuf.oe674 (.text:xdc_runtime_LoggerBuf_reset__E)
                  1181f020    00000060     FinalContestRobot2_pe674.oe674 (.text:xdc_runtime_SysMin_output__I)
                  1181f080    00000040     rts6740_elf.lib : frcmpyd_div.obj (.text:__TI_frcmpyd_div)
                  1181f0c0    00000040                     : isinf.obj (.text:__c6xabi_isinf)
                  1181f100    00000040                     : _printfi.obj (.text:__c6xabi_isnan)
                  1181f140    00000040                     : args_main.obj (.text:_args_main)
                  1181f180    00000040                     : sprintf.obj (.text:_outs)
                  1181f1c0    00000040                     : vsprintf.obj (.text:_outs)
                  1181f200    00000040     sysbios.ae674 : c62_TaskSupport_asm.obj (.text:_ti_sysbios_family_c62_TaskSupport_buildTaskStack)
                  1181f240    00000040     FinalContestRobot2_pe674.oe674 (.text:free)
                  1181f280    00000040     FinalContestRobot2_pe674.oe674 (.text:ti_sysbios_BIOS_exitFunc__I)
                  1181f2c0    00000040     FinalContestRobot2_pe674.oe674 (.text:ti_sysbios_BIOS_registerRTSLock__I)
                  1181f300    00000040     FinalContestRobot2_pe674.oe674 (.text:ti_sysbios_BIOS_removeRTSLock__I)
                  1181f340    00000040     FinalContestRobot2_pe674.oe674 (.text:ti_sysbios_BIOS_startFunc__I)
                  1181f380    00000040     FinalContestRobot2_pe674.oe674 (.text:ti_sysbios_family_c64p_Hwi_Module__startupDone__F)
                  1181f3c0    00000040     sysbios.ae674 : BIOS.obj (.text:ti_sysbios_family_c64p_Hwi_disableInterrupt__E)
                  1181f400    00000040                   : BIOS.obj (.text:ti_sysbios_family_c64p_Hwi_dispatchC__I)
                  1181f440    00000040                   : BIOS.obj (.text:ti_sysbios_family_c64p_Hwi_enableInterrupt__E)
                  1181f480    00000040                   : BIOS.obj (.text:ti_sysbios_family_c64p_primus_TimerSupport_enable__E)
                  1181f4c0    00000040                   : BIOS.obj (.text:ti_sysbios_gates_GateMutex_leave__E)
                  1181f500    00000040     FinalContestRobot2_pe674.oe674 (.text:ti_sysbios_hal_Hwi_HwiProxy_getStackInfo__E)
                  1181f540    00000040     FinalContestRobot2_pe674.oe674 (.text:ti_sysbios_knl_Clock_Module_State_clockQ)
                  1181f580    00000040     FinalContestRobot2_pe674.oe674 (.text:ti_sysbios_knl_Queue_Object__get__S)
                  1181f5c0    00000040     FinalContestRobot2_pe674.oe674 (.text:ti_sysbios_timers_timer64_Timer_Module__startupDone__F)
                  1181f600    00000040     rts6740_elf.lib : vsprintf.obj (.text:vsprintf)
                  1181f640    00000040     ti.targets.rts6000.ae674 : Error.oe674 (.text:xdc_runtime_Error_check__E)
                  1181f680    00000040                              : Error.oe674 (.text:xdc_runtime_Error_init__E)
                  1181f6c0    00000040     FinalContestRobot2_pe674.oe674 (.text:xdc_runtime_IHeap_alloc)
                  1181f700    00000040     FinalContestRobot2_pe674.oe674 (.text:xdc_runtime_IHeap_free)
                  1181f740    00000040     ti.targets.rts6000.ae674 : LoggerBuf.oe674 (.text:xdc_runtime_LoggerBuf_write0__E)
                  1181f780    00000040                              : LoggerBuf.oe674 (.text:xdc_runtime_LoggerBuf_write1__E)
                  1181f7c0    00000040                              : LoggerBuf.oe674 (.text:xdc_runtime_LoggerBuf_write2__E)
                  1181f800    00000040                              : Registry.oe674 (.text:xdc_runtime_Registry_findById__E)
                  1181f840    00000040     FinalContestRobot2_pe674.oe674 (.text:xdc_runtime_Startup_exec__I)
                  1181f880    00000040     ti.targets.rts6000.ae674 : SysMin.oe674 (.text:xdc_runtime_SysMin_Module_startup__E)
                  1181f8c0    00000040                              : SysMin.oe674 (.text:xdc_runtime_SysMin_exit__E)
                  1181f900    00000040                              : System.oe674 (.text:xdc_runtime_System_abort__E)
                  1181f940    00000040     FinalContestRobot2_pe674.oe674 (.text:xdc_runtime_System_aprintf__E)
                  1181f980    00000040     ti.targets.rts6000.ae674 : System.oe674 (.text:xdc_runtime_System_exit__E)
                  1181f9c0    00000040     FinalContestRobot2_pe674.oe674 (.text:xdc_runtime_System_printf__E)
                  1181fa00    00000040     FinalContestRobot2_pe674.oe674 (.text:xdc_runtime_Text_visitRope__I)
                  1181fa40    00000020     rts6740_elf.lib : errno.obj (.text:__c6xabi_errno_addr)
                  1181fa60    00000020                     : trunc.obj (.text:__c6xabi_trunc)
                  1181fa80    00000020                     : truncf.obj (.text:__c6xabi_truncf)
                  1181faa0    00000020                     : sscanf.obj (.text:_inpchar)
                  1181fac0    00000020                     : _lock.obj (.text:_nop)
                  1181fae0    00000020                     : printf.obj (.text:_outc)
                  1181fb00    00000020                     : sprintf.obj (.text:_outc)
                  1181fb20    00000020                     : vsprintf.obj (.text:_outc)
                  1181fb40    00000020                     : printf.obj (.text:_outs)
                  1181fb60    00000020                     : _lock.obj (.text:_register_lock)
                  1181fb80    00000020                     : _lock.obj (.text:_register_unlock)
                  1181fba0    00000020     sysbios.ae674 : c62_TaskSupport_asm.obj (.text:_ti_sysbios_family_c62_TaskSupport_glue)
                  1181fbc0    00000020     rts6740_elf.lib : sscanf.obj (.text:_uninpchar)
                  1181fbe0    00000020                     : exit.obj (.text:abort)
                  1181fc00    00000020                     : copy_decompress_none.obj (.text:decompress:none:__TI_decompress_none)
                  1181fc20    00000020                     : copy_decompress_rle.obj (.text:decompress:rle24:__TI_decompress_rle24)
                  1181fc40    00000020     FinalContestRobot2_pe674.oe674 (.text:malloc)
                  1181fc60    00000020     FinalContestRobot2_pe674.oe674 (.text:ti_sysbios_BIOS_RtsGateProxy_enter__E)
                  1181fc80    00000020     FinalContestRobot2_pe674.oe674 (.text:ti_sysbios_BIOS_RtsGateProxy_leave__E)
                  1181fca0    00000020     sysbios.ae674 : BIOS.obj (.text:ti_sysbios_BIOS_linkedWithIncorrectBootLibrary__E)
                  1181fcc0    00000020     FinalContestRobot2_pe674.oe674 (.text:ti_sysbios_BIOS_nullFunc__I)
                  1181fce0    00000020     sysbios.ae674 : BIOS.obj (.text:ti_sysbios_BIOS_setThreadType__E)
                  1181fd00    00000020                   : BIOS.obj (.text:ti_sysbios_BIOS_start__E)
                  1181fd20    00000020     FinalContestRobot2_pe674.oe674 (.text:ti_sysbios_family_c62_TaskSupport_Module__startupDone__S)
                  1181fd40    00000020     sysbios.ae674 : BIOS.obj (.text:ti_sysbios_family_c62_TaskSupport_checkStack__E)
                  1181fd60    00000020                   : BIOS.obj (.text:ti_sysbios_family_c64p_Cache_inv__E)
                  1181fd80    00000020                   : BIOS.obj (.text:ti_sysbios_family_c64p_Cache_wb__E)
                  1181fda0    00000020     FinalContestRobot2_pe674.oe674 (.text:ti_sysbios_family_c64p_Hwi_Module__startupDone__S)
                  1181fdc0    00000020     sysbios.ae674 : BIOS.obj (.text:ti_sysbios_family_c64p_Hwi_clearInterrupt__E)
                  1181fde0    00000020                   : BIOS.obj (.text:ti_sysbios_family_c64p_Hwi_startup__E)
                  1181fe00    00000020                   : BIOS.obj (.text:ti_sysbios_family_c64p_Hwi_switchFromBootStack__E)
                  1181fe20    00000020                   : BIOS.obj (.text:ti_sysbios_family_c64p_TimestampProvider_Module_startup__E)
                  1181fe40    00000020                   : BIOS.obj (.text:ti_sysbios_family_c64p_TimestampProvider_get64__E)
                  1181fe60    00000020                   : BIOS.obj (.text:ti_sysbios_gates_GateHwi_enter__E)
                  1181fe80    00000020                   : BIOS.obj (.text:ti_sysbios_gates_GateHwi_leave__E)
                  1181fea0    00000020                   : BIOS.obj (.text:ti_sysbios_gates_GateHwi_query__E)
                  1181fec0    00000020                   : BIOS.obj (.text:ti_sysbios_gates_GateMutex_query__E)
                  1181fee0    00000020     FinalContestRobot2_pe674.oe674 (.text:ti_sysbios_hal_Hwi_HwiProxy_Module__startupDone__S)
                  1181ff00    00000020     FinalContestRobot2_pe674.oe674 (.text:ti_sysbios_hal_Hwi_HwiProxy_clearInterrupt__E)
                  1181ff20    00000020     FinalContestRobot2_pe674.oe674 (.text:ti_sysbios_hal_Hwi_HwiProxy_disableInterrupt__E)
                  1181ff40    00000020     FinalContestRobot2_pe674.oe674 (.text:ti_sysbios_hal_Hwi_HwiProxy_enableInterrupt__E)
                  1181ff60    00000020     FinalContestRobot2_pe674.oe674 (.text:ti_sysbios_hal_Hwi_HwiProxy_startup__E)
                  1181ff80    00000020     FinalContestRobot2_pe674.oe674 (.text:ti_sysbios_hal_Hwi_HwiProxy_switchFromBootStack__E)
                  1181ffa0    00000020     sysbios.ae674 : BIOS.obj (.text:ti_sysbios_hal_Hwi_Module_startup__E)
                  1181ffc0    00000020     FinalContestRobot2_pe674.oe674 (.text:ti_sysbios_heaps_HeapMem_Module_GateProxy_enter__E)
                  1181ffe0    00000020     FinalContestRobot2_pe674.oe674 (.text:ti_sysbios_heaps_HeapMem_Module_GateProxy_leave__E)
                  11820000    00000020     FinalContestRobot2_pe674.oe674 (.text:ti_sysbios_heaps_HeapMem_Module_GateProxy_query__E)
                  11820020    00000020     sysbios.ae674 : BIOS.obj (.text:ti_sysbios_heaps_HeapMem_isBlocking__E)
                  11820040    00000020     FinalContestRobot2_pe674.oe674 (.text:ti_sysbios_knl_Clock_TimerProxy_Module__startupDone__S)
                  11820060    00000020     FinalContestRobot2_pe674.oe674 (.text:ti_sysbios_knl_Clock_TimerProxy_getMaxTicks__E)
                  11820080    00000020     sysbios.ae674 : BIOS.obj (.text:ti_sysbios_knl_Clock_getTicks__E)
                  118200a0    00000020                   : BIOS.obj (.text:ti_sysbios_knl_Clock_logTick__E)
                  118200c0    00000020                   : BIOS.obj (.text:ti_sysbios_knl_Idle_loop__E)
                  118200e0    00000020                   : BIOS.obj (.text:ti_sysbios_knl_Queue_empty__E)
                  11820100    00000020                   : BIOS.obj (.text:ti_sysbios_knl_Swi_disable__E)
                  11820120    00000020     FinalContestRobot2_pe674.oe674 (.text:ti_sysbios_knl_Task_SupportProxy_Module__startupDone__S)
                  11820140    00000020     FinalContestRobot2_pe674.oe674 (.text:ti_sysbios_knl_Task_SupportProxy_checkStack__E)
                  11820160    00000020     FinalContestRobot2_pe674.oe674 (.text:ti_sysbios_knl_Task_SupportProxy_start__E)
                  11820180    00000020     FinalContestRobot2_pe674.oe674 (.text:ti_sysbios_knl_Task_SupportProxy_swap__E)
                  118201a0    00000020     sysbios.ae674 : BIOS.obj (.text:ti_sysbios_knl_Task_disable__E)
                  118201c0    00000020                   : BIOS.obj (.text:ti_sysbios_knl_Task_sleepTimeout__I)
                  118201e0    00000020                   : BIOS.obj (.text:ti_sysbios_knl_Task_startup__E)
                  11820200    00000020     FinalContestRobot2_pe674.oe674 (.text:ti_sysbios_timers_timer64_Timer_Module__startupDone__S)
                  11820220    00000020     FinalContestRobot2_pe674.oe674 (.text:ti_sysbios_timers_timer64_Timer_TimerSupportProxy_enable__E)
                  11820240    00000020     sysbios.ae674 : BIOS.obj (.text:ti_sysbios_timers_timer64_Timer_getMaxTicks__E)
                  11820260    00000020     FinalContestRobot2_pe674.oe674 (.text:xdc_iargToPtr)
                  11820280    00000020     ti.targets.rts6000.ae674 : Error.oe674 (.text:xdc_runtime_Error_getSite__E)
                  118202a0    00000020                              : Error.oe674 (.text:xdc_runtime_Error_raiseX__E)
                  118202c0    00000020                              : Gate.oe674 (.text:xdc_runtime_Gate_enterSystem__E)
                  118202e0    00000020                              : Gate.oe674 (.text:xdc_runtime_Gate_leaveSystem__E)
                  11820300    00000020     FinalContestRobot2_pe674.oe674 (.text:xdc_runtime_LoggerBuf_Module_GateProxy_enter__E)
                  11820320    00000020     FinalContestRobot2_pe674.oe674 (.text:xdc_runtime_LoggerBuf_Module_GateProxy_leave__E)
                  11820340    00000020     FinalContestRobot2_pe674.oe674 (.text:xdc_runtime_LoggerBuf_TimestampProxy_get64__E)
                  11820360    00000020     ti.targets.rts6000.ae674 : LoggerBuf.oe674 (.text:xdc_runtime_LoggerBuf_disable__E)
                  11820380    00000020                              : LoggerBuf.oe674 (.text:xdc_runtime_LoggerBuf_enable__E)
                  118203a0    00000020     FinalContestRobot2_pe674.oe674 (.text:xdc_runtime_Memory_HeapProxy_alloc__E)
                  118203c0    00000020     FinalContestRobot2_pe674.oe674 (.text:xdc_runtime_Memory_HeapProxy_free__E)
                  118203e0    00000020     ti.targets.rts6000.ae674 : Memory.oe674 (.text:xdc_runtime_Memory_free__E)
                  11820400    00000020                              : Memory.oe674 (.text:xdc_runtime_Memory_getMaxDefaultTypeAlign__E)
                  11820420    00000020     FinalContestRobot2_pe674.oe674 (.text:xdc_runtime_Startup_reset__I)
                  11820440    00000020     ti.targets.rts6000.ae674 : Startup.oe674 (.text:xdc_runtime_Startup_rtsDone__E)
                  11820460    00000020                              : SysMin.oe674 (.text:xdc_runtime_SysMin_ready__E)
                  11820480    00000020     FinalContestRobot2_pe674.oe674 (.text:xdc_runtime_System_Module_GateProxy_enter__E)
                  118204a0    00000020     FinalContestRobot2_pe674.oe674 (.text:xdc_runtime_System_Module_GateProxy_leave__E)
                  118204c0    00000020     ti.targets.rts6000.ae674 : System.oe674 (.text:xdc_runtime_System_Module_startup__E)
                  118204e0    00000020     FinalContestRobot2_pe674.oe674 (.text:xdc_runtime_System_SupportProxy_abort__E)
                  11820500    00000020     FinalContestRobot2_pe674.oe674 (.text:xdc_runtime_System_SupportProxy_exit__E)
                  11820520    00000020     FinalContestRobot2_pe674.oe674 (.text:xdc_runtime_System_SupportProxy_putch__E)
                  11820540    00000020     FinalContestRobot2_pe674.oe674 (.text:xdc_runtime_System_SupportProxy_ready__E)
                  11820560    00000020     ti.targets.rts6000.ae674 : System.oe674 (.text:xdc_runtime_System_vsnprintf__E)
                  11820580    00000020                              : Text.oe674 (.text:xdc_runtime_Text_ropeText__E)

.const.1   0    118205a0    00000060     
                  118205a0    00000058     ti.targets.rts6000.ae674 : Error.oe674 (.const:.string)
                  118205f8    00000008     FinalContestRobot2_pe674.oe674 (.const:ti_sysbios_knl_Idle_funcList__C)

.far       0    11820600    0000b178     UNINITIALIZED
                  11820600    000048c0     FinalContestRobot2_pe674.oe674 (.far:taskStackSection)
                  11824ec0    00001000     (.common:ti_sysbios_heaps_HeapMem_Instance_State_0_buf__A)
                  11825ec0    00000fa0     (.common:enc0_array)
                  11826e60    00000c00     (.common:object_stats)
                  11827a60    0000001e     (.common:LADARoutBuffer)
                  11827a7e    00000002     --HOLE--
                  11827a80    00000578     (.common:LADARinBuffer)
                  11827ff8    00000400     (.common:equivalency_objects)
                  118283f8    00000400     (.common:temp_equivalency_objects)
                  118287f8    000003e8     (.common:LADARangle)
                  11828be0    000003e8     (.common:LADARdataX)
                  11828fc8    000003e8     (.common:LADARdataY)
                  118293b0    000003e8     (.common:LADARdistance)
                  11829798    000003e8     (.common:newLADARangle)
                  11829b80    000003e8     (.common:newLADARdataX)
                  11829f68    000003e8     (.common:newLADARdataY)
                  1182a350    000003e8     (.common:newLADARdistance)
                  1182a738    0000039c     (.common:final_object_stats)
                  1182aad4    00000004     --HOLE--
                  1182aad8    00000200     (.common:xdc_runtime_LoggerBuf_Instance_State_0_entryArr__A)
                  1182acd8    00000200     (.common:xdc_runtime_SysMin_Module_State_0_outbuf__A)
                  1182aed8    00000190     (.common:pathCol)
                  1182b068    00000190     (.common:pathRow)
                  1182b1f8    00000140     (.common:__TI_tmpnams)
                  1182b338    00000102     (.common:fromLinuxstring)
                  1182b43a    00000006     --HOLE--
                  1182b440    00000102     (.common:toLinuxstring)
                  1182b542    00000006     --HOLE--
                  1182b548    00000028     (.common:i2cdata)
                  1182b570    0000000c     (.common:LADARps)
                  1182b57c    00000004     --HOLE--
                  1182b580    0000009c     (.common:f28335recData)
                  1182b61c    00000004     --HOLE--
                  1182b620    00000060     (.common:robotdest)
                  1182b680    00000068     (.common:f28335TXData)
                  1182b6e8    00000024     (.common:temp_3x3)
                  1182b70c    00000004     --HOLE--
                  1182b710    00000014     (.common:Optitrackdata)
                  1182b724    0000000c     (.common:OPTITRACKps)
                  1182b730    0000000c     (.common:ROBOTps)
                  1182b73c    00000004     --HOLE--
                  1182b740    0000000c     (.common:temp_3x1)
                  1182b74c    00000004     --HOLE--
                  1182b750    0000000c     (.common:ytilde)
                  1182b75c    00000004     --HOLE--
                  1182b760    0000000c     (.common:z)
                  1182b76c    00000004     --HOLE--
                  1182b770    00000008     (.common:parmbuf)

.const.2   0    1182b778    00002640     
                  1182b778    000019d4     FinalContestRobot2_pe674.oe674 (.const:xdc_runtime_Text_charTab__A)
                  1182d14c    00000518     sysbios.ae674 : BIOS.obj (.const:.string)
                  1182d664    00000004     FinalContestRobot2_pe674.oe674 (.const:ti_sysbios_BIOS_installedErrorHook__C)
                  1182d668    00000101     rts6740_elf.lib : ctype.obj (.const:.string:_ctypes_)
                  1182d769    00000001     FinalContestRobot2_pe674.oe674 (.const:ti_sysbios_timers_timer64_Timer_localTimerBaseId__C)
                  1182d76a    00000002     FinalContestRobot2_pe674.oe674 (.const:ti_sysbios_family_c64p_Cache_Module__id__C)
                  1182d76c    00000004     FinalContestRobot2_pe674.oe674 (.const:ti_sysbios_family_c64p_Cache_EMIFA_BASE__C)
                  1182d770    000000cc     FinalContestRobot2_pe674.oe674 (.const:xdc_runtime_Text_nodeTab__A)
                  1182d83c    00000080     user_FinalContestRobot2.obj (.const:.string)
                  1182d8bc    00000004     FinalContestRobot2_pe674.oe674 (.const:ti_sysbios_family_c64p_Cache_EMIFA_CFG__C)
                  1182d8c0    00000080     evmomapl138_bsl.lib : evmomapl138.obj (.const:bitval_u32)
                  1182d940    00000050     rts6740_elf.lib : strtod.obj (.const:digits)
                  1182d990    00000048                     : strtod.obj (.const:powerof10)
                  1182d9d8    00000044     Ladar.obj (.const:.string)
                  1182da1c    00000040     evmomapl138_bsl.lib : evmomapl138.obj (.const:.string)
                  1182da5c    00000040     ti.targets.rts6000.ae674 : Text.oe674 (.const:.string)
                  1182da9c    0000003c     FinalContestRobot2_pe674.oe674 (.const:xdc_runtime_LoggerBuf_Module__FXNS__C)
                  1182dad8    00000030     FinalContestRobot2_pe674.oe674 (.const:xdc_runtime_Startup_sfxnTab__A)
                  1182db08    0000002c     ti.targets.rts6000.ae674 : Startup.oe674 (.const:.string)
                  1182db34    00000028     FinalContestRobot2_pe674.oe674 (.const:ti_sysbios_heaps_HeapMem_Module__FXNS__C)
                  1182db5c    00000024     rts6740_elf.lib : _printfi.obj (.const:.string)
                  1182db80    00000024     FinalContestRobot2_pe674.oe674 (.const:ti_sysbios_gates_GateHwi_Module__FXNS__C)
                  1182dba4    00000024     FinalContestRobot2_pe674.oe674 (.const:ti_sysbios_gates_GateMutex_Module__FXNS__C)
                  1182dbc8    00000018     ColorLCD.obj (.const:$P$T0$1)
                  1182dbe0    00000018     ti.targets.rts6000.ae674 : System.oe674 (.const:.string)
                  1182dbf8    00000018     FinalContestRobot2_pe674.oe674 (.const:xdc_runtime_Startup_sfxnRts__A)
                  1182dc10    00000010     evmomapl138_bsl.lib : evmomapl138_uart.obj (.const:.string)
                  1182dc20    00000008     FinalContestRobot2_pe674.oe674 (.const:xdc_runtime_Startup_firstFxns__A)
                  1182dc28    00000008     FinalContestRobot2_pe674.oe674 (.const:xdc_runtime_Startup_firstFxns__C)
                  1182dc30    00000008     FinalContestRobot2_pe674.oe674 (.const:xdc_runtime_Startup_lastFxns__C)
                  1182dc38    00000007     rts6740_elf.lib : _scanfi.obj (.const:.string:flit$1)
                  1182dc3f    00000001     --HOLE-- [fill = 0]
                  1182dc40    00000006                     : _scanfi.obj (.const:.string:barr$2)
                  1182dc46    00000002     FinalContestRobot2_pe674.oe674 (.const:ti_sysbios_family_c64p_Exception_Module__id__C)
                  1182dc48    00000004     Ladar.obj (.const:.string:$P$T0$1)
                  1182dc4c    00000004     FinalContestRobot2_pe674.oe674 (.const:ti_sysbios_family_c64p_Cache_EMIFA_LENGTH__C)
                  1182dc50    00000004     FinalContestRobot2_pe674.oe674 (.const:ti_sysbios_family_c64p_Cache_EMIFB_BASE__C)
                  1182dc54    00000004     FinalContestRobot2_pe674.oe674 (.const:ti_sysbios_family_c64p_Cache_EMIFB_CFG__C)
                  1182dc58    00000004     FinalContestRobot2_pe674.oe674 (.const:ti_sysbios_family_c64p_Cache_EMIFB_LENGTH__C)
                  1182dc5c    00000004     FinalContestRobot2_pe674.oe674 (.const:ti_sysbios_family_c64p_Cache_EMIFC_BASE__C)
                  1182dc60    00000004     FinalContestRobot2_pe674.oe674 (.const:ti_sysbios_family_c64p_Cache_EMIFC_CFG__C)
                  1182dc64    00000004     FinalContestRobot2_pe674.oe674 (.const:ti_sysbios_family_c64p_Cache_EMIFC_LENGTH__C)
                  1182dc68    00000004     FinalContestRobot2_pe674.oe674 (.const:ti_sysbios_family_c64p_Cache_E_invalidL1CacheSize__C)
                  1182dc6c    00000004     FinalContestRobot2_pe674.oe674 (.const:ti_sysbios_family_c64p_Cache_E_invalidL2CacheSize__C)
                  1182dc70    00000004     FinalContestRobot2_pe674.oe674 (.const:ti_sysbios_family_c64p_Cache_MAR0_31__C)
                  1182dc74    00000004     FinalContestRobot2_pe674.oe674 (.const:ti_sysbios_family_c64p_Cache_MAR128_159__C)
                  1182dc78    00000004     FinalContestRobot2_pe674.oe674 (.const:ti_sysbios_family_c64p_Cache_MAR160_191__C)
                  1182dc7c    00000004     FinalContestRobot2_pe674.oe674 (.const:ti_sysbios_family_c64p_Cache_MAR192_223__C)
                  1182dc80    00000004     FinalContestRobot2_pe674.oe674 (.const:ti_sysbios_family_c64p_Cache_MAR224_255__C)
                  1182dc84    00000004     FinalContestRobot2_pe674.oe674 (.const:ti_sysbios_family_c64p_Cache_MAR32_63__C)
                  1182dc88    00000004     FinalContestRobot2_pe674.oe674 (.const:ti_sysbios_family_c64p_Cache_MAR64_95__C)
                  1182dc8c    00000004     FinalContestRobot2_pe674.oe674 (.const:ti_sysbios_family_c64p_Cache_MAR96_127__C)
                  1182dc90    00000004     FinalContestRobot2_pe674.oe674 (.const:ti_sysbios_family_c64p_Exception_E_exceptionMax__C)
                  1182dc94    00000004     FinalContestRobot2_pe674.oe674 (.const:ti_sysbios_family_c64p_Exception_exceptionHook__C)
                  1182dc98    00000004     FinalContestRobot2_pe674.oe674 (.const:ti_sysbios_family_c64p_Exception_externalHook__C)
                  1182dc9c    00000004     FinalContestRobot2_pe674.oe674 (.const:ti_sysbios_family_c64p_Exception_internalHook__C)
                  1182dca0    00000004     FinalContestRobot2_pe674.oe674 (.const:ti_sysbios_family_c64p_Exception_nmiHook__C)
                  1182dca4    00000004     FinalContestRobot2_pe674.oe674 (.const:ti_sysbios_gates_GateMutex_Instance_State_sem__O)
                  1182dca8    00000004     FinalContestRobot2_pe674.oe674 (.const:ti_sysbios_hal_Hwi_E_stackOverflow__C)
                  1182dcac    00000004     FinalContestRobot2_pe674.oe674 (.const:ti_sysbios_heaps_HeapMem_E_memory__C)
                  1182dcb0    00000004     FinalContestRobot2_pe674.oe674 (.const:ti_sysbios_heaps_HeapMem_Module__gateObj__C)
                  1182dcb4    00000004     FinalContestRobot2_pe674.oe674 (.const:ti_sysbios_heaps_HeapMem_Object__count__C)
                  1182dcb8    00000004     FinalContestRobot2_pe674.oe674 (.const:ti_sysbios_heaps_HeapMem_Object__table__C)
                  1182dcbc    00000004     FinalContestRobot2_pe674.oe674 (.const:ti_sysbios_knl_Clock_Module_State_clockQ__O)
                  1182dcc0    00000004     FinalContestRobot2_pe674.oe674 (.const:ti_sysbios_knl_Idle_funcList__A)
                  1182dcc4    00000004     FinalContestRobot2_pe674.oe674 (.const:ti_sysbios_knl_Semaphore_Instance_State_pendQ__O)
                  1182dcc8    00000004     FinalContestRobot2_pe674.oe674 (.const:ti_sysbios_knl_Swi_Object__count__C)
                  1182dccc    00000004     FinalContestRobot2_pe674.oe674 (.const:ti_sysbios_knl_Swi_Object__table__C)
                  1182dcd0    00000004     FinalContestRobot2_pe674.oe674 (.const:ti_sysbios_knl_Task_E_spOutOfBounds__C)
                  1182dcd4    00000004     FinalContestRobot2_pe674.oe674 (.const:ti_sysbios_knl_Task_E_stackOverflow__C)
                  1182dcd8    00000004     FinalContestRobot2_pe674.oe674 (.const:ti_sysbios_knl_Task_Module_State_inactiveQ__O)
                  1182dcdc    00000004     FinalContestRobot2_pe674.oe674 (.const:ti_sysbios_knl_Task_Object__count__C)
                  1182dce0    00000004     FinalContestRobot2_pe674.oe674 (.const:ti_sysbios_knl_Task_Object__table__C)
                  1182dce4    00000004     FinalContestRobot2_pe674.oe674 (.const:ti_sysbios_knl_Task_allBlockedFunc__C)
                  1182dce8    00000004     FinalContestRobot2_pe674.oe674 (.const:ti_sysbios_knl_Task_numConstructedTasks__C)
                  1182dcec    00000004     FinalContestRobot2_pe674.oe674 (.const:ti_sysbios_timers_timer64_Timer_E_cannotSupport__C)
                  1182dcf0    00000004     FinalContestRobot2_pe674.oe674 (.const:ti_sysbios_timers_timer64_Timer_anyMaskHigh__C)
                  1182dcf4    00000004     FinalContestRobot2_pe674.oe674 (.const:ti_sysbios_timers_timer64_Timer_anyMask__C)
                  1182dcf8    00000004     FinalContestRobot2_pe674.oe674 (.const:ti_sysbios_timers_timer64_Timer_freqDivisor__C)
                  1182dcfc    00000004     FinalContestRobot2_pe674.oe674 (.const:ti_sysbios_timers_timer64_Timer_numLocalTimers__C)
                  1182dd00    00000004     FinalContestRobot2_pe674.oe674 (.const:ti_sysbios_timers_timer64_Timer_numTimerDevices__C)
                  1182dd04    00000004     FinalContestRobot2_pe674.oe674 (.const:xdc_runtime_Assert_E_assertFailed__C)
                  1182dd08    00000004     FinalContestRobot2_pe674.oe674 (.const:xdc_runtime_Error_E_memory__C)
                  1182dd0c    00000004     FinalContestRobot2_pe674.oe674 (.const:xdc_runtime_Error_Module__diagsEnabled__C)
                  1182dd10    00000004     FinalContestRobot2_pe674.oe674 (.const:xdc_runtime_Error_Module__diagsIncluded__C)
                  1182dd14    00000004     FinalContestRobot2_pe674.oe674 (.const:xdc_runtime_Error_Module__diagsMask__C)
                  1182dd18    00000004     FinalContestRobot2_pe674.oe674 (.const:xdc_runtime_Error_Module__loggerFxn8__C)
                  1182dd1c    00000004     FinalContestRobot2_pe674.oe674 (.const:xdc_runtime_Error_Module__loggerObj__C)
                  1182dd20    00000004     FinalContestRobot2_pe674.oe674 (.const:xdc_runtime_Error_policyFxn__C)
                  1182dd24    00000004     FinalContestRobot2_pe674.oe674 (.const:xdc_runtime_Error_policy__C)
                  1182dd28    00000004     FinalContestRobot2_pe674.oe674 (.const:xdc_runtime_Error_raiseHook__C)
                  1182dd2c    00000004     FinalContestRobot2_pe674.oe674 (.const:xdc_runtime_IFilterLogger_Interface__BASE__C)
                  1182dd30    00000004     FinalContestRobot2_pe674.oe674 (.const:xdc_runtime_IGateProvider_Interface__BASE__C)
                  1182dd34    00000004     FinalContestRobot2_pe674.oe674 (.const:xdc_runtime_IHeap_Interface__BASE__C)
                  1182dd38    00000004     FinalContestRobot2_pe674.oe674 (.const:xdc_runtime_ILogger_Interface__BASE__C)
                  1182dd3c    00000004     FinalContestRobot2_pe674.oe674 (.const:xdc_runtime_IModule_Interface__BASE__C)
                  1182dd40    00000004     FinalContestRobot2_pe674.oe674 (.const:xdc_runtime_Log_L_error__C)
                  1182dd44    00000004     FinalContestRobot2_pe674.oe674 (.const:xdc_runtime_LoggerBuf_E_badLevel__C)
                  1182dd48    00000004     FinalContestRobot2_pe674.oe674 (.const:xdc_runtime_LoggerBuf_Module__gateObj__C)
                  1182dd4c    00000004     FinalContestRobot2_pe674.oe674 (.const:xdc_runtime_LoggerBuf_Object__count__C)
                  1182dd50    00000004     FinalContestRobot2_pe674.oe674 (.const:xdc_runtime_LoggerBuf_Object__table__C)
                  1182dd54    00000004     FinalContestRobot2_pe674.oe674 (.const:xdc_runtime_LoggerBuf_statusLogger__C)
                  1182dd58    00000004     FinalContestRobot2_pe674.oe674 (.const:xdc_runtime_Memory_defaultHeapInstance__C)
                  1182dd5c    00000004     FinalContestRobot2_pe674.oe674 (.const:xdc_runtime_Startup_execImpl__C)
                  1182dd60    00000004     FinalContestRobot2_pe674.oe674 (.const:xdc_runtime_Startup_maxPasses__C)
                  1182dd64    00000004     FinalContestRobot2_pe674.oe674 (.const:xdc_runtime_Startup_sfxnRts__C)
                  1182dd68    00000004     FinalContestRobot2_pe674.oe674 (.const:xdc_runtime_Startup_sfxnTab__C)
                  1182dd6c    00000004     FinalContestRobot2_pe674.oe674 (.const:xdc_runtime_Startup_startModsFxn__C)
                  1182dd70    00000004     FinalContestRobot2_pe674.oe674 (.const:xdc_runtime_SysMin_bufSize__C)
                  1182dd74    00000004     FinalContestRobot2_pe674.oe674 (.const:xdc_runtime_SysMin_outputFunc__C)
                  1182dd78    00000004     FinalContestRobot2_pe674.oe674 (.const:xdc_runtime_System_Module__gateObj__C)
                  1182dd7c    00000004     FinalContestRobot2_pe674.oe674 (.const:xdc_runtime_System_abortFxn__C)
                  1182dd80    00000004     FinalContestRobot2_pe674.oe674 (.const:xdc_runtime_System_exitFxn__C)
                  1182dd84    00000004     FinalContestRobot2_pe674.oe674 (.const:xdc_runtime_System_extendFxn__C)
                  1182dd88    00000004     FinalContestRobot2_pe674.oe674 (.const:xdc_runtime_System_maxAtexitHandlers__C)
                  1182dd8c    00000004     FinalContestRobot2_pe674.oe674 (.const:xdc_runtime_Text_charTab__C)
                  1182dd90    00000004     FinalContestRobot2_pe674.oe674 (.const:xdc_runtime_Text_nodeTab__C)
                  1182dd94    00000004     FinalContestRobot2_pe674.oe674 (.const:xdc_runtime_Text_visitRopeFxn__C)
                  1182dd98    00000002     FinalContestRobot2_pe674.oe674 (.const:ti_sysbios_family_c64p_Exception_useInternalBuffer__C)
                  1182dd9a    00000002     FinalContestRobot2_pe674.oe674 (.const:ti_sysbios_hal_Hwi_Module__id__C)
                  1182dd9c    00000002     FinalContestRobot2_pe674.oe674 (.const:ti_sysbios_heaps_HeapMem_Module__id__C)
                  1182dd9e    00000002     FinalContestRobot2_pe674.oe674 (.const:ti_sysbios_knl_Task_Module__id__C)
                  1182dda0    00000002     FinalContestRobot2_pe674.oe674 (.const:ti_sysbios_timers_timer64_Timer_Module__id__C)
                  1182dda2    00000002     FinalContestRobot2_pe674.oe674 (.const:ti_sysbios_timers_timer64_Timer_startupNeeded__C)
                  1182dda4    00000002     FinalContestRobot2_pe674.oe674 (.const:ti_sysbios_timers_timer64_Timer_useTimer64pRegMap__C)
                  1182dda6    00000002     FinalContestRobot2_pe674.oe674 (.const:xdc_runtime_Error_Module__loggerDefined__C)
                  1182dda8    00000002     FinalContestRobot2_pe674.oe674 (.const:xdc_runtime_Error_maxDepth__C)
                  1182ddaa    00000002     FinalContestRobot2_pe674.oe674 (.const:xdc_runtime_LoggerBuf_Module__id__C)
                  1182ddac    00000002     FinalContestRobot2_pe674.oe674 (.const:xdc_runtime_LoggerBuf_filterByLevel__C)
                  1182ddae    00000002     FinalContestRobot2_pe674.oe674 (.const:xdc_runtime_Memory_Module__id__C)
                  1182ddb0    00000002     FinalContestRobot2_pe674.oe674 (.const:xdc_runtime_SysMin_flushAtExit__C)
                  1182ddb2    00000002     FinalContestRobot2_pe674.oe674 (.const:xdc_runtime_Text_isLoaded__C)
                  1182ddb4    00000002     FinalContestRobot2_pe674.oe674 (.const:xdc_runtime_Text_registryModsLastId__C)
                  1182ddb6    00000002     FinalContestRobot2_pe674.oe674 (.const:xdc_runtime_Text_unnamedModsLastId__C)

.fardata   0    1182fdb8    0000116c     UNINITIALIZED
                  1182fdb8    0000025c     ColorVision.obj (.fardata:PRUCode)
                  11830014    00000004     rts6740_elf.lib : _lock.obj (.fardata:_lock)
                  11830018    000001e0                     : defs.obj (.fardata:_ftable)
                  118301f8    000001cc     FinalContestRobot2_pe674.oe674 (.fardata:ti_sysbios_knl_Task_Object__table__V)
                  118303c4    00000004     rts6740_elf.lib : _lock.obj (.fardata:_unlock)
                  118303c8    000000c0     FinalContestRobot2_pe674.oe674 (.fardata:ti_sysbios_knl_Swi_Object__table__V)
                  11830488    000000b0     user_FinalContestRobot2.obj (.fardata:map)
                  11830538    000000b0     user_FinalContestRobot2.obj (.fardata:originalMap)
                  118305e8    000000a0     rts6740_elf.lib : write.obj (.fardata:_stream)
                  11830688    00000080     FinalContestRobot2_pe674.oe674 (.fardata:ti_sysbios_knl_Swi_Module_State_0_readyQ__A)
                  11830708    00000080     FinalContestRobot2_pe674.oe674 (.fardata:ti_sysbios_knl_Task_Module_State_0_readyQ__A)
                  11830788    00000078     rts6740_elf.lib : write.obj (.fardata:_device)
                  11830800    00000078     FinalContestRobot2_pe674.oe674 (.fardata:ti_sysbios_family_c64p_Hwi_Object__table__V)
                  11830878    0000006c     FinalContestRobot2_pe674.oe674 (.fardata:ti_sysbios_family_c64p_Hwi_Module__state__V)
                  118308e4    00000004     rts6740_elf.lib : defs.obj (.fardata)
                  118308e8    00000060     FinalContestRobot2_pe674.oe674 (.fardata:ti_sysbios_timers_timer64_Timer_Module_State_0_device__A)
                  11830948    00000050     Ladar.obj (.fardata:cornersX)
                  11830998    00000050     Ladar.obj (.fardata:cornersY)
                  118309e8    00000050     FinalContestRobot2_pe674.oe674 (.fardata:ti_sysbios_timers_timer64_Timer_Object__table__V)
                  11830a38    00000048     FinalContestRobot2_pe674.oe674 (.fardata:ti_sysbios_knl_Task_Module__state__V)
                  11830a80    00000040     rts6740_elf.lib : cos.obj (.fardata:R$1)
                  11830ac0    00000040                     : sin.obj (.fardata:R$1)
                  11830b00    00000040     FinalContestRobot2_pe674.oe674 (.fardata:ti_sysbios_gates_GateMutex_Object__table__V)
                  11830b40    00000040     FinalContestRobot2_pe674.oe674 (.fardata:ti_sysbios_knl_Clock_Object__table__V)
                  11830b80    00000030     FinalContestRobot2_pe674.oe674 (.fardata:ti_sysbios_family_c64p_Exception_Module__state__V)
                  11830bb0    0000002c     FinalContestRobot2_pe674.oe674 (.fardata:ti_sysbios_knl_Clock_Module__state__V)
                  11830bdc    00000004     rts6740_elf.lib : errno.obj (.fardata)
                  11830be0    00000028     FinalContestRobot2_pe674.oe674 (.fardata:ti_sysbios_hal_Hwi_Object__table__V)
                  11830c08    00000024     user_FinalContestRobot2.obj (.fardata:K)
                  11830c2c    00000004     FinalContestRobot2_pe674.oe674 (.fardata:ti_sysbios_family_c64p_Cache_Module__state__V)
                  11830c30    00000024     user_FinalContestRobot2.obj (.fardata:P_pred)
                  11830c54    00000004     FinalContestRobot2_pe674.oe674 (.fardata:ti_sysbios_family_c64p_primus_TimerSupport_Module__state__V)
                  11830c58    00000024     user_FinalContestRobot2.obj (.fardata:Q)
                  11830c7c    00000004     FinalContestRobot2_pe674.oe674 (.fardata:xdc_runtime_Memory_Module__state__V)
                  11830c80    00000024     user_FinalContestRobot2.obj (.fardata:R)
                  11830ca4    00000002     FinalContestRobot2_pe674.oe674 (.fardata:xdc_runtime_Error_Module__state__V)
                  11830ca6    00000002     --HOLE--
                  11830ca8    00000024     user_FinalContestRobot2.obj (.fardata:S)
                  11830ccc    00000004     --HOLE--
                  11830cd0    00000024     user_FinalContestRobot2.obj (.fardata:S_inv)
                  11830cf4    00000004     --HOLE--
                  11830cf8    00000024     user_FinalContestRobot2.obj (.fardata:eye3)
                  11830d1c    00000024     FinalContestRobot2_pe674.oe674 (.fardata:ti_sysbios_BIOS_Module__state__V)
                  11830d40    00000024     FinalContestRobot2_pe674.oe674 (.fardata:xdc_runtime_LoggerBuf_Object__table__V)
                  11830d64    00000004     --HOLE--
                  11830d68    00000020     rts6740_elf.lib : atanf.obj (.fardata:arctan_consts$1)
                  11830d88    00000020     FinalContestRobot2_pe674.oe674 (.fardata:ti_sysbios_timers_timer64_Timer_Module_State_0_gctrl__A)
                  11830da8    00000020     FinalContestRobot2_pe674.oe674 (.fardata:ti_sysbios_timers_timer64_Timer_Module_State_0_handles__A)
                  11830dc8    00000020     FinalContestRobot2_pe674.oe674 (.fardata:ti_sysbios_timers_timer64_Timer_Module_State_0_intFreqs__A)
                  11830de8    00000020     FinalContestRobot2_pe674.oe674 (.fardata:xdc_runtime_Error_IgnoreBlock)
                  11830e08    0000001c     FinalContestRobot2_pe674.oe674 (.fardata:ti_sysbios_knl_Swi_Module__state__V)
                  11830e24    00000004     --HOLE--
                  11830e28    00000018     user_FinalContestRobot2.obj (.fardata:B)
                  11830e40    00000018     FinalContestRobot2_pe674.oe674 (.fardata:ti_sysbios_heaps_HeapMem_Object__table__V)
                  11830e58    00000018     FinalContestRobot2_pe674.oe674 (.fardata:ti_sysbios_knl_Semaphore_Object__table__V)
                  11830e70    00000018     FinalContestRobot2_pe674.oe674 (.fardata:ti_sysbios_timers_timer64_Timer_Module__state__V)
                  11830e88    00000010     rts6740_elf.lib : cosf.obj (.fardata:R$1)
                  11830e98    00000010                     : sinf.obj (.fardata:R$1)
                  11830ea8    00000010     FinalContestRobot2_pe674.oe674 (.fardata:xdc_runtime_System_Module_State_0_atexitHandlers__A)
                  11830eb8    0000000c     user_FinalContestRobot2.obj (.fardata:Bu)
                  11830ec4    0000000c     rts6740_elf.lib : exit.obj (.fardata)
                  11830ed0    0000000c     user_FinalContestRobot2.obj (.fardata:x_pred)
                  11830edc    0000000c     FinalContestRobot2_pe674.oe674 (.fardata:xdc_runtime_SysMin_Module__state__V)
                  11830ee8    00000008     FinalContestRobot2_pe674.oe674 (.fardata:ti_sysbios_family_c64p_primus_TimerSupport_Module_State_0_suspSrc__A)
                  11830ef0    00000008     user_FinalContestRobot2.obj (.fardata:u)
                  11830ef8    00000008     FinalContestRobot2_pe674.oe674 (.fardata:xdc_runtime_Registry_Module__state__V)
                  11830f00    00000008     FinalContestRobot2_pe674.oe674 (.fardata:xdc_runtime_Startup_Module__state__V)
                  11830f08    00000008     FinalContestRobot2_pe674.oe674 (.fardata:xdc_runtime_System_Module__state__V)
                  11830f10    00000006     FinalContestRobot2_pe674.oe674 (.fardata:xdc_runtime_LoggerBuf_Module__state__V)
                  11830f16    00000002     --HOLE--
                  11830f18    00000004     FinalContestRobot2_pe674.oe674 (.fardata:ti_sysbios_gates_GateHwi_Object__table__V)
                  11830f1c    00000004     --HOLE--
                  11830f20    00000004     FinalContestRobot2_pe674.oe674 (.fardata:ti_sysbios_knl_Task_Module_State_0_idleTask__A)

.switch.1 
*          0    11831344    000000b0     
                  11831344    00000040     user_FinalContestRobot2.obj (.switch:RobotControl)
                  11831384    00000038     rts6740_elf.lib : _printfi.obj (.switch:__TI_printfi)
                  118313bc    00000028                     : _scanfi.obj (.switch:__TI_scanfi)
                  118313e4    00000010     evmomapl138_bsl.lib : evmomapl138_spi.obj (.switch:SPI_init)

.cio       0    11831600    00000120     UNINITIALIZED
                  11831600    00000120     rts6740_elf.lib : trgmsg.obj (.cio)

.switch.2 
*          0    11831720    00000034     
                  11831720    00000024     evmomapl138_bsl.lib : evmomapl138_gpio.obj (.switch:getRegisterBankAndBit)
                  11831744    00000010     ColorVision.obj (.switch:userProcessColorImageFunc_laser)

MODULE SUMMARY

       Module                           code     ro data   rw data
       ------                           ----     -------   -------
    .\
       user_FinalContestRobot2.obj      17184    192       6652   
       Ladar.obj                        7968     72        5718   
       ColorVision.obj                  4832     16        6908   
       COECSL_edma3.obj                 1216     0         4136   
       ColorLCD.obj                     2400     24        11     
       MatrixMath.obj                   2336     0         0      
       COECSL_mcbsp.obj                 1664     0         300    
       user_xy.obj                      960      0         0      
       LCDprintf.obj                    416      0         8      
       pru.obj                          256      0         0      
    +--+--------------------------------+--------+---------+---------+
       Total:                           39232    304       23733  
                                                                  
    C:\hzhou39_decamar2_ashwina2\SE423Repo\Contest\FinalContestRobot2\FinalContestRobot2Project\Debug\configPkg\package\cfg\
       FinalContestRobot2_pe674.oe674   4608     7529      25776  
    +--+--------------------------------+--------+---------+---------+
       Total:                           4608     7529      25776  
                                                                  
    C:/hzhou39_decamar2_ashwina2/SE423Repo/LabFiles/bsl_forSYSBIOS/lib/evmomapl138_bsl.lib
       evmomapl138.obj                  4064     192       0      
       evmomapl138_vpif.obj             1920     0         0      
       evmomapl138_i2c.obj              1376     0         4      
       evmomapl138_uart.obj             1344     16        0      
       evmomapl138_i2c_gpio.obj         1344     0         0      
       evmomapl138_spi.obj              1184     16        0      
       evmomapl138_gpio.obj             1152     36        0      
       evmomapl138_timer.obj            384      0         0      
    +--+--------------------------------+--------+---------+---------+
       Total:                           12768    260       4      
                                                                  
    C:\CCStudio_v8\bios_6_70_01_03\packages\ti\targets\rts6000\lib\boot.ae674
       autoinit.oe674                   288      0         0      
       boot.oe674                       160      0         0      
    +--+--------------------------------+--------+---------+---------+
       Total:                           448      0         0      
                                                                  
    C:\CCStudio_v8\bios_6_70_01_03\packages\ti\targets\rts6000\lib\ti.targets.rts6000.ae674
       System.oe674                     3232     24        0      
       LoggerBuf.oe674                  2400     0         0      
       Text.oe674                       1728     64        0      
       Error.oe674                      1152     88        0      
       Startup.oe674                    896      44        0      
       SysMin.oe674                     704      0         0      
       Memory.oe674                     320      0         0      
       Gate.oe674                       64       0         0      
       Registry.oe674                   64       0         0      
    +--+--------------------------------+--------+---------+---------+
       Total:                           10560    220       0      
                                                                  
    C:\CCStudio_v8\ccsv8\tools\compiler\ti-cgt-c6000_8.2.2\lib\rts6740_elf.lib
       _printfi.obj                     13504    92        0      
       _scanfi.obj                      7296     53        0      
       divd.obj                         1472     0         0      
       strtod.obj                       1248     152       0      
       strtoll.obj                      1184     0         0      
       strtoull.obj                     1088     0         0      
       fputs.obj                        992      0         0      
       strtol.obj                       928      0         0      
       cos.obj                          800      0         64     
       fmodf.obj                        864      0         0      
       defs.obj                         0        0         804    
       imath64.obj                      800      0         0      
       sin.obj                          736      0         64     
       strtoul.obj                      768      0         0      
       divf.obj                         672      0         0      
       cosf.obj                         640      0         16     
       sinf.obj                         608      0         16     
       fputc.obj                        544      0         0      
       setvbuf.obj                      544      0         0      
       trgmsg.obj                       224      0         288    
       sscanf.obj                       480      0         0      
       frexp.obj                        448      0         0      
       getdevice.obj                    448      0         0      
       imath40.obj                      448      0         0      
       frexpf.obj                       416      0         0      
       hostrename.obj                   416      0         0      
       ldexp.obj                        384      0         0      
       ldexpf.obj                       384      0         0      
       write.obj                        96       0         280    
       atan2f.obj                       320      0         0      
       fclose.obj                       320      0         0      
       atanf.obj                        256      0         32     
       copy_decompress_rle.obj          288      0         0      
       fseek.obj                        288      0         0      
       printf.obj                       288      0         0      
       sqrtf.obj                        288      0         0      
       exit.obj                         256      0         12     
       ctype.obj                        0        257       0      
       _io_perm.obj                     256      0         0      
       atoi.obj                         256      0         0      
       hostopen.obj                     224      0         8      
       close.obj                        224      0         0      
       divi.obj                         224      0         0      
       hostlseek.obj                    224      0         0      
       hostwrite.obj                    224      0         0      
       llshift.obj                      224      0         0      
       ltoa.obj                         224      0         0      
       memset.obj                       224      0         0      
       divu.obj                         192      0         0      
       fflush.obj                       192      0         0      
       hostread.obj                     192      0         0      
       hostunlink.obj                   192      0         0      
       remi.obj                         192      0         0      
       sprintf.obj                      192      0         0      
       tls.obj                          192      0         0      
       fopen.obj                        160      0         0      
       hostclose.obj                    160      0         0      
       memcpy64.obj                     160      0         0      
       modf.obj                         160      0         0      
       remu.obj                         160      0         0      
       round.obj                        160      0         0      
       vsprintf.obj                     160      0         0      
       roundf.obj                       128      0         0      
       unlink.obj                       128      0         0      
       _lock.obj                        96       0         8      
       lseek.obj                        96       0         0      
       memccpy.obj                      96       0         0      
       modff.obj                        96       0         0      
       args_main.obj                    64       0         0      
       frcmpyd_div.obj                  64       0         0      
       isinf.obj                        64       0         0      
       errno.obj                        32       0         4      
       copy_decompress_none.obj         32       0         0      
       trunc.obj                        32       0         0      
       truncf.obj                       32       0         0      
    +--+--------------------------------+--------+---------+---------+
       Total:                           46464    554       1596   
                                                                  
    C:\hzhou39_decamar2_ashwina2\SE423Repo\Contest\FinalContestRobot2\SYSBIOS\src\sysbios\sysbios.ae674
       BIOS.obj                         17632    1304      0      
       c64p_Hwi_disp_always.obj         512      0         0      
       c64p_Exception_asm.obj           384      0         0      
       c62_TaskSupport_asm.obj          224      0         0      
       c64p_Hwi_asm_switch.obj          192      0         0      
    +--+--------------------------------+--------+---------+---------+
       Total:                           18944    1304      0      
                                                                  
       Stack:                           0        0         8192   
       Linker Generated:                0        2853      0      
    +--+--------------------------------+--------+---------+---------+
       Grand Total:                     133024   13024     59301  


LINKER GENERATED COPY TABLES

__TI_cinit_table @ 11832258 records: 5, size/record: 8, table size: 40
	.fardata: load addr=11831758, load size=000009d7 bytes, run addr=1182fdb8, run size=0000116c bytes, compression=rle
	.neardata: load addr=1183212f, load size=000000cc bytes, run addr=11830f90, run size=0000037b bytes, compression=rle
	.rodata: load addr=118321fb, load size=0000003e bytes, run addr=1183130c, run size=00000038 bytes, compression=rle
[...]
11830ff0  gyro_angle                                                          
11830ff4  old_gyro                                                            
11830ff8  gyro_drift                                                          
11830ffc  gyro                                                                
11831000  gyro_degrees                                                        
11831004  gyro_radians                                                        
11831008  gyro_x                                                              
1183100c  gyro_y                                                              
11831010  gyro4x_gain                                                         
11831014  statePos                                                            
11831018  robotdestSize                                                       
1183101c  trackableIDerror                                                    
11831020  firstdata                                                           
11831024  new_optitrack                                                       
11831028  previous_frame                                                      
1183102c  frame_error                                                         
11831030  temp_theta                                                          
11831034  tempOPTITRACK_theta                                                 
11831038  temp_trackableID                                                    
1183103c  trackableID                                                         
11831040  errorcheck                                                          
11831044  RobotState                                                          
11831048  Kp_obs                                                              
1183104c  FrontLeft_error                                                     
11831050  FrontRight_error                                                    
11831054  Kp_vref_obs                                                         
11831058  new_DSP_Float2                                                      
1183105c  new_DSP_Float3                                                      
11831060  new_DSP_Float4                                                      
11831064  new_DSP_Float5                                                      
11831068  new_DSP_Float6                                                      
1183106c  new_DSP_Float7                                                      
11831070  new_DSP_Float8                                                      
11831074  new_DSP_Float9                                                      
11831078  new_DSP_Float10                                                     
1183107c  new_DSP_Float11                                                     
11831080  new_DSP_Float12                                                     
11831084  new_DSP_Float13                                                     
11831088  new_DSP_Float14                                                     
1183108c  new_DSP_Float15                                                     
11831090  new_DSP_Float16                                                     
11831094  new_DSP_Float17                                                     
11831098  new_DSP_Float18                                                     
1183109c  new_DSP_Float19                                                     
118310a0  DSP_Float2                                                          
118310a4  DSP_Float3                                                          
118310a8  DSP_Float4                                                          
118310ac  DSP_Float5                                                          
118310b0  DSP_Float6                                                          
118310b4  DSP_Float7                                                          
118310b8  DSP_Float8                                                          
118310bc  DSP_Float9                                                          
118310c0  DSP_Float10                                                         
118310c4  DSP_Float11                                                         
118310c8  DSP_Float12                                                         
118310cc  DSP_Float13                                                         
118310d0  DSP_Float14                                                         
118310d4  DSP_Float15                                                         
118310d8  DSP_Float16                                                         
118310dc  DSP_Float17                                                         
118310e0  DSP_Float18                                                         
118310e4  DSP_Float19                                                         
118310e8  cntturn                                                             
118310ec  ref_right_wall                                                      
118310f0  left_turn_Start_threshold                                           
118310f4  left_turn_Stop_threshold                                            
118310f8  Kp_right_wall                                                       
118310fc  Kp_front_wall                                                       
11831100  front_turn_velocity                                                 
11831104  turn_command_saturation                                             
11831108  sharp_right_threshold                                               
1183110c  Kp_sharp_right                                                      
11831110  left_turn_corner_threshold                                          
11831114  KpGyro                                                              
11831118  p1_old                                                              
1183111c  p2_old                                                              
11831120  angular_vel                                                         
11831124  orientation                                                         
11831128  old_angular_vel                                                     
1183112c  p1_current                                                          
11831130  p2_current                                                          
11831134  v1                                                                  
11831138  v2                                                                  
1183113c  x                                                                   
11831140  y                                                                   
11831144  update_Timer                                                        
11831148  countdown                                                           
1183114c  astarRunning                                                        
11831150  astarTrigger                                                        
11831154  astarDone                                                           
11831158  pathLen                                                             
1183115c  pathPos                                                             
11831160  timecount                                                           
11831164  whichled                                                            
11831168  updateLCD                                                           
1183116c  testvar                                                             
11831170  noimagefound                                                        
11831174  object_x                                                            
11831178  object_y                                                            
1183117c  new_coordata                                                        
11831180  numpels                                                             
11831184  new_num_found_objects                                               
11831188  new_object_theta                                                    
1183118c  new_C20                                                             
11831190  new_C02                                                             
11831194  top                                                                 
11831198  left                                                                
1183119c  num_unique_objects                                                  
118311a0  current_object                                                      
118311a4  color                                                               
118311a8  color2                                                              
118311ac  Cdifference                                                         
118311b0  neighbor_type                                                       
118311b4  too_many_objects                                                    
118311b8  object_detected                                                     
118311bc  print_hue                                                           
118311bd  print_sat                                                           
118311be  print_val                                                           
118311bf  print_r                                                             
118311c0  print_b                                                             
118311c1  print_g                                                             
118311c4  specs_s                                                             
118311c8  specs_srad                                                          
118311cc  specs_v                                                             
118311d0  specs_vrad                                                          
118311d4  specs_h                                                             
118311d8  specs_h2                                                            
118311dc  specs_hrad                                                          
118311e0  VPIF_beginning_line                                                 
118311e4  equivalency                                                         
118311e8  done                                                                
118311ec  f28335RecFirsttime                                                  
118311f0  enc1                                                                
118311f4  enc2                                                                
118311f8  enc3                                                                
118311fc  enc4                                                                
11831200  compass                                                             
11831204  switchstate                                                         
11831208  adcA0                                                               
1183120c  adcB0                                                               
11831210  adcA1                                                               
11831214  adcB1                                                               
11831218  adcA2                                                               
1183121c  adcB2                                                               
11831220  adcA3                                                               
11831224  adcB3                                                               
11831228  adcA4                                                               
1183122c  adcB4                                                               
11831230  adcA5                                                               
11831234  adcB5                                                               
11831238  adcA6                                                               
1183123c  adcA7                                                               
11831240  F28335_Extra1                                                       
11831244  F28335_Extra2                                                       
11831248  F28335_Extra3                                                       
1183124c  F28335_Extra4                                                       
11831250  new_sendtolinux_F28335_Extra                                        
11831254  send_F28335_Extra1                                                  
11831258  send_F28335_Extra2                                                  
1183125c  send_F28335_Extra3                                                  
11831260  send_F28335_Extra4                                                  
11831264  num_EDMA3_0                                                         
11831268  numofints                                                           
1183126c  scalingLadar                                                        
11831270  LADARready                                                          
11831274  LADARprocess                                                        
11831278  uart1count                                                          
1183127c  numReadings                                                         
11831280  errL                                                                
11831284  errC                                                                
11831288  errR                                                                
1183128c  tLADARleftFt                                                        
11831290  tLADARcenterFt                                                      
11831294  tLADARrightFt                                                       
11831298  cPrevLADARdata                                                      
11831299  cLADARdata                                                          
1183129c  iLADARrcv                                                           
118312a0  cCommandName                                                        
118312a4  LADARleftFt                                                         
118312a8  LADARcenterFt                                                       
118312ac  LADARrightFt                                                        
118312b0  numreadings_lastscan                                                
118312b4  startAngle                                                          
118312b8  stepSize                                                            
118312bc  newLADARdata                                                        
118312c0  robotX                                                              
118312c4  robotY                                                              
118312c8  robotT                                                              
118312cc  tempSign                                                            
118312d0  tempOff                                                             
118312d4  servosPosted                                                        
118312d8  newServos                                                           
118312dc  McBSPrecerror                                                       
118312e0  firsttimeintMCBSPrec                                                
118312e4  timeint                                                             
118312e8  mcbspReset                                                          
118312ec  testcount                                                           
118312f0  danindex                                                            
118312f4  firsttimeLine1                                                      
118312f8  firsttimeLine2                                                      
118312fc  LCDnewMsgLine1                                                      
11831300  LCDnewMsgLine2                                                      
11831304  bluegain                                                            
11831308  bkgrnd_red                                                          
11831309  bkgrnd_green                                                        
1183130a  bkgrnd_blue                                                         
1183130c  SWI_RobotControl                                                    
11831310  CLK_addtime                                                         
11831314  CLK_startMcBSP                                                      
11831318  HWI8_EDMA3_0                                                        
1183131c  SWI_LCD                                                             
11831320  SWI_vision                                                          
11831324  HWI4_VPIF95                                                         
11831328  HWI7_PRU6                                                           
1183132c  HWI5_EDMA3_1                                                        
11831330  TASK_ComWithLinux                                                   
11831334  TASK_LADAR                                                          
11831338  task2                                                               
1183133c  task3                                                               
11831340  SEM_startAstar                                                      
11831400  ti_sysbios_family_c64p_Hwi0                                         
11831400  ti_sysbios_family_c64p_Hwi_int0                                     
11831420  ti_sysbios_family_c64p_Hwi_int1                                     
11831440  ti_sysbios_family_c64p_Hwi_int2                                     
11831460  ti_sysbios_family_c64p_Hwi_int3                                     
11831480  ti_sysbios_family_c64p_Hwi_int4                                     
118314a0  ti_sysbios_family_c64p_Hwi_int5                                     
118314c0  ti_sysbios_family_c64p_Hwi_int6                                     
118314e0  ti_sysbios_family_c64p_Hwi_int7                                     
11831500  ti_sysbios_family_c64p_Hwi_int8                                     
11831520  ti_sysbios_family_c64p_Hwi_int9                                     
11831540  ti_sysbios_family_c64p_Hwi_int10                                    
11831560  ti_sysbios_family_c64p_Hwi_int11                                    
11831580  ti_sysbios_family_c64p_Hwi_int12                                    
118315a0  ti_sysbios_family_c64p_Hwi_int13                                    
118315c0  ti_sysbios_family_c64p_Hwi_int14                                    
118315e0  ti_sysbios_family_c64p_Hwi_int15                                    
11831600  __CIOBUF_                                                           
11832250  __TI_Handler_Table_Base                                             
11832258  __TI_CINIT_Base                                                     
11832258  __TI_Handler_Table_Limit                                            
11832280  __TI_CINIT_Limit                                                    
ffffffff  __TI_pprof_out_hndl                                                 
ffffffff  __TI_prof_data_size                                                 
ffffffff  __TI_prof_data_start                                                
ffffffff  __binit__                                                           
ffffffff  __c_args__                                                          
ffffffff  binit                                                               
UNDEFED   __TI_INITARRAY_Base                                                 
UNDEFED   __TI_INITARRAY_Limit                                                
UNDEFED   __TI_TLS_INIT_Base                                                  
UNDEFED   __TI_TLS_INIT_Limit                                                 

[957 symbols]
