******************************************************************************
               TMS320C6x Linker PC v8.2.2                      
******************************************************************************
>> Linked Wed May  1 19:41:37 2019

OUTPUT FILE NAME:   <FinalContestRobot2.out>
ENTRY POINT SYMBOL: "_c_int00"  address: 1181e6c0


MEMORY CONFIGURATION

         name            origin    length      used     unused   attr    fill
----------------------  --------  ---------  --------  --------  ----  --------
  IROM                  11700000   00100000  00000000  00100000  R  X
  IRAM                  11800000   00038000  00034838  000037c8  RW X
  L3_CBA_RAM            80000000   00020000  00000000  00020000  RW X
  DDR                   c3000000   01000000  00000000  01000000  RW X


SEGMENT ALLOCATION MAP

run origin  load origin   length   init length attrs members
----------  ----------- ---------- ----------- ----- -------
11800000    11800000    00021c80   00021c80    r-x
  11800000    11800000    00021c40   00021c40    r-x .text
  11821c40    11821c40    00000040   00000040    r-- .const.1
11821c80    11821c80    0000bfbc   00000000    rw-
  11821c80    11821c80    0000bfbc   00000000    rw- .far
1182dc40    1182dc40    00002690   00002690    r--
  1182dc40    1182dc40    00002690   00002690    r-- .const.2
118302d0    118302d0    000035fb   00000000    rw-
  118302d0    118302d0    00002000   00000000    rw- .stack
  118322d0    118322d0    0000116c   00000000    rw- .fardata
  1183343c    1183343c    0000006c   00000000    rw- .bss
  118334a8    118334a8    00000423   00000000    rw- .neardata
118338cc    118338cc    00000038   00000000    r--
  118338cc    118338cc    00000038   00000000    r-- .rodata
11833908    11833908    00000120   00000000    rw-
  11833908    11833908    00000120   00000000    rw- .cio
11833a28    11833a28    000000f8   000000f8    r--
  11833a28    11833a28    000000f8   000000f8    r-- .switch
11833c00    11833c00    00000d20   00000d20    r-x
  11833c00    11833c00    00000200   00000200    r-x .vecs
  11833e00    11833e00    00000b20   00000b20    r-- .cinit


SECTION ALLOCATION MAP

 output                                  attributes/
section   page    origin      length       input sections
--------  ----  ----------  ----------   ----------------
.stack     0    118302d0    00002000     UNINITIALIZED
                  118302d0    00000008     boot.ae674 : boot.oe674 (.stack)
                  118302d8    00001ff8     --HOLE--

.bss       0    1183343c    0000006c     UNINITIALIZED
                  1183343c    00000004     evmomapl138_bsl.lib : evmomapl138_i2c.obj (.bss)
                  11833440    00000004     (.common:EDMA3_0_Regs)
                  11833444    00000004     (.common:EDMA3_1_Regs)
                  11833448    00000004     (.common:Image_data)
                  1183344c    00000004     (.common:LCD_Image)
                  11833450    00000004     (.common:LCD_mem)
                  11833454    00000004     (.common:Linux_Image)
                  11833458    00000004     (.common:Thres_Image)
                  1183345c    00000004     (.common:blue)
                  11833460    00000004     (.common:c)
                  11833464    00000004     (.common:cbar)
                  11833468    00000004     (.common:current)
                  1183346c    00000004     (.common:delta)
                  11833470    00000004     (.common:green)
                  11833474    00000004     (.common:hue)
                  11833478    00000004     (.common:index)
                  1183347c    00000004     (.common:k)
                  11833480    00000004     (.common:largest_num_pixels)
                  11833484    00000004     (.common:largest_object)
                  11833488    00000004     (.common:min)
                  1183348c    00000004     (.common:pic_data)
                  11833490    00000004     (.common:ptrshrdmem)
                  11833494    00000004     (.common:r)
                  11833498    00000004     (.common:rbar)
                  1183349c    00000004     (.common:red)
                  118334a0    00000004     (.common:sat)
                  118334a4    00000004     (.common:value)

.neardata 
*          0    118334a8    00000423     UNINITIALIZED
                  118334a8    00000264     user_FinalContestRobot2.obj (.neardata)
                  1183370c    000000a0     ColorVision.obj (.neardata)
                  118337ac    00000080     COECSL_edma3.obj (.neardata)
                  1183382c    00000068     Ladar.obj (.neardata)
                  11833894    00000028     COECSL_mcbsp.obj (.neardata)
                  118338bc    00000008     LCDprintf.obj (.neardata)
                  118338c4    00000007     ColorLCD.obj (.neardata)

.rodata    0    118338cc    00000038     UNINITIALIZED
                  118338cc    00000038     FinalContestRobot2_pe674.oe674 (.rodata)

.cinit     0    11833e00    00000b20     
                  11833e00    0000099b     (.cinit..fardata.load) [load image, compression = rle]
                  1183479b    000000fc     (.cinit..neardata.load) [load image, compression = rle]
                  11834897    0000003e     (.cinit..rodata.load) [load image, compression = rle]
                  118348d5    0000000b     (.cinit..far.load) [load image, compression = rle]
                  118348e0    00000009     (.cinit..bss.load) [load image, compression = rle]
                  118348e9    00000003     --HOLE-- [fill = 0]
                  118348ec    00000008     (__TI_handler_table)
                  118348f4    00000004     --HOLE-- [fill = 0]
                  118348f8    00000028     (__TI_cinit_table)

.init_array 
*          0    11800000    00000000     UNINITIALIZED

.vecs      0    11833c00    00000200     
                  11833c00    00000200     FinalContestRobot2_pe674.oe674 (.vecs)

xdc.meta   0    11800000    00000130     COPY SECTION
                  11800000    00000130     FinalContestRobot2_pe674.oe674 (xdc.meta)

.text      0    11800000    00021c40     
                  11800000    000058a0     user_FinalContestRobot2.obj (.text)
                  118058a0    00001f20     Ladar.obj (.text)
                  118077c0    00001ce0     rts6740_elf.lib : _printfi.obj (.text:__TI_printfi)
                  118094a0    00001a80                     : _scanfi.obj (.text:__TI_scanfi)
                  1180af20    000013e0     ColorVision.obj (.text)
                  1180c300    00000fe0     evmomapl138_bsl.lib : evmomapl138.obj (.text)
                  1180d2e0    00000960     ColorLCD.obj (.text)
                  1180dc40    00000920     MatrixMath.obj (.text)
                  1180e560    000008a0     ti.targets.rts6000.ae674 : System.oe674 (.text:xdc_runtime_System_doPrint__I)
                  1180ee00    00000780     evmomapl138_bsl.lib : evmomapl138_vpif.obj (.text)
                  1180f580    00000780     sysbios.ae674 : BIOS.obj (.text:ti_sysbios_family_c64p_Exception_handler__I)
                  1180fd00    00000680     COECSL_mcbsp.obj (.text)
                  11810380    00000680     rts6740_elf.lib : _printfi.obj (.text:_pconv_a)
                  11810a00    000005c0                     : divd.obj (.text:__c6xabi_divd)
                  11810fc0    00000560     evmomapl138_bsl.lib : evmomapl138_i2c.obj (.text)
                  11811520    00000540                         : evmomapl138_i2c_gpio.obj (.text)
                  11811a60    00000540                         : evmomapl138_uart.obj (.text)
                  11811fa0    00000500     rts6740_elf.lib : _printfi.obj (.text:_pconv_g)
                  118124a0    000004e0                     : strtod.obj (.text:strtod)
                  11812980    000004c0     COECSL_edma3.obj (.text)
                  11812e40    000004a0     evmomapl138_bsl.lib : evmomapl138_spi.obj (.text)
                  118132e0    000004a0     rts6740_elf.lib : strtoll.obj (.text:strtoll)
                  11813780    00000480     evmomapl138_bsl.lib : evmomapl138_gpio.obj (.text)
                  11813c00    00000440     rts6740_elf.lib : strtoull.obj (.text:strtoull)
                  11814040    00000420                     : _printfi.obj (.text:_pconv_e)
                  11814460    000003e0                     : fputs.obj (.text:fputs)
                  11814840    000003e0     user_xy.obj (.text)
                  11814c20    000003c0     sysbios.ae674 : BIOS.obj (.text:ti_sysbios_timers_timer64_Timer_Module_startup__E)
                  11814fe0    000003a0     rts6740_elf.lib : strtol.obj (.text:strtol)
                  11815380    00000360                     : fmodf.obj (.text:fmodf)
                  118156e0    00000340     sysbios.ae674 : BIOS.obj (.text:ti_sysbios_knl_Semaphore_pend__E)
                  11815a20    00000340                   : BIOS.obj (.text:ti_sysbios_timers_timer64_Timer_deviceConfig__I)
                  11815d60    00000340     FinalContestRobot2_pe674.oe674 (.text:xdc_runtime_System_printfExtend__I)
                  118160a0    00000320     rts6740_elf.lib : cos.obj (.text:cos)
                  118163c0    00000300                     : strtoul.obj (.text:strtoul)
                  118166c0    000002e0                     : sin.obj (.text:sin)
                  118169a0    000002e0     sysbios.ae674 : BIOS.obj (.text:ti_sysbios_timers_timer64_Timer_setPeriodMicroSecs__E)
                  11816c80    000002c0     ti.targets.rts6000.ae674 : LoggerBuf.oe674 (.text:xdc_runtime_LoggerBuf_write8__E)
                  11816f40    000002a0     rts6740_elf.lib : divf.obj (.text:__c6xabi_divf)
                  118171e0    000002a0                     : _printfi.obj (.text:_pconv_f)
                  11817480    000002a0                     : _printfi.obj (.text:fcvt)
                  11817720    00000280                     : cosf.obj (.text:cosf)
                  118179a0    00000260                     : imath64.obj (.text:__c6xabi_divull)
                  11817c00    00000260                     : sinf.obj (.text:sinf)
                  11817e60    00000260     ti.targets.rts6000.ae674 : Startup.oe674 (.text:xdc_runtime_Startup_startMods__I)
                  118180c0    00000240     sysbios.ae674 : BIOS.obj (.text:ti_sysbios_family_c64p_Exception_internalHandler__I)
                  11818300    00000220     rts6740_elf.lib : fputc.obj (.text:fputc)
                  11818520    00000220                     : setvbuf.obj (.text:setvbuf)
                  11818740    00000200                     : _printfi.obj (.text:_ltostr)
                  11818940    00000200     sysbios.ae674 : c64p_Hwi_disp_always.obj (.text:_ti_sysbios_family_c64p_Hwi_dispatchAlways)
                  11818b40    00000200     ti.targets.rts6000.ae674 : Error.oe674 (.text:xdc_runtime_Error_policyDefault__E)
                  11818d40    000001e0     sysbios.ae674 : BIOS.obj (.text:ti_sysbios_family_c64p_Cache_block__I)
                  11818f20    000001e0     ti.targets.rts6000.ae674 : LoggerBuf.oe674 (.text:xdc_runtime_LoggerBuf_write4__E)
                  11819100    000001e0                              : Text.oe674 (.text:xdc_runtime_Text_putSite__E)
                  118192e0    000001c0     rts6740_elf.lib : imath40.obj (.text:__c6xabi_divul)
                  118194a0    000001c0                     : frexp.obj (.text:frexp)
                  11819660    000001c0     sysbios.ae674 : BIOS.obj (.text:ti_sysbios_heaps_HeapMem_alloc__E)
                  11819820    000001c0                   : BIOS.obj (.text:ti_sysbios_knl_Task_checkStacks__E)
                  118199e0    000001a0     rts6740_elf.lib : hostrename.obj (.text:HOSTrename)
                  11819b80    000001a0     LCDprintf.obj (.text)
                  11819d20    000001a0     rts6740_elf.lib : _scanfi.obj (.text:_sproc_str)
                  11819ec0    000001a0                     : frexpf.obj (.text:frexpf)
                  1181a060    000001a0     sysbios.ae674 : BIOS.obj (.text:ti_sysbios_family_c64p_Cache_getL2InitSize__I)
                  1181a200    000001a0                   : BIOS.obj (.text:ti_sysbios_timers_timer64_Timer_start__E)
                  1181a3a0    00000180     evmomapl138_bsl.lib : evmomapl138_timer.obj (.text)
                  1181a520    00000180     rts6740_elf.lib : ldexp.obj (.text:ldexp)
                  1181a6a0    00000180                     : ldexpf.obj (.text:ldexpf)
                  1181a820    00000180     sysbios.ae674 : c64p_Exception_asm.obj (.text)
                  1181a9a0    00000180                   : BIOS.obj (.text:ti_sysbios_knl_Task_sleep__E)
                  1181ab20    00000160                   : BIOS.obj (.text:ti_sysbios_heaps_HeapMem_free__E)
                  1181ac80    00000160     ti.targets.rts6000.ae674 : Text.oe674 (.text:xdc_runtime_Text_putMod__E)
                  1181ade0    00000140     rts6740_elf.lib : fclose.obj (.text:__TI_closefile)
                  1181af20    00000140                     : sscanf.obj (.text:_chkmbc)
                  1181b060    00000140                     : atan2f.obj (.text:atan2f)
                  1181b1a0    00000140                     : getdevice.obj (.text:getdevice)
                  1181b2e0    00000140     sysbios.ae674 : BIOS.obj (.text:ti_sysbios_family_c64p_Cache_Module_startup__E)
                  1181b420    00000140                   : BIOS.obj (.text:ti_sysbios_family_c64p_Cache_getL1DInitSize__I)
                  1181b560    00000140                   : BIOS.obj (.text:ti_sysbios_family_c64p_Cache_getL1PInitSize__I)
                  1181b6a0    00000140                   : BIOS.obj (.text:ti_sysbios_knl_Task_postInit__I)
                  1181b7e0    00000140     ti.targets.rts6000.ae674 : LoggerBuf.oe674 (.text:xdc_runtime_LoggerBuf_setFilterLevel__E)
                  1181b920    00000140                              : Text.oe674 (.text:xdc_runtime_Text_putLab__E)
                  1181ba60    00000120     boot.ae674 : autoinit.oe674 (.text:_auto_init_elf)
                  1181bb80    00000120     rts6740_elf.lib : fseek.obj (.text:fseek)
                  1181bca0    00000120                     : sqrtf.obj (.text:sqrtf)
                  1181bdc0    00000120     sysbios.ae674 : BIOS.obj (.text:ti_sysbios_family_c64p_Hwi_Module_startup__E)
                  1181bee0    00000120                   : BIOS.obj (.text:ti_sysbios_knl_Clock_workFunc__E)
                  1181c000    00000120     ti.targets.rts6000.ae674 : LoggerBuf.oe674 (.text:xdc_runtime_LoggerBuf_getFilterLevel__E)
                  1181c120    00000100     rts6740_elf.lib : copy_decompress_rle.obj (.text:__TI_decompress_rle_core)
                  1181c220    00000100                     : _io_perm.obj (.text:__TI_wrt_ok)
                  1181c320    00000100                     : atanf.obj (.text:atanf)
                  1181c420    00000100                     : atoi.obj (.text:atoi)
                  1181c520    00000100     pru.obj (.text)
                  1181c620    00000100     sysbios.ae674 : BIOS.obj (.text:ti_sysbios_knl_Swi_restoreHwi__E)
                  1181c720    00000100                   : BIOS.obj (.text:ti_sysbios_timers_timer64_Timer_initDevice__I)
                  1181c820    00000100     ti.targets.rts6000.ae674 : Error.oe674 (.text:xdc_runtime_Error_print__E)
                  1181c920    00000100                              : Memory.oe674 (.text:xdc_runtime_Memory_alloc__E)
                  1181ca20    00000100                              : Startup.oe674 (.text:xdc_runtime_Startup_exec__E)
                  1181cb20    000000e0     rts6740_elf.lib : hostlseek.obj (.text:HOSTlseek)
                  1181cc00    000000e0                     : hostopen.obj (.text:HOSTopen)
                  1181cce0    000000e0                     : hostwrite.obj (.text:HOSTwrite)
                  1181cdc0    000000e0                     : divi.obj (.text:__divi)
                  1181cea0    000000e0                     : close.obj (.text:close)
                  1181cf80    000000e0                     : exit.obj (.text:exit)
                  1181d060    000000e0                     : ltoa.obj (.text:ltoa)
                  1181d140    000000e0                     : memset.obj (.text:memset)
                  1181d220    000000e0                     : printf.obj (.text:printf)
                  1181d300    000000e0     sysbios.ae674 : BIOS.obj (.text:ti_sysbios_knl_Swi_runLoop__I)
                  1181d3e0    000000e0                   : BIOS.obj (.text:ti_sysbios_knl_Task_Module_startup__E)
                  1181d4c0    000000e0                   : BIOS.obj (.text:ti_sysbios_knl_Task_exit__E)
                  1181d5a0    000000e0                   : BIOS.obj (.text:ti_sysbios_knl_Task_schedule__I)
                  1181d680    000000e0                   : BIOS.obj (.text:ti_sysbios_timers_timer64_Timer_startup__E)
                  1181d760    000000e0     ti.targets.rts6000.ae674 : Text.oe674 (.text:xdc_runtime_Text_visitRope2__I)
                  1181d840    000000c0     rts6740_elf.lib : hostread.obj (.text:HOSTread)
                  1181d900    000000c0                     : hostunlink.obj (.text:HOSTunlink)
                  1181d9c0    000000c0                     : fflush.obj (.text:__TI_doflush)
                  1181da80    000000c0                     : divu.obj (.text:__divu)
                  1181db40    000000c0                     : remi.obj (.text:__remi)
                  1181dc00    000000c0                     : _printfi.obj (.text:_ecpy)
                  1181dcc0    000000c0     sysbios.ae674 : BIOS.obj (.text:ti_sysbios_family_c64p_Hwi_dispatchCore__I)
                  1181dd80    000000c0                   : BIOS.obj (.text:ti_sysbios_heaps_HeapMem_getStats__E)
                  1181de40    000000c0                   : BIOS.obj (.text:ti_sysbios_knl_Semaphore_post__E)
                  1181df00    000000c0                   : BIOS.obj (.text:ti_sysbios_knl_Swi_run__I)
                  1181dfc0    000000c0                   : BIOS.obj (.text:ti_sysbios_knl_Swi_schedule__I)
                  1181e080    000000c0                   : BIOS.obj (.text:ti_sysbios_knl_Task_startCore__E)
                  1181e140    000000c0     rts6740_elf.lib : tls.obj (.text:tls:init:__TI_tls_init)
                  1181e200    000000c0     ti.targets.rts6000.ae674 : Error.oe674 (.text:xdc_runtime_Error_setX__E)
                  1181e2c0    000000c0                              : SysMin.oe674 (.text:xdc_runtime_SysMin_abort__E)
                  1181e380    000000c0                              : SysMin.oe674 (.text:xdc_runtime_SysMin_flush__E)
                  1181e440    000000a0     rts6740_elf.lib : hostclose.obj (.text:HOSTclose)
                  1181e4e0    000000a0                     : fopen.obj (.text:__TI_cleanup)
                  1181e580    000000a0                     : round.obj (.text:__c6xabi_nround)
                  1181e620    000000a0                     : remu.obj (.text:__remu)
                  1181e6c0    000000a0     boot.ae674 : boot.oe674 (.text:_c_int00)
                  1181e760    000000a0     rts6740_elf.lib : memcpy64.obj (.text:memcpy)
                  1181e800    000000a0                     : modf.obj (.text:modf)
                  1181e8a0    000000a0     sysbios.ae674 : BIOS.obj (.text:ti_sysbios_family_c64p_Exception_Module_startup__E)
                  1181e940    000000a0                   : BIOS.obj (.text:ti_sysbios_family_c64p_Hwi_eventMap__E)
                  1181e9e0    000000a0                   : BIOS.obj (.text:ti_sysbios_family_c64p_Hwi_getStackInfo__E)
                  1181ea80    000000a0                   : BIOS.obj (.text:ti_sysbios_gates_GateMutex_enter__E)
                  1181eb20    000000a0                   : BIOS.obj (.text:ti_sysbios_heaps_HeapMem_init__I)
                  1181ebc0    000000a0                   : BIOS.obj (.text:ti_sysbios_knl_Task_allBlockedFunction__I)
                  1181ec60    000000a0                   : BIOS.obj (.text:ti_sysbios_timers_timer64_Timer_stop__E)
                  1181ed00    000000a0     ti.targets.rts6000.ae674 : SysMin.oe674 (.text:xdc_runtime_SysMin_putch__E)
                  1181eda0    000000a0                              : System.oe674 (.text:xdc_runtime_System_formatNum__I)
                  1181ee40    000000a0                              : System.oe674 (.text:xdc_runtime_System_putchar__I)
                  1181eee0    000000a0                              : Text.oe674 (.text:xdc_runtime_Text_printVisFxn__I)
                  1181ef80    000000a0                              : Text.oe674 (.text:xdc_runtime_Text_xprintf__I)
                  1181f020    00000080     rts6740_elf.lib : trgmsg.obj (.text:__TI_readmsg)
                  1181f0a0    00000080                     : llshift.obj (.text:__c6xabi_llshl)
                  1181f120    00000080                     : roundf.obj (.text:__c6xabi_roundf)
                  1181f1a0    00000080     sysbios.ae674 : c62_TaskSupport_asm.obj (.text:_ti_sysbios_family_c62_TaskSupport_swap__E)
                  1181f220    00000080     rts6740_elf.lib : getdevice.obj (.text:finddevice)
                  1181f2a0    00000080     sysbios.ae674 : BIOS.obj (.text:ti_sysbios_family_c64p_Cache_wait__E)
                  1181f320    00000080                   : BIOS.obj (.text:ti_sysbios_hal_Hwi_checkStack)
                  1181f3a0    00000080                   : BIOS.obj (.text:ti_sysbios_hal_Hwi_initStack)
                  1181f420    00000080                   : BIOS.obj (.text:ti_sysbios_knl_Idle_run__E)
                  1181f4a0    00000080                   : BIOS.obj (.text:ti_sysbios_knl_Swi_post__E)
                  1181f520    00000080                   : BIOS.obj (.text:ti_sysbios_knl_Swi_startup__E)
                  1181f5a0    00000080                   : BIOS.obj (.text:ti_sysbios_knl_Task_processVitalTaskFlag__I)
                  1181f620    00000080                   : BIOS.obj (.text:ti_sysbios_knl_Task_restoreHwi__E)
                  1181f6a0    00000080                   : BIOS.obj (.text:ti_sysbios_knl_Task_restore__E)
                  1181f720    00000080     FinalContestRobot2_pe674.oe674 (.text:ti_sysbios_rts_MemAlloc_alloc)
                  1181f7a0    00000080     rts6740_elf.lib : unlink.obj (.text:unlink)
                  1181f820    00000080     ti.targets.rts6000.ae674 : LoggerBuf.oe674 (.text:xdc_runtime_LoggerBuf_Module_startup__E)
                  1181f8a0    00000080                              : LoggerBuf.oe674 (.text:xdc_runtime_LoggerBuf_filterOutEvent__I)
                  1181f920    00000080                              : System.oe674 (.text:xdc_runtime_System_atexit__E)
                  1181f9a0    00000080                              : System.oe674 (.text:xdc_runtime_System_avprintf__E)
                  1181fa20    00000080                              : System.oe674 (.text:xdc_runtime_System_processAtExit__E)
                  1181faa0    00000080                              : System.oe674 (.text:xdc_runtime_System_vprintf__E)
                  1181fb20    00000060     rts6740_elf.lib : trgmsg.obj (.text:__TI_writemsg)
                  1181fb80    00000060                     : llshift.obj (.text:__c6xabi_llshru)
                  1181fbe0    00000060                     : imath64.obj (.text:__c6xabi_remull)
                  1181fc40    00000060                     : imath64.obj (.text:_subcull)
                  1181fca0    00000060     sysbios.ae674 : c64p_Hwi_asm_switch.obj (.text:_ti_sysbios_family_c64p_Hwi_switchAndDispatch__I)
                  1181fd00    00000060                   : c64p_Hwi_asm_switch.obj (.text:_ti_sysbios_family_xxx_Hwi_switchAndRunFunc)
                  1181fd60    00000060     rts6740_elf.lib : lseek.obj (.text:lseek)
                  1181fdc0    00000060                     : memccpy.obj (.text:memccpy)
                  1181fe20    00000060                     : modff.obj (.text:modff)
                  1181fe80    00000060                     : sprintf.obj (.text:sprintf)
                  1181fee0    00000060                     : sscanf.obj (.text:sscanf)
                  1181ff40    00000060                     : _scanfi.obj (.text:strrchr)
                  1181ffa0    00000060     FinalContestRobot2_pe674.oe674 (.text:ti_sysbios_BIOS_atExitFunc__I)
                  11820000    00000060     FinalContestRobot2_pe674.oe674 (.text:ti_sysbios_BIOS_errorRaiseHook__I)
                  11820060    00000060     FinalContestRobot2_pe674.oe674 (.text:ti_sysbios_BIOS_rtsLock__I)
                  118200c0    00000060     FinalContestRobot2_pe674.oe674 (.text:ti_sysbios_BIOS_rtsUnlock__I)
                  11820120    00000060     sysbios.ae674 : BIOS.obj (.text:ti_sysbios_family_c62_TaskSupport_start__E)
                  11820180    00000060                   : BIOS.obj (.text:ti_sysbios_family_c64p_Cache_marInit__I)
                  118201e0    00000060                   : BIOS.obj (.text:ti_sysbios_family_c64p_Cache_setMar__E)
                  11820240    00000060     FinalContestRobot2_pe674.oe674 (.text:ti_sysbios_heaps_HeapMem_Object__get__S)
                  118202a0    00000060     sysbios.ae674 : BIOS.obj (.text:ti_sysbios_knl_Clock_Module_startup__E)
                  11820300    00000060     FinalContestRobot2_pe674.oe674 (.text:ti_sysbios_knl_Clock_doTick__I)
                  11820360    00000060     sysbios.ae674 : BIOS.obj (.text:ti_sysbios_knl_Semaphore_pendTimeout__I)
                  118203c0    00000060                   : BIOS.obj (.text:ti_sysbios_knl_Swi_Module_startup__E)
                  11820420    00000060     FinalContestRobot2_pe674.oe674 (.text:ti_sysbios_knl_Swi_Object__get__S)
                  11820480    00000060     FinalContestRobot2_pe674.oe674 (.text:ti_sysbios_knl_Task_Object__get__S)
                  118204e0    00000060     sysbios.ae674 : BIOS.obj (.text:ti_sysbios_knl_Task_enter__I)
                  11820540    00000060                   : BIOS.obj (.text:ti_sysbios_knl_Task_unblockI__E)
                  118205a0    00000060     rts6740_elf.lib : write.obj (.text:write)
                  11820600    00000060     FinalContestRobot2_pe674.oe674 (.text:xdc_runtime_LoggerBuf_Object__get__S)
                  11820660    00000060     ti.targets.rts6000.ae674 : LoggerBuf.oe674 (.text:xdc_runtime_LoggerBuf_reset__E)
                  118206c0    00000060     FinalContestRobot2_pe674.oe674 (.text:xdc_runtime_SysMin_output__I)
                  11820720    00000040     rts6740_elf.lib : frcmpyd_div.obj (.text:__TI_frcmpyd_div)
                  11820760    00000040                     : isinf.obj (.text:__c6xabi_isinf)
                  118207a0    00000040                     : _printfi.obj (.text:__c6xabi_isnan)
                  118207e0    00000040                     : args_main.obj (.text:_args_main)
                  11820820    00000040                     : sprintf.obj (.text:_outs)
                  11820860    00000040                     : vsprintf.obj (.text:_outs)
                  118208a0    00000040     sysbios.ae674 : c62_TaskSupport_asm.obj (.text:_ti_sysbios_family_c62_TaskSupport_buildTaskStack)
                  118208e0    00000040     FinalContestRobot2_pe674.oe674 (.text:free)
                  11820920    00000040     FinalContestRobot2_pe674.oe674 (.text:ti_sysbios_BIOS_exitFunc__I)
                  11820960    00000040     FinalContestRobot2_pe674.oe674 (.text:ti_sysbios_BIOS_registerRTSLock__I)
                  118209a0    00000040     FinalContestRobot2_pe674.oe674 (.text:ti_sysbios_BIOS_removeRTSLock__I)
                  118209e0    00000040     FinalContestRobot2_pe674.oe674 (.text:ti_sysbios_BIOS_startFunc__I)
                  11820a20    00000040     FinalContestRobot2_pe674.oe674 (.text:ti_sysbios_family_c64p_Hwi_Module__startupDone__F)
                  11820a60    00000040     sysbios.ae674 : BIOS.obj (.text:ti_sysbios_family_c64p_Hwi_disableInterrupt__E)
                  11820aa0    00000040                   : BIOS.obj (.text:ti_sysbios_family_c64p_Hwi_dispatchC__I)
                  11820ae0    00000040                   : BIOS.obj (.text:ti_sysbios_family_c64p_Hwi_enableInterrupt__E)
                  11820b20    00000040                   : BIOS.obj (.text:ti_sysbios_family_c64p_primus_TimerSupport_enable__E)
                  11820b60    00000040                   : BIOS.obj (.text:ti_sysbios_gates_GateMutex_leave__E)
                  11820ba0    00000040     FinalContestRobot2_pe674.oe674 (.text:ti_sysbios_hal_Hwi_HwiProxy_getStackInfo__E)
                  11820be0    00000040     FinalContestRobot2_pe674.oe674 (.text:ti_sysbios_knl_Clock_Module_State_clockQ)
                  11820c20    00000040     FinalContestRobot2_pe674.oe674 (.text:ti_sysbios_knl_Queue_Object__get__S)
                  11820c60    00000040     FinalContestRobot2_pe674.oe674 (.text:ti_sysbios_timers_timer64_Timer_Module__startupDone__F)
                  11820ca0    00000040     rts6740_elf.lib : vsprintf.obj (.text:vsprintf)
                  11820ce0    00000040     ti.targets.rts6000.ae674 : Error.oe674 (.text:xdc_runtime_Error_check__E)
                  11820d20    00000040                              : Error.oe674 (.text:xdc_runtime_Error_init__E)
                  11820d60    00000040     FinalContestRobot2_pe674.oe674 (.text:xdc_runtime_IHeap_alloc)
                  11820da0    00000040     FinalContestRobot2_pe674.oe674 (.text:xdc_runtime_IHeap_free)
                  11820de0    00000040     ti.targets.rts6000.ae674 : LoggerBuf.oe674 (.text:xdc_runtime_LoggerBuf_write0__E)
                  11820e20    00000040                              : LoggerBuf.oe674 (.text:xdc_runtime_LoggerBuf_write1__E)
                  11820e60    00000040                              : LoggerBuf.oe674 (.text:xdc_runtime_LoggerBuf_write2__E)
                  11820ea0    00000040                              : Registry.oe674 (.text:xdc_runtime_Registry_findById__E)
                  11820ee0    00000040     FinalContestRobot2_pe674.oe674 (.text:xdc_runtime_Startup_exec__I)
                  11820f20    00000040     ti.targets.rts6000.ae674 : SysMin.oe674 (.text:xdc_runtime_SysMin_Module_startup__E)
                  11820f60    00000040                              : SysMin.oe674 (.text:xdc_runtime_SysMin_exit__E)
                  11820fa0    00000040                              : System.oe674 (.text:xdc_runtime_System_abort__E)
                  11820fe0    00000040     FinalContestRobot2_pe674.oe674 (.text:xdc_runtime_System_aprintf__E)
                  11821020    00000040     ti.targets.rts6000.ae674 : System.oe674 (.text:xdc_runtime_System_exit__E)
                  11821060    00000040     FinalContestRobot2_pe674.oe674 (.text:xdc_runtime_System_printf__E)
                  118210a0    00000040     FinalContestRobot2_pe674.oe674 (.text:xdc_runtime_Text_visitRope__I)
                  118210e0    00000020     rts6740_elf.lib : errno.obj (.text:__c6xabi_errno_addr)
                  11821100    00000020                     : trunc.obj (.text:__c6xabi_trunc)
                  11821120    00000020                     : truncf.obj (.text:__c6xabi_truncf)
                  11821140    00000020                     : sscanf.obj (.text:_inpchar)
                  11821160    00000020                     : _lock.obj (.text:_nop)
                  11821180    00000020                     : printf.obj (.text:_outc)
                  118211a0    00000020                     : sprintf.obj (.text:_outc)
                  118211c0    00000020                     : vsprintf.obj (.text:_outc)
                  118211e0    00000020                     : printf.obj (.text:_outs)
                  11821200    00000020                     : _lock.obj (.text:_register_lock)
                  11821220    00000020                     : _lock.obj (.text:_register_unlock)
                  11821240    00000020     sysbios.ae674 : c62_TaskSupport_asm.obj (.text:_ti_sysbios_family_c62_TaskSupport_glue)
                  11821260    00000020     rts6740_elf.lib : sscanf.obj (.text:_uninpchar)
                  11821280    00000020                     : exit.obj (.text:abort)
                  118212a0    00000020                     : copy_decompress_none.obj (.text:decompress:none:__TI_decompress_none)
                  118212c0    00000020                     : copy_decompress_rle.obj (.text:decompress:rle24:__TI_decompress_rle24)
                  118212e0    00000020     FinalContestRobot2_pe674.oe674 (.text:malloc)
                  11821300    00000020     FinalContestRobot2_pe674.oe674 (.text:ti_sysbios_BIOS_RtsGateProxy_enter__E)
                  11821320    00000020     FinalContestRobot2_pe674.oe674 (.text:ti_sysbios_BIOS_RtsGateProxy_leave__E)
                  11821340    00000020     sysbios.ae674 : BIOS.obj (.text:ti_sysbios_BIOS_linkedWithIncorrectBootLibrary__E)
                  11821360    00000020     FinalContestRobot2_pe674.oe674 (.text:ti_sysbios_BIOS_nullFunc__I)
                  11821380    00000020     sysbios.ae674 : BIOS.obj (.text:ti_sysbios_BIOS_setThreadType__E)
                  118213a0    00000020                   : BIOS.obj (.text:ti_sysbios_BIOS_start__E)
                  118213c0    00000020     FinalContestRobot2_pe674.oe674 (.text:ti_sysbios_family_c62_TaskSupport_Module__startupDone__S)
                  118213e0    00000020     sysbios.ae674 : BIOS.obj (.text:ti_sysbios_family_c62_TaskSupport_checkStack__E)
                  11821400    00000020                   : BIOS.obj (.text:ti_sysbios_family_c64p_Cache_inv__E)
                  11821420    00000020                   : BIOS.obj (.text:ti_sysbios_family_c64p_Cache_wb__E)
                  11821440    00000020     FinalContestRobot2_pe674.oe674 (.text:ti_sysbios_family_c64p_Hwi_Module__startupDone__S)
                  11821460    00000020     sysbios.ae674 : BIOS.obj (.text:ti_sysbios_family_c64p_Hwi_clearInterrupt__E)
                  11821480    00000020                   : BIOS.obj (.text:ti_sysbios_family_c64p_Hwi_startup__E)
                  118214a0    00000020                   : BIOS.obj (.text:ti_sysbios_family_c64p_Hwi_switchFromBootStack__E)
                  118214c0    00000020                   : BIOS.obj (.text:ti_sysbios_family_c64p_TimestampProvider_Module_startup__E)
                  118214e0    00000020                   : BIOS.obj (.text:ti_sysbios_family_c64p_TimestampProvider_get64__E)
                  11821500    00000020                   : BIOS.obj (.text:ti_sysbios_gates_GateHwi_enter__E)
                  11821520    00000020                   : BIOS.obj (.text:ti_sysbios_gates_GateHwi_leave__E)
                  11821540    00000020                   : BIOS.obj (.text:ti_sysbios_gates_GateHwi_query__E)
                  11821560    00000020                   : BIOS.obj (.text:ti_sysbios_gates_GateMutex_query__E)
                  11821580    00000020     FinalContestRobot2_pe674.oe674 (.text:ti_sysbios_hal_Hwi_HwiProxy_Module__startupDone__S)
                  118215a0    00000020     FinalContestRobot2_pe674.oe674 (.text:ti_sysbios_hal_Hwi_HwiProxy_clearInterrupt__E)
                  118215c0    00000020     FinalContestRobot2_pe674.oe674 (.text:ti_sysbios_hal_Hwi_HwiProxy_disableInterrupt__E)
                  118215e0    00000020     FinalContestRobot2_pe674.oe674 (.text:ti_sysbios_hal_Hwi_HwiProxy_enableInterrupt__E)
                  11821600    00000020     FinalContestRobot2_pe674.oe674 (.text:ti_sysbios_hal_Hwi_HwiProxy_startup__E)
                  11821620    00000020     FinalContestRobot2_pe674.oe674 (.text:ti_sysbios_hal_Hwi_HwiProxy_switchFromBootStack__E)
                  11821640    00000020     sysbios.ae674 : BIOS.obj (.text:ti_sysbios_hal_Hwi_Module_startup__E)
                  11821660    00000020     FinalContestRobot2_pe674.oe674 (.text:ti_sysbios_heaps_HeapMem_Module_GateProxy_enter__E)
                  11821680    00000020     FinalContestRobot2_pe674.oe674 (.text:ti_sysbios_heaps_HeapMem_Module_GateProxy_leave__E)
                  118216a0    00000020     FinalContestRobot2_pe674.oe674 (.text:ti_sysbios_heaps_HeapMem_Module_GateProxy_query__E)
                  118216c0    00000020     sysbios.ae674 : BIOS.obj (.text:ti_sysbios_heaps_HeapMem_isBlocking__E)
                  118216e0    00000020     FinalContestRobot2_pe674.oe674 (.text:ti_sysbios_knl_Clock_TimerProxy_Module__startupDone__S)
                  11821700    00000020     FinalContestRobot2_pe674.oe674 (.text:ti_sysbios_knl_Clock_TimerProxy_getMaxTicks__E)
                  11821720    00000020     sysbios.ae674 : BIOS.obj (.text:ti_sysbios_knl_Clock_getTicks__E)
                  11821740    00000020                   : BIOS.obj (.text:ti_sysbios_knl_Clock_logTick__E)
                  11821760    00000020                   : BIOS.obj (.text:ti_sysbios_knl_Idle_loop__E)
                  11821780    00000020                   : BIOS.obj (.text:ti_sysbios_knl_Queue_empty__E)
                  118217a0    00000020                   : BIOS.obj (.text:ti_sysbios_knl_Swi_disable__E)
                  118217c0    00000020     FinalContestRobot2_pe674.oe674 (.text:ti_sysbios_knl_Task_SupportProxy_Module__startupDone__S)
                  118217e0    00000020     FinalContestRobot2_pe674.oe674 (.text:ti_sysbios_knl_Task_SupportProxy_checkStack__E)
                  11821800    00000020     FinalContestRobot2_pe674.oe674 (.text:ti_sysbios_knl_Task_SupportProxy_start__E)
                  11821820    00000020     FinalContestRobot2_pe674.oe674 (.text:ti_sysbios_knl_Task_SupportProxy_swap__E)
                  11821840    00000020     sysbios.ae674 : BIOS.obj (.text:ti_sysbios_knl_Task_disable__E)
                  11821860    00000020                   : BIOS.obj (.text:ti_sysbios_knl_Task_sleepTimeout__I)
                  11821880    00000020                   : BIOS.obj (.text:ti_sysbios_knl_Task_startup__E)
                  118218a0    00000020     FinalContestRobot2_pe674.oe674 (.text:ti_sysbios_timers_timer64_Timer_Module__startupDone__S)
                  118218c0    00000020     FinalContestRobot2_pe674.oe674 (.text:ti_sysbios_timers_timer64_Timer_TimerSupportProxy_enable__E)
                  118218e0    00000020     sysbios.ae674 : BIOS.obj (.text:ti_sysbios_timers_timer64_Timer_getMaxTicks__E)
                  11821900    00000020     FinalContestRobot2_pe674.oe674 (.text:xdc_iargToPtr)
                  11821920    00000020     ti.targets.rts6000.ae674 : Error.oe674 (.text:xdc_runtime_Error_getSite__E)
                  11821940    00000020                              : Error.oe674 (.text:xdc_runtime_Error_raiseX__E)
                  11821960    00000020                              : Gate.oe674 (.text:xdc_runtime_Gate_enterSystem__E)
                  11821980    00000020                              : Gate.oe674 (.text:xdc_runtime_Gate_leaveSystem__E)
                  118219a0    00000020     FinalContestRobot2_pe674.oe674 (.text:xdc_runtime_LoggerBuf_Module_GateProxy_enter__E)
                  118219c0    00000020     FinalContestRobot2_pe674.oe674 (.text:xdc_runtime_LoggerBuf_Module_GateProxy_leave__E)
                  118219e0    00000020     FinalContestRobot2_pe674.oe674 (.text:xdc_runtime_LoggerBuf_TimestampProxy_get64__E)
                  11821a00    00000020     ti.targets.rts6000.ae674 : LoggerBuf.oe674 (.text:xdc_runtime_LoggerBuf_disable__E)
                  11821a20    00000020                              : LoggerBuf.oe674 (.text:xdc_runtime_LoggerBuf_enable__E)
                  11821a40    00000020     FinalContestRobot2_pe674.oe674 (.text:xdc_runtime_Memory_HeapProxy_alloc__E)
                  11821a60    00000020     FinalContestRobot2_pe674.oe674 (.text:xdc_runtime_Memory_HeapProxy_free__E)
                  11821a80    00000020     ti.targets.rts6000.ae674 : Memory.oe674 (.text:xdc_runtime_Memory_free__E)
                  11821aa0    00000020                              : Memory.oe674 (.text:xdc_runtime_Memory_getMaxDefaultTypeAlign__E)
                  11821ac0    00000020     FinalContestRobot2_pe674.oe674 (.text:xdc_runtime_Startup_reset__I)
                  11821ae0    00000020     ti.targets.rts6000.ae674 : Startup.oe674 (.text:xdc_runtime_Startup_rtsDone__E)
                  11821b00    00000020                              : SysMin.oe674 (.text:xdc_runtime_SysMin_ready__E)
                  11821b20    00000020     FinalContestRobot2_pe674.oe674 (.text:xdc_runtime_System_Module_GateProxy_enter__E)
                  11821b40    00000020     FinalContestRobot2_pe674.oe674 (.text:xdc_runtime_System_Module_GateProxy_leave__E)
                  11821b60    00000020     ti.targets.rts6000.ae674 : System.oe674 (.text:xdc_runtime_System_Module_startup__E)
                  11821b80    00000020     FinalContestRobot2_pe674.oe674 (.text:xdc_runtime_System_SupportProxy_abort__E)
                  11821ba0    00000020     FinalContestRobot2_pe674.oe674 (.text:xdc_runtime_System_SupportProxy_exit__E)
                  11821bc0    00000020     FinalContestRobot2_pe674.oe674 (.text:xdc_runtime_System_SupportProxy_putch__E)
                  11821be0    00000020     FinalContestRobot2_pe674.oe674 (.text:xdc_runtime_System_SupportProxy_ready__E)
                  11821c00    00000020     ti.targets.rts6000.ae674 : System.oe674 (.text:xdc_runtime_System_vsnprintf__E)
                  11821c20    00000020                              : Text.oe674 (.text:xdc_runtime_Text_ropeText__E)

.const.1   0    11821c40    00000040     
                  11821c40    00000040     evmomapl138_bsl.lib : evmomapl138.obj (.const:.string)

.far       0    11821c80    0000bfbc     UNINITIALIZED
                  11821c80    000048c0     FinalContestRobot2_pe674.oe674 (.far:taskStackSection)
                  11826540    00001000     (.common:ti_sysbios_heaps_HeapMem_Instance_State_0_buf__A)
                  11827540    00000fa0     (.common:enc0_array)
                  118284e0    00000c00     (.common:object_stats)
                  118290e0    00000ab0     (.common:obs)
                  11829b90    00000060     (.common:robotdest)
                  11829bf0    0000000c     (.common:LADARps)
                  11829bfc    00000004     --HOLE--
                  11829c00    00000578     (.common:LADARinBuffer)
                  1182a178    00000400     (.common:equivalency_objects)
                  1182a578    00000400     (.common:temp_equivalency_objects)
                  1182a978    000003e8     (.common:LADARangle)
                  1182ad60    000003e8     (.common:LADARdataX)
                  1182b148    000003e8     (.common:LADARdataY)
                  1182b530    000003e8     (.common:LADARdistance)
                  1182b918    000003e8     (.common:newLADARangle)
                  1182bd00    000003e8     (.common:newLADARdataX)
                  1182c0e8    000003e8     (.common:newLADARdataY)
                  1182c4d0    000003e8     (.common:newLADARdistance)
                  1182c8b8    0000039c     (.common:final_object_stats)
                  1182cc54    00000004     --HOLE--
                  1182cc58    000002d0     (.common:boxes)
                  1182cf28    00000200     (.common:xdc_runtime_LoggerBuf_Instance_State_0_entryArr__A)
                  1182d128    00000200     (.common:xdc_runtime_SysMin_Module_State_0_outbuf__A)
                  1182d328    00000190     (.common:pathCol)
                  1182d4b8    00000190     (.common:pathRow)
                  1182d648    00000140     (.common:__TI_tmpnams)
                  1182d788    00000102     (.common:fromLinuxstring)
                  1182d88a    00000006     --HOLE--
                  1182d890    00000102     (.common:toLinuxstring)
                  1182d992    00000006     --HOLE--
                  1182d998    0000002c     (.common:dist)
                  1182d9c4    00000004     --HOLE--
                  1182d9c8    0000002c     (.common:xdist)
                  1182d9f4    0000000c     (.common:OPTITRACKps)
                  1182da00    0000009c     (.common:f28335recData)
                  1182da9c    00000004     --HOLE--
                  1182daa0    0000002c     (.common:ydist)
                  1182dacc    00000004     --HOLE--
                  1182dad0    00000028     (.common:i2cdata)
                  1182daf8    00000008     (.common:parmbuf)
                  1182db00    00000068     (.common:f28335TXData)
                  1182db68    00000024     (.common:temp_3x3)
                  1182db8c    00000004     --HOLE--
                  1182db90    0000001e     (.common:LADARoutBuffer)
                  1182dbae    00000002     --HOLE--
                  1182dbb0    00000014     (.common:Optitrackdata)
                  1182dbc4    0000000c     (.common:ROBOTps)
                  1182dbd0    0000000c     (.common:bluex)
                  1182dbdc    00000004     --HOLE--
                  1182dbe0    0000000c     (.common:bluey)
                  1182dbec    00000004     --HOLE--
                  1182dbf0    0000000c     (.common:orangex)
                  1182dbfc    00000004     --HOLE--
                  1182dc00    0000000c     (.common:orangey)
                  1182dc0c    00000004     --HOLE--
                  1182dc10    0000000c     (.common:temp_3x1)
                  1182dc1c    00000004     --HOLE--
                  1182dc20    0000000c     (.common:ytilde)
                  1182dc2c    00000004     --HOLE--
                  1182dc30    0000000c     (.common:z)

.const.2   0    1182dc40    00002690     
                  1182dc40    000019d4     FinalContestRobot2_pe674.oe674 (.const:xdc_runtime_Text_charTab__A)
                  1182f614    00000518     sysbios.ae674 : BIOS.obj (.const:.string)
                  1182fb2c    00000004     FinalContestRobot2_pe674.oe674 (.const:ti_sysbios_BIOS_installedErrorHook__C)
                  1182fb30    00000101     rts6740_elf.lib : ctype.obj (.const:.string:_ctypes_)
                  1182fc31    00000001     FinalContestRobot2_pe674.oe674 (.const:ti_sysbios_timers_timer64_Timer_localTimerBaseId__C)
                  1182fc32    00000002     FinalContestRobot2_pe674.oe674 (.const:ti_sysbios_family_c64p_Cache_Module__id__C)
                  1182fc34    00000004     FinalContestRobot2_pe674.oe674 (.const:ti_sysbios_family_c64p_Cache_EMIFA_BASE__C)
                  1182fc38    000000cc     FinalContestRobot2_pe674.oe674 (.const:xdc_runtime_Text_nodeTab__A)
                  1182fd04    000000b0     user_FinalContestRobot2.obj (.const:.string)
                  1182fdb4    00000004     FinalContestRobot2_pe674.oe674 (.const:ti_sysbios_family_c64p_Cache_EMIFA_CFG__C)
                  1182fdb8    00000080     evmomapl138_bsl.lib : evmomapl138.obj (.const:bitval_u32)
                  1182fe38    00000058     ti.targets.rts6000.ae674 : Error.oe674 (.const:.string)
                  1182fe90    00000050     rts6740_elf.lib : strtod.obj (.const:digits)
                  1182fee0    00000048                     : strtod.obj (.const:powerof10)
                  1182ff28    00000044     Ladar.obj (.const:.string)
                  1182ff6c    00000040     ti.targets.rts6000.ae674 : Text.oe674 (.const:.string)
                  1182ffac    0000003c     FinalContestRobot2_pe674.oe674 (.const:xdc_runtime_LoggerBuf_Module__FXNS__C)
                  1182ffe8    00000030     FinalContestRobot2_pe674.oe674 (.const:xdc_runtime_Startup_sfxnTab__A)
                  11830018    0000002c     ti.targets.rts6000.ae674 : Startup.oe674 (.const:.string)
                  11830044    00000028     FinalContestRobot2_pe674.oe674 (.const:ti_sysbios_heaps_HeapMem_Module__FXNS__C)
                  1183006c    00000024     rts6740_elf.lib : _printfi.obj (.const:.string)
                  11830090    00000024     FinalContestRobot2_pe674.oe674 (.const:ti_sysbios_gates_GateHwi_Module__FXNS__C)
                  118300b4    00000024     FinalContestRobot2_pe674.oe674 (.const:ti_sysbios_gates_GateMutex_Module__FXNS__C)
                  118300d8    00000018     ColorLCD.obj (.const:$P$T0$1)
                  118300f0    00000018     ti.targets.rts6000.ae674 : System.oe674 (.const:.string)
                  11830108    00000018     FinalContestRobot2_pe674.oe674 (.const:xdc_runtime_Startup_sfxnRts__A)
                  11830120    00000010     evmomapl138_bsl.lib : evmomapl138_uart.obj (.const:.string)
                  11830130    00000008     FinalContestRobot2_pe674.oe674 (.const:ti_sysbios_knl_Idle_funcList__C)
                  11830138    00000008     FinalContestRobot2_pe674.oe674 (.const:xdc_runtime_Startup_firstFxns__A)
                  11830140    00000008     FinalContestRobot2_pe674.oe674 (.const:xdc_runtime_Startup_firstFxns__C)
                  11830148    00000008     FinalContestRobot2_pe674.oe674 (.const:xdc_runtime_Startup_lastFxns__C)
                  11830150    00000007     rts6740_elf.lib : _scanfi.obj (.const:.string:flit$1)
                  11830157    00000001     --HOLE-- [fill = 0]
                  11830158    00000006                     : _scanfi.obj (.const:.string:barr$2)
                  1183015e    00000002     FinalContestRobot2_pe674.oe674 (.const:ti_sysbios_family_c64p_Exception_Module__id__C)
                  11830160    00000004     Ladar.obj (.const:.string:$P$T0$1)
                  11830164    00000004     FinalContestRobot2_pe674.oe674 (.const:ti_sysbios_family_c64p_Cache_EMIFA_LENGTH__C)
                  11830168    00000004     FinalContestRobot2_pe674.oe674 (.const:ti_sysbios_family_c64p_Cache_EMIFB_BASE__C)
                  1183016c    00000004     FinalContestRobot2_pe674.oe674 (.const:ti_sysbios_family_c64p_Cache_EMIFB_CFG__C)
                  11830170    00000004     FinalContestRobot2_pe674.oe674 (.const:ti_sysbios_family_c64p_Cache_EMIFB_LENGTH__C)
                  11830174    00000004     FinalContestRobot2_pe674.oe674 (.const:ti_sysbios_family_c64p_Cache_EMIFC_BASE__C)
                  11830178    00000004     FinalContestRobot2_pe674.oe674 (.const:ti_sysbios_family_c64p_Cache_EMIFC_CFG__C)
                  1183017c    00000004     FinalContestRobot2_pe674.oe674 (.const:ti_sysbios_family_c64p_Cache_EMIFC_LENGTH__C)
                  11830180    00000004     FinalContestRobot2_pe674.oe674 (.const:ti_sysbios_family_c64p_Cache_E_invalidL1CacheSize__C)
                  11830184    00000004     FinalContestRobot2_pe674.oe674 (.const:ti_sysbios_family_c64p_Cache_E_invalidL2CacheSize__C)
                  11830188    00000004     FinalContestRobot2_pe674.oe674 (.const:ti_sysbios_family_c64p_Cache_MAR0_31__C)
                  1183018c    00000004     FinalContestRobot2_pe674.oe674 (.const:ti_sysbios_family_c64p_Cache_MAR128_159__C)
                  11830190    00000004     FinalContestRobot2_pe674.oe674 (.const:ti_sysbios_family_c64p_Cache_MAR160_191__C)
                  11830194    00000004     FinalContestRobot2_pe674.oe674 (.const:ti_sysbios_family_c64p_Cache_MAR192_223__C)
                  11830198    00000004     FinalContestRobot2_pe674.oe674 (.const:ti_sysbios_family_c64p_Cache_MAR224_255__C)
                  1183019c    00000004     FinalContestRobot2_pe674.oe674 (.const:ti_sysbios_family_c64p_Cache_MAR32_63__C)
                  118301a0    00000004     FinalContestRobot2_pe674.oe674 (.const:ti_sysbios_family_c64p_Cache_MAR64_95__C)
                  118301a4    00000004     FinalContestRobot2_pe674.oe674 (.const:ti_sysbios_family_c64p_Cache_MAR96_127__C)
                  118301a8    00000004     FinalContestRobot2_pe674.oe674 (.const:ti_sysbios_family_c64p_Exception_E_exceptionMax__C)
                  118301ac    00000004     FinalContestRobot2_pe674.oe674 (.const:ti_sysbios_family_c64p_Exception_exceptionHook__C)
                  118301b0    00000004     FinalContestRobot2_pe674.oe674 (.const:ti_sysbios_family_c64p_Exception_externalHook__C)
                  118301b4    00000004     FinalContestRobot2_pe674.oe674 (.const:ti_sysbios_family_c64p_Exception_internalHook__C)
                  118301b8    00000004     FinalContestRobot2_pe674.oe674 (.const:ti_sysbios_family_c64p_Exception_nmiHook__C)
                  118301bc    00000004     FinalContestRobot2_pe674.oe674 (.const:ti_sysbios_gates_GateMutex_Instance_State_sem__O)
                  118301c0    00000004     FinalContestRobot2_pe674.oe674 (.const:ti_sysbios_hal_Hwi_E_stackOverflow__C)
                  118301c4    00000004     FinalContestRobot2_pe674.oe674 (.const:ti_sysbios_heaps_HeapMem_E_memory__C)
                  118301c8    00000004     FinalContestRobot2_pe674.oe674 (.const:ti_sysbios_heaps_HeapMem_Module__gateObj__C)
                  118301cc    00000004     FinalContestRobot2_pe674.oe674 (.const:ti_sysbios_heaps_HeapMem_Object__count__C)
                  118301d0    00000004     FinalContestRobot2_pe674.oe674 (.const:ti_sysbios_heaps_HeapMem_Object__table__C)
                  118301d4    00000004     FinalContestRobot2_pe674.oe674 (.const:ti_sysbios_knl_Clock_Module_State_clockQ__O)
                  118301d8    00000004     FinalContestRobot2_pe674.oe674 (.const:ti_sysbios_knl_Idle_funcList__A)
                  118301dc    00000004     FinalContestRobot2_pe674.oe674 (.const:ti_sysbios_knl_Semaphore_Instance_State_pendQ__O)
                  118301e0    00000004     FinalContestRobot2_pe674.oe674 (.const:ti_sysbios_knl_Swi_Object__count__C)
                  118301e4    00000004     FinalContestRobot2_pe674.oe674 (.const:ti_sysbios_knl_Swi_Object__table__C)
                  118301e8    00000004     FinalContestRobot2_pe674.oe674 (.const:ti_sysbios_knl_Task_E_spOutOfBounds__C)
                  118301ec    00000004     FinalContestRobot2_pe674.oe674 (.const:ti_sysbios_knl_Task_E_stackOverflow__C)
                  118301f0    00000004     FinalContestRobot2_pe674.oe674 (.const:ti_sysbios_knl_Task_Module_State_inactiveQ__O)
                  118301f4    00000004     FinalContestRobot2_pe674.oe674 (.const:ti_sysbios_knl_Task_Object__count__C)
                  118301f8    00000004     FinalContestRobot2_pe674.oe674 (.const:ti_sysbios_knl_Task_Object__table__C)
                  118301fc    00000004     FinalContestRobot2_pe674.oe674 (.const:ti_sysbios_knl_Task_allBlockedFunc__C)
                  11830200    00000004     FinalContestRobot2_pe674.oe674 (.const:ti_sysbios_knl_Task_numConstructedTasks__C)
                  11830204    00000004     FinalContestRobot2_pe674.oe674 (.const:ti_sysbios_timers_timer64_Timer_E_cannotSupport__C)
                  11830208    00000004     FinalContestRobot2_pe674.oe674 (.const:ti_sysbios_timers_timer64_Timer_anyMaskHigh__C)
                  1183020c    00000004     FinalContestRobot2_pe674.oe674 (.const:ti_sysbios_timers_timer64_Timer_anyMask__C)
                  11830210    00000004     FinalContestRobot2_pe674.oe674 (.const:ti_sysbios_timers_timer64_Timer_freqDivisor__C)
                  11830214    00000004     FinalContestRobot2_pe674.oe674 (.const:ti_sysbios_timers_timer64_Timer_numLocalTimers__C)
                  11830218    00000004     FinalContestRobot2_pe674.oe674 (.const:ti_sysbios_timers_timer64_Timer_numTimerDevices__C)
                  1183021c    00000004     FinalContestRobot2_pe674.oe674 (.const:xdc_runtime_Assert_E_assertFailed__C)
                  11830220    00000004     FinalContestRobot2_pe674.oe674 (.const:xdc_runtime_Error_E_memory__C)
                  11830224    00000004     FinalContestRobot2_pe674.oe674 (.const:xdc_runtime_Error_Module__diagsEnabled__C)
                  11830228    00000004     FinalContestRobot2_pe674.oe674 (.const:xdc_runtime_Error_Module__diagsIncluded__C)
                  1183022c    00000004     FinalContestRobot2_pe674.oe674 (.const:xdc_runtime_Error_Module__diagsMask__C)
                  11830230    00000004     FinalContestRobot2_pe674.oe674 (.const:xdc_runtime_Error_Module__loggerFxn8__C)
                  11830234    00000004     FinalContestRobot2_pe674.oe674 (.const:xdc_runtime_Error_Module__loggerObj__C)
                  11830238    00000004     FinalContestRobot2_pe674.oe674 (.const:xdc_runtime_Error_policyFxn__C)
                  1183023c    00000004     FinalContestRobot2_pe674.oe674 (.const:xdc_runtime_Error_policy__C)
                  11830240    00000004     FinalContestRobot2_pe674.oe674 (.const:xdc_runtime_Error_raiseHook__C)
                  11830244    00000004     FinalContestRobot2_pe674.oe674 (.const:xdc_runtime_IFilterLogger_Interface__BASE__C)
                  11830248    00000004     FinalContestRobot2_pe674.oe674 (.const:xdc_runtime_IGateProvider_Interface__BASE__C)
                  1183024c    00000004     FinalContestRobot2_pe674.oe674 (.const:xdc_runtime_IHeap_Interface__BASE__C)
                  11830250    00000004     FinalContestRobot2_pe674.oe674 (.const:xdc_runtime_ILogger_Interface__BASE__C)
                  11830254    00000004     FinalContestRobot2_pe674.oe674 (.const:xdc_runtime_IModule_Interface__BASE__C)
                  11830258    00000004     FinalContestRobot2_pe674.oe674 (.const:xdc_runtime_Log_L_error__C)
                  1183025c    00000004     FinalContestRobot2_pe674.oe674 (.const:xdc_runtime_LoggerBuf_E_badLevel__C)
                  11830260    00000004     FinalContestRobot2_pe674.oe674 (.const:xdc_runtime_LoggerBuf_Module__gateObj__C)
                  11830264    00000004     FinalContestRobot2_pe674.oe674 (.const:xdc_runtime_LoggerBuf_Object__count__C)
                  11830268    00000004     FinalContestRobot2_pe674.oe674 (.const:xdc_runtime_LoggerBuf_Object__table__C)
                  1183026c    00000004     FinalContestRobot2_pe674.oe674 (.const:xdc_runtime_LoggerBuf_statusLogger__C)
                  11830270    00000004     FinalContestRobot2_pe674.oe674 (.const:xdc_runtime_Memory_defaultHeapInstance__C)
                  11830274    00000004     FinalContestRobot2_pe674.oe674 (.const:xdc_runtime_Startup_execImpl__C)
                  11830278    00000004     FinalContestRobot2_pe674.oe674 (.const:xdc_runtime_Startup_maxPasses__C)
                  1183027c    00000004     FinalContestRobot2_pe674.oe674 (.const:xdc_runtime_Startup_sfxnRts__C)
                  11830280    00000004     FinalContestRobot2_pe674.oe674 (.const:xdc_runtime_Startup_sfxnTab__C)
                  11830284    00000004     FinalContestRobot2_pe674.oe674 (.const:xdc_runtime_Startup_startModsFxn__C)
                  11830288    00000004     FinalContestRobot2_pe674.oe674 (.const:xdc_runtime_SysMin_bufSize__C)
                  1183028c    00000004     FinalContestRobot2_pe674.oe674 (.const:xdc_runtime_SysMin_outputFunc__C)
                  11830290    00000004     FinalContestRobot2_pe674.oe674 (.const:xdc_runtime_System_Module__gateObj__C)
                  11830294    00000004     FinalContestRobot2_pe674.oe674 (.const:xdc_runtime_System_abortFxn__C)
                  11830298    00000004     FinalContestRobot2_pe674.oe674 (.const:xdc_runtime_System_exitFxn__C)
                  1183029c    00000004     FinalContestRobot2_pe674.oe674 (.const:xdc_runtime_System_extendFxn__C)
                  118302a0    00000004     FinalContestRobot2_pe674.oe674 (.const:xdc_runtime_System_maxAtexitHandlers__C)
                  118302a4    00000004     FinalContestRobot2_pe674.oe674 (.const:xdc_runtime_Text_charTab__C)
                  118302a8    00000004     FinalContestRobot2_pe674.oe674 (.const:xdc_runtime_Text_nodeTab__C)
                  118302ac    00000004     FinalContestRobot2_pe674.oe674 (.const:xdc_runtime_Text_visitRopeFxn__C)
                  118302b0    00000002     FinalContestRobot2_pe674.oe674 (.const:ti_sysbios_family_c64p_Exception_useInternalBuffer__C)
                  118302b2    00000002     FinalContestRobot2_pe674.oe674 (.const:ti_sysbios_hal_Hwi_Module__id__C)
                  118302b4    00000002     FinalContestRobot2_pe674.oe674 (.const:ti_sysbios_heaps_HeapMem_Module__id__C)
                  118302b6    00000002     FinalContestRobot2_pe674.oe674 (.const:ti_sysbios_knl_Task_Module__id__C)
                  118302b8    00000002     FinalContestRobot2_pe674.oe674 (.const:ti_sysbios_timers_timer64_Timer_Module__id__C)
                  118302ba    00000002     FinalContestRobot2_pe674.oe674 (.const:ti_sysbios_timers_timer64_Timer_startupNeeded__C)
                  118302bc    00000002     FinalContestRobot2_pe674.oe674 (.const:ti_sysbios_timers_timer64_Timer_useTimer64pRegMap__C)
                  118302be    00000002     FinalContestRobot2_pe674.oe674 (.const:xdc_runtime_Error_Module__loggerDefined__C)
                  118302c0    00000002     FinalContestRobot2_pe674.oe674 (.const:xdc_runtime_Error_maxDepth__C)
                  118302c2    00000002     FinalContestRobot2_pe674.oe674 (.const:xdc_runtime_LoggerBuf_Module__id__C)
                  118302c4    00000002     FinalContestRobot2_pe674.oe674 (.const:xdc_runtime_LoggerBuf_filterByLevel__C)
                  118302c6    00000002     FinalContestRobot2_pe674.oe674 (.const:xdc_runtime_Memory_Module__id__C)
                  118302c8    00000002     FinalContestRobot2_pe674.oe674 (.const:xdc_runtime_SysMin_flushAtExit__C)
                  118302ca    00000002     FinalContestRobot2_pe674.oe674 (.const:xdc_runtime_Text_isLoaded__C)
                  118302cc    00000002     FinalContestRobot2_pe674.oe674 (.const:xdc_runtime_Text_registryModsLastId__C)
                  118302ce    00000002     FinalContestRobot2_pe674.oe674 (.const:xdc_runtime_Text_unnamedModsLastId__C)

.fardata   0    118322d0    0000116c     UNINITIALIZED
                  118322d0    0000025c     ColorVision.obj (.fardata:PRUCode)
                  1183252c    00000004     rts6740_elf.lib : _lock.obj (.fardata:_lock)
                  11832530    000001e0                     : defs.obj (.fardata:_ftable)
                  11832710    000001cc     FinalContestRobot2_pe674.oe674 (.fardata:ti_sysbios_knl_Task_Object__table__V)
                  118328dc    00000004     rts6740_elf.lib : _lock.obj (.fardata:_unlock)
                  118328e0    000000c0     FinalContestRobot2_pe674.oe674 (.fardata:ti_sysbios_knl_Swi_Object__table__V)
                  118329a0    000000b0     user_FinalContestRobot2.obj (.fardata:map)
                  11832a50    000000b0     user_FinalContestRobot2.obj (.fardata:originalMap)
                  11832b00    000000a0     rts6740_elf.lib : write.obj (.fardata:_stream)
                  11832ba0    00000080     FinalContestRobot2_pe674.oe674 (.fardata:ti_sysbios_knl_Swi_Module_State_0_readyQ__A)
                  11832c20    00000080     FinalContestRobot2_pe674.oe674 (.fardata:ti_sysbios_knl_Task_Module_State_0_readyQ__A)
                  11832ca0    00000078     rts6740_elf.lib : write.obj (.fardata:_device)
                  11832d18    00000078     FinalContestRobot2_pe674.oe674 (.fardata:ti_sysbios_family_c64p_Hwi_Object__table__V)
                  11832d90    0000006c     FinalContestRobot2_pe674.oe674 (.fardata:ti_sysbios_family_c64p_Hwi_Module__state__V)
                  11832dfc    00000004     rts6740_elf.lib : defs.obj (.fardata)
                  11832e00    00000060     FinalContestRobot2_pe674.oe674 (.fardata:ti_sysbios_timers_timer64_Timer_Module_State_0_device__A)
                  11832e60    00000050     Ladar.obj (.fardata:cornersX)
                  11832eb0    00000050     Ladar.obj (.fardata:cornersY)
                  11832f00    00000050     FinalContestRobot2_pe674.oe674 (.fardata:ti_sysbios_timers_timer64_Timer_Object__table__V)
                  11832f50    00000048     FinalContestRobot2_pe674.oe674 (.fardata:ti_sysbios_knl_Task_Module__state__V)
                  11832f98    00000040     rts6740_elf.lib : cos.obj (.fardata:R$1)
                  11832fd8    00000040                     : sin.obj (.fardata:R$1)
                  11833018    00000040     FinalContestRobot2_pe674.oe674 (.fardata:ti_sysbios_gates_GateMutex_Object__table__V)
                  11833058    00000040     FinalContestRobot2_pe674.oe674 (.fardata:ti_sysbios_knl_Clock_Object__table__V)
                  11833098    00000030     FinalContestRobot2_pe674.oe674 (.fardata:ti_sysbios_family_c64p_Exception_Module__state__V)
                  118330c8    0000002c     FinalContestRobot2_pe674.oe674 (.fardata:ti_sysbios_knl_Clock_Module__state__V)
                  118330f4    00000004     rts6740_elf.lib : errno.obj (.fardata)
                  118330f8    00000028     FinalContestRobot2_pe674.oe674 (.fardata:ti_sysbios_hal_Hwi_Object__table__V)
                  11833120    00000024     user_FinalContestRobot2.obj (.fardata:K)
                  11833144    00000004     FinalContestRobot2_pe674.oe674 (.fardata:ti_sysbios_family_c64p_Cache_Module__state__V)
                  11833148    00000024     user_FinalContestRobot2.obj (.fardata:P_pred)
                  1183316c    00000004     FinalContestRobot2_pe674.oe674 (.fardata:ti_sysbios_family_c64p_primus_TimerSupport_Module__state__V)
                  11833170    00000024     user_FinalContestRobot2.obj (.fardata:Q)
                  11833194    00000004     FinalContestRobot2_pe674.oe674 (.fardata:xdc_runtime_Memory_Module__state__V)
                  11833198    00000024     user_FinalContestRobot2.obj (.fardata:R)
                  118331bc    00000002     FinalContestRobot2_pe674.oe674 (.fardata:xdc_runtime_Error_Module__state__V)
                  118331be    00000002     --HOLE--
                  118331c0    00000024     user_FinalContestRobot2.obj (.fardata:S)
                  118331e4    00000004     --HOLE--
                  118331e8    00000024     user_FinalContestRobot2.obj (.fardata:S_inv)
                  1183320c    00000004     --HOLE--
                  11833210    00000024     user_FinalContestRobot2.obj (.fardata:eye3)
                  11833234    00000024     FinalContestRobot2_pe674.oe674 (.fardata:ti_sysbios_BIOS_Module__state__V)
                  11833258    00000024     FinalContestRobot2_pe674.oe674 (.fardata:xdc_runtime_LoggerBuf_Object__table__V)
                  1183327c    00000004     --HOLE--
                  11833280    00000020     rts6740_elf.lib : atanf.obj (.fardata:arctan_consts$1)
                  118332a0    00000020     FinalContestRobot2_pe674.oe674 (.fardata:ti_sysbios_timers_timer64_Timer_Module_State_0_gctrl__A)
                  118332c0    00000020     FinalContestRobot2_pe674.oe674 (.fardata:ti_sysbios_timers_timer64_Timer_Module_State_0_handles__A)
                  118332e0    00000020     FinalContestRobot2_pe674.oe674 (.fardata:ti_sysbios_timers_timer64_Timer_Module_State_0_intFreqs__A)
                  11833300    00000020     FinalContestRobot2_pe674.oe674 (.fardata:xdc_runtime_Error_IgnoreBlock)
                  11833320    0000001c     FinalContestRobot2_pe674.oe674 (.fardata:ti_sysbios_knl_Swi_Module__state__V)
                  1183333c    00000004     --HOLE--
                  11833340    00000018     user_FinalContestRobot2.obj (.fardata:B)
                  11833358    00000018     FinalContestRobot2_pe674.oe674 (.fardata:ti_sysbios_heaps_HeapMem_Object__table__V)
                  11833370    00000018     FinalContestRobot2_pe674.oe674 (.fardata:ti_sysbios_knl_Semaphore_Object__table__V)
                  11833388    00000018     FinalContestRobot2_pe674.oe674 (.fardata:ti_sysbios_timers_timer64_Timer_Module__state__V)
                  118333a0    00000010     rts6740_elf.lib : cosf.obj (.fardata:R$1)
                  118333b0    00000010                     : sinf.obj (.fardata:R$1)
                  118333c0    00000010     FinalContestRobot2_pe674.oe674 (.fardata:xdc_runtime_System_Module_State_0_atexitHandlers__A)
                  118333d0    0000000c     user_FinalContestRobot2.obj (.fardata:Bu)
                  118333dc    0000000c     rts6740_elf.lib : exit.obj (.fardata)
                  118333e8    0000000c     user_FinalContestRobot2.obj (.fardata:x_pred)
                  118333f4    0000000c     FinalContestRobot2_pe674.oe674 (.fardata:xdc_runtime_SysMin_Module__state__V)
                  11833400    00000008     FinalContestRobot2_pe674.oe674 (.fardata:ti_sysbios_family_c64p_primus_TimerSupport_Module_State_0_suspSrc__A)
                  11833408    00000008     user_FinalContestRobot2.obj (.fardata:u)
                  11833410    00000008     FinalContestRobot2_pe674.oe674 (.fardata:xdc_runtime_Registry_Module__state__V)
                  11833418    00000008     FinalContestRobot2_pe674.oe674 (.fardata:xdc_runtime_Startup_Module__state__V)
                  11833420    00000008     FinalContestRobot2_pe674.oe674 (.fardata:xdc_runtime_System_Module__state__V)
                  11833428    00000006     FinalContestRobot2_pe674.oe674 (.fardata:xdc_runtime_LoggerBuf_Module__state__V)
                  1183342e    00000002     --HOLE--
                  11833430    00000004     FinalContestRobot2_pe674.oe674 (.fardata:ti_sysbios_gates_GateHwi_Object__table__V)
                  11833434    00000004     --HOLE--
                  11833438    00000004     FinalContestRobot2_pe674.oe674 (.fardata:ti_sysbios_knl_Task_Module_State_0_idleTask__A)

.cio       0    11833908    00000120     UNINITIALIZED
                  11833908    00000120     rts6740_elf.lib : trgmsg.obj (.cio)

.switch    0    11833a28    000000f8     
                  11833a28    00000054     user_FinalContestRobot2.obj (.switch:RobotControl)
                  11833a7c    00000038     rts6740_elf.lib : _printfi.obj (.switch:__TI_printfi)
                  11833ab4    00000028                     : _scanfi.obj (.switch:__TI_scanfi)
                  11833adc    00000024     evmomapl138_bsl.lib : evmomapl138_gpio.obj (.switch:getRegisterBankAndBit)
                  11833b00    00000010                         : evmomapl138_spi.obj (.switch:SPI_init)
                  11833b10    00000010     ColorVision.obj (.switch:userProcessColorImageFunc_laser)

MODULE SUMMARY

       Module                           code     ro data   rw data
       ------                           ----     -------   -------
    .\
       user_FinalContestRobot2.obj      22688    260       10428  
       Ladar.obj                        7968     72        5718   
       ColorVision.obj                  5088     16        6936   
       COECSL_edma3.obj                 1216     0         4136   
       ColorLCD.obj                     2400     24        11     
       MatrixMath.obj                   2336     0         0      
       COECSL_mcbsp.obj                 1664     0         300    
       user_xy.obj                      992      0         0      
       LCDprintf.obj                    416      0         8      
       pru.obj                          256      0         0      
    +--+--------------------------------+--------+---------+---------+
       Total:                           45024    372       27537  
                                                                  
    C:\hzhou39_decamar2_ashwina2\SE423Repo\Contest\FinalContestRobot2\FinalContestRobot2Project\Debug\configPkg\package\cfg\
       FinalContestRobot2_pe674.oe674   4608     7529      25776  
    +--+--------------------------------+--------+---------+---------+
       Total:                           4608     7529      25776  
                                                                  
    C:/hzhou39_decamar2_ashwina2/SE423Repo/LabFiles/bsl_forSYSBIOS/lib/evmomapl138_bsl.lib
       evmomapl138.obj                  4064     192       0      
       evmomapl138_vpif.obj             1920     0         0      
       evmomapl138_i2c.obj              1376     0         4      
       evmomapl138_uart.obj             1344     16        0      
       evmomapl138_i2c_gpio.obj         1344     0         0      
       evmomapl138_spi.obj              1184     16        0      
       evmomapl138_gpio.obj             1152     36        0      
       evmomapl138_timer.obj            384      0         0      
    +--+--------------------------------+--------+---------+---------+
       Total:                           12768    260       4      
                                                                  
    C:\CCStudio_v8\bios_6_70_01_03\packages\ti\targets\rts6000\lib\boot.ae674
       autoinit.oe674                   288      0         0      
       boot.oe674                       160      0         0      
    +--+--------------------------------+--------+---------+---------+
       Total:                           448      0         0      
                                                                  
    C:\CCStudio_v8\bios_6_70_01_03\packages\ti\targets\rts6000\lib\ti.targets.rts6000.ae674
       System.oe674                     3232     24        0      
       LoggerBuf.oe674                  2400     0         0      
       Text.oe674                       1728     64        0      
       Error.oe674                      1152     88        0      
       Startup.oe674                    896      44        0      
       SysMin.oe674                     704      0         0      
       Memory.oe674                     320      0         0      
       Gate.oe674                       64       0         0      
       Registry.oe674                   64       0         0      
    +--+--------------------------------+--------+---------+---------+
       Total:                           10560    220       0      
                                                                  
    C:\CCStudio_v8\ccsv8\tools\compiler\ti-cgt-c6000_8.2.2\lib\rts6740_elf.lib
       _printfi.obj                     13504    92        0      
       _scanfi.obj                      7296     53        0      
       divd.obj                         1472     0         0      
       strtod.obj                       1248     152       0      
       strtoll.obj                      1184     0         0      
       strtoull.obj                     1088     0         0      
       fputs.obj                        992      0         0      
       strtol.obj                       928      0         0      
       cos.obj                          800      0         64     
       fmodf.obj                        864      0         0      
       defs.obj                         0        0         804    
       imath64.obj                      800      0         0      
       sin.obj                          736      0         64     
       strtoul.obj                      768      0         0      
       divf.obj                         672      0         0      
       cosf.obj                         640      0         16     
       sinf.obj                         608      0         16     
       fputc.obj                        544      0         0      
       setvbuf.obj                      544      0         0      
       trgmsg.obj                       224      0         288    
       sscanf.obj                       480      0         0      
       frexp.obj                        448      0         0      
       getdevice.obj                    448      0         0      
       imath40.obj                      448      0         0      
       frexpf.obj                       416      0         0      
       hostrename.obj                   416      0         0      
       ldexp.obj                        384      0         0      
       ldexpf.obj                       384      0         0      
       write.obj                        96       0         280    
       atan2f.obj                       320      0         0      
       fclose.obj                       320      0         0      
       atanf.obj                        256      0         32     
       copy_decompress_rle.obj          288      0         0      
       fseek.obj                        288      0         0      
       printf.obj                       288      0         0      
       sqrtf.obj                        288      0         0      
       exit.obj                         256      0         12     
       ctype.obj                        0        257       0      
       _io_perm.obj                     256      0         0      
       atoi.obj                         256      0         0      
       hostopen.obj                     224      0         8      
       close.obj                        224      0         0      
       divi.obj                         224      0         0      
       hostlseek.obj                    224      0         0      
       hostwrite.obj                    224      0         0      
       llshift.obj                      224      0         0      
       ltoa.obj                         224      0         0      
       memset.obj                       224      0         0      
       divu.obj                         192      0         0      
       fflush.obj                       192      0         0      
       hostread.obj                     192      0         0      
       hostunlink.obj                   192      0         0      
       remi.obj                         192      0         0      
       sprintf.obj                      192      0         0      
       tls.obj                          192      0         0      
       fopen.obj                        160      0         0      
       hostclose.obj                    160      0         0      
       memcpy64.obj                     160      0         0      
       modf.obj                         160      0         0      
       remu.obj                         160      0         0      
       round.obj                        160      0         0      
       vsprintf.obj                     160      0         0      
       roundf.obj                       128      0         0      
       unlink.obj                       128      0         0      
       _lock.obj                        96       0         8      
       lseek.obj                        96       0         0      
       memccpy.obj                      96       0         0      
       modff.obj                        96       0         0      
       args_main.obj                    64       0         0      
       frcmpyd_div.obj                  64       0         0      
       isinf.obj                        64       0         0      
       errno.obj                        32       0         4      
       copy_decompress_none.obj         32       0         0      
       trunc.obj                        32       0         0      
       truncf.obj                       32       0         0      
    +--+--------------------------------+--------+---------+---------+
       Total:                           46464    554       1596   
                                                                  
    C:\hzhou39_decamar2_ashwina2\SE423Repo\Contest\FinalContestRobot2\SYSBIOS\src\sysbios\sysbios.ae674
       BIOS.obj                         17632    1304      0      
       c64p_Hwi_disp_always.obj         512      0         0      
       c64p_Exception_asm.obj           384      0         0      
       c62_TaskSupport_asm.obj          224      0         0      
       c64p_Hwi_asm_switch.obj          192      0         0      
    +--+--------------------------------+--------+---------+---------+
       Total:                           18944    1304      0      
                                                                  
       Stack:                           0        0         8192   
       Linker Generated:                0        2841      0      
[...]
118335b0  DSP_Float6                                                          
118335b4  DSP_Float7                                                          
118335b8  DSP_Float8                                                          
118335bc  DSP_Float9                                                          
118335c0  DSP_Float10                                                         
118335c4  DSP_Float11                                                         
118335c8  DSP_Float12                                                         
118335cc  DSP_Float13                                                         
118335d0  DSP_Float14                                                         
118335d4  DSP_Float15                                                         
118335d8  DSP_Float16                                                         
118335dc  DSP_Float17                                                         
118335e0  DSP_Float18                                                         
118335e4  DSP_Float19                                                         
118335e8  cntturn                                                             
118335ec  ref_right_wall                                                      
118335f0  left_turn_Start_threshold                                           
118335f4  left_turn_Stop_threshold                                            
118335f8  Kp_right_wall                                                       
118335fc  Kp_front_wall                                                       
11833600  front_turn_velocity                                                 
11833604  turn_command_saturation                                             
11833608  sharp_right_threshold                                               
1183360c  Kp_sharp_right                                                      
11833610  left_turn_corner_threshold                                          
11833614  KpGyro                                                              
11833618  data1                                                               
1183361c  data2                                                               
11833620  data3                                                               
11833624  data4                                                               
11833628  data5                                                               
1183362c  data6                                                               
11833630  data7                                                               
11833634  newWeed                                                             
11833638  p1_old                                                              
1183363c  p2_old                                                              
11833640  angular_vel                                                         
11833644  orientation                                                         
11833648  old_angular_vel                                                     
1183364c  p1_current                                                          
11833650  p2_current                                                          
11833654  v1                                                                  
11833658  v2                                                                  
1183365c  x                                                                   
11833660  y                                                                   
11833664  update_Timer                                                        
11833668  countdown                                                           
1183366c  astarRunning                                                        
11833670  astarTrigger                                                        
11833674  astarDone                                                           
11833678  pathLen                                                             
1183367c  pathPos                                                             
11833680  newLVData                                                           
11833684  newROBOTpsx                                                         
11833688  newROBOTpsy                                                         
1183368c  sharedROBOTpsx                                                      
11833690  sharedROBOTpsy                                                      
11833694  orange_found                                                        
11833698  blue_found                                                          
1183369c  spraying                                                            
118336a0  blue_center_x                                                       
118336a4  blue_center_y                                                       
118336a8  blue_area                                                           
118336ac  i                                                                   
118336b0  orange_center_x                                                     
118336b4  orange_center_y                                                     
118336b8  orange_area                                                         
118336bc  to_blue                                                             
118336c0  blue_posx                                                           
118336c4  blue_posy                                                           
118336c8  sharedbluex                                                         
118336cc  sharedbluey                                                         
118336d0  to_orange                                                           
118336d4  orange_posx                                                         
118336d8  orange_posy                                                         
118336dc  sharedorangex                                                       
118336e0  sharedorangey                                                       
118336e4  p1                                                                  
118336e8  p2                                                                  
118336ec  p3                                                                  
118336f0  p4                                                                  
118336f4  colorerror                                                          
118336f8  KpLight                                                             
118336fc  distthresh                                                          
11833700  mindist                                                             
11833704  timecount                                                           
11833708  whichled                                                            
1183370c  updateLCD                                                           
11833710  testvar                                                             
11833714  noimagefound                                                        
11833718  object_x                                                            
1183371c  object_y                                                            
11833720  blue_object_x                                                       
11833724  blue_object_y                                                       
11833728  orange_object_x                                                     
1183372c  orange_object_y                                                     
11833730  blue_numpels                                                        
11833734  orange_numpels                                                      
11833738  colorstate                                                          
1183373c  new_coordata                                                        
11833740  numpels                                                             
11833744  new_num_found_objects                                               
11833748  new_object_theta                                                    
1183374c  new_C20                                                             
11833750  new_C02                                                             
11833754  top                                                                 
11833758  left                                                                
1183375c  num_unique_objects                                                  
11833760  current_object                                                      
11833764  color                                                               
11833768  color2                                                              
1183376c  Cdifference                                                         
11833770  neighbor_type                                                       
11833774  too_many_objects                                                    
11833778  object_detected                                                     
1183377c  print_hue                                                           
1183377d  print_sat                                                           
1183377e  print_val                                                           
1183377f  print_r                                                             
11833780  print_b                                                             
11833781  print_g                                                             
11833784  specs_s                                                             
11833788  specs_srad                                                          
1183378c  specs_v                                                             
11833790  specs_vrad                                                          
11833794  specs_h                                                             
11833798  specs_h2                                                            
1183379c  specs_hrad                                                          
118337a0  VPIF_beginning_line                                                 
118337a4  equivalency                                                         
118337a8  done                                                                
118337ac  f28335RecFirsttime                                                  
118337b0  enc1                                                                
118337b4  enc2                                                                
118337b8  enc3                                                                
118337bc  enc4                                                                
118337c0  compass                                                             
118337c4  switchstate                                                         
118337c8  adcA0                                                               
118337cc  adcB0                                                               
118337d0  adcA1                                                               
118337d4  adcB1                                                               
118337d8  adcA2                                                               
118337dc  adcB2                                                               
118337e0  adcA3                                                               
118337e4  adcB3                                                               
118337e8  adcA4                                                               
118337ec  adcB4                                                               
118337f0  adcA5                                                               
118337f4  adcB5                                                               
118337f8  adcA6                                                               
118337fc  adcA7                                                               
11833800  F28335_Extra1                                                       
11833804  F28335_Extra2                                                       
11833808  F28335_Extra3                                                       
1183380c  F28335_Extra4                                                       
11833810  new_sendtolinux_F28335_Extra                                        
11833814  send_F28335_Extra1                                                  
11833818  send_F28335_Extra2                                                  
1183381c  send_F28335_Extra3                                                  
11833820  send_F28335_Extra4                                                  
11833824  num_EDMA3_0                                                         
11833828  numofints                                                           
1183382c  scalingLadar                                                        
11833830  LADARready                                                          
11833834  LADARprocess                                                        
11833838  uart1count                                                          
1183383c  numReadings                                                         
11833840  errL                                                                
11833844  errC                                                                
11833848  errR                                                                
1183384c  tLADARleftFt                                                        
11833850  tLADARcenterFt                                                      
11833854  tLADARrightFt                                                       
11833858  cPrevLADARdata                                                      
11833859  cLADARdata                                                          
1183385c  iLADARrcv                                                           
11833860  cCommandName                                                        
11833864  LADARleftFt                                                         
11833868  LADARcenterFt                                                       
1183386c  LADARrightFt                                                        
11833870  numreadings_lastscan                                                
11833874  startAngle                                                          
11833878  stepSize                                                            
1183387c  newLADARdata                                                        
11833880  robotX                                                              
11833884  robotY                                                              
11833888  robotT                                                              
1183388c  tempSign                                                            
11833890  tempOff                                                             
11833894  servosPosted                                                        
11833898  newServos                                                           
1183389c  McBSPrecerror                                                       
118338a0  firsttimeintMCBSPrec                                                
118338a4  timeint                                                             
118338a8  mcbspReset                                                          
118338ac  testcount                                                           
118338b0  danindex                                                            
118338b4  firsttimeLine1                                                      
118338b8  firsttimeLine2                                                      
118338bc  LCDnewMsgLine1                                                      
118338c0  LCDnewMsgLine2                                                      
118338c4  bluegain                                                            
118338c8  bkgrnd_red                                                          
118338c9  bkgrnd_green                                                        
118338ca  bkgrnd_blue                                                         
118338cc  SWI_RobotControl                                                    
118338d0  CLK_addtime                                                         
118338d4  CLK_startMcBSP                                                      
118338d8  HWI8_EDMA3_0                                                        
118338dc  SWI_LCD                                                             
118338e0  SWI_vision                                                          
118338e4  HWI4_VPIF95                                                         
118338e8  HWI7_PRU6                                                           
118338ec  HWI5_EDMA3_1                                                        
118338f0  TASK_ComWithLinux                                                   
118338f4  TASK_LADAR                                                          
118338f8  task2                                                               
118338fc  task3                                                               
11833900  SEM_startAstar                                                      
11833908  __CIOBUF_                                                           
11833c00  ti_sysbios_family_c64p_Hwi0                                         
11833c00  ti_sysbios_family_c64p_Hwi_int0                                     
11833c20  ti_sysbios_family_c64p_Hwi_int1                                     
11833c40  ti_sysbios_family_c64p_Hwi_int2                                     
11833c60  ti_sysbios_family_c64p_Hwi_int3                                     
11833c80  ti_sysbios_family_c64p_Hwi_int4                                     
11833ca0  ti_sysbios_family_c64p_Hwi_int5                                     
11833cc0  ti_sysbios_family_c64p_Hwi_int6                                     
11833ce0  ti_sysbios_family_c64p_Hwi_int7                                     
11833d00  ti_sysbios_family_c64p_Hwi_int8                                     
11833d20  ti_sysbios_family_c64p_Hwi_int9                                     
11833d40  ti_sysbios_family_c64p_Hwi_int10                                    
11833d60  ti_sysbios_family_c64p_Hwi_int11                                    
11833d80  ti_sysbios_family_c64p_Hwi_int12                                    
11833da0  ti_sysbios_family_c64p_Hwi_int13                                    
11833dc0  ti_sysbios_family_c64p_Hwi_int14                                    
11833de0  ti_sysbios_family_c64p_Hwi_int15                                    
118348ec  __TI_Handler_Table_Base                                             
118348f4  __TI_Handler_Table_Limit                                            
118348f8  __TI_CINIT_Base                                                     
11834920  __TI_CINIT_Limit                                                    
ffffffff  __TI_pprof_out_hndl                                                 
ffffffff  __TI_prof_data_size                                                 
ffffffff  __TI_prof_data_start                                                
ffffffff  __binit__                                                           
ffffffff  __c_args__                                                          
ffffffff  binit                                                               
UNDEFED   __TI_INITARRAY_Base                                                 
UNDEFED   __TI_INITARRAY_Limit                                                
UNDEFED   __TI_TLS_INIT_Base                                                  
UNDEFED   __TI_TLS_INIT_Limit                                                 

[1012 symbols]
