******************************************************************************
               TMS320C6x Linker PC v8.2.2                      
******************************************************************************
>> Linked Wed Apr 24 17:23:49 2019

OUTPUT FILE NAME:   <FinalContestRobot2.out>
ENTRY POINT SYMBOL: "_c_int00"  address: 1181c260


MEMORY CONFIGURATION

         name            origin    length      used     unused   attr    fill
----------------------  --------  ---------  --------  --------  ----  --------
  IROM                  11700000   00100000  00000000  00100000  R  X
  IRAM                  11800000   00038000  000314b0  00006b50  RW X
  L3_CBA_RAM            80000000   00020000  00000000  00020000  RW X
  DDR                   c3000000   01000000  00000000  01000000  RW X


SEGMENT ALLOCATION MAP

run origin  load origin   length   init length attrs members
----------  ----------- ---------- ----------- ----- -------
11800000    11800000    0001f800   0001f800    r-x
  11800000    11800000    0001f7e0   0001f7e0    r-x .text
  1181f7e0    1181f7e0    00000020   00000020    r-- .const.1
1181f800    1181f800    0000b178   00000000    rw-
  1181f800    1181f800    0000b178   00000000    rw- .far
1182a978    1182a978    00002680   00002680    r--
  1182a978    1182a978    00002680   00002680    r-- .const.2
1182cff8    1182cff8    00003553   00000000    rw-
  1182cff8    1182cff8    00002000   00000000    rw- .stack
  1182eff8    1182eff8    0000116c   00000000    rw- .fardata
  11830164    11830164    0000006c   00000000    rw- .bss
  118301d0    118301d0    0000037b   00000000    rw- .neardata
1183054c    1183054c    00000038   00000000    r--
  1183054c    1183054c    00000038   00000000    r-- .rodata
11830588    11830588    00000120   00000000    rw-
  11830588    11830588    00000120   00000000    rw- .cio
118306a8    118306a8    000000e4   000000e4    r--
  118306a8    118306a8    000000e4   000000e4    r-- .switch
11830800    11830800    00000d28   00000d28    r-x
  11830800    11830800    00000200   00000200    r-x .vecs
  11830a00    11830a00    00000b28   00000b28    r-- .cinit


SECTION ALLOCATION MAP

 output                                  attributes/
section   page    origin      length       input sections
--------  ----  ----------  ----------   ----------------
.stack     0    1182cff8    00002000     UNINITIALIZED
                  1182cff8    00000008     boot.ae674 : boot.oe674 (.stack)
                  1182d000    00001ff8     --HOLE--

.bss       0    11830164    0000006c     UNINITIALIZED
                  11830164    00000004     evmomapl138_bsl.lib : evmomapl138_i2c.obj (.bss)
                  11830168    00000004     (.common:EDMA3_0_Regs)
                  1183016c    00000004     (.common:EDMA3_1_Regs)
                  11830170    00000004     (.common:Image_data)
                  11830174    00000004     (.common:LCD_Image)
                  11830178    00000004     (.common:LCD_mem)
                  1183017c    00000004     (.common:Linux_Image)
                  11830180    00000004     (.common:Thres_Image)
                  11830184    00000004     (.common:blue)
                  11830188    00000004     (.common:c)
                  1183018c    00000004     (.common:cbar)
                  11830190    00000004     (.common:current)
                  11830194    00000004     (.common:delta)
                  11830198    00000004     (.common:green)
                  1183019c    00000004     (.common:hue)
                  118301a0    00000004     (.common:index)
                  118301a4    00000004     (.common:k)
                  118301a8    00000004     (.common:largest_num_pixels)
                  118301ac    00000004     (.common:largest_object)
                  118301b0    00000004     (.common:min)
                  118301b4    00000004     (.common:pic_data)
                  118301b8    00000004     (.common:ptrshrdmem)
                  118301bc    00000004     (.common:r)
                  118301c0    00000004     (.common:rbar)
                  118301c4    00000004     (.common:red)
                  118301c8    00000004     (.common:sat)
                  118301cc    00000004     (.common:value)

.neardata 
*          0    118301d0    0000037b     UNINITIALIZED
                  118301d0    000001d8     user_FinalContestRobot2.obj (.neardata)
                  118303a8    00000084     ColorVision.obj (.neardata)
                  1183042c    00000080     COECSL_edma3.obj (.neardata)
                  118304ac    00000068     Ladar.obj (.neardata)
                  11830514    00000028     COECSL_mcbsp.obj (.neardata)
                  1183053c    00000008     LCDprintf.obj (.neardata)
                  11830544    00000007     ColorLCD.obj (.neardata)

.rodata    0    1183054c    00000038     UNINITIALIZED
                  1183054c    00000038     FinalContestRobot2_pe674.oe674 (.rodata)

.cinit     0    11830a00    00000b28     
                  11830a00    000009d8     (.cinit..fardata.load) [load image, compression = rle]
                  118313d8    000000cc     (.cinit..neardata.load) [load image, compression = rle]
                  118314a4    0000003e     (.cinit..rodata.load) [load image, compression = rle]
                  118314e2    0000000b     (.cinit..far.load) [load image, compression = rle]
                  118314ed    00000009     (.cinit..bss.load) [load image, compression = rle]
                  118314f6    00000002     --HOLE-- [fill = 0]
                  118314f8    00000008     (__TI_handler_table)
                  11831500    00000028     (__TI_cinit_table)

.init_array 
*          0    11800000    00000000     UNINITIALIZED

.vecs      0    11830800    00000200     
                  11830800    00000200     FinalContestRobot2_pe674.oe674 (.vecs)

xdc.meta   0    11800000    00000130     COPY SECTION
                  11800000    00000130     FinalContestRobot2_pe674.oe674 (xdc.meta)

.text      0    11800000    0001f7e0     
                  11800000    00003560     user_FinalContestRobot2.obj (.text)
                  11803560    00001f20     Ladar.obj (.text)
                  11805480    00001ce0     rts6740_elf.lib : _printfi.obj (.text:__TI_printfi)
                  11807160    00001a80                     : _scanfi.obj (.text:__TI_scanfi)
                  11808be0    000012e0     ColorVision.obj (.text)
                  11809ec0    00000fe0     evmomapl138_bsl.lib : evmomapl138.obj (.text)
                  1180aea0    00000960     ColorLCD.obj (.text)
                  1180b800    00000920     MatrixMath.obj (.text)
                  1180c120    000008a0     ti.targets.rts6000.ae674 : System.oe674 (.text:xdc_runtime_System_doPrint__I)
                  1180c9c0    00000780     evmomapl138_bsl.lib : evmomapl138_vpif.obj (.text)
                  1180d140    00000780     sysbios.ae674 : BIOS.obj (.text:ti_sysbios_family_c64p_Exception_handler__I)
                  1180d8c0    00000680     COECSL_mcbsp.obj (.text)
                  1180df40    00000680     rts6740_elf.lib : _printfi.obj (.text:_pconv_a)
                  1180e5c0    000005c0                     : divd.obj (.text:__c6xabi_divd)
                  1180eb80    00000560     evmomapl138_bsl.lib : evmomapl138_i2c.obj (.text)
                  1180f0e0    00000540                         : evmomapl138_i2c_gpio.obj (.text)
                  1180f620    00000540                         : evmomapl138_uart.obj (.text)
                  1180fb60    00000500     rts6740_elf.lib : _printfi.obj (.text:_pconv_g)
                  11810060    000004e0                     : strtod.obj (.text:strtod)
                  11810540    000004c0     COECSL_edma3.obj (.text)
                  11810a00    000004a0     evmomapl138_bsl.lib : evmomapl138_spi.obj (.text)
                  11810ea0    000004a0     rts6740_elf.lib : strtoll.obj (.text:strtoll)
                  11811340    00000480     evmomapl138_bsl.lib : evmomapl138_gpio.obj (.text)
                  118117c0    00000440     rts6740_elf.lib : strtoull.obj (.text:strtoull)
                  11811c00    00000420                     : _printfi.obj (.text:_pconv_e)
                  11812020    000003e0                     : fputs.obj (.text:fputs)
                  11812400    000003c0     sysbios.ae674 : BIOS.obj (.text:ti_sysbios_timers_timer64_Timer_Module_startup__E)
                  118127c0    000003c0     user_xy.obj (.text)
                  11812b80    000003a0     rts6740_elf.lib : strtol.obj (.text:strtol)
                  11812f20    00000360                     : fmodf.obj (.text:fmodf)
                  11813280    00000340     sysbios.ae674 : BIOS.obj (.text:ti_sysbios_knl_Semaphore_pend__E)
                  118135c0    00000340                   : BIOS.obj (.text:ti_sysbios_timers_timer64_Timer_deviceConfig__I)
                  11813900    00000340     FinalContestRobot2_pe674.oe674 (.text:xdc_runtime_System_printfExtend__I)
                  11813c40    00000320     rts6740_elf.lib : cos.obj (.text:cos)
                  11813f60    00000300                     : strtoul.obj (.text:strtoul)
                  11814260    000002e0                     : sin.obj (.text:sin)
                  11814540    000002e0     sysbios.ae674 : BIOS.obj (.text:ti_sysbios_timers_timer64_Timer_setPeriodMicroSecs__E)
                  11814820    000002c0     ti.targets.rts6000.ae674 : LoggerBuf.oe674 (.text:xdc_runtime_LoggerBuf_write8__E)
                  11814ae0    000002a0     rts6740_elf.lib : divf.obj (.text:__c6xabi_divf)
                  11814d80    000002a0                     : _printfi.obj (.text:_pconv_f)
                  11815020    000002a0                     : _printfi.obj (.text:fcvt)
                  118152c0    00000280                     : cosf.obj (.text:cosf)
                  11815540    00000260                     : imath64.obj (.text:__c6xabi_divull)
                  118157a0    00000260                     : sinf.obj (.text:sinf)
                  11815a00    00000260     ti.targets.rts6000.ae674 : Startup.oe674 (.text:xdc_runtime_Startup_startMods__I)
                  11815c60    00000240     sysbios.ae674 : BIOS.obj (.text:ti_sysbios_family_c64p_Exception_internalHandler__I)
                  11815ea0    00000220     rts6740_elf.lib : fputc.obj (.text:fputc)
                  118160c0    00000220                     : setvbuf.obj (.text:setvbuf)
                  118162e0    00000200                     : _printfi.obj (.text:_ltostr)
                  118164e0    00000200     sysbios.ae674 : c64p_Hwi_disp_always.obj (.text:_ti_sysbios_family_c64p_Hwi_dispatchAlways)
                  118166e0    00000200     ti.targets.rts6000.ae674 : Error.oe674 (.text:xdc_runtime_Error_policyDefault__E)
                  118168e0    000001e0     sysbios.ae674 : BIOS.obj (.text:ti_sysbios_family_c64p_Cache_block__I)
                  11816ac0    000001e0     ti.targets.rts6000.ae674 : LoggerBuf.oe674 (.text:xdc_runtime_LoggerBuf_write4__E)
                  11816ca0    000001e0                              : Text.oe674 (.text:xdc_runtime_Text_putSite__E)
                  11816e80    000001c0     rts6740_elf.lib : imath40.obj (.text:__c6xabi_divul)
                  11817040    000001c0                     : frexp.obj (.text:frexp)
                  11817200    000001c0     sysbios.ae674 : BIOS.obj (.text:ti_sysbios_heaps_HeapMem_alloc__E)
                  118173c0    000001c0                   : BIOS.obj (.text:ti_sysbios_knl_Task_checkStacks__E)
                  11817580    000001a0     rts6740_elf.lib : hostrename.obj (.text:HOSTrename)
                  11817720    000001a0     LCDprintf.obj (.text)
                  118178c0    000001a0     rts6740_elf.lib : _scanfi.obj (.text:_sproc_str)
                  11817a60    000001a0                     : frexpf.obj (.text:frexpf)
                  11817c00    000001a0     sysbios.ae674 : BIOS.obj (.text:ti_sysbios_family_c64p_Cache_getL2InitSize__I)
                  11817da0    000001a0                   : BIOS.obj (.text:ti_sysbios_timers_timer64_Timer_start__E)
                  11817f40    00000180     evmomapl138_bsl.lib : evmomapl138_timer.obj (.text)
                  118180c0    00000180     rts6740_elf.lib : ldexp.obj (.text:ldexp)
                  11818240    00000180                     : ldexpf.obj (.text:ldexpf)
                  118183c0    00000180     sysbios.ae674 : c64p_Exception_asm.obj (.text)
                  11818540    00000180                   : BIOS.obj (.text:ti_sysbios_knl_Task_sleep__E)
                  118186c0    00000160                   : BIOS.obj (.text:ti_sysbios_heaps_HeapMem_free__E)
                  11818820    00000160     ti.targets.rts6000.ae674 : Text.oe674 (.text:xdc_runtime_Text_putMod__E)
                  11818980    00000140     rts6740_elf.lib : fclose.obj (.text:__TI_closefile)
                  11818ac0    00000140                     : sscanf.obj (.text:_chkmbc)
                  11818c00    00000140                     : atan2f.obj (.text:atan2f)
                  11818d40    00000140                     : getdevice.obj (.text:getdevice)
                  11818e80    00000140     sysbios.ae674 : BIOS.obj (.text:ti_sysbios_family_c64p_Cache_Module_startup__E)
                  11818fc0    00000140                   : BIOS.obj (.text:ti_sysbios_family_c64p_Cache_getL1DInitSize__I)
                  11819100    00000140                   : BIOS.obj (.text:ti_sysbios_family_c64p_Cache_getL1PInitSize__I)
                  11819240    00000140                   : BIOS.obj (.text:ti_sysbios_knl_Task_postInit__I)
                  11819380    00000140     ti.targets.rts6000.ae674 : LoggerBuf.oe674 (.text:xdc_runtime_LoggerBuf_setFilterLevel__E)
                  118194c0    00000140                              : Text.oe674 (.text:xdc_runtime_Text_putLab__E)
                  11819600    00000120     boot.ae674 : autoinit.oe674 (.text:_auto_init_elf)
                  11819720    00000120     rts6740_elf.lib : fseek.obj (.text:fseek)
                  11819840    00000120                     : sqrtf.obj (.text:sqrtf)
                  11819960    00000120     sysbios.ae674 : BIOS.obj (.text:ti_sysbios_family_c64p_Hwi_Module_startup__E)
                  11819a80    00000120                   : BIOS.obj (.text:ti_sysbios_knl_Clock_workFunc__E)
                  11819ba0    00000120     ti.targets.rts6000.ae674 : LoggerBuf.oe674 (.text:xdc_runtime_LoggerBuf_getFilterLevel__E)
                  11819cc0    00000100     rts6740_elf.lib : copy_decompress_rle.obj (.text:__TI_decompress_rle_core)
                  11819dc0    00000100                     : _io_perm.obj (.text:__TI_wrt_ok)
                  11819ec0    00000100                     : atanf.obj (.text:atanf)
                  11819fc0    00000100                     : atoi.obj (.text:atoi)
                  1181a0c0    00000100     pru.obj (.text)
                  1181a1c0    00000100     sysbios.ae674 : BIOS.obj (.text:ti_sysbios_knl_Swi_restoreHwi__E)
                  1181a2c0    00000100                   : BIOS.obj (.text:ti_sysbios_timers_timer64_Timer_initDevice__I)
                  1181a3c0    00000100     ti.targets.rts6000.ae674 : Error.oe674 (.text:xdc_runtime_Error_print__E)
                  1181a4c0    00000100                              : Memory.oe674 (.text:xdc_runtime_Memory_alloc__E)
                  1181a5c0    00000100                              : Startup.oe674 (.text:xdc_runtime_Startup_exec__E)
                  1181a6c0    000000e0     rts6740_elf.lib : hostlseek.obj (.text:HOSTlseek)
                  1181a7a0    000000e0                     : hostopen.obj (.text:HOSTopen)
                  1181a880    000000e0                     : hostwrite.obj (.text:HOSTwrite)
                  1181a960    000000e0                     : divi.obj (.text:__divi)
                  1181aa40    000000e0                     : close.obj (.text:close)
                  1181ab20    000000e0                     : exit.obj (.text:exit)
                  1181ac00    000000e0                     : ltoa.obj (.text:ltoa)
                  1181ace0    000000e0                     : memset.obj (.text:memset)
                  1181adc0    000000e0                     : printf.obj (.text:printf)
                  1181aea0    000000e0     sysbios.ae674 : BIOS.obj (.text:ti_sysbios_knl_Swi_runLoop__I)
                  1181af80    000000e0                   : BIOS.obj (.text:ti_sysbios_knl_Task_Module_startup__E)
                  1181b060    000000e0                   : BIOS.obj (.text:ti_sysbios_knl_Task_exit__E)
                  1181b140    000000e0                   : BIOS.obj (.text:ti_sysbios_knl_Task_schedule__I)
                  1181b220    000000e0                   : BIOS.obj (.text:ti_sysbios_timers_timer64_Timer_startup__E)
                  1181b300    000000e0     ti.targets.rts6000.ae674 : Text.oe674 (.text:xdc_runtime_Text_visitRope2__I)
                  1181b3e0    000000c0     rts6740_elf.lib : hostread.obj (.text:HOSTread)
                  1181b4a0    000000c0                     : hostunlink.obj (.text:HOSTunlink)
                  1181b560    000000c0                     : fflush.obj (.text:__TI_doflush)
                  1181b620    000000c0                     : divu.obj (.text:__divu)
                  1181b6e0    000000c0                     : remi.obj (.text:__remi)
                  1181b7a0    000000c0                     : _printfi.obj (.text:_ecpy)
                  1181b860    000000c0     sysbios.ae674 : BIOS.obj (.text:ti_sysbios_family_c64p_Hwi_dispatchCore__I)
                  1181b920    000000c0                   : BIOS.obj (.text:ti_sysbios_heaps_HeapMem_getStats__E)
                  1181b9e0    000000c0                   : BIOS.obj (.text:ti_sysbios_knl_Semaphore_post__E)
                  1181baa0    000000c0                   : BIOS.obj (.text:ti_sysbios_knl_Swi_run__I)
                  1181bb60    000000c0                   : BIOS.obj (.text:ti_sysbios_knl_Swi_schedule__I)
                  1181bc20    000000c0                   : BIOS.obj (.text:ti_sysbios_knl_Task_startCore__E)
                  1181bce0    000000c0     rts6740_elf.lib : tls.obj (.text:tls:init:__TI_tls_init)
                  1181bda0    000000c0     ti.targets.rts6000.ae674 : Error.oe674 (.text:xdc_runtime_Error_setX__E)
                  1181be60    000000c0                              : SysMin.oe674 (.text:xdc_runtime_SysMin_abort__E)
                  1181bf20    000000c0                              : SysMin.oe674 (.text:xdc_runtime_SysMin_flush__E)
                  1181bfe0    000000a0     rts6740_elf.lib : hostclose.obj (.text:HOSTclose)
                  1181c080    000000a0                     : fopen.obj (.text:__TI_cleanup)
                  1181c120    000000a0                     : round.obj (.text:__c6xabi_nround)
                  1181c1c0    000000a0                     : remu.obj (.text:__remu)
                  1181c260    000000a0     boot.ae674 : boot.oe674 (.text:_c_int00)
                  1181c300    000000a0     rts6740_elf.lib : memcpy64.obj (.text:memcpy)
                  1181c3a0    000000a0                     : modf.obj (.text:modf)
                  1181c440    000000a0     sysbios.ae674 : BIOS.obj (.text:ti_sysbios_family_c64p_Exception_Module_startup__E)
                  1181c4e0    000000a0                   : BIOS.obj (.text:ti_sysbios_family_c64p_Hwi_eventMap__E)
                  1181c580    000000a0                   : BIOS.obj (.text:ti_sysbios_family_c64p_Hwi_getStackInfo__E)
                  1181c620    000000a0                   : BIOS.obj (.text:ti_sysbios_gates_GateMutex_enter__E)
                  1181c6c0    000000a0                   : BIOS.obj (.text:ti_sysbios_heaps_HeapMem_init__I)
                  1181c760    000000a0                   : BIOS.obj (.text:ti_sysbios_knl_Task_allBlockedFunction__I)
                  1181c800    000000a0                   : BIOS.obj (.text:ti_sysbios_timers_timer64_Timer_stop__E)
                  1181c8a0    000000a0     ti.targets.rts6000.ae674 : SysMin.oe674 (.text:xdc_runtime_SysMin_putch__E)
                  1181c940    000000a0                              : System.oe674 (.text:xdc_runtime_System_formatNum__I)
                  1181c9e0    000000a0                              : System.oe674 (.text:xdc_runtime_System_putchar__I)
                  1181ca80    000000a0                              : Text.oe674 (.text:xdc_runtime_Text_printVisFxn__I)
                  1181cb20    000000a0                              : Text.oe674 (.text:xdc_runtime_Text_xprintf__I)
                  1181cbc0    00000080     rts6740_elf.lib : trgmsg.obj (.text:__TI_readmsg)
                  1181cc40    00000080                     : llshift.obj (.text:__c6xabi_llshl)
                  1181ccc0    00000080                     : roundf.obj (.text:__c6xabi_roundf)
                  1181cd40    00000080     sysbios.ae674 : c62_TaskSupport_asm.obj (.text:_ti_sysbios_family_c62_TaskSupport_swap__E)
                  1181cdc0    00000080     rts6740_elf.lib : getdevice.obj (.text:finddevice)
                  1181ce40    00000080     sysbios.ae674 : BIOS.obj (.text:ti_sysbios_family_c64p_Cache_wait__E)
                  1181cec0    00000080                   : BIOS.obj (.text:ti_sysbios_hal_Hwi_checkStack)
                  1181cf40    00000080                   : BIOS.obj (.text:ti_sysbios_hal_Hwi_initStack)
                  1181cfc0    00000080                   : BIOS.obj (.text:ti_sysbios_knl_Idle_run__E)
                  1181d040    00000080                   : BIOS.obj (.text:ti_sysbios_knl_Swi_post__E)
                  1181d0c0    00000080                   : BIOS.obj (.text:ti_sysbios_knl_Swi_startup__E)
                  1181d140    00000080                   : BIOS.obj (.text:ti_sysbios_knl_Task_processVitalTaskFlag__I)
                  1181d1c0    00000080                   : BIOS.obj (.text:ti_sysbios_knl_Task_restoreHwi__E)
                  1181d240    00000080                   : BIOS.obj (.text:ti_sysbios_knl_Task_restore__E)
                  1181d2c0    00000080     FinalContestRobot2_pe674.oe674 (.text:ti_sysbios_rts_MemAlloc_alloc)
                  1181d340    00000080     rts6740_elf.lib : unlink.obj (.text:unlink)
                  1181d3c0    00000080     ti.targets.rts6000.ae674 : LoggerBuf.oe674 (.text:xdc_runtime_LoggerBuf_Module_startup__E)
                  1181d440    00000080                              : LoggerBuf.oe674 (.text:xdc_runtime_LoggerBuf_filterOutEvent__I)
                  1181d4c0    00000080                              : System.oe674 (.text:xdc_runtime_System_atexit__E)
                  1181d540    00000080                              : System.oe674 (.text:xdc_runtime_System_avprintf__E)
                  1181d5c0    00000080                              : System.oe674 (.text:xdc_runtime_System_processAtExit__E)
                  1181d640    00000080                              : System.oe674 (.text:xdc_runtime_System_vprintf__E)
                  1181d6c0    00000060     rts6740_elf.lib : trgmsg.obj (.text:__TI_writemsg)
                  1181d720    00000060                     : llshift.obj (.text:__c6xabi_llshru)
                  1181d780    00000060                     : imath64.obj (.text:__c6xabi_remull)
                  1181d7e0    00000060                     : imath64.obj (.text:_subcull)
                  1181d840    00000060     sysbios.ae674 : c64p_Hwi_asm_switch.obj (.text:_ti_sysbios_family_c64p_Hwi_switchAndDispatch__I)
                  1181d8a0    00000060                   : c64p_Hwi_asm_switch.obj (.text:_ti_sysbios_family_xxx_Hwi_switchAndRunFunc)
                  1181d900    00000060     rts6740_elf.lib : lseek.obj (.text:lseek)
                  1181d960    00000060                     : memccpy.obj (.text:memccpy)
                  1181d9c0    00000060                     : modff.obj (.text:modff)
                  1181da20    00000060                     : sprintf.obj (.text:sprintf)
                  1181da80    00000060                     : sscanf.obj (.text:sscanf)
                  1181dae0    00000060                     : _scanfi.obj (.text:strrchr)
                  1181db40    00000060     FinalContestRobot2_pe674.oe674 (.text:ti_sysbios_BIOS_atExitFunc__I)
                  1181dba0    00000060     FinalContestRobot2_pe674.oe674 (.text:ti_sysbios_BIOS_errorRaiseHook__I)
                  1181dc00    00000060     FinalContestRobot2_pe674.oe674 (.text:ti_sysbios_BIOS_rtsLock__I)
                  1181dc60    00000060     FinalContestRobot2_pe674.oe674 (.text:ti_sysbios_BIOS_rtsUnlock__I)
                  1181dcc0    00000060     sysbios.ae674 : BIOS.obj (.text:ti_sysbios_family_c62_TaskSupport_start__E)
                  1181dd20    00000060                   : BIOS.obj (.text:ti_sysbios_family_c64p_Cache_marInit__I)
                  1181dd80    00000060                   : BIOS.obj (.text:ti_sysbios_family_c64p_Cache_setMar__E)
                  1181dde0    00000060     FinalContestRobot2_pe674.oe674 (.text:ti_sysbios_heaps_HeapMem_Object__get__S)
                  1181de40    00000060     sysbios.ae674 : BIOS.obj (.text:ti_sysbios_knl_Clock_Module_startup__E)
                  1181dea0    00000060     FinalContestRobot2_pe674.oe674 (.text:ti_sysbios_knl_Clock_doTick__I)
                  1181df00    00000060     sysbios.ae674 : BIOS.obj (.text:ti_sysbios_knl_Semaphore_pendTimeout__I)
                  1181df60    00000060                   : BIOS.obj (.text:ti_sysbios_knl_Swi_Module_startup__E)
                  1181dfc0    00000060     FinalContestRobot2_pe674.oe674 (.text:ti_sysbios_knl_Swi_Object__get__S)
                  1181e020    00000060     FinalContestRobot2_pe674.oe674 (.text:ti_sysbios_knl_Task_Object__get__S)
                  1181e080    00000060     sysbios.ae674 : BIOS.obj (.text:ti_sysbios_knl_Task_enter__I)
                  1181e0e0    00000060                   : BIOS.obj (.text:ti_sysbios_knl_Task_unblockI__E)
                  1181e140    00000060     rts6740_elf.lib : write.obj (.text:write)
                  1181e1a0    00000060     FinalContestRobot2_pe674.oe674 (.text:xdc_runtime_LoggerBuf_Object__get__S)
                  1181e200    00000060     ti.targets.rts6000.ae674 : LoggerBuf.oe674 (.text:xdc_runtime_LoggerBuf_reset__E)
                  1181e260    00000060     FinalContestRobot2_pe674.oe674 (.text:xdc_runtime_SysMin_output__I)
                  1181e2c0    00000040     rts6740_elf.lib : frcmpyd_div.obj (.text:__TI_frcmpyd_div)
                  1181e300    00000040                     : isinf.obj (.text:__c6xabi_isinf)
                  1181e340    00000040                     : _printfi.obj (.text:__c6xabi_isnan)
                  1181e380    00000040                     : args_main.obj (.text:_args_main)
                  1181e3c0    00000040                     : sprintf.obj (.text:_outs)
                  1181e400    00000040                     : vsprintf.obj (.text:_outs)
                  1181e440    00000040     sysbios.ae674 : c62_TaskSupport_asm.obj (.text:_ti_sysbios_family_c62_TaskSupport_buildTaskStack)
                  1181e480    00000040     FinalContestRobot2_pe674.oe674 (.text:free)
                  1181e4c0    00000040     FinalContestRobot2_pe674.oe674 (.text:ti_sysbios_BIOS_exitFunc__I)
                  1181e500    00000040     FinalContestRobot2_pe674.oe674 (.text:ti_sysbios_BIOS_registerRTSLock__I)
                  1181e540    00000040     FinalContestRobot2_pe674.oe674 (.text:ti_sysbios_BIOS_removeRTSLock__I)
                  1181e580    00000040     FinalContestRobot2_pe674.oe674 (.text:ti_sysbios_BIOS_startFunc__I)
                  1181e5c0    00000040     FinalContestRobot2_pe674.oe674 (.text:ti_sysbios_family_c64p_Hwi_Module__startupDone__F)
                  1181e600    00000040     sysbios.ae674 : BIOS.obj (.text:ti_sysbios_family_c64p_Hwi_disableInterrupt__E)
                  1181e640    00000040                   : BIOS.obj (.text:ti_sysbios_family_c64p_Hwi_dispatchC__I)
                  1181e680    00000040                   : BIOS.obj (.text:ti_sysbios_family_c64p_Hwi_enableInterrupt__E)
                  1181e6c0    00000040                   : BIOS.obj (.text:ti_sysbios_family_c64p_primus_TimerSupport_enable__E)
                  1181e700    00000040                   : BIOS.obj (.text:ti_sysbios_gates_GateMutex_leave__E)
                  1181e740    00000040     FinalContestRobot2_pe674.oe674 (.text:ti_sysbios_hal_Hwi_HwiProxy_getStackInfo__E)
                  1181e780    00000040     FinalContestRobot2_pe674.oe674 (.text:ti_sysbios_knl_Clock_Module_State_clockQ)
                  1181e7c0    00000040     FinalContestRobot2_pe674.oe674 (.text:ti_sysbios_knl_Queue_Object__get__S)
                  1181e800    00000040     FinalContestRobot2_pe674.oe674 (.text:ti_sysbios_timers_timer64_Timer_Module__startupDone__F)
                  1181e840    00000040     rts6740_elf.lib : vsprintf.obj (.text:vsprintf)
                  1181e880    00000040     ti.targets.rts6000.ae674 : Error.oe674 (.text:xdc_runtime_Error_check__E)
                  1181e8c0    00000040                              : Error.oe674 (.text:xdc_runtime_Error_init__E)
                  1181e900    00000040     FinalContestRobot2_pe674.oe674 (.text:xdc_runtime_IHeap_alloc)
                  1181e940    00000040     FinalContestRobot2_pe674.oe674 (.text:xdc_runtime_IHeap_free)
                  1181e980    00000040     ti.targets.rts6000.ae674 : LoggerBuf.oe674 (.text:xdc_runtime_LoggerBuf_write0__E)
                  1181e9c0    00000040                              : LoggerBuf.oe674 (.text:xdc_runtime_LoggerBuf_write1__E)
                  1181ea00    00000040                              : LoggerBuf.oe674 (.text:xdc_runtime_LoggerBuf_write2__E)
                  1181ea40    00000040                              : Registry.oe674 (.text:xdc_runtime_Registry_findById__E)
                  1181ea80    00000040     FinalContestRobot2_pe674.oe674 (.text:xdc_runtime_Startup_exec__I)
                  1181eac0    00000040     ti.targets.rts6000.ae674 : SysMin.oe674 (.text:xdc_runtime_SysMin_Module_startup__E)
                  1181eb00    00000040                              : SysMin.oe674 (.text:xdc_runtime_SysMin_exit__E)
                  1181eb40    00000040                              : System.oe674 (.text:xdc_runtime_System_abort__E)
                  1181eb80    00000040     FinalContestRobot2_pe674.oe674 (.text:xdc_runtime_System_aprintf__E)
                  1181ebc0    00000040     ti.targets.rts6000.ae674 : System.oe674 (.text:xdc_runtime_System_exit__E)
                  1181ec00    00000040     FinalContestRobot2_pe674.oe674 (.text:xdc_runtime_System_printf__E)
                  1181ec40    00000040     FinalContestRobot2_pe674.oe674 (.text:xdc_runtime_Text_visitRope__I)
                  1181ec80    00000020     rts6740_elf.lib : errno.obj (.text:__c6xabi_errno_addr)
                  1181eca0    00000020                     : trunc.obj (.text:__c6xabi_trunc)
                  1181ecc0    00000020                     : truncf.obj (.text:__c6xabi_truncf)
                  1181ece0    00000020                     : sscanf.obj (.text:_inpchar)
                  1181ed00    00000020                     : _lock.obj (.text:_nop)
                  1181ed20    00000020                     : printf.obj (.text:_outc)
                  1181ed40    00000020                     : sprintf.obj (.text:_outc)
                  1181ed60    00000020                     : vsprintf.obj (.text:_outc)
                  1181ed80    00000020                     : printf.obj (.text:_outs)
                  1181eda0    00000020                     : _lock.obj (.text:_register_lock)
                  1181edc0    00000020                     : _lock.obj (.text:_register_unlock)
                  1181ede0    00000020     sysbios.ae674 : c62_TaskSupport_asm.obj (.text:_ti_sysbios_family_c62_TaskSupport_glue)
                  1181ee00    00000020     rts6740_elf.lib : sscanf.obj (.text:_uninpchar)
                  1181ee20    00000020                     : exit.obj (.text:abort)
                  1181ee40    00000020                     : copy_decompress_none.obj (.text:decompress:none:__TI_decompress_none)
                  1181ee60    00000020                     : copy_decompress_rle.obj (.text:decompress:rle24:__TI_decompress_rle24)
                  1181ee80    00000020     FinalContestRobot2_pe674.oe674 (.text:malloc)
                  1181eea0    00000020     FinalContestRobot2_pe674.oe674 (.text:ti_sysbios_BIOS_RtsGateProxy_enter__E)
                  1181eec0    00000020     FinalContestRobot2_pe674.oe674 (.text:ti_sysbios_BIOS_RtsGateProxy_leave__E)
                  1181eee0    00000020     sysbios.ae674 : BIOS.obj (.text:ti_sysbios_BIOS_linkedWithIncorrectBootLibrary__E)
                  1181ef00    00000020     FinalContestRobot2_pe674.oe674 (.text:ti_sysbios_BIOS_nullFunc__I)
                  1181ef20    00000020     sysbios.ae674 : BIOS.obj (.text:ti_sysbios_BIOS_setThreadType__E)
                  1181ef40    00000020                   : BIOS.obj (.text:ti_sysbios_BIOS_start__E)
                  1181ef60    00000020     FinalContestRobot2_pe674.oe674 (.text:ti_sysbios_family_c62_TaskSupport_Module__startupDone__S)
                  1181ef80    00000020     sysbios.ae674 : BIOS.obj (.text:ti_sysbios_family_c62_TaskSupport_checkStack__E)
                  1181efa0    00000020                   : BIOS.obj (.text:ti_sysbios_family_c64p_Cache_inv__E)
                  1181efc0    00000020                   : BIOS.obj (.text:ti_sysbios_family_c64p_Cache_wb__E)
                  1181efe0    00000020     FinalContestRobot2_pe674.oe674 (.text:ti_sysbios_family_c64p_Hwi_Module__startupDone__S)
                  1181f000    00000020     sysbios.ae674 : BIOS.obj (.text:ti_sysbios_family_c64p_Hwi_clearInterrupt__E)
                  1181f020    00000020                   : BIOS.obj (.text:ti_sysbios_family_c64p_Hwi_startup__E)
                  1181f040    00000020                   : BIOS.obj (.text:ti_sysbios_family_c64p_Hwi_switchFromBootStack__E)
                  1181f060    00000020                   : BIOS.obj (.text:ti_sysbios_family_c64p_TimestampProvider_Module_startup__E)
                  1181f080    00000020                   : BIOS.obj (.text:ti_sysbios_family_c64p_TimestampProvider_get64__E)
                  1181f0a0    00000020                   : BIOS.obj (.text:ti_sysbios_gates_GateHwi_enter__E)
                  1181f0c0    00000020                   : BIOS.obj (.text:ti_sysbios_gates_GateHwi_leave__E)
                  1181f0e0    00000020                   : BIOS.obj (.text:ti_sysbios_gates_GateHwi_query__E)
                  1181f100    00000020                   : BIOS.obj (.text:ti_sysbios_gates_GateMutex_query__E)
                  1181f120    00000020     FinalContestRobot2_pe674.oe674 (.text:ti_sysbios_hal_Hwi_HwiProxy_Module__startupDone__S)
                  1181f140    00000020     FinalContestRobot2_pe674.oe674 (.text:ti_sysbios_hal_Hwi_HwiProxy_clearInterrupt__E)
                  1181f160    00000020     FinalContestRobot2_pe674.oe674 (.text:ti_sysbios_hal_Hwi_HwiProxy_disableInterrupt__E)
                  1181f180    00000020     FinalContestRobot2_pe674.oe674 (.text:ti_sysbios_hal_Hwi_HwiProxy_enableInterrupt__E)
                  1181f1a0    00000020     FinalContestRobot2_pe674.oe674 (.text:ti_sysbios_hal_Hwi_HwiProxy_startup__E)
                  1181f1c0    00000020     FinalContestRobot2_pe674.oe674 (.text:ti_sysbios_hal_Hwi_HwiProxy_switchFromBootStack__E)
                  1181f1e0    00000020     sysbios.ae674 : BIOS.obj (.text:ti_sysbios_hal_Hwi_Module_startup__E)
                  1181f200    00000020     FinalContestRobot2_pe674.oe674 (.text:ti_sysbios_heaps_HeapMem_Module_GateProxy_enter__E)
                  1181f220    00000020     FinalContestRobot2_pe674.oe674 (.text:ti_sysbios_heaps_HeapMem_Module_GateProxy_leave__E)
                  1181f240    00000020     FinalContestRobot2_pe674.oe674 (.text:ti_sysbios_heaps_HeapMem_Module_GateProxy_query__E)
                  1181f260    00000020     sysbios.ae674 : BIOS.obj (.text:ti_sysbios_heaps_HeapMem_isBlocking__E)
                  1181f280    00000020     FinalContestRobot2_pe674.oe674 (.text:ti_sysbios_knl_Clock_TimerProxy_Module__startupDone__S)
                  1181f2a0    00000020     FinalContestRobot2_pe674.oe674 (.text:ti_sysbios_knl_Clock_TimerProxy_getMaxTicks__E)
                  1181f2c0    00000020     sysbios.ae674 : BIOS.obj (.text:ti_sysbios_knl_Clock_getTicks__E)
                  1181f2e0    00000020                   : BIOS.obj (.text:ti_sysbios_knl_Clock_logTick__E)
                  1181f300    00000020                   : BIOS.obj (.text:ti_sysbios_knl_Idle_loop__E)
                  1181f320    00000020                   : BIOS.obj (.text:ti_sysbios_knl_Queue_empty__E)
                  1181f340    00000020                   : BIOS.obj (.text:ti_sysbios_knl_Swi_disable__E)
                  1181f360    00000020     FinalContestRobot2_pe674.oe674 (.text:ti_sysbios_knl_Task_SupportProxy_Module__startupDone__S)
                  1181f380    00000020     FinalContestRobot2_pe674.oe674 (.text:ti_sysbios_knl_Task_SupportProxy_checkStack__E)
                  1181f3a0    00000020     FinalContestRobot2_pe674.oe674 (.text:ti_sysbios_knl_Task_SupportProxy_start__E)
                  1181f3c0    00000020     FinalContestRobot2_pe674.oe674 (.text:ti_sysbios_knl_Task_SupportProxy_swap__E)
                  1181f3e0    00000020     sysbios.ae674 : BIOS.obj (.text:ti_sysbios_knl_Task_disable__E)
                  1181f400    00000020                   : BIOS.obj (.text:ti_sysbios_knl_Task_sleepTimeout__I)
                  1181f420    00000020                   : BIOS.obj (.text:ti_sysbios_knl_Task_startup__E)
                  1181f440    00000020     FinalContestRobot2_pe674.oe674 (.text:ti_sysbios_timers_timer64_Timer_Module__startupDone__S)
                  1181f460    00000020     FinalContestRobot2_pe674.oe674 (.text:ti_sysbios_timers_timer64_Timer_TimerSupportProxy_enable__E)
                  1181f480    00000020     sysbios.ae674 : BIOS.obj (.text:ti_sysbios_timers_timer64_Timer_getMaxTicks__E)
                  1181f4a0    00000020     FinalContestRobot2_pe674.oe674 (.text:xdc_iargToPtr)
                  1181f4c0    00000020     ti.targets.rts6000.ae674 : Error.oe674 (.text:xdc_runtime_Error_getSite__E)
                  1181f4e0    00000020                              : Error.oe674 (.text:xdc_runtime_Error_raiseX__E)
                  1181f500    00000020                              : Gate.oe674 (.text:xdc_runtime_Gate_enterSystem__E)
                  1181f520    00000020                              : Gate.oe674 (.text:xdc_runtime_Gate_leaveSystem__E)
                  1181f540    00000020     FinalContestRobot2_pe674.oe674 (.text:xdc_runtime_LoggerBuf_Module_GateProxy_enter__E)
                  1181f560    00000020     FinalContestRobot2_pe674.oe674 (.text:xdc_runtime_LoggerBuf_Module_GateProxy_leave__E)
                  1181f580    00000020     FinalContestRobot2_pe674.oe674 (.text:xdc_runtime_LoggerBuf_TimestampProxy_get64__E)
                  1181f5a0    00000020     ti.targets.rts6000.ae674 : LoggerBuf.oe674 (.text:xdc_runtime_LoggerBuf_disable__E)
                  1181f5c0    00000020                              : LoggerBuf.oe674 (.text:xdc_runtime_LoggerBuf_enable__E)
                  1181f5e0    00000020     FinalContestRobot2_pe674.oe674 (.text:xdc_runtime_Memory_HeapProxy_alloc__E)
                  1181f600    00000020     FinalContestRobot2_pe674.oe674 (.text:xdc_runtime_Memory_HeapProxy_free__E)
                  1181f620    00000020     ti.targets.rts6000.ae674 : Memory.oe674 (.text:xdc_runtime_Memory_free__E)
                  1181f640    00000020                              : Memory.oe674 (.text:xdc_runtime_Memory_getMaxDefaultTypeAlign__E)
                  1181f660    00000020     FinalContestRobot2_pe674.oe674 (.text:xdc_runtime_Startup_reset__I)
                  1181f680    00000020     ti.targets.rts6000.ae674 : Startup.oe674 (.text:xdc_runtime_Startup_rtsDone__E)
                  1181f6a0    00000020                              : SysMin.oe674 (.text:xdc_runtime_SysMin_ready__E)
                  1181f6c0    00000020     FinalContestRobot2_pe674.oe674 (.text:xdc_runtime_System_Module_GateProxy_enter__E)
                  1181f6e0    00000020     FinalContestRobot2_pe674.oe674 (.text:xdc_runtime_System_Module_GateProxy_leave__E)
                  1181f700    00000020     ti.targets.rts6000.ae674 : System.oe674 (.text:xdc_runtime_System_Module_startup__E)
                  1181f720    00000020     FinalContestRobot2_pe674.oe674 (.text:xdc_runtime_System_SupportProxy_abort__E)
                  1181f740    00000020     FinalContestRobot2_pe674.oe674 (.text:xdc_runtime_System_SupportProxy_exit__E)
                  1181f760    00000020     FinalContestRobot2_pe674.oe674 (.text:xdc_runtime_System_SupportProxy_putch__E)
                  1181f780    00000020     FinalContestRobot2_pe674.oe674 (.text:xdc_runtime_System_SupportProxy_ready__E)
                  1181f7a0    00000020     ti.targets.rts6000.ae674 : System.oe674 (.text:xdc_runtime_System_vsnprintf__E)
                  1181f7c0    00000020                              : Text.oe674 (.text:xdc_runtime_Text_ropeText__E)

.const.1   0    1181f7e0    00000020     
                  1181f7e0    00000018     ColorLCD.obj (.const:$P$T0$1)
                  1181f7f8    00000008     FinalContestRobot2_pe674.oe674 (.const:ti_sysbios_knl_Idle_funcList__C)

.far       0    1181f800    0000b178     UNINITIALIZED
                  1181f800    000048c0     FinalContestRobot2_pe674.oe674 (.far:taskStackSection)
                  118240c0    00001000     (.common:ti_sysbios_heaps_HeapMem_Instance_State_0_buf__A)
                  118250c0    00000fa0     (.common:enc0_array)
                  11826060    00000c00     (.common:object_stats)
                  11826c60    0000001e     (.common:LADARoutBuffer)
                  11826c7e    00000002     --HOLE--
                  11826c80    00000578     (.common:LADARinBuffer)
                  118271f8    00000400     (.common:equivalency_objects)
                  118275f8    00000400     (.common:temp_equivalency_objects)
                  118279f8    000003e8     (.common:LADARangle)
                  11827de0    000003e8     (.common:LADARdataX)
                  118281c8    000003e8     (.common:LADARdataY)
                  118285b0    000003e8     (.common:LADARdistance)
                  11828998    000003e8     (.common:newLADARangle)
                  11828d80    000003e8     (.common:newLADARdataX)
                  11829168    000003e8     (.common:newLADARdataY)
                  11829550    000003e8     (.common:newLADARdistance)
                  11829938    0000039c     (.common:final_object_stats)
                  11829cd4    00000004     --HOLE--
                  11829cd8    00000200     (.common:xdc_runtime_LoggerBuf_Instance_State_0_entryArr__A)
                  11829ed8    00000200     (.common:xdc_runtime_SysMin_Module_State_0_outbuf__A)
                  1182a0d8    00000190     (.common:pathCol)
                  1182a268    00000190     (.common:pathRow)
                  1182a3f8    00000140     (.common:__TI_tmpnams)
                  1182a538    00000102     (.common:fromLinuxstring)
                  1182a63a    00000006     --HOLE--
                  1182a640    00000102     (.common:toLinuxstring)
                  1182a742    00000006     --HOLE--
                  1182a748    00000028     (.common:i2cdata)
                  1182a770    0000000c     (.common:LADARps)
                  1182a77c    00000004     --HOLE--
                  1182a780    0000009c     (.common:f28335recData)
                  1182a81c    00000004     --HOLE--
                  1182a820    00000060     (.common:robotdest)
                  1182a880    00000068     (.common:f28335TXData)
                  1182a8e8    00000024     (.common:temp_3x3)
                  1182a90c    00000004     --HOLE--
                  1182a910    00000014     (.common:Optitrackdata)
                  1182a924    0000000c     (.common:OPTITRACKps)
                  1182a930    0000000c     (.common:ROBOTps)
                  1182a93c    00000004     --HOLE--
                  1182a940    0000000c     (.common:temp_3x1)
                  1182a94c    00000004     --HOLE--
                  1182a950    0000000c     (.common:ytilde)
                  1182a95c    00000004     --HOLE--
                  1182a960    0000000c     (.common:z)
                  1182a96c    00000004     --HOLE--
                  1182a970    00000008     (.common:parmbuf)

.const.2   0    1182a978    00002680     
                  1182a978    000019d4     FinalContestRobot2_pe674.oe674 (.const:xdc_runtime_Text_charTab__A)
                  1182c34c    00000518     sysbios.ae674 : BIOS.obj (.const:.string)
                  1182c864    00000004     FinalContestRobot2_pe674.oe674 (.const:ti_sysbios_BIOS_installedErrorHook__C)
                  1182c868    00000101     rts6740_elf.lib : ctype.obj (.const:.string:_ctypes_)
                  1182c969    00000001     FinalContestRobot2_pe674.oe674 (.const:ti_sysbios_timers_timer64_Timer_localTimerBaseId__C)
                  1182c96a    00000002     FinalContestRobot2_pe674.oe674 (.const:ti_sysbios_family_c64p_Cache_Module__id__C)
                  1182c96c    00000004     FinalContestRobot2_pe674.oe674 (.const:ti_sysbios_family_c64p_Cache_EMIFA_BASE__C)
                  1182c970    000000cc     FinalContestRobot2_pe674.oe674 (.const:xdc_runtime_Text_nodeTab__A)
                  1182ca3c    00000080     user_FinalContestRobot2.obj (.const:.string)
                  1182cabc    00000004     FinalContestRobot2_pe674.oe674 (.const:ti_sysbios_family_c64p_Cache_EMIFA_CFG__C)
                  1182cac0    00000080     evmomapl138_bsl.lib : evmomapl138.obj (.const:bitval_u32)
                  1182cb40    00000058     ti.targets.rts6000.ae674 : Error.oe674 (.const:.string)
                  1182cb98    00000050     rts6740_elf.lib : strtod.obj (.const:digits)
                  1182cbe8    00000048                     : strtod.obj (.const:powerof10)
                  1182cc30    00000044     Ladar.obj (.const:.string)
                  1182cc74    00000040     evmomapl138_bsl.lib : evmomapl138.obj (.const:.string)
                  1182ccb4    00000040     ti.targets.rts6000.ae674 : Text.oe674 (.const:.string)
                  1182ccf4    0000003c     FinalContestRobot2_pe674.oe674 (.const:xdc_runtime_LoggerBuf_Module__FXNS__C)
                  1182cd30    00000030     FinalContestRobot2_pe674.oe674 (.const:xdc_runtime_Startup_sfxnTab__A)
                  1182cd60    0000002c     ti.targets.rts6000.ae674 : Startup.oe674 (.const:.string)
                  1182cd8c    00000028     FinalContestRobot2_pe674.oe674 (.const:ti_sysbios_heaps_HeapMem_Module__FXNS__C)
                  1182cdb4    00000024     rts6740_elf.lib : _printfi.obj (.const:.string)
                  1182cdd8    00000024     FinalContestRobot2_pe674.oe674 (.const:ti_sysbios_gates_GateHwi_Module__FXNS__C)
                  1182cdfc    00000024     FinalContestRobot2_pe674.oe674 (.const:ti_sysbios_gates_GateMutex_Module__FXNS__C)
                  1182ce20    00000018     ti.targets.rts6000.ae674 : System.oe674 (.const:.string)
                  1182ce38    00000018     FinalContestRobot2_pe674.oe674 (.const:xdc_runtime_Startup_sfxnRts__A)
                  1182ce50    00000010     evmomapl138_bsl.lib : evmomapl138_uart.obj (.const:.string)
                  1182ce60    00000008     FinalContestRobot2_pe674.oe674 (.const:xdc_runtime_Startup_firstFxns__A)
                  1182ce68    00000008     FinalContestRobot2_pe674.oe674 (.const:xdc_runtime_Startup_firstFxns__C)
                  1182ce70    00000008     FinalContestRobot2_pe674.oe674 (.const:xdc_runtime_Startup_lastFxns__C)
                  1182ce78    00000007     rts6740_elf.lib : _scanfi.obj (.const:.string:flit$1)
                  1182ce7f    00000001     --HOLE-- [fill = 0]
                  1182ce80    00000006                     : _scanfi.obj (.const:.string:barr$2)
                  1182ce86    00000002     FinalContestRobot2_pe674.oe674 (.const:ti_sysbios_family_c64p_Exception_Module__id__C)
                  1182ce88    00000004     Ladar.obj (.const:.string:$P$T0$1)
                  1182ce8c    00000004     FinalContestRobot2_pe674.oe674 (.const:ti_sysbios_family_c64p_Cache_EMIFA_LENGTH__C)
                  1182ce90    00000004     FinalContestRobot2_pe674.oe674 (.const:ti_sysbios_family_c64p_Cache_EMIFB_BASE__C)
                  1182ce94    00000004     FinalContestRobot2_pe674.oe674 (.const:ti_sysbios_family_c64p_Cache_EMIFB_CFG__C)
                  1182ce98    00000004     FinalContestRobot2_pe674.oe674 (.const:ti_sysbios_family_c64p_Cache_EMIFB_LENGTH__C)
                  1182ce9c    00000004     FinalContestRobot2_pe674.oe674 (.const:ti_sysbios_family_c64p_Cache_EMIFC_BASE__C)
                  1182cea0    00000004     FinalContestRobot2_pe674.oe674 (.const:ti_sysbios_family_c64p_Cache_EMIFC_CFG__C)
                  1182cea4    00000004     FinalContestRobot2_pe674.oe674 (.const:ti_sysbios_family_c64p_Cache_EMIFC_LENGTH__C)
                  1182cea8    00000004     FinalContestRobot2_pe674.oe674 (.const:ti_sysbios_family_c64p_Cache_E_invalidL1CacheSize__C)
                  1182ceac    00000004     FinalContestRobot2_pe674.oe674 (.const:ti_sysbios_family_c64p_Cache_E_invalidL2CacheSize__C)
                  1182ceb0    00000004     FinalContestRobot2_pe674.oe674 (.const:ti_sysbios_family_c64p_Cache_MAR0_31__C)
                  1182ceb4    00000004     FinalContestRobot2_pe674.oe674 (.const:ti_sysbios_family_c64p_Cache_MAR128_159__C)
                  1182ceb8    00000004     FinalContestRobot2_pe674.oe674 (.const:ti_sysbios_family_c64p_Cache_MAR160_191__C)
                  1182cebc    00000004     FinalContestRobot2_pe674.oe674 (.const:ti_sysbios_family_c64p_Cache_MAR192_223__C)
                  1182cec0    00000004     FinalContestRobot2_pe674.oe674 (.const:ti_sysbios_family_c64p_Cache_MAR224_255__C)
                  1182cec4    00000004     FinalContestRobot2_pe674.oe674 (.const:ti_sysbios_family_c64p_Cache_MAR32_63__C)
                  1182cec8    00000004     FinalContestRobot2_pe674.oe674 (.const:ti_sysbios_family_c64p_Cache_MAR64_95__C)
                  1182cecc    00000004     FinalContestRobot2_pe674.oe674 (.const:ti_sysbios_family_c64p_Cache_MAR96_127__C)
                  1182ced0    00000004     FinalContestRobot2_pe674.oe674 (.const:ti_sysbios_family_c64p_Exception_E_exceptionMax__C)
                  1182ced4    00000004     FinalContestRobot2_pe674.oe674 (.const:ti_sysbios_family_c64p_Exception_exceptionHook__C)
                  1182ced8    00000004     FinalContestRobot2_pe674.oe674 (.const:ti_sysbios_family_c64p_Exception_externalHook__C)
                  1182cedc    00000004     FinalContestRobot2_pe674.oe674 (.const:ti_sysbios_family_c64p_Exception_internalHook__C)
                  1182cee0    00000004     FinalContestRobot2_pe674.oe674 (.const:ti_sysbios_family_c64p_Exception_nmiHook__C)
                  1182cee4    00000004     FinalContestRobot2_pe674.oe674 (.const:ti_sysbios_gates_GateMutex_Instance_State_sem__O)
                  1182cee8    00000004     FinalContestRobot2_pe674.oe674 (.const:ti_sysbios_hal_Hwi_E_stackOverflow__C)
                  1182ceec    00000004     FinalContestRobot2_pe674.oe674 (.const:ti_sysbios_heaps_HeapMem_E_memory__C)
                  1182cef0    00000004     FinalContestRobot2_pe674.oe674 (.const:ti_sysbios_heaps_HeapMem_Module__gateObj__C)
                  1182cef4    00000004     FinalContestRobot2_pe674.oe674 (.const:ti_sysbios_heaps_HeapMem_Object__count__C)
                  1182cef8    00000004     FinalContestRobot2_pe674.oe674 (.const:ti_sysbios_heaps_HeapMem_Object__table__C)
                  1182cefc    00000004     FinalContestRobot2_pe674.oe674 (.const:ti_sysbios_knl_Clock_Module_State_clockQ__O)
                  1182cf00    00000004     FinalContestRobot2_pe674.oe674 (.const:ti_sysbios_knl_Idle_funcList__A)
                  1182cf04    00000004     FinalContestRobot2_pe674.oe674 (.const:ti_sysbios_knl_Semaphore_Instance_State_pendQ__O)
                  1182cf08    00000004     FinalContestRobot2_pe674.oe674 (.const:ti_sysbios_knl_Swi_Object__count__C)
                  1182cf0c    00000004     FinalContestRobot2_pe674.oe674 (.const:ti_sysbios_knl_Swi_Object__table__C)
                  1182cf10    00000004     FinalContestRobot2_pe674.oe674 (.const:ti_sysbios_knl_Task_E_spOutOfBounds__C)
                  1182cf14    00000004     FinalContestRobot2_pe674.oe674 (.const:ti_sysbios_knl_Task_E_stackOverflow__C)
                  1182cf18    00000004     FinalContestRobot2_pe674.oe674 (.const:ti_sysbios_knl_Task_Module_State_inactiveQ__O)
                  1182cf1c    00000004     FinalContestRobot2_pe674.oe674 (.const:ti_sysbios_knl_Task_Object__count__C)
                  1182cf20    00000004     FinalContestRobot2_pe674.oe674 (.const:ti_sysbios_knl_Task_Object__table__C)
                  1182cf24    00000004     FinalContestRobot2_pe674.oe674 (.const:ti_sysbios_knl_Task_allBlockedFunc__C)
                  1182cf28    00000004     FinalContestRobot2_pe674.oe674 (.const:ti_sysbios_knl_Task_numConstructedTasks__C)
                  1182cf2c    00000004     FinalContestRobot2_pe674.oe674 (.const:ti_sysbios_timers_timer64_Timer_E_cannotSupport__C)
                  1182cf30    00000004     FinalContestRobot2_pe674.oe674 (.const:ti_sysbios_timers_timer64_Timer_anyMaskHigh__C)
                  1182cf34    00000004     FinalContestRobot2_pe674.oe674 (.const:ti_sysbios_timers_timer64_Timer_anyMask__C)
                  1182cf38    00000004     FinalContestRobot2_pe674.oe674 (.const:ti_sysbios_timers_timer64_Timer_freqDivisor__C)
                  1182cf3c    00000004     FinalContestRobot2_pe674.oe674 (.const:ti_sysbios_timers_timer64_Timer_numLocalTimers__C)
                  1182cf40    00000004     FinalContestRobot2_pe674.oe674 (.const:ti_sysbios_timers_timer64_Timer_numTimerDevices__C)
                  1182cf44    00000004     FinalContestRobot2_pe674.oe674 (.const:xdc_runtime_Assert_E_assertFailed__C)
                  1182cf48    00000004     FinalContestRobot2_pe674.oe674 (.const:xdc_runtime_Error_E_memory__C)
                  1182cf4c    00000004     FinalContestRobot2_pe674.oe674 (.const:xdc_runtime_Error_Module__diagsEnabled__C)
                  1182cf50    00000004     FinalContestRobot2_pe674.oe674 (.const:xdc_runtime_Error_Module__diagsIncluded__C)
                  1182cf54    00000004     FinalContestRobot2_pe674.oe674 (.const:xdc_runtime_Error_Module__diagsMask__C)
                  1182cf58    00000004     FinalContestRobot2_pe674.oe674 (.const:xdc_runtime_Error_Module__loggerFxn8__C)
                  1182cf5c    00000004     FinalContestRobot2_pe674.oe674 (.const:xdc_runtime_Error_Module__loggerObj__C)
                  1182cf60    00000004     FinalContestRobot2_pe674.oe674 (.const:xdc_runtime_Error_policyFxn__C)
                  1182cf64    00000004     FinalContestRobot2_pe674.oe674 (.const:xdc_runtime_Error_policy__C)
                  1182cf68    00000004     FinalContestRobot2_pe674.oe674 (.const:xdc_runtime_Error_raiseHook__C)
                  1182cf6c    00000004     FinalContestRobot2_pe674.oe674 (.const:xdc_runtime_IFilterLogger_Interface__BASE__C)
                  1182cf70    00000004     FinalContestRobot2_pe674.oe674 (.const:xdc_runtime_IGateProvider_Interface__BASE__C)
                  1182cf74    00000004     FinalContestRobot2_pe674.oe674 (.const:xdc_runtime_IHeap_Interface__BASE__C)
                  1182cf78    00000004     FinalContestRobot2_pe674.oe674 (.const:xdc_runtime_ILogger_Interface__BASE__C)
                  1182cf7c    00000004     FinalContestRobot2_pe674.oe674 (.const:xdc_runtime_IModule_Interface__BASE__C)
                  1182cf80    00000004     FinalContestRobot2_pe674.oe674 (.const:xdc_runtime_Log_L_error__C)
                  1182cf84    00000004     FinalContestRobot2_pe674.oe674 (.const:xdc_runtime_LoggerBuf_E_badLevel__C)
                  1182cf88    00000004     FinalContestRobot2_pe674.oe674 (.const:xdc_runtime_LoggerBuf_Module__gateObj__C)
                  1182cf8c    00000004     FinalContestRobot2_pe674.oe674 (.const:xdc_runtime_LoggerBuf_Object__count__C)
                  1182cf90    00000004     FinalContestRobot2_pe674.oe674 (.const:xdc_runtime_LoggerBuf_Object__table__C)
                  1182cf94    00000004     FinalContestRobot2_pe674.oe674 (.const:xdc_runtime_LoggerBuf_statusLogger__C)
                  1182cf98    00000004     FinalContestRobot2_pe674.oe674 (.const:xdc_runtime_Memory_defaultHeapInstance__C)
                  1182cf9c    00000004     FinalContestRobot2_pe674.oe674 (.const:xdc_runtime_Startup_execImpl__C)
                  1182cfa0    00000004     FinalContestRobot2_pe674.oe674 (.const:xdc_runtime_Startup_maxPasses__C)
                  1182cfa4    00000004     FinalContestRobot2_pe674.oe674 (.const:xdc_runtime_Startup_sfxnRts__C)
                  1182cfa8    00000004     FinalContestRobot2_pe674.oe674 (.const:xdc_runtime_Startup_sfxnTab__C)
                  1182cfac    00000004     FinalContestRobot2_pe674.oe674 (.const:xdc_runtime_Startup_startModsFxn__C)
                  1182cfb0    00000004     FinalContestRobot2_pe674.oe674 (.const:xdc_runtime_SysMin_bufSize__C)
                  1182cfb4    00000004     FinalContestRobot2_pe674.oe674 (.const:xdc_runtime_SysMin_outputFunc__C)
                  1182cfb8    00000004     FinalContestRobot2_pe674.oe674 (.const:xdc_runtime_System_Module__gateObj__C)
                  1182cfbc    00000004     FinalContestRobot2_pe674.oe674 (.const:xdc_runtime_System_abortFxn__C)
                  1182cfc0    00000004     FinalContestRobot2_pe674.oe674 (.const:xdc_runtime_System_exitFxn__C)
                  1182cfc4    00000004     FinalContestRobot2_pe674.oe674 (.const:xdc_runtime_System_extendFxn__C)
                  1182cfc8    00000004     FinalContestRobot2_pe674.oe674 (.const:xdc_runtime_System_maxAtexitHandlers__C)
                  1182cfcc    00000004     FinalContestRobot2_pe674.oe674 (.const:xdc_runtime_Text_charTab__C)
                  1182cfd0    00000004     FinalContestRobot2_pe674.oe674 (.const:xdc_runtime_Text_nodeTab__C)
                  1182cfd4    00000004     FinalContestRobot2_pe674.oe674 (.const:xdc_runtime_Text_visitRopeFxn__C)
                  1182cfd8    00000002     FinalContestRobot2_pe674.oe674 (.const:ti_sysbios_family_c64p_Exception_useInternalBuffer__C)
                  1182cfda    00000002     FinalContestRobot2_pe674.oe674 (.const:ti_sysbios_hal_Hwi_Module__id__C)
                  1182cfdc    00000002     FinalContestRobot2_pe674.oe674 (.const:ti_sysbios_heaps_HeapMem_Module__id__C)
                  1182cfde    00000002     FinalContestRobot2_pe674.oe674 (.const:ti_sysbios_knl_Task_Module__id__C)
                  1182cfe0    00000002     FinalContestRobot2_pe674.oe674 (.const:ti_sysbios_timers_timer64_Timer_Module__id__C)
                  1182cfe2    00000002     FinalContestRobot2_pe674.oe674 (.const:ti_sysbios_timers_timer64_Timer_startupNeeded__C)
                  1182cfe4    00000002     FinalContestRobot2_pe674.oe674 (.const:ti_sysbios_timers_timer64_Timer_useTimer64pRegMap__C)
                  1182cfe6    00000002     FinalContestRobot2_pe674.oe674 (.const:xdc_runtime_Error_Module__loggerDefined__C)
                  1182cfe8    00000002     FinalContestRobot2_pe674.oe674 (.const:xdc_runtime_Error_maxDepth__C)
                  1182cfea    00000002     FinalContestRobot2_pe674.oe674 (.const:xdc_runtime_LoggerBuf_Module__id__C)
                  1182cfec    00000002     FinalContestRobot2_pe674.oe674 (.const:xdc_runtime_LoggerBuf_filterByLevel__C)
                  1182cfee    00000002     FinalContestRobot2_pe674.oe674 (.const:xdc_runtime_Memory_Module__id__C)
                  1182cff0    00000002     FinalContestRobot2_pe674.oe674 (.const:xdc_runtime_SysMin_flushAtExit__C)
                  1182cff2    00000002     FinalContestRobot2_pe674.oe674 (.const:xdc_runtime_Text_isLoaded__C)
                  1182cff4    00000002     FinalContestRobot2_pe674.oe674 (.const:xdc_runtime_Text_registryModsLastId__C)
                  1182cff6    00000002     FinalContestRobot2_pe674.oe674 (.const:xdc_runtime_Text_unnamedModsLastId__C)

.fardata   0    1182eff8    0000116c     UNINITIALIZED
                  1182eff8    0000025c     ColorVision.obj (.fardata:PRUCode)
                  1182f254    00000004     rts6740_elf.lib : _lock.obj (.fardata:_lock)
                  1182f258    000001e0                     : defs.obj (.fardata:_ftable)
                  1182f438    000001cc     FinalContestRobot2_pe674.oe674 (.fardata:ti_sysbios_knl_Task_Object__table__V)
                  1182f604    00000004     rts6740_elf.lib : _lock.obj (.fardata:_unlock)
                  1182f608    000000c0     FinalContestRobot2_pe674.oe674 (.fardata:ti_sysbios_knl_Swi_Object__table__V)
                  1182f6c8    000000b0     user_FinalContestRobot2.obj (.fardata:map)
                  1182f778    000000b0     user_FinalContestRobot2.obj (.fardata:originalMap)
                  1182f828    000000a0     rts6740_elf.lib : write.obj (.fardata:_stream)
                  1182f8c8    00000080     FinalContestRobot2_pe674.oe674 (.fardata:ti_sysbios_knl_Swi_Module_State_0_readyQ__A)
                  1182f948    00000080     FinalContestRobot2_pe674.oe674 (.fardata:ti_sysbios_knl_Task_Module_State_0_readyQ__A)
                  1182f9c8    00000078     rts6740_elf.lib : write.obj (.fardata:_device)
                  1182fa40    00000078     FinalContestRobot2_pe674.oe674 (.fardata:ti_sysbios_family_c64p_Hwi_Object__table__V)
                  1182fab8    0000006c     FinalContestRobot2_pe674.oe674 (.fardata:ti_sysbios_family_c64p_Hwi_Module__state__V)
                  1182fb24    00000004     rts6740_elf.lib : defs.obj (.fardata)
                  1182fb28    00000060     FinalContestRobot2_pe674.oe674 (.fardata:ti_sysbios_timers_timer64_Timer_Module_State_0_device__A)
                  1182fb88    00000050     Ladar.obj (.fardata:cornersX)
                  1182fbd8    00000050     Ladar.obj (.fardata:cornersY)
                  1182fc28    00000050     FinalContestRobot2_pe674.oe674 (.fardata:ti_sysbios_timers_timer64_Timer_Object__table__V)
                  1182fc78    00000048     FinalContestRobot2_pe674.oe674 (.fardata:ti_sysbios_knl_Task_Module__state__V)
                  1182fcc0    00000040     rts6740_elf.lib : cos.obj (.fardata:R$1)
                  1182fd00    00000040                     : sin.obj (.fardata:R$1)
                  1182fd40    00000040     FinalContestRobot2_pe674.oe674 (.fardata:ti_sysbios_gates_GateMutex_Object__table__V)
                  1182fd80    00000040     FinalContestRobot2_pe674.oe674 (.fardata:ti_sysbios_knl_Clock_Object__table__V)
                  1182fdc0    00000030     FinalContestRobot2_pe674.oe674 (.fardata:ti_sysbios_family_c64p_Exception_Module__state__V)
                  1182fdf0    0000002c     FinalContestRobot2_pe674.oe674 (.fardata:ti_sysbios_knl_Clock_Module__state__V)
                  1182fe1c    00000004     rts6740_elf.lib : errno.obj (.fardata)
                  1182fe20    00000028     FinalContestRobot2_pe674.oe674 (.fardata:ti_sysbios_hal_Hwi_Object__table__V)
                  1182fe48    00000024     user_FinalContestRobot2.obj (.fardata:K)
                  1182fe6c    00000004     FinalContestRobot2_pe674.oe674 (.fardata:ti_sysbios_family_c64p_Cache_Module__state__V)
                  1182fe70    00000024     user_FinalContestRobot2.obj (.fardata:P_pred)
                  1182fe94    00000004     FinalContestRobot2_pe674.oe674 (.fardata:ti_sysbios_family_c64p_primus_TimerSupport_Module__state__V)
                  1182fe98    00000024     user_FinalContestRobot2.obj (.fardata:Q)
                  1182febc    00000004     FinalContestRobot2_pe674.oe674 (.fardata:xdc_runtime_Memory_Module__state__V)
                  1182fec0    00000024     user_FinalContestRobot2.obj (.fardata:R)
                  1182fee4    00000002     FinalContestRobot2_pe674.oe674 (.fardata:xdc_runtime_Error_Module__state__V)
                  1182fee6    00000002     --HOLE--
                  1182fee8    00000024     user_FinalContestRobot2.obj (.fardata:S)
                  1182ff0c    00000004     --HOLE--
                  1182ff10    00000024     user_FinalContestRobot2.obj (.fardata:S_inv)
                  1182ff34    00000004     --HOLE--
                  1182ff38    00000024     user_FinalContestRobot2.obj (.fardata:eye3)
                  1182ff5c    00000024     FinalContestRobot2_pe674.oe674 (.fardata:ti_sysbios_BIOS_Module__state__V)
                  1182ff80    00000024     FinalContestRobot2_pe674.oe674 (.fardata:xdc_runtime_LoggerBuf_Object__table__V)
                  1182ffa4    00000004     --HOLE--
                  1182ffa8    00000020     rts6740_elf.lib : atanf.obj (.fardata:arctan_consts$1)
                  1182ffc8    00000020     FinalContestRobot2_pe674.oe674 (.fardata:ti_sysbios_timers_timer64_Timer_Module_State_0_gctrl__A)
                  1182ffe8    00000020     FinalContestRobot2_pe674.oe674 (.fardata:ti_sysbios_timers_timer64_Timer_Module_State_0_handles__A)
                  11830008    00000020     FinalContestRobot2_pe674.oe674 (.fardata:ti_sysbios_timers_timer64_Timer_Module_State_0_intFreqs__A)
                  11830028    00000020     FinalContestRobot2_pe674.oe674 (.fardata:xdc_runtime_Error_IgnoreBlock)
                  11830048    0000001c     FinalContestRobot2_pe674.oe674 (.fardata:ti_sysbios_knl_Swi_Module__state__V)
                  11830064    00000004     --HOLE--
                  11830068    00000018     user_FinalContestRobot2.obj (.fardata:B)
                  11830080    00000018     FinalContestRobot2_pe674.oe674 (.fardata:ti_sysbios_heaps_HeapMem_Object__table__V)
                  11830098    00000018     FinalContestRobot2_pe674.oe674 (.fardata:ti_sysbios_knl_Semaphore_Object__table__V)
                  118300b0    00000018     FinalContestRobot2_pe674.oe674 (.fardata:ti_sysbios_timers_timer64_Timer_Module__state__V)
                  118300c8    00000010     rts6740_elf.lib : cosf.obj (.fardata:R$1)
                  118300d8    00000010                     : sinf.obj (.fardata:R$1)
                  118300e8    00000010     FinalContestRobot2_pe674.oe674 (.fardata:xdc_runtime_System_Module_State_0_atexitHandlers__A)
                  118300f8    0000000c     user_FinalContestRobot2.obj (.fardata:Bu)
                  11830104    0000000c     rts6740_elf.lib : exit.obj (.fardata)
                  11830110    0000000c     user_FinalContestRobot2.obj (.fardata:x_pred)
                  1183011c    0000000c     FinalContestRobot2_pe674.oe674 (.fardata:xdc_runtime_SysMin_Module__state__V)
                  11830128    00000008     FinalContestRobot2_pe674.oe674 (.fardata:ti_sysbios_family_c64p_primus_TimerSupport_Module_State_0_suspSrc__A)
                  11830130    00000008     user_FinalContestRobot2.obj (.fardata:u)
                  11830138    00000008     FinalContestRobot2_pe674.oe674 (.fardata:xdc_runtime_Registry_Module__state__V)
                  11830140    00000008     FinalContestRobot2_pe674.oe674 (.fardata:xdc_runtime_Startup_Module__state__V)
                  11830148    00000008     FinalContestRobot2_pe674.oe674 (.fardata:xdc_runtime_System_Module__state__V)
                  11830150    00000006     FinalContestRobot2_pe674.oe674 (.fardata:xdc_runtime_LoggerBuf_Module__state__V)
                  11830156    00000002     --HOLE--
                  11830158    00000004     FinalContestRobot2_pe674.oe674 (.fardata:ti_sysbios_gates_GateHwi_Object__table__V)
                  1183015c    00000004     --HOLE--
                  11830160    00000004     FinalContestRobot2_pe674.oe674 (.fardata:ti_sysbios_knl_Task_Module_State_0_idleTask__A)

.cio       0    11830588    00000120     UNINITIALIZED
                  11830588    00000120     rts6740_elf.lib : trgmsg.obj (.cio)

.switch    0    118306a8    000000e4     
                  118306a8    00000040     user_FinalContestRobot2.obj (.switch:RobotControl)
                  118306e8    00000038     rts6740_elf.lib : _printfi.obj (.switch:__TI_printfi)
                  11830720    00000028                     : _scanfi.obj (.switch:__TI_scanfi)
                  11830748    00000024     evmomapl138_bsl.lib : evmomapl138_gpio.obj (.switch:getRegisterBankAndBit)
                  1183076c    00000010                         : evmomapl138_spi.obj (.switch:SPI_init)
                  1183077c    00000010     ColorVision.obj (.switch:userProcessColorImageFunc_laser)

MODULE SUMMARY

       Module                           code     ro data   rw data
       ------                           ----     -------   -------
    .\
       user_FinalContestRobot2.obj      13664    192       6652   
       Ladar.obj                        7968     72        5718   
       ColorVision.obj                  4832     16        6908   
       COECSL_edma3.obj                 1216     0         4136   
       ColorLCD.obj                     2400     24        11     
       MatrixMath.obj                   2336     0         0      
       COECSL_mcbsp.obj                 1664     0         300    
       user_xy.obj                      960      0         0      
       LCDprintf.obj                    416      0         8      
       pru.obj                          256      0         0      
    +--+--------------------------------+--------+---------+---------+
       Total:                           35712    304       23733  
                                                                  
    C:\hzhou39_decamar2_ashwina2\SE423Repo\Contest\FinalContestRobot2\FinalContestRobot2Project\Debug\configPkg\package\cfg\
       FinalContestRobot2_pe674.oe674   4608     7529      25776  
    +--+--------------------------------+--------+---------+---------+
       Total:                           4608     7529      25776  
                                                                  
    C:/hzhou39_decamar2_ashwina2/SE423Repo/LabFiles/bsl_forSYSBIOS/lib/evmomapl138_bsl.lib
       evmomapl138.obj                  4064     192       0      
       evmomapl138_vpif.obj             1920     0         0      
       evmomapl138_i2c.obj              1376     0         4      
       evmomapl138_uart.obj             1344     16        0      
       evmomapl138_i2c_gpio.obj         1344     0         0      
       evmomapl138_spi.obj              1184     16        0      
       evmomapl138_gpio.obj             1152     36        0      
       evmomapl138_timer.obj            384      0         0      
    +--+--------------------------------+--------+---------+---------+
       Total:                           12768    260       4      
                                                                  
    C:\CCStudio_v8\bios_6_70_01_03\packages\ti\targets\rts6000\lib\boot.ae674
       autoinit.oe674                   288      0         0      
       boot.oe674                       160      0         0      
    +--+--------------------------------+--------+---------+---------+
       Total:                           448      0         0      
                                                                  
    C:\CCStudio_v8\bios_6_70_01_03\packages\ti\targets\rts6000\lib\ti.targets.rts6000.ae674
       System.oe674                     3232     24        0      
       LoggerBuf.oe674                  2400     0         0      
       Text.oe674                       1728     64        0      
       Error.oe674                      1152     88        0      
       Startup.oe674                    896      44        0      
       SysMin.oe674                     704      0         0      
       Memory.oe674                     320      0         0      
       Gate.oe674                       64       0         0      
       Registry.oe674                   64       0         0      
    +--+--------------------------------+--------+---------+---------+
       Total:                           10560    220       0      
                                                                  
    C:\CCStudio_v8\ccsv8\tools\compiler\ti-cgt-c6000_8.2.2\lib\rts6740_elf.lib
       _printfi.obj                     13504    92        0      
       _scanfi.obj                      7296     53        0      
       divd.obj                         1472     0         0      
       strtod.obj                       1248     152       0      
       strtoll.obj                      1184     0         0      
       strtoull.obj                     1088     0         0      
       fputs.obj                        992      0         0      
       strtol.obj                       928      0         0      
       cos.obj                          800      0         64     
       fmodf.obj                        864      0         0      
       defs.obj                         0        0         804    
       imath64.obj                      800      0         0      
       sin.obj                          736      0         64     
       strtoul.obj                      768      0         0      
       divf.obj                         672      0         0      
       cosf.obj                         640      0         16     
       sinf.obj                         608      0         16     
       fputc.obj                        544      0         0      
       setvbuf.obj                      544      0         0      
       trgmsg.obj                       224      0         288    
       sscanf.obj                       480      0         0      
       frexp.obj                        448      0         0      
       getdevice.obj                    448      0         0      
       imath40.obj                      448      0         0      
       frexpf.obj                       416      0         0      
       hostrename.obj                   416      0         0      
       ldexp.obj                        384      0         0      
       ldexpf.obj                       384      0         0      
       write.obj                        96       0         280    
       atan2f.obj                       320      0         0      
       fclose.obj                       320      0         0      
       atanf.obj                        256      0         32     
       copy_decompress_rle.obj          288      0         0      
       fseek.obj                        288      0         0      
       printf.obj                       288      0         0      
       sqrtf.obj                        288      0         0      
       exit.obj                         256      0         12     
       ctype.obj                        0        257       0      
       _io_perm.obj                     256      0         0      
       atoi.obj                         256      0         0      
       hostopen.obj                     224      0         8      
       close.obj                        224      0         0      
       divi.obj                         224      0         0      
       hostlseek.obj                    224      0         0      
       hostwrite.obj                    224      0         0      
       llshift.obj                      224      0         0      
       ltoa.obj                         224      0         0      
       memset.obj                       224      0         0      
       divu.obj                         192      0         0      
       fflush.obj                       192      0         0      
       hostread.obj                     192      0         0      
       hostunlink.obj                   192      0         0      
       remi.obj                         192      0         0      
       sprintf.obj                      192      0         0      
       tls.obj                          192      0         0      
       fopen.obj                        160      0         0      
       hostclose.obj                    160      0         0      
       memcpy64.obj                     160      0         0      
       modf.obj                         160      0         0      
       remu.obj                         160      0         0      
       round.obj                        160      0         0      
       vsprintf.obj                     160      0         0      
       roundf.obj                       128      0         0      
       unlink.obj                       128      0         0      
       _lock.obj                        96       0         8      
       lseek.obj                        96       0         0      
       memccpy.obj                      96       0         0      
       modff.obj                        96       0         0      
       args_main.obj                    64       0         0      
       frcmpyd_div.obj                  64       0         0      
       isinf.obj                        64       0         0      
       errno.obj                        32       0         4      
       copy_decompress_none.obj         32       0         0      
       trunc.obj                        32       0         0      
       truncf.obj                       32       0         0      
    +--+--------------------------------+--------+---------+---------+
       Total:                           46464    554       1596   
                                                                  
    C:\hzhou39_decamar2_ashwina2\SE423Repo\Contest\FinalContestRobot2\SYSBIOS\src\sysbios\sysbios.ae674
       BIOS.obj                         17632    1304      0      
       c64p_Hwi_disp_always.obj         512      0         0      
       c64p_Exception_asm.obj           384      0         0      
       c62_TaskSupport_asm.obj          224      0         0      
       c64p_Hwi_asm_switch.obj          192      0         0      
    +--+--------------------------------+--------+---------+---------+
       Total:                           18944    1304      0      
                                                                  
       Stack:                           0        0         8192   
       Linker Generated:                0        2854      0      
    +--+--------------------------------+--------+---------+---------+
       Grand Total:                     129504   13025     59301  


LINKER GENERATED COPY TABLES

__TI_cinit_table @ 11831500 records: 5, size/record: 8, table size: 40
	.fardata: load addr=11830a00, load size=000009d8 bytes, run addr=1182eff8, run size=0000116c bytes, compression=rle
	.neardata: load addr=118313d8, load size=000000cc bytes, run addr=118301d0, run size=0000037b bytes, compression=rle
	.rodata: load addr=118314a4, load size=0000003e bytes, run addr=1183054c, run size=00000038 bytes, compression=rle
	.far: load addr=118314e2, load size=0000000b bytes, run addr=1181f800, run size=0000b178 bytes, compression=rle
	.bss: load addr=118314ed, load size=00000009 bytes, run addr=11830164, run size=0000006c bytes, compression=rle


[...]
11830230  gyro_angle                                                          
11830234  old_gyro                                                            
11830238  gyro_drift                                                          
1183023c  gyro                                                                
11830240  gyro_degrees                                                        
11830244  gyro_radians                                                        
11830248  gyro_x                                                              
1183024c  gyro_y                                                              
11830250  gyro4x_gain                                                         
11830254  statePos                                                            
11830258  robotdestSize                                                       
1183025c  trackableIDerror                                                    
11830260  firstdata                                                           
11830264  new_optitrack                                                       
11830268  previous_frame                                                      
1183026c  frame_error                                                         
11830270  temp_theta                                                          
11830274  tempOPTITRACK_theta                                                 
11830278  temp_trackableID                                                    
1183027c  trackableID                                                         
11830280  errorcheck                                                          
11830284  RobotState                                                          
11830288  Kp_obs                                                              
1183028c  FrontLeft_error                                                     
11830290  FrontRight_error                                                    
11830294  Kp_vref_obs                                                         
11830298  new_DSP_Float2                                                      
1183029c  new_DSP_Float3                                                      
118302a0  new_DSP_Float4                                                      
118302a4  new_DSP_Float5                                                      
118302a8  new_DSP_Float6                                                      
118302ac  new_DSP_Float7                                                      
118302b0  new_DSP_Float8                                                      
118302b4  new_DSP_Float9                                                      
118302b8  new_DSP_Float10                                                     
118302bc  new_DSP_Float11                                                     
118302c0  new_DSP_Float12                                                     
118302c4  new_DSP_Float13                                                     
118302c8  new_DSP_Float14                                                     
118302cc  new_DSP_Float15                                                     
118302d0  new_DSP_Float16                                                     
118302d4  new_DSP_Float17                                                     
118302d8  new_DSP_Float18                                                     
118302dc  new_DSP_Float19                                                     
118302e0  DSP_Float2                                                          
118302e4  DSP_Float3                                                          
118302e8  DSP_Float4                                                          
118302ec  DSP_Float5                                                          
118302f0  DSP_Float6                                                          
118302f4  DSP_Float7                                                          
118302f8  DSP_Float8                                                          
118302fc  DSP_Float9                                                          
11830300  DSP_Float10                                                         
11830304  DSP_Float11                                                         
11830308  DSP_Float12                                                         
1183030c  DSP_Float13                                                         
11830310  DSP_Float14                                                         
11830314  DSP_Float15                                                         
11830318  DSP_Float16                                                         
1183031c  DSP_Float17                                                         
11830320  DSP_Float18                                                         
11830324  DSP_Float19                                                         
11830328  cntturn                                                             
1183032c  ref_right_wall                                                      
11830330  left_turn_Start_threshold                                           
11830334  left_turn_Stop_threshold                                            
11830338  Kp_right_wall                                                       
1183033c  Kp_front_wall                                                       
11830340  front_turn_velocity                                                 
11830344  turn_command_saturation                                             
11830348  sharp_right_threshold                                               
1183034c  Kp_sharp_right                                                      
11830350  left_turn_corner_threshold                                          
11830354  KpGyro                                                              
11830358  p1_old                                                              
1183035c  p2_old                                                              
11830360  angular_vel                                                         
11830364  orientation                                                         
11830368  old_angular_vel                                                     
1183036c  p1_current                                                          
11830370  p2_current                                                          
11830374  v1                                                                  
11830378  v2                                                                  
1183037c  x                                                                   
11830380  y                                                                   
11830384  update_Timer                                                        
11830388  countdown                                                           
1183038c  astarRunning                                                        
11830390  astarTrigger                                                        
11830394  astarDone                                                           
11830398  pathLen                                                             
1183039c  pathPos                                                             
118303a0  timecount                                                           
118303a4  whichled                                                            
118303a8  updateLCD                                                           
118303ac  testvar                                                             
118303b0  noimagefound                                                        
118303b4  object_x                                                            
118303b8  object_y                                                            
118303bc  new_coordata                                                        
118303c0  numpels                                                             
118303c4  new_num_found_objects                                               
118303c8  new_object_theta                                                    
118303cc  new_C20                                                             
118303d0  new_C02                                                             
118303d4  top                                                                 
118303d8  left                                                                
118303dc  num_unique_objects                                                  
118303e0  current_object                                                      
118303e4  color                                                               
118303e8  color2                                                              
118303ec  Cdifference                                                         
118303f0  neighbor_type                                                       
118303f4  too_many_objects                                                    
118303f8  object_detected                                                     
118303fc  print_hue                                                           
118303fd  print_sat                                                           
118303fe  print_val                                                           
118303ff  print_r                                                             
11830400  print_b                                                             
11830401  print_g                                                             
11830404  specs_s                                                             
11830408  specs_srad                                                          
1183040c  specs_v                                                             
11830410  specs_vrad                                                          
11830414  specs_h                                                             
11830418  specs_h2                                                            
1183041c  specs_hrad                                                          
11830420  VPIF_beginning_line                                                 
11830424  equivalency                                                         
11830428  done                                                                
1183042c  f28335RecFirsttime                                                  
11830430  enc1                                                                
11830434  enc2                                                                
11830438  enc3                                                                
1183043c  enc4                                                                
11830440  compass                                                             
11830444  switchstate                                                         
11830448  adcA0                                                               
1183044c  adcB0                                                               
11830450  adcA1                                                               
11830454  adcB1                                                               
11830458  adcA2                                                               
1183045c  adcB2                                                               
11830460  adcA3                                                               
11830464  adcB3                                                               
11830468  adcA4                                                               
1183046c  adcB4                                                               
11830470  adcA5                                                               
11830474  adcB5                                                               
11830478  adcA6                                                               
1183047c  adcA7                                                               
11830480  F28335_Extra1                                                       
11830484  F28335_Extra2                                                       
11830488  F28335_Extra3                                                       
1183048c  F28335_Extra4                                                       
11830490  new_sendtolinux_F28335_Extra                                        
11830494  send_F28335_Extra1                                                  
11830498  send_F28335_Extra2                                                  
1183049c  send_F28335_Extra3                                                  
118304a0  send_F28335_Extra4                                                  
118304a4  num_EDMA3_0                                                         
118304a8  numofints                                                           
118304ac  scalingLadar                                                        
118304b0  LADARready                                                          
118304b4  LADARprocess                                                        
118304b8  uart1count                                                          
118304bc  numReadings                                                         
118304c0  errL                                                                
118304c4  errC                                                                
118304c8  errR                                                                
118304cc  tLADARleftFt                                                        
118304d0  tLADARcenterFt                                                      
118304d4  tLADARrightFt                                                       
118304d8  cPrevLADARdata                                                      
118304d9  cLADARdata                                                          
118304dc  iLADARrcv                                                           
118304e0  cCommandName                                                        
118304e4  LADARleftFt                                                         
118304e8  LADARcenterFt                                                       
118304ec  LADARrightFt                                                        
118304f0  numreadings_lastscan                                                
118304f4  startAngle                                                          
118304f8  stepSize                                                            
118304fc  newLADARdata                                                        
11830500  robotX                                                              
11830504  robotY                                                              
11830508  robotT                                                              
1183050c  tempSign                                                            
11830510  tempOff                                                             
11830514  servosPosted                                                        
11830518  newServos                                                           
1183051c  McBSPrecerror                                                       
11830520  firsttimeintMCBSPrec                                                
11830524  timeint                                                             
11830528  mcbspReset                                                          
1183052c  testcount                                                           
11830530  danindex                                                            
11830534  firsttimeLine1                                                      
11830538  firsttimeLine2                                                      
1183053c  LCDnewMsgLine1                                                      
11830540  LCDnewMsgLine2                                                      
11830544  bluegain                                                            
11830548  bkgrnd_red                                                          
11830549  bkgrnd_green                                                        
1183054a  bkgrnd_blue                                                         
1183054c  SWI_RobotControl                                                    
11830550  CLK_addtime                                                         
11830554  CLK_startMcBSP                                                      
11830558  HWI8_EDMA3_0                                                        
1183055c  SWI_LCD                                                             
11830560  SWI_vision                                                          
11830564  HWI4_VPIF95                                                         
11830568  HWI7_PRU6                                                           
1183056c  HWI5_EDMA3_1                                                        
11830570  TASK_ComWithLinux                                                   
11830574  TASK_LADAR                                                          
11830578  task2                                                               
1183057c  task3                                                               
11830580  SEM_startAstar                                                      
11830588  __CIOBUF_                                                           
11830800  ti_sysbios_family_c64p_Hwi0                                         
11830800  ti_sysbios_family_c64p_Hwi_int0                                     
11830820  ti_sysbios_family_c64p_Hwi_int1                                     
11830840  ti_sysbios_family_c64p_Hwi_int2                                     
11830860  ti_sysbios_family_c64p_Hwi_int3                                     
11830880  ti_sysbios_family_c64p_Hwi_int4                                     
118308a0  ti_sysbios_family_c64p_Hwi_int5                                     
118308c0  ti_sysbios_family_c64p_Hwi_int6                                     
118308e0  ti_sysbios_family_c64p_Hwi_int7                                     
11830900  ti_sysbios_family_c64p_Hwi_int8                                     
11830920  ti_sysbios_family_c64p_Hwi_int9                                     
11830940  ti_sysbios_family_c64p_Hwi_int10                                    
11830960  ti_sysbios_family_c64p_Hwi_int11                                    
11830980  ti_sysbios_family_c64p_Hwi_int12                                    
118309a0  ti_sysbios_family_c64p_Hwi_int13                                    
118309c0  ti_sysbios_family_c64p_Hwi_int14                                    
118309e0  ti_sysbios_family_c64p_Hwi_int15                                    
118314f8  __TI_Handler_Table_Base                                             
11831500  __TI_CINIT_Base                                                     
11831500  __TI_Handler_Table_Limit                                            
11831528  __TI_CINIT_Limit                                                    
ffffffff  __TI_pprof_out_hndl                                                 
ffffffff  __TI_prof_data_size                                                 
ffffffff  __TI_prof_data_start                                                
ffffffff  __binit__                                                           
ffffffff  __c_args__                                                          
ffffffff  binit                                                               
UNDEFED   __TI_INITARRAY_Base                                                 
UNDEFED   __TI_INITARRAY_Limit                                                
UNDEFED   __TI_TLS_INIT_Base                                                  
UNDEFED   __TI_TLS_INIT_Limit                                                 

[957 symbols]
