******************************************************************************
               TMS320C6x Linker PC v8.2.2                      
******************************************************************************
>> Linked Thu Apr 25 18:40:11 2019

OUTPUT FILE NAME:   <FinalContestRobot2.out>
ENTRY POINT SYMBOL: "_c_int00"  address: 1181d4e0


MEMORY CONFIGURATION

         name            origin    length      used     unused   attr    fill
----------------------  --------  ---------  --------  --------  ----  --------
  IROM                  11700000   00100000  00000000  00100000  R  X
  IRAM                  11800000   00038000  00033260  00004da0  RW X
  L3_CBA_RAM            80000000   00020000  00000000  00020000  RW X
  DDR                   c3000000   01000000  00000000  01000000  RW X


SEGMENT ALLOCATION MAP

run origin  load origin   length   init length attrs members
----------  ----------- ---------- ----------- ----- -------
11800000    11800000    00020a80   00020a80    r-x
  11800000    11800000    00020a60   00020a60    r-x .text
  11820a60    11820a60    00000020   00000020    r-- .const.1
11820a80    11820a80    0000bcb0   00000000    rw-
  11820a80    11820a80    0000bcb0   00000000    rw- .far
1182c730    1182c730    00002680   00002680    r--
  1182c730    1182c730    00002680   00002680    r-- .const.2
1182edb0    1182edb0    0000357b   00000000    rw-
  1182edb0    1182edb0    00002000   00000000    rw- .stack
  11830db0    11830db0    0000116c   00000000    rw- .fardata
  11831f1c    11831f1c    0000006c   00000000    rw- .bss
  11831f88    11831f88    000003a3   00000000    rw- .neardata
1183232c    1183232c    00000038   00000000    r--
  1183232c    1183232c    00000038   00000000    r-- .rodata
11832364    11832364    0000009c   0000009c    r--
  11832364    11832364    0000009c   0000009c    r-- .switch.1
11832400    11832400    00000200   00000200    r-x
  11832400    11832400    00000200   00000200    r-x .vecs
11832600    11832600    00000120   00000000    rw-
  11832600    11832600    00000120   00000000    rw- .cio
11832720    11832720    00000b40   00000b40    r--
  11832720    11832720    00000048   00000048    r-- .switch.2
  11832768    11832768    00000af8   00000af8    r-- .cinit


SECTION ALLOCATION MAP

 output                                  attributes/
section   page    origin      length       input sections
--------  ----  ----------  ----------   ----------------
.stack     0    1182edb0    00002000     UNINITIALIZED
                  1182edb0    00000008     boot.ae674 : boot.oe674 (.stack)
                  1182edb8    00001ff8     --HOLE--

.bss       0    11831f1c    0000006c     UNINITIALIZED
                  11831f1c    00000004     evmomapl138_bsl.lib : evmomapl138_i2c.obj (.bss)
                  11831f20    00000004     (.common:EDMA3_0_Regs)
                  11831f24    00000004     (.common:EDMA3_1_Regs)
                  11831f28    00000004     (.common:Image_data)
                  11831f2c    00000004     (.common:LCD_Image)
                  11831f30    00000004     (.common:LCD_mem)
                  11831f34    00000004     (.common:Linux_Image)
                  11831f38    00000004     (.common:Thres_Image)
                  11831f3c    00000004     (.common:blue)
                  11831f40    00000004     (.common:c)
                  11831f44    00000004     (.common:cbar)
                  11831f48    00000004     (.common:current)
                  11831f4c    00000004     (.common:delta)
                  11831f50    00000004     (.common:green)
                  11831f54    00000004     (.common:hue)
                  11831f58    00000004     (.common:index)
                  11831f5c    00000004     (.common:k)
                  11831f60    00000004     (.common:largest_num_pixels)
                  11831f64    00000004     (.common:largest_object)
                  11831f68    00000004     (.common:min)
                  11831f6c    00000004     (.common:pic_data)
                  11831f70    00000004     (.common:ptrshrdmem)
                  11831f74    00000004     (.common:r)
                  11831f78    00000004     (.common:rbar)
                  11831f7c    00000004     (.common:red)
                  11831f80    00000004     (.common:sat)
                  11831f84    00000004     (.common:value)

.neardata 
*          0    11831f88    000003a3     UNINITIALIZED
                  11831f88    00000200     user_FinalContestRobot2.obj (.neardata)
                  11832188    00000084     ColorVision.obj (.neardata)
                  1183220c    00000080     COECSL_edma3.obj (.neardata)
                  1183228c    00000068     Ladar.obj (.neardata)
                  118322f4    00000028     COECSL_mcbsp.obj (.neardata)
                  1183231c    00000008     LCDprintf.obj (.neardata)
                  11832324    00000007     ColorLCD.obj (.neardata)

.rodata    0    1183232c    00000038     UNINITIALIZED
                  1183232c    00000038     FinalContestRobot2_pe674.oe674 (.rodata)

.cinit     0    11832768    00000af8     
                  11832768    0000099c     (.cinit..fardata.load) [load image, compression = rle]
                  11833104    000000d5     (.cinit..neardata.load) [load image, compression = rle]
                  118331d9    0000003e     (.cinit..rodata.load) [load image, compression = rle]
                  11833217    0000000b     (.cinit..far.load) [load image, compression = rle]
                  11833222    00000009     (.cinit..bss.load) [load image, compression = rle]
                  1183322b    00000001     --HOLE-- [fill = 0]
                  1183322c    00000008     (__TI_handler_table)
                  11833234    00000004     --HOLE-- [fill = 0]
                  11833238    00000028     (__TI_cinit_table)

.init_array 
*          0    11800000    00000000     UNINITIALIZED

.vecs      0    11832400    00000200     
                  11832400    00000200     FinalContestRobot2_pe674.oe674 (.vecs)

xdc.meta   0    11800000    00000130     COPY SECTION
                  11800000    00000130     FinalContestRobot2_pe674.oe674 (xdc.meta)

.text      0    11800000    00020a60     
                  11800000    000047e0     user_FinalContestRobot2.obj (.text)
                  118047e0    00001f20     Ladar.obj (.text)
                  11806700    00001ce0     rts6740_elf.lib : _printfi.obj (.text:__TI_printfi)
                  118083e0    00001a80                     : _scanfi.obj (.text:__TI_scanfi)
                  11809e60    000012e0     ColorVision.obj (.text)
                  1180b140    00000fe0     evmomapl138_bsl.lib : evmomapl138.obj (.text)
                  1180c120    00000960     ColorLCD.obj (.text)
                  1180ca80    00000920     MatrixMath.obj (.text)
                  1180d3a0    000008a0     ti.targets.rts6000.ae674 : System.oe674 (.text:xdc_runtime_System_doPrint__I)
                  1180dc40    00000780     evmomapl138_bsl.lib : evmomapl138_vpif.obj (.text)
                  1180e3c0    00000780     sysbios.ae674 : BIOS.obj (.text:ti_sysbios_family_c64p_Exception_handler__I)
                  1180eb40    00000680     COECSL_mcbsp.obj (.text)
                  1180f1c0    00000680     rts6740_elf.lib : _printfi.obj (.text:_pconv_a)
                  1180f840    000005c0                     : divd.obj (.text:__c6xabi_divd)
                  1180fe00    00000560     evmomapl138_bsl.lib : evmomapl138_i2c.obj (.text)
                  11810360    00000540                         : evmomapl138_i2c_gpio.obj (.text)
                  118108a0    00000540                         : evmomapl138_uart.obj (.text)
                  11810de0    00000500     rts6740_elf.lib : _printfi.obj (.text:_pconv_g)
                  118112e0    000004e0                     : strtod.obj (.text:strtod)
                  118117c0    000004c0     COECSL_edma3.obj (.text)
                  11811c80    000004a0     evmomapl138_bsl.lib : evmomapl138_spi.obj (.text)
                  11812120    000004a0     rts6740_elf.lib : strtoll.obj (.text:strtoll)
                  118125c0    00000480     evmomapl138_bsl.lib : evmomapl138_gpio.obj (.text)
                  11812a40    00000440     rts6740_elf.lib : strtoull.obj (.text:strtoull)
                  11812e80    00000420                     : _printfi.obj (.text:_pconv_e)
                  118132a0    000003e0                     : fputs.obj (.text:fputs)
                  11813680    000003c0     sysbios.ae674 : BIOS.obj (.text:ti_sysbios_timers_timer64_Timer_Module_startup__E)
                  11813a40    000003c0     user_xy.obj (.text)
                  11813e00    000003a0     rts6740_elf.lib : strtol.obj (.text:strtol)
                  118141a0    00000360                     : fmodf.obj (.text:fmodf)
                  11814500    00000340     sysbios.ae674 : BIOS.obj (.text:ti_sysbios_knl_Semaphore_pend__E)
                  11814840    00000340                   : BIOS.obj (.text:ti_sysbios_timers_timer64_Timer_deviceConfig__I)
                  11814b80    00000340     FinalContestRobot2_pe674.oe674 (.text:xdc_runtime_System_printfExtend__I)
                  11814ec0    00000320     rts6740_elf.lib : cos.obj (.text:cos)
                  118151e0    00000300                     : strtoul.obj (.text:strtoul)
                  118154e0    000002e0                     : sin.obj (.text:sin)
                  118157c0    000002e0     sysbios.ae674 : BIOS.obj (.text:ti_sysbios_timers_timer64_Timer_setPeriodMicroSecs__E)
                  11815aa0    000002c0     ti.targets.rts6000.ae674 : LoggerBuf.oe674 (.text:xdc_runtime_LoggerBuf_write8__E)
                  11815d60    000002a0     rts6740_elf.lib : divf.obj (.text:__c6xabi_divf)
                  11816000    000002a0                     : _printfi.obj (.text:_pconv_f)
                  118162a0    000002a0                     : _printfi.obj (.text:fcvt)
                  11816540    00000280                     : cosf.obj (.text:cosf)
                  118167c0    00000260                     : imath64.obj (.text:__c6xabi_divull)
                  11816a20    00000260                     : sinf.obj (.text:sinf)
                  11816c80    00000260     ti.targets.rts6000.ae674 : Startup.oe674 (.text:xdc_runtime_Startup_startMods__I)
                  11816ee0    00000240     sysbios.ae674 : BIOS.obj (.text:ti_sysbios_family_c64p_Exception_internalHandler__I)
                  11817120    00000220     rts6740_elf.lib : fputc.obj (.text:fputc)
                  11817340    00000220                     : setvbuf.obj (.text:setvbuf)
                  11817560    00000200                     : _printfi.obj (.text:_ltostr)
                  11817760    00000200     sysbios.ae674 : c64p_Hwi_disp_always.obj (.text:_ti_sysbios_family_c64p_Hwi_dispatchAlways)
                  11817960    00000200     ti.targets.rts6000.ae674 : Error.oe674 (.text:xdc_runtime_Error_policyDefault__E)
                  11817b60    000001e0     sysbios.ae674 : BIOS.obj (.text:ti_sysbios_family_c64p_Cache_block__I)
                  11817d40    000001e0     ti.targets.rts6000.ae674 : LoggerBuf.oe674 (.text:xdc_runtime_LoggerBuf_write4__E)
                  11817f20    000001e0                              : Text.oe674 (.text:xdc_runtime_Text_putSite__E)
                  11818100    000001c0     rts6740_elf.lib : imath40.obj (.text:__c6xabi_divul)
                  118182c0    000001c0                     : frexp.obj (.text:frexp)
                  11818480    000001c0     sysbios.ae674 : BIOS.obj (.text:ti_sysbios_heaps_HeapMem_alloc__E)
                  11818640    000001c0                   : BIOS.obj (.text:ti_sysbios_knl_Task_checkStacks__E)
                  11818800    000001a0     rts6740_elf.lib : hostrename.obj (.text:HOSTrename)
                  118189a0    000001a0     LCDprintf.obj (.text)
                  11818b40    000001a0     rts6740_elf.lib : _scanfi.obj (.text:_sproc_str)
                  11818ce0    000001a0                     : frexpf.obj (.text:frexpf)
                  11818e80    000001a0     sysbios.ae674 : BIOS.obj (.text:ti_sysbios_family_c64p_Cache_getL2InitSize__I)
                  11819020    000001a0                   : BIOS.obj (.text:ti_sysbios_timers_timer64_Timer_start__E)
                  118191c0    00000180     evmomapl138_bsl.lib : evmomapl138_timer.obj (.text)
                  11819340    00000180     rts6740_elf.lib : ldexp.obj (.text:ldexp)
                  118194c0    00000180                     : ldexpf.obj (.text:ldexpf)
                  11819640    00000180     sysbios.ae674 : c64p_Exception_asm.obj (.text)
                  118197c0    00000180                   : BIOS.obj (.text:ti_sysbios_knl_Task_sleep__E)
                  11819940    00000160                   : BIOS.obj (.text:ti_sysbios_heaps_HeapMem_free__E)
                  11819aa0    00000160     ti.targets.rts6000.ae674 : Text.oe674 (.text:xdc_runtime_Text_putMod__E)
                  11819c00    00000140     rts6740_elf.lib : fclose.obj (.text:__TI_closefile)
                  11819d40    00000140                     : sscanf.obj (.text:_chkmbc)
                  11819e80    00000140                     : atan2f.obj (.text:atan2f)
                  11819fc0    00000140                     : getdevice.obj (.text:getdevice)
                  1181a100    00000140     sysbios.ae674 : BIOS.obj (.text:ti_sysbios_family_c64p_Cache_Module_startup__E)
                  1181a240    00000140                   : BIOS.obj (.text:ti_sysbios_family_c64p_Cache_getL1DInitSize__I)
                  1181a380    00000140                   : BIOS.obj (.text:ti_sysbios_family_c64p_Cache_getL1PInitSize__I)
                  1181a4c0    00000140                   : BIOS.obj (.text:ti_sysbios_knl_Task_postInit__I)
                  1181a600    00000140     ti.targets.rts6000.ae674 : LoggerBuf.oe674 (.text:xdc_runtime_LoggerBuf_setFilterLevel__E)
                  1181a740    00000140                              : Text.oe674 (.text:xdc_runtime_Text_putLab__E)
                  1181a880    00000120     boot.ae674 : autoinit.oe674 (.text:_auto_init_elf)
                  1181a9a0    00000120     rts6740_elf.lib : fseek.obj (.text:fseek)
                  1181aac0    00000120                     : sqrtf.obj (.text:sqrtf)
                  1181abe0    00000120     sysbios.ae674 : BIOS.obj (.text:ti_sysbios_family_c64p_Hwi_Module_startup__E)
                  1181ad00    00000120                   : BIOS.obj (.text:ti_sysbios_knl_Clock_workFunc__E)
                  1181ae20    00000120     ti.targets.rts6000.ae674 : LoggerBuf.oe674 (.text:xdc_runtime_LoggerBuf_getFilterLevel__E)
                  1181af40    00000100     rts6740_elf.lib : copy_decompress_rle.obj (.text:__TI_decompress_rle_core)
                  1181b040    00000100                     : _io_perm.obj (.text:__TI_wrt_ok)
                  1181b140    00000100                     : atanf.obj (.text:atanf)
                  1181b240    00000100                     : atoi.obj (.text:atoi)
                  1181b340    00000100     pru.obj (.text)
                  1181b440    00000100     sysbios.ae674 : BIOS.obj (.text:ti_sysbios_knl_Swi_restoreHwi__E)
                  1181b540    00000100                   : BIOS.obj (.text:ti_sysbios_timers_timer64_Timer_initDevice__I)
                  1181b640    00000100     ti.targets.rts6000.ae674 : Error.oe674 (.text:xdc_runtime_Error_print__E)
                  1181b740    00000100                              : Memory.oe674 (.text:xdc_runtime_Memory_alloc__E)
                  1181b840    00000100                              : Startup.oe674 (.text:xdc_runtime_Startup_exec__E)
                  1181b940    000000e0     rts6740_elf.lib : hostlseek.obj (.text:HOSTlseek)
                  1181ba20    000000e0                     : hostopen.obj (.text:HOSTopen)
                  1181bb00    000000e0                     : hostwrite.obj (.text:HOSTwrite)
                  1181bbe0    000000e0                     : divi.obj (.text:__divi)
                  1181bcc0    000000e0                     : close.obj (.text:close)
                  1181bda0    000000e0                     : exit.obj (.text:exit)
                  1181be80    000000e0                     : ltoa.obj (.text:ltoa)
                  1181bf60    000000e0                     : memset.obj (.text:memset)
                  1181c040    000000e0                     : printf.obj (.text:printf)
                  1181c120    000000e0     sysbios.ae674 : BIOS.obj (.text:ti_sysbios_knl_Swi_runLoop__I)
                  1181c200    000000e0                   : BIOS.obj (.text:ti_sysbios_knl_Task_Module_startup__E)
                  1181c2e0    000000e0                   : BIOS.obj (.text:ti_sysbios_knl_Task_exit__E)
                  1181c3c0    000000e0                   : BIOS.obj (.text:ti_sysbios_knl_Task_schedule__I)
                  1181c4a0    000000e0                   : BIOS.obj (.text:ti_sysbios_timers_timer64_Timer_startup__E)
                  1181c580    000000e0     ti.targets.rts6000.ae674 : Text.oe674 (.text:xdc_runtime_Text_visitRope2__I)
                  1181c660    000000c0     rts6740_elf.lib : hostread.obj (.text:HOSTread)
                  1181c720    000000c0                     : hostunlink.obj (.text:HOSTunlink)
                  1181c7e0    000000c0                     : fflush.obj (.text:__TI_doflush)
                  1181c8a0    000000c0                     : divu.obj (.text:__divu)
                  1181c960    000000c0                     : remi.obj (.text:__remi)
                  1181ca20    000000c0                     : _printfi.obj (.text:_ecpy)
                  1181cae0    000000c0     sysbios.ae674 : BIOS.obj (.text:ti_sysbios_family_c64p_Hwi_dispatchCore__I)
                  1181cba0    000000c0                   : BIOS.obj (.text:ti_sysbios_heaps_HeapMem_getStats__E)
                  1181cc60    000000c0                   : BIOS.obj (.text:ti_sysbios_knl_Semaphore_post__E)
                  1181cd20    000000c0                   : BIOS.obj (.text:ti_sysbios_knl_Swi_run__I)
                  1181cde0    000000c0                   : BIOS.obj (.text:ti_sysbios_knl_Swi_schedule__I)
                  1181cea0    000000c0                   : BIOS.obj (.text:ti_sysbios_knl_Task_startCore__E)
                  1181cf60    000000c0     rts6740_elf.lib : tls.obj (.text:tls:init:__TI_tls_init)
                  1181d020    000000c0     ti.targets.rts6000.ae674 : Error.oe674 (.text:xdc_runtime_Error_setX__E)
                  1181d0e0    000000c0                              : SysMin.oe674 (.text:xdc_runtime_SysMin_abort__E)
                  1181d1a0    000000c0                              : SysMin.oe674 (.text:xdc_runtime_SysMin_flush__E)
                  1181d260    000000a0     rts6740_elf.lib : hostclose.obj (.text:HOSTclose)
                  1181d300    000000a0                     : fopen.obj (.text:__TI_cleanup)
                  1181d3a0    000000a0                     : round.obj (.text:__c6xabi_nround)
                  1181d440    000000a0                     : remu.obj (.text:__remu)
                  1181d4e0    000000a0     boot.ae674 : boot.oe674 (.text:_c_int00)
                  1181d580    000000a0     rts6740_elf.lib : memcpy64.obj (.text:memcpy)
                  1181d620    000000a0                     : modf.obj (.text:modf)
                  1181d6c0    000000a0     sysbios.ae674 : BIOS.obj (.text:ti_sysbios_family_c64p_Exception_Module_startup__E)
                  1181d760    000000a0                   : BIOS.obj (.text:ti_sysbios_family_c64p_Hwi_eventMap__E)
                  1181d800    000000a0                   : BIOS.obj (.text:ti_sysbios_family_c64p_Hwi_getStackInfo__E)
                  1181d8a0    000000a0                   : BIOS.obj (.text:ti_sysbios_gates_GateMutex_enter__E)
                  1181d940    000000a0                   : BIOS.obj (.text:ti_sysbios_heaps_HeapMem_init__I)
                  1181d9e0    000000a0                   : BIOS.obj (.text:ti_sysbios_knl_Task_allBlockedFunction__I)
                  1181da80    000000a0                   : BIOS.obj (.text:ti_sysbios_timers_timer64_Timer_stop__E)
                  1181db20    000000a0     ti.targets.rts6000.ae674 : SysMin.oe674 (.text:xdc_runtime_SysMin_putch__E)
                  1181dbc0    000000a0                              : System.oe674 (.text:xdc_runtime_System_formatNum__I)
                  1181dc60    000000a0                              : System.oe674 (.text:xdc_runtime_System_putchar__I)
                  1181dd00    000000a0                              : Text.oe674 (.text:xdc_runtime_Text_printVisFxn__I)
                  1181dda0    000000a0                              : Text.oe674 (.text:xdc_runtime_Text_xprintf__I)
                  1181de40    00000080     rts6740_elf.lib : trgmsg.obj (.text:__TI_readmsg)
                  1181dec0    00000080                     : llshift.obj (.text:__c6xabi_llshl)
                  1181df40    00000080                     : roundf.obj (.text:__c6xabi_roundf)
                  1181dfc0    00000080     sysbios.ae674 : c62_TaskSupport_asm.obj (.text:_ti_sysbios_family_c62_TaskSupport_swap__E)
                  1181e040    00000080     rts6740_elf.lib : getdevice.obj (.text:finddevice)
                  1181e0c0    00000080     sysbios.ae674 : BIOS.obj (.text:ti_sysbios_family_c64p_Cache_wait__E)
                  1181e140    00000080                   : BIOS.obj (.text:ti_sysbios_hal_Hwi_checkStack)
                  1181e1c0    00000080                   : BIOS.obj (.text:ti_sysbios_hal_Hwi_initStack)
                  1181e240    00000080                   : BIOS.obj (.text:ti_sysbios_knl_Idle_run__E)
                  1181e2c0    00000080                   : BIOS.obj (.text:ti_sysbios_knl_Swi_post__E)
                  1181e340    00000080                   : BIOS.obj (.text:ti_sysbios_knl_Swi_startup__E)
                  1181e3c0    00000080                   : BIOS.obj (.text:ti_sysbios_knl_Task_processVitalTaskFlag__I)
                  1181e440    00000080                   : BIOS.obj (.text:ti_sysbios_knl_Task_restoreHwi__E)
                  1181e4c0    00000080                   : BIOS.obj (.text:ti_sysbios_knl_Task_restore__E)
                  1181e540    00000080     FinalContestRobot2_pe674.oe674 (.text:ti_sysbios_rts_MemAlloc_alloc)
                  1181e5c0    00000080     rts6740_elf.lib : unlink.obj (.text:unlink)
                  1181e640    00000080     ti.targets.rts6000.ae674 : LoggerBuf.oe674 (.text:xdc_runtime_LoggerBuf_Module_startup__E)
                  1181e6c0    00000080                              : LoggerBuf.oe674 (.text:xdc_runtime_LoggerBuf_filterOutEvent__I)
                  1181e740    00000080                              : System.oe674 (.text:xdc_runtime_System_atexit__E)
                  1181e7c0    00000080                              : System.oe674 (.text:xdc_runtime_System_avprintf__E)
                  1181e840    00000080                              : System.oe674 (.text:xdc_runtime_System_processAtExit__E)
                  1181e8c0    00000080                              : System.oe674 (.text:xdc_runtime_System_vprintf__E)
                  1181e940    00000060     rts6740_elf.lib : trgmsg.obj (.text:__TI_writemsg)
                  1181e9a0    00000060                     : llshift.obj (.text:__c6xabi_llshru)
                  1181ea00    00000060                     : imath64.obj (.text:__c6xabi_remull)
                  1181ea60    00000060                     : imath64.obj (.text:_subcull)
                  1181eac0    00000060     sysbios.ae674 : c64p_Hwi_asm_switch.obj (.text:_ti_sysbios_family_c64p_Hwi_switchAndDispatch__I)
                  1181eb20    00000060                   : c64p_Hwi_asm_switch.obj (.text:_ti_sysbios_family_xxx_Hwi_switchAndRunFunc)
                  1181eb80    00000060     rts6740_elf.lib : lseek.obj (.text:lseek)
                  1181ebe0    00000060                     : memccpy.obj (.text:memccpy)
                  1181ec40    00000060                     : modff.obj (.text:modff)
                  1181eca0    00000060                     : sprintf.obj (.text:sprintf)
                  1181ed00    00000060                     : sscanf.obj (.text:sscanf)
                  1181ed60    00000060                     : _scanfi.obj (.text:strrchr)
                  1181edc0    00000060     FinalContestRobot2_pe674.oe674 (.text:ti_sysbios_BIOS_atExitFunc__I)
                  1181ee20    00000060     FinalContestRobot2_pe674.oe674 (.text:ti_sysbios_BIOS_errorRaiseHook__I)
                  1181ee80    00000060     FinalContestRobot2_pe674.oe674 (.text:ti_sysbios_BIOS_rtsLock__I)
                  1181eee0    00000060     FinalContestRobot2_pe674.oe674 (.text:ti_sysbios_BIOS_rtsUnlock__I)
                  1181ef40    00000060     sysbios.ae674 : BIOS.obj (.text:ti_sysbios_family_c62_TaskSupport_start__E)
                  1181efa0    00000060                   : BIOS.obj (.text:ti_sysbios_family_c64p_Cache_marInit__I)
                  1181f000    00000060                   : BIOS.obj (.text:ti_sysbios_family_c64p_Cache_setMar__E)
                  1181f060    00000060     FinalContestRobot2_pe674.oe674 (.text:ti_sysbios_heaps_HeapMem_Object__get__S)
                  1181f0c0    00000060     sysbios.ae674 : BIOS.obj (.text:ti_sysbios_knl_Clock_Module_startup__E)
                  1181f120    00000060     FinalContestRobot2_pe674.oe674 (.text:ti_sysbios_knl_Clock_doTick__I)
                  1181f180    00000060     sysbios.ae674 : BIOS.obj (.text:ti_sysbios_knl_Semaphore_pendTimeout__I)
                  1181f1e0    00000060                   : BIOS.obj (.text:ti_sysbios_knl_Swi_Module_startup__E)
                  1181f240    00000060     FinalContestRobot2_pe674.oe674 (.text:ti_sysbios_knl_Swi_Object__get__S)
                  1181f2a0    00000060     FinalContestRobot2_pe674.oe674 (.text:ti_sysbios_knl_Task_Object__get__S)
                  1181f300    00000060     sysbios.ae674 : BIOS.obj (.text:ti_sysbios_knl_Task_enter__I)
                  1181f360    00000060                   : BIOS.obj (.text:ti_sysbios_knl_Task_unblockI__E)
                  1181f3c0    00000060     rts6740_elf.lib : write.obj (.text:write)
                  1181f420    00000060     FinalContestRobot2_pe674.oe674 (.text:xdc_runtime_LoggerBuf_Object__get__S)
                  1181f480    00000060     ti.targets.rts6000.ae674 : LoggerBuf.oe674 (.text:xdc_runtime_LoggerBuf_reset__E)
                  1181f4e0    00000060     FinalContestRobot2_pe674.oe674 (.text:xdc_runtime_SysMin_output__I)
                  1181f540    00000040     rts6740_elf.lib : frcmpyd_div.obj (.text:__TI_frcmpyd_div)
                  1181f580    00000040                     : isinf.obj (.text:__c6xabi_isinf)
                  1181f5c0    00000040                     : _printfi.obj (.text:__c6xabi_isnan)
                  1181f600    00000040                     : args_main.obj (.text:_args_main)
                  1181f640    00000040                     : sprintf.obj (.text:_outs)
                  1181f680    00000040                     : vsprintf.obj (.text:_outs)
                  1181f6c0    00000040     sysbios.ae674 : c62_TaskSupport_asm.obj (.text:_ti_sysbios_family_c62_TaskSupport_buildTaskStack)
                  1181f700    00000040     FinalContestRobot2_pe674.oe674 (.text:free)
                  1181f740    00000040     FinalContestRobot2_pe674.oe674 (.text:ti_sysbios_BIOS_exitFunc__I)
                  1181f780    00000040     FinalContestRobot2_pe674.oe674 (.text:ti_sysbios_BIOS_registerRTSLock__I)
                  1181f7c0    00000040     FinalContestRobot2_pe674.oe674 (.text:ti_sysbios_BIOS_removeRTSLock__I)
                  1181f800    00000040     FinalContestRobot2_pe674.oe674 (.text:ti_sysbios_BIOS_startFunc__I)
                  1181f840    00000040     FinalContestRobot2_pe674.oe674 (.text:ti_sysbios_family_c64p_Hwi_Module__startupDone__F)
                  1181f880    00000040     sysbios.ae674 : BIOS.obj (.text:ti_sysbios_family_c64p_Hwi_disableInterrupt__E)
                  1181f8c0    00000040                   : BIOS.obj (.text:ti_sysbios_family_c64p_Hwi_dispatchC__I)
                  1181f900    00000040                   : BIOS.obj (.text:ti_sysbios_family_c64p_Hwi_enableInterrupt__E)
                  1181f940    00000040                   : BIOS.obj (.text:ti_sysbios_family_c64p_primus_TimerSupport_enable__E)
                  1181f980    00000040                   : BIOS.obj (.text:ti_sysbios_gates_GateMutex_leave__E)
                  1181f9c0    00000040     FinalContestRobot2_pe674.oe674 (.text:ti_sysbios_hal_Hwi_HwiProxy_getStackInfo__E)
                  1181fa00    00000040     FinalContestRobot2_pe674.oe674 (.text:ti_sysbios_knl_Clock_Module_State_clockQ)
                  1181fa40    00000040     FinalContestRobot2_pe674.oe674 (.text:ti_sysbios_knl_Queue_Object__get__S)
                  1181fa80    00000040     FinalContestRobot2_pe674.oe674 (.text:ti_sysbios_timers_timer64_Timer_Module__startupDone__F)
                  1181fac0    00000040     rts6740_elf.lib : vsprintf.obj (.text:vsprintf)
                  1181fb00    00000040     ti.targets.rts6000.ae674 : Error.oe674 (.text:xdc_runtime_Error_check__E)
                  1181fb40    00000040                              : Error.oe674 (.text:xdc_runtime_Error_init__E)
                  1181fb80    00000040     FinalContestRobot2_pe674.oe674 (.text:xdc_runtime_IHeap_alloc)
                  1181fbc0    00000040     FinalContestRobot2_pe674.oe674 (.text:xdc_runtime_IHeap_free)
                  1181fc00    00000040     ti.targets.rts6000.ae674 : LoggerBuf.oe674 (.text:xdc_runtime_LoggerBuf_write0__E)
                  1181fc40    00000040                              : LoggerBuf.oe674 (.text:xdc_runtime_LoggerBuf_write1__E)
                  1181fc80    00000040                              : LoggerBuf.oe674 (.text:xdc_runtime_LoggerBuf_write2__E)
                  1181fcc0    00000040                              : Registry.oe674 (.text:xdc_runtime_Registry_findById__E)
                  1181fd00    00000040     FinalContestRobot2_pe674.oe674 (.text:xdc_runtime_Startup_exec__I)
                  1181fd40    00000040     ti.targets.rts6000.ae674 : SysMin.oe674 (.text:xdc_runtime_SysMin_Module_startup__E)
                  1181fd80    00000040                              : SysMin.oe674 (.text:xdc_runtime_SysMin_exit__E)
                  1181fdc0    00000040                              : System.oe674 (.text:xdc_runtime_System_abort__E)
                  1181fe00    00000040     FinalContestRobot2_pe674.oe674 (.text:xdc_runtime_System_aprintf__E)
                  1181fe40    00000040     ti.targets.rts6000.ae674 : System.oe674 (.text:xdc_runtime_System_exit__E)
                  1181fe80    00000040     FinalContestRobot2_pe674.oe674 (.text:xdc_runtime_System_printf__E)
                  1181fec0    00000040     FinalContestRobot2_pe674.oe674 (.text:xdc_runtime_Text_visitRope__I)
                  1181ff00    00000020     rts6740_elf.lib : errno.obj (.text:__c6xabi_errno_addr)
                  1181ff20    00000020                     : trunc.obj (.text:__c6xabi_trunc)
                  1181ff40    00000020                     : truncf.obj (.text:__c6xabi_truncf)
                  1181ff60    00000020                     : sscanf.obj (.text:_inpchar)
                  1181ff80    00000020                     : _lock.obj (.text:_nop)
                  1181ffa0    00000020                     : printf.obj (.text:_outc)
                  1181ffc0    00000020                     : sprintf.obj (.text:_outc)
                  1181ffe0    00000020                     : vsprintf.obj (.text:_outc)
                  11820000    00000020                     : printf.obj (.text:_outs)
                  11820020    00000020                     : _lock.obj (.text:_register_lock)
                  11820040    00000020                     : _lock.obj (.text:_register_unlock)
                  11820060    00000020     sysbios.ae674 : c62_TaskSupport_asm.obj (.text:_ti_sysbios_family_c62_TaskSupport_glue)
                  11820080    00000020     rts6740_elf.lib : sscanf.obj (.text:_uninpchar)
                  118200a0    00000020                     : exit.obj (.text:abort)
                  118200c0    00000020                     : copy_decompress_none.obj (.text:decompress:none:__TI_decompress_none)
                  118200e0    00000020                     : copy_decompress_rle.obj (.text:decompress:rle24:__TI_decompress_rle24)
                  11820100    00000020     FinalContestRobot2_pe674.oe674 (.text:malloc)
                  11820120    00000020     FinalContestRobot2_pe674.oe674 (.text:ti_sysbios_BIOS_RtsGateProxy_enter__E)
                  11820140    00000020     FinalContestRobot2_pe674.oe674 (.text:ti_sysbios_BIOS_RtsGateProxy_leave__E)
                  11820160    00000020     sysbios.ae674 : BIOS.obj (.text:ti_sysbios_BIOS_linkedWithIncorrectBootLibrary__E)
                  11820180    00000020     FinalContestRobot2_pe674.oe674 (.text:ti_sysbios_BIOS_nullFunc__I)
                  118201a0    00000020     sysbios.ae674 : BIOS.obj (.text:ti_sysbios_BIOS_setThreadType__E)
                  118201c0    00000020                   : BIOS.obj (.text:ti_sysbios_BIOS_start__E)
                  118201e0    00000020     FinalContestRobot2_pe674.oe674 (.text:ti_sysbios_family_c62_TaskSupport_Module__startupDone__S)
                  11820200    00000020     sysbios.ae674 : BIOS.obj (.text:ti_sysbios_family_c62_TaskSupport_checkStack__E)
                  11820220    00000020                   : BIOS.obj (.text:ti_sysbios_family_c64p_Cache_inv__E)
                  11820240    00000020                   : BIOS.obj (.text:ti_sysbios_family_c64p_Cache_wb__E)
                  11820260    00000020     FinalContestRobot2_pe674.oe674 (.text:ti_sysbios_family_c64p_Hwi_Module__startupDone__S)
                  11820280    00000020     sysbios.ae674 : BIOS.obj (.text:ti_sysbios_family_c64p_Hwi_clearInterrupt__E)
                  118202a0    00000020                   : BIOS.obj (.text:ti_sysbios_family_c64p_Hwi_startup__E)
                  118202c0    00000020                   : BIOS.obj (.text:ti_sysbios_family_c64p_Hwi_switchFromBootStack__E)
                  118202e0    00000020                   : BIOS.obj (.text:ti_sysbios_family_c64p_TimestampProvider_Module_startup__E)
                  11820300    00000020                   : BIOS.obj (.text:ti_sysbios_family_c64p_TimestampProvider_get64__E)
                  11820320    00000020                   : BIOS.obj (.text:ti_sysbios_gates_GateHwi_enter__E)
                  11820340    00000020                   : BIOS.obj (.text:ti_sysbios_gates_GateHwi_leave__E)
                  11820360    00000020                   : BIOS.obj (.text:ti_sysbios_gates_GateHwi_query__E)
                  11820380    00000020                   : BIOS.obj (.text:ti_sysbios_gates_GateMutex_query__E)
                  118203a0    00000020     FinalContestRobot2_pe674.oe674 (.text:ti_sysbios_hal_Hwi_HwiProxy_Module__startupDone__S)
                  118203c0    00000020     FinalContestRobot2_pe674.oe674 (.text:ti_sysbios_hal_Hwi_HwiProxy_clearInterrupt__E)
                  118203e0    00000020     FinalContestRobot2_pe674.oe674 (.text:ti_sysbios_hal_Hwi_HwiProxy_disableInterrupt__E)
                  11820400    00000020     FinalContestRobot2_pe674.oe674 (.text:ti_sysbios_hal_Hwi_HwiProxy_enableInterrupt__E)
                  11820420    00000020     FinalContestRobot2_pe674.oe674 (.text:ti_sysbios_hal_Hwi_HwiProxy_startup__E)
                  11820440    00000020     FinalContestRobot2_pe674.oe674 (.text:ti_sysbios_hal_Hwi_HwiProxy_switchFromBootStack__E)
                  11820460    00000020     sysbios.ae674 : BIOS.obj (.text:ti_sysbios_hal_Hwi_Module_startup__E)
                  11820480    00000020     FinalContestRobot2_pe674.oe674 (.text:ti_sysbios_heaps_HeapMem_Module_GateProxy_enter__E)
                  118204a0    00000020     FinalContestRobot2_pe674.oe674 (.text:ti_sysbios_heaps_HeapMem_Module_GateProxy_leave__E)
                  118204c0    00000020     FinalContestRobot2_pe674.oe674 (.text:ti_sysbios_heaps_HeapMem_Module_GateProxy_query__E)
                  118204e0    00000020     sysbios.ae674 : BIOS.obj (.text:ti_sysbios_heaps_HeapMem_isBlocking__E)
                  11820500    00000020     FinalContestRobot2_pe674.oe674 (.text:ti_sysbios_knl_Clock_TimerProxy_Module__startupDone__S)
                  11820520    00000020     FinalContestRobot2_pe674.oe674 (.text:ti_sysbios_knl_Clock_TimerProxy_getMaxTicks__E)
                  11820540    00000020     sysbios.ae674 : BIOS.obj (.text:ti_sysbios_knl_Clock_getTicks__E)
                  11820560    00000020                   : BIOS.obj (.text:ti_sysbios_knl_Clock_logTick__E)
                  11820580    00000020                   : BIOS.obj (.text:ti_sysbios_knl_Idle_loop__E)
                  118205a0    00000020                   : BIOS.obj (.text:ti_sysbios_knl_Queue_empty__E)
                  118205c0    00000020                   : BIOS.obj (.text:ti_sysbios_knl_Swi_disable__E)
                  118205e0    00000020     FinalContestRobot2_pe674.oe674 (.text:ti_sysbios_knl_Task_SupportProxy_Module__startupDone__S)
                  11820600    00000020     FinalContestRobot2_pe674.oe674 (.text:ti_sysbios_knl_Task_SupportProxy_checkStack__E)
                  11820620    00000020     FinalContestRobot2_pe674.oe674 (.text:ti_sysbios_knl_Task_SupportProxy_start__E)
                  11820640    00000020     FinalContestRobot2_pe674.oe674 (.text:ti_sysbios_knl_Task_SupportProxy_swap__E)
                  11820660    00000020     sysbios.ae674 : BIOS.obj (.text:ti_sysbios_knl_Task_disable__E)
                  11820680    00000020                   : BIOS.obj (.text:ti_sysbios_knl_Task_sleepTimeout__I)
                  118206a0    00000020                   : BIOS.obj (.text:ti_sysbios_knl_Task_startup__E)
                  118206c0    00000020     FinalContestRobot2_pe674.oe674 (.text:ti_sysbios_timers_timer64_Timer_Module__startupDone__S)
                  118206e0    00000020     FinalContestRobot2_pe674.oe674 (.text:ti_sysbios_timers_timer64_Timer_TimerSupportProxy_enable__E)
                  11820700    00000020     sysbios.ae674 : BIOS.obj (.text:ti_sysbios_timers_timer64_Timer_getMaxTicks__E)
                  11820720    00000020     FinalContestRobot2_pe674.oe674 (.text:xdc_iargToPtr)
                  11820740    00000020     ti.targets.rts6000.ae674 : Error.oe674 (.text:xdc_runtime_Error_getSite__E)
                  11820760    00000020                              : Error.oe674 (.text:xdc_runtime_Error_raiseX__E)
                  11820780    00000020                              : Gate.oe674 (.text:xdc_runtime_Gate_enterSystem__E)
                  118207a0    00000020                              : Gate.oe674 (.text:xdc_runtime_Gate_leaveSystem__E)
                  118207c0    00000020     FinalContestRobot2_pe674.oe674 (.text:xdc_runtime_LoggerBuf_Module_GateProxy_enter__E)
                  118207e0    00000020     FinalContestRobot2_pe674.oe674 (.text:xdc_runtime_LoggerBuf_Module_GateProxy_leave__E)
                  11820800    00000020     FinalContestRobot2_pe674.oe674 (.text:xdc_runtime_LoggerBuf_TimestampProxy_get64__E)
                  11820820    00000020     ti.targets.rts6000.ae674 : LoggerBuf.oe674 (.text:xdc_runtime_LoggerBuf_disable__E)
                  11820840    00000020                              : LoggerBuf.oe674 (.text:xdc_runtime_LoggerBuf_enable__E)
                  11820860    00000020     FinalContestRobot2_pe674.oe674 (.text:xdc_runtime_Memory_HeapProxy_alloc__E)
                  11820880    00000020     FinalContestRobot2_pe674.oe674 (.text:xdc_runtime_Memory_HeapProxy_free__E)
                  118208a0    00000020     ti.targets.rts6000.ae674 : Memory.oe674 (.text:xdc_runtime_Memory_free__E)
                  118208c0    00000020                              : Memory.oe674 (.text:xdc_runtime_Memory_getMaxDefaultTypeAlign__E)
                  118208e0    00000020     FinalContestRobot2_pe674.oe674 (.text:xdc_runtime_Startup_reset__I)
                  11820900    00000020     ti.targets.rts6000.ae674 : Startup.oe674 (.text:xdc_runtime_Startup_rtsDone__E)
                  11820920    00000020                              : SysMin.oe674 (.text:xdc_runtime_SysMin_ready__E)
                  11820940    00000020     FinalContestRobot2_pe674.oe674 (.text:xdc_runtime_System_Module_GateProxy_enter__E)
                  11820960    00000020     FinalContestRobot2_pe674.oe674 (.text:xdc_runtime_System_Module_GateProxy_leave__E)
                  11820980    00000020     ti.targets.rts6000.ae674 : System.oe674 (.text:xdc_runtime_System_Module_startup__E)
                  118209a0    00000020     FinalContestRobot2_pe674.oe674 (.text:xdc_runtime_System_SupportProxy_abort__E)
                  118209c0    00000020     FinalContestRobot2_pe674.oe674 (.text:xdc_runtime_System_SupportProxy_exit__E)
                  118209e0    00000020     FinalContestRobot2_pe674.oe674 (.text:xdc_runtime_System_SupportProxy_putch__E)
                  11820a00    00000020     FinalContestRobot2_pe674.oe674 (.text:xdc_runtime_System_SupportProxy_ready__E)
                  11820a20    00000020     ti.targets.rts6000.ae674 : System.oe674 (.text:xdc_runtime_System_vsnprintf__E)
                  11820a40    00000020                              : Text.oe674 (.text:xdc_runtime_Text_ropeText__E)

.const.1   0    11820a60    00000020     
                  11820a60    00000018     ColorLCD.obj (.const:$P$T0$1)
                  11820a78    00000008     FinalContestRobot2_pe674.oe674 (.const:ti_sysbios_knl_Idle_funcList__C)

.far       0    11820a80    0000bcb0     UNINITIALIZED
                  11820a80    000048c0     FinalContestRobot2_pe674.oe674 (.far:taskStackSection)
                  11825340    00001000     (.common:ti_sysbios_heaps_HeapMem_Instance_State_0_buf__A)
                  11826340    00000fa0     (.common:enc0_array)
                  118272e0    00000c00     (.common:object_stats)
                  11827ee0    00000ab0     (.common:obs)
                  11828990    00000060     (.common:robotdest)
                  118289f0    0000000c     (.common:LADARps)
                  118289fc    00000004     --HOLE--
                  11828a00    00000578     (.common:LADARinBuffer)
                  11828f78    00000400     (.common:equivalency_objects)
                  11829378    00000400     (.common:temp_equivalency_objects)
                  11829778    000003e8     (.common:LADARangle)
                  11829b60    000003e8     (.common:LADARdataX)
                  11829f48    000003e8     (.common:LADARdataY)
                  1182a330    000003e8     (.common:LADARdistance)
                  1182a718    000003e8     (.common:newLADARangle)
                  1182ab00    000003e8     (.common:newLADARdataX)
                  1182aee8    000003e8     (.common:newLADARdataY)
                  1182b2d0    000003e8     (.common:newLADARdistance)
                  1182b6b8    0000039c     (.common:final_object_stats)
                  1182ba54    00000004     --HOLE--
                  1182ba58    00000200     (.common:xdc_runtime_LoggerBuf_Instance_State_0_entryArr__A)
                  1182bc58    00000200     (.common:xdc_runtime_SysMin_Module_State_0_outbuf__A)
                  1182be58    00000190     (.common:pathCol)
                  1182bfe8    00000190     (.common:pathRow)
                  1182c178    00000140     (.common:__TI_tmpnams)
                  1182c2b8    00000102     (.common:fromLinuxstring)
                  1182c3ba    00000006     --HOLE--
                  1182c3c0    00000102     (.common:toLinuxstring)
                  1182c4c2    00000006     --HOLE--
                  1182c4c8    0000002c     (.common:dist)
                  1182c4f4    0000000c     (.common:OPTITRACKps)
                  1182c500    0000009c     (.common:f28335recData)
                  1182c59c    00000004     --HOLE--
                  1182c5a0    0000002c     (.common:xdist)
                  1182c5cc    00000004     --HOLE--
                  1182c5d0    0000002c     (.common:ydist)
                  1182c5fc    00000004     --HOLE--
                  1182c600    00000068     (.common:f28335TXData)
                  1182c668    00000028     (.common:i2cdata)
                  1182c690    00000024     (.common:temp_3x3)
                  1182c6b4    00000004     --HOLE--
                  1182c6b8    0000001e     (.common:LADARoutBuffer)
                  1182c6d6    00000002     --HOLE--
                  1182c6d8    00000014     (.common:Optitrackdata)
                  1182c6ec    0000000c     (.common:ROBOTps)
                  1182c6f8    0000000c     (.common:temp_3x1)
                  1182c704    00000004     --HOLE--
                  1182c708    0000000c     (.common:ytilde)
                  1182c714    00000004     --HOLE--
                  1182c718    0000000c     (.common:z)
                  1182c724    00000004     --HOLE--
                  1182c728    00000008     (.common:parmbuf)

.const.2   0    1182c730    00002680     
                  1182c730    000019d4     FinalContestRobot2_pe674.oe674 (.const:xdc_runtime_Text_charTab__A)
                  1182e104    00000518     sysbios.ae674 : BIOS.obj (.const:.string)
                  1182e61c    00000004     FinalContestRobot2_pe674.oe674 (.const:ti_sysbios_BIOS_installedErrorHook__C)
                  1182e620    00000101     rts6740_elf.lib : ctype.obj (.const:.string:_ctypes_)
                  1182e721    00000001     FinalContestRobot2_pe674.oe674 (.const:ti_sysbios_timers_timer64_Timer_localTimerBaseId__C)
                  1182e722    00000002     FinalContestRobot2_pe674.oe674 (.const:ti_sysbios_family_c64p_Cache_Module__id__C)
                  1182e724    00000004     FinalContestRobot2_pe674.oe674 (.const:ti_sysbios_family_c64p_Cache_EMIFA_BASE__C)
                  1182e728    000000cc     FinalContestRobot2_pe674.oe674 (.const:xdc_runtime_Text_nodeTab__A)
                  1182e7f4    00000080     user_FinalContestRobot2.obj (.const:.string)
                  1182e874    00000004     FinalContestRobot2_pe674.oe674 (.const:ti_sysbios_family_c64p_Cache_EMIFA_CFG__C)
                  1182e878    00000080     evmomapl138_bsl.lib : evmomapl138.obj (.const:bitval_u32)
                  1182e8f8    00000058     ti.targets.rts6000.ae674 : Error.oe674 (.const:.string)
                  1182e950    00000050     rts6740_elf.lib : strtod.obj (.const:digits)
                  1182e9a0    00000048                     : strtod.obj (.const:powerof10)
                  1182e9e8    00000044     Ladar.obj (.const:.string)
                  1182ea2c    00000040     evmomapl138_bsl.lib : evmomapl138.obj (.const:.string)
                  1182ea6c    00000040     ti.targets.rts6000.ae674 : Text.oe674 (.const:.string)
                  1182eaac    0000003c     FinalContestRobot2_pe674.oe674 (.const:xdc_runtime_LoggerBuf_Module__FXNS__C)
                  1182eae8    00000030     FinalContestRobot2_pe674.oe674 (.const:xdc_runtime_Startup_sfxnTab__A)
                  1182eb18    0000002c     ti.targets.rts6000.ae674 : Startup.oe674 (.const:.string)
                  1182eb44    00000028     FinalContestRobot2_pe674.oe674 (.const:ti_sysbios_heaps_HeapMem_Module__FXNS__C)
                  1182eb6c    00000024     rts6740_elf.lib : _printfi.obj (.const:.string)
                  1182eb90    00000024     FinalContestRobot2_pe674.oe674 (.const:ti_sysbios_gates_GateHwi_Module__FXNS__C)
                  1182ebb4    00000024     FinalContestRobot2_pe674.oe674 (.const:ti_sysbios_gates_GateMutex_Module__FXNS__C)
                  1182ebd8    00000018     ti.targets.rts6000.ae674 : System.oe674 (.const:.string)
                  1182ebf0    00000018     FinalContestRobot2_pe674.oe674 (.const:xdc_runtime_Startup_sfxnRts__A)
                  1182ec08    00000010     evmomapl138_bsl.lib : evmomapl138_uart.obj (.const:.string)
                  1182ec18    00000008     FinalContestRobot2_pe674.oe674 (.const:xdc_runtime_Startup_firstFxns__A)
                  1182ec20    00000008     FinalContestRobot2_pe674.oe674 (.const:xdc_runtime_Startup_firstFxns__C)
                  1182ec28    00000008     FinalContestRobot2_pe674.oe674 (.const:xdc_runtime_Startup_lastFxns__C)
                  1182ec30    00000007     rts6740_elf.lib : _scanfi.obj (.const:.string:flit$1)
                  1182ec37    00000001     --HOLE-- [fill = 0]
                  1182ec38    00000006                     : _scanfi.obj (.const:.string:barr$2)
                  1182ec3e    00000002     FinalContestRobot2_pe674.oe674 (.const:ti_sysbios_family_c64p_Exception_Module__id__C)
                  1182ec40    00000004     Ladar.obj (.const:.string:$P$T0$1)
                  1182ec44    00000004     FinalContestRobot2_pe674.oe674 (.const:ti_sysbios_family_c64p_Cache_EMIFA_LENGTH__C)
                  1182ec48    00000004     FinalContestRobot2_pe674.oe674 (.const:ti_sysbios_family_c64p_Cache_EMIFB_BASE__C)
                  1182ec4c    00000004     FinalContestRobot2_pe674.oe674 (.const:ti_sysbios_family_c64p_Cache_EMIFB_CFG__C)
                  1182ec50    00000004     FinalContestRobot2_pe674.oe674 (.const:ti_sysbios_family_c64p_Cache_EMIFB_LENGTH__C)
                  1182ec54    00000004     FinalContestRobot2_pe674.oe674 (.const:ti_sysbios_family_c64p_Cache_EMIFC_BASE__C)
                  1182ec58    00000004     FinalContestRobot2_pe674.oe674 (.const:ti_sysbios_family_c64p_Cache_EMIFC_CFG__C)
                  1182ec5c    00000004     FinalContestRobot2_pe674.oe674 (.const:ti_sysbios_family_c64p_Cache_EMIFC_LENGTH__C)
                  1182ec60    00000004     FinalContestRobot2_pe674.oe674 (.const:ti_sysbios_family_c64p_Cache_E_invalidL1CacheSize__C)
                  1182ec64    00000004     FinalContestRobot2_pe674.oe674 (.const:ti_sysbios_family_c64p_Cache_E_invalidL2CacheSize__C)
                  1182ec68    00000004     FinalContestRobot2_pe674.oe674 (.const:ti_sysbios_family_c64p_Cache_MAR0_31__C)
                  1182ec6c    00000004     FinalContestRobot2_pe674.oe674 (.const:ti_sysbios_family_c64p_Cache_MAR128_159__C)
                  1182ec70    00000004     FinalContestRobot2_pe674.oe674 (.const:ti_sysbios_family_c64p_Cache_MAR160_191__C)
                  1182ec74    00000004     FinalContestRobot2_pe674.oe674 (.const:ti_sysbios_family_c64p_Cache_MAR192_223__C)
                  1182ec78    00000004     FinalContestRobot2_pe674.oe674 (.const:ti_sysbios_family_c64p_Cache_MAR224_255__C)
                  1182ec7c    00000004     FinalContestRobot2_pe674.oe674 (.const:ti_sysbios_family_c64p_Cache_MAR32_63__C)
                  1182ec80    00000004     FinalContestRobot2_pe674.oe674 (.const:ti_sysbios_family_c64p_Cache_MAR64_95__C)
                  1182ec84    00000004     FinalContestRobot2_pe674.oe674 (.const:ti_sysbios_family_c64p_Cache_MAR96_127__C)
                  1182ec88    00000004     FinalContestRobot2_pe674.oe674 (.const:ti_sysbios_family_c64p_Exception_E_exceptionMax__C)
                  1182ec8c    00000004     FinalContestRobot2_pe674.oe674 (.const:ti_sysbios_family_c64p_Exception_exceptionHook__C)
                  1182ec90    00000004     FinalContestRobot2_pe674.oe674 (.const:ti_sysbios_family_c64p_Exception_externalHook__C)
                  1182ec94    00000004     FinalContestRobot2_pe674.oe674 (.const:ti_sysbios_family_c64p_Exception_internalHook__C)
                  1182ec98    00000004     FinalContestRobot2_pe674.oe674 (.const:ti_sysbios_family_c64p_Exception_nmiHook__C)
                  1182ec9c    00000004     FinalContestRobot2_pe674.oe674 (.const:ti_sysbios_gates_GateMutex_Instance_State_sem__O)
                  1182eca0    00000004     FinalContestRobot2_pe674.oe674 (.const:ti_sysbios_hal_Hwi_E_stackOverflow__C)
                  1182eca4    00000004     FinalContestRobot2_pe674.oe674 (.const:ti_sysbios_heaps_HeapMem_E_memory__C)
                  1182eca8    00000004     FinalContestRobot2_pe674.oe674 (.const:ti_sysbios_heaps_HeapMem_Module__gateObj__C)
                  1182ecac    00000004     FinalContestRobot2_pe674.oe674 (.const:ti_sysbios_heaps_HeapMem_Object__count__C)
                  1182ecb0    00000004     FinalContestRobot2_pe674.oe674 (.const:ti_sysbios_heaps_HeapMem_Object__table__C)
                  1182ecb4    00000004     FinalContestRobot2_pe674.oe674 (.const:ti_sysbios_knl_Clock_Module_State_clockQ__O)
                  1182ecb8    00000004     FinalContestRobot2_pe674.oe674 (.const:ti_sysbios_knl_Idle_funcList__A)
                  1182ecbc    00000004     FinalContestRobot2_pe674.oe674 (.const:ti_sysbios_knl_Semaphore_Instance_State_pendQ__O)
                  1182ecc0    00000004     FinalContestRobot2_pe674.oe674 (.const:ti_sysbios_knl_Swi_Object__count__C)
                  1182ecc4    00000004     FinalContestRobot2_pe674.oe674 (.const:ti_sysbios_knl_Swi_Object__table__C)
                  1182ecc8    00000004     FinalContestRobot2_pe674.oe674 (.const:ti_sysbios_knl_Task_E_spOutOfBounds__C)
                  1182eccc    00000004     FinalContestRobot2_pe674.oe674 (.const:ti_sysbios_knl_Task_E_stackOverflow__C)
                  1182ecd0    00000004     FinalContestRobot2_pe674.oe674 (.const:ti_sysbios_knl_Task_Module_State_inactiveQ__O)
                  1182ecd4    00000004     FinalContestRobot2_pe674.oe674 (.const:ti_sysbios_knl_Task_Object__count__C)
                  1182ecd8    00000004     FinalContestRobot2_pe674.oe674 (.const:ti_sysbios_knl_Task_Object__table__C)
                  1182ecdc    00000004     FinalContestRobot2_pe674.oe674 (.const:ti_sysbios_knl_Task_allBlockedFunc__C)
                  1182ece0    00000004     FinalContestRobot2_pe674.oe674 (.const:ti_sysbios_knl_Task_numConstructedTasks__C)
                  1182ece4    00000004     FinalContestRobot2_pe674.oe674 (.const:ti_sysbios_timers_timer64_Timer_E_cannotSupport__C)
                  1182ece8    00000004     FinalContestRobot2_pe674.oe674 (.const:ti_sysbios_timers_timer64_Timer_anyMaskHigh__C)
                  1182ecec    00000004     FinalContestRobot2_pe674.oe674 (.const:ti_sysbios_timers_timer64_Timer_anyMask__C)
                  1182ecf0    00000004     FinalContestRobot2_pe674.oe674 (.const:ti_sysbios_timers_timer64_Timer_freqDivisor__C)
                  1182ecf4    00000004     FinalContestRobot2_pe674.oe674 (.const:ti_sysbios_timers_timer64_Timer_numLocalTimers__C)
                  1182ecf8    00000004     FinalContestRobot2_pe674.oe674 (.const:ti_sysbios_timers_timer64_Timer_numTimerDevices__C)
                  1182ecfc    00000004     FinalContestRobot2_pe674.oe674 (.const:xdc_runtime_Assert_E_assertFailed__C)
                  1182ed00    00000004     FinalContestRobot2_pe674.oe674 (.const:xdc_runtime_Error_E_memory__C)
                  1182ed04    00000004     FinalContestRobot2_pe674.oe674 (.const:xdc_runtime_Error_Module__diagsEnabled__C)
                  1182ed08    00000004     FinalContestRobot2_pe674.oe674 (.const:xdc_runtime_Error_Module__diagsIncluded__C)
                  1182ed0c    00000004     FinalContestRobot2_pe674.oe674 (.const:xdc_runtime_Error_Module__diagsMask__C)
                  1182ed10    00000004     FinalContestRobot2_pe674.oe674 (.const:xdc_runtime_Error_Module__loggerFxn8__C)
                  1182ed14    00000004     FinalContestRobot2_pe674.oe674 (.const:xdc_runtime_Error_Module__loggerObj__C)
                  1182ed18    00000004     FinalContestRobot2_pe674.oe674 (.const:xdc_runtime_Error_policyFxn__C)
                  1182ed1c    00000004     FinalContestRobot2_pe674.oe674 (.const:xdc_runtime_Error_policy__C)
                  1182ed20    00000004     FinalContestRobot2_pe674.oe674 (.const:xdc_runtime_Error_raiseHook__C)
                  1182ed24    00000004     FinalContestRobot2_pe674.oe674 (.const:xdc_runtime_IFilterLogger_Interface__BASE__C)
                  1182ed28    00000004     FinalContestRobot2_pe674.oe674 (.const:xdc_runtime_IGateProvider_Interface__BASE__C)
                  1182ed2c    00000004     FinalContestRobot2_pe674.oe674 (.const:xdc_runtime_IHeap_Interface__BASE__C)
                  1182ed30    00000004     FinalContestRobot2_pe674.oe674 (.const:xdc_runtime_ILogger_Interface__BASE__C)
                  1182ed34    00000004     FinalContestRobot2_pe674.oe674 (.const:xdc_runtime_IModule_Interface__BASE__C)
                  1182ed38    00000004     FinalContestRobot2_pe674.oe674 (.const:xdc_runtime_Log_L_error__C)
                  1182ed3c    00000004     FinalContestRobot2_pe674.oe674 (.const:xdc_runtime_LoggerBuf_E_badLevel__C)
                  1182ed40    00000004     FinalContestRobot2_pe674.oe674 (.const:xdc_runtime_LoggerBuf_Module__gateObj__C)
                  1182ed44    00000004     FinalContestRobot2_pe674.oe674 (.const:xdc_runtime_LoggerBuf_Object__count__C)
                  1182ed48    00000004     FinalContestRobot2_pe674.oe674 (.const:xdc_runtime_LoggerBuf_Object__table__C)
                  1182ed4c    00000004     FinalContestRobot2_pe674.oe674 (.const:xdc_runtime_LoggerBuf_statusLogger__C)
                  1182ed50    00000004     FinalContestRobot2_pe674.oe674 (.const:xdc_runtime_Memory_defaultHeapInstance__C)
                  1182ed54    00000004     FinalContestRobot2_pe674.oe674 (.const:xdc_runtime_Startup_execImpl__C)
                  1182ed58    00000004     FinalContestRobot2_pe674.oe674 (.const:xdc_runtime_Startup_maxPasses__C)
                  1182ed5c    00000004     FinalContestRobot2_pe674.oe674 (.const:xdc_runtime_Startup_sfxnRts__C)
                  1182ed60    00000004     FinalContestRobot2_pe674.oe674 (.const:xdc_runtime_Startup_sfxnTab__C)
                  1182ed64    00000004     FinalContestRobot2_pe674.oe674 (.const:xdc_runtime_Startup_startModsFxn__C)
                  1182ed68    00000004     FinalContestRobot2_pe674.oe674 (.const:xdc_runtime_SysMin_bufSize__C)
                  1182ed6c    00000004     FinalContestRobot2_pe674.oe674 (.const:xdc_runtime_SysMin_outputFunc__C)
                  1182ed70    00000004     FinalContestRobot2_pe674.oe674 (.const:xdc_runtime_System_Module__gateObj__C)
                  1182ed74    00000004     FinalContestRobot2_pe674.oe674 (.const:xdc_runtime_System_abortFxn__C)
                  1182ed78    00000004     FinalContestRobot2_pe674.oe674 (.const:xdc_runtime_System_exitFxn__C)
                  1182ed7c    00000004     FinalContestRobot2_pe674.oe674 (.const:xdc_runtime_System_extendFxn__C)
                  1182ed80    00000004     FinalContestRobot2_pe674.oe674 (.const:xdc_runtime_System_maxAtexitHandlers__C)
                  1182ed84    00000004     FinalContestRobot2_pe674.oe674 (.const:xdc_runtime_Text_charTab__C)
                  1182ed88    00000004     FinalContestRobot2_pe674.oe674 (.const:xdc_runtime_Text_nodeTab__C)
                  1182ed8c    00000004     FinalContestRobot2_pe674.oe674 (.const:xdc_runtime_Text_visitRopeFxn__C)
                  1182ed90    00000002     FinalContestRobot2_pe674.oe674 (.const:ti_sysbios_family_c64p_Exception_useInternalBuffer__C)
                  1182ed92    00000002     FinalContestRobot2_pe674.oe674 (.const:ti_sysbios_hal_Hwi_Module__id__C)
                  1182ed94    00000002     FinalContestRobot2_pe674.oe674 (.const:ti_sysbios_heaps_HeapMem_Module__id__C)
                  1182ed96    00000002     FinalContestRobot2_pe674.oe674 (.const:ti_sysbios_knl_Task_Module__id__C)
                  1182ed98    00000002     FinalContestRobot2_pe674.oe674 (.const:ti_sysbios_timers_timer64_Timer_Module__id__C)
                  1182ed9a    00000002     FinalContestRobot2_pe674.oe674 (.const:ti_sysbios_timers_timer64_Timer_startupNeeded__C)
                  1182ed9c    00000002     FinalContestRobot2_pe674.oe674 (.const:ti_sysbios_timers_timer64_Timer_useTimer64pRegMap__C)
                  1182ed9e    00000002     FinalContestRobot2_pe674.oe674 (.const:xdc_runtime_Error_Module__loggerDefined__C)
                  1182eda0    00000002     FinalContestRobot2_pe674.oe674 (.const:xdc_runtime_Error_maxDepth__C)
                  1182eda2    00000002     FinalContestRobot2_pe674.oe674 (.const:xdc_runtime_LoggerBuf_Module__id__C)
                  1182eda4    00000002     FinalContestRobot2_pe674.oe674 (.const:xdc_runtime_LoggerBuf_filterByLevel__C)
                  1182eda6    00000002     FinalContestRobot2_pe674.oe674 (.const:xdc_runtime_Memory_Module__id__C)
                  1182eda8    00000002     FinalContestRobot2_pe674.oe674 (.const:xdc_runtime_SysMin_flushAtExit__C)
                  1182edaa    00000002     FinalContestRobot2_pe674.oe674 (.const:xdc_runtime_Text_isLoaded__C)
                  1182edac    00000002     FinalContestRobot2_pe674.oe674 (.const:xdc_runtime_Text_registryModsLastId__C)
                  1182edae    00000002     FinalContestRobot2_pe674.oe674 (.const:xdc_runtime_Text_unnamedModsLastId__C)

.fardata   0    11830db0    0000116c     UNINITIALIZED
                  11830db0    0000025c     ColorVision.obj (.fardata:PRUCode)
                  1183100c    00000004     rts6740_elf.lib : _lock.obj (.fardata:_lock)
                  11831010    000001e0                     : defs.obj (.fardata:_ftable)
                  118311f0    000001cc     FinalContestRobot2_pe674.oe674 (.fardata:ti_sysbios_knl_Task_Object__table__V)
                  118313bc    00000004     rts6740_elf.lib : _lock.obj (.fardata:_unlock)
                  118313c0    000000c0     FinalContestRobot2_pe674.oe674 (.fardata:ti_sysbios_knl_Swi_Object__table__V)
                  11831480    000000b0     user_FinalContestRobot2.obj (.fardata:map)
                  11831530    000000b0     user_FinalContestRobot2.obj (.fardata:originalMap)
                  118315e0    000000a0     rts6740_elf.lib : write.obj (.fardata:_stream)
                  11831680    00000080     FinalContestRobot2_pe674.oe674 (.fardata:ti_sysbios_knl_Swi_Module_State_0_readyQ__A)
                  11831700    00000080     FinalContestRobot2_pe674.oe674 (.fardata:ti_sysbios_knl_Task_Module_State_0_readyQ__A)
                  11831780    00000078     rts6740_elf.lib : write.obj (.fardata:_device)
                  118317f8    00000078     FinalContestRobot2_pe674.oe674 (.fardata:ti_sysbios_family_c64p_Hwi_Object__table__V)
                  11831870    0000006c     FinalContestRobot2_pe674.oe674 (.fardata:ti_sysbios_family_c64p_Hwi_Module__state__V)
                  118318dc    00000004     rts6740_elf.lib : defs.obj (.fardata)
                  118318e0    00000060     FinalContestRobot2_pe674.oe674 (.fardata:ti_sysbios_timers_timer64_Timer_Module_State_0_device__A)
                  11831940    00000050     Ladar.obj (.fardata:cornersX)
                  11831990    00000050     Ladar.obj (.fardata:cornersY)
                  118319e0    00000050     FinalContestRobot2_pe674.oe674 (.fardata:ti_sysbios_timers_timer64_Timer_Object__table__V)
                  11831a30    00000048     FinalContestRobot2_pe674.oe674 (.fardata:ti_sysbios_knl_Task_Module__state__V)
                  11831a78    00000040     rts6740_elf.lib : cos.obj (.fardata:R$1)
                  11831ab8    00000040                     : sin.obj (.fardata:R$1)
                  11831af8    00000040     FinalContestRobot2_pe674.oe674 (.fardata:ti_sysbios_gates_GateMutex_Object__table__V)
                  11831b38    00000040     FinalContestRobot2_pe674.oe674 (.fardata:ti_sysbios_knl_Clock_Object__table__V)
                  11831b78    00000030     FinalContestRobot2_pe674.oe674 (.fardata:ti_sysbios_family_c64p_Exception_Module__state__V)
                  11831ba8    0000002c     FinalContestRobot2_pe674.oe674 (.fardata:ti_sysbios_knl_Clock_Module__state__V)
                  11831bd4    00000004     rts6740_elf.lib : errno.obj (.fardata)
                  11831bd8    00000028     FinalContestRobot2_pe674.oe674 (.fardata:ti_sysbios_hal_Hwi_Object__table__V)
                  11831c00    00000024     user_FinalContestRobot2.obj (.fardata:K)
                  11831c24    00000004     FinalContestRobot2_pe674.oe674 (.fardata:ti_sysbios_family_c64p_Cache_Module__state__V)
                  11831c28    00000024     user_FinalContestRobot2.obj (.fardata:P_pred)
                  11831c4c    00000004     FinalContestRobot2_pe674.oe674 (.fardata:ti_sysbios_family_c64p_primus_TimerSupport_Module__state__V)
                  11831c50    00000024     user_FinalContestRobot2.obj (.fardata:Q)
                  11831c74    00000004     FinalContestRobot2_pe674.oe674 (.fardata:xdc_runtime_Memory_Module__state__V)
                  11831c78    00000024     user_FinalContestRobot2.obj (.fardata:R)
                  11831c9c    00000002     FinalContestRobot2_pe674.oe674 (.fardata:xdc_runtime_Error_Module__state__V)
                  11831c9e    00000002     --HOLE--
                  11831ca0    00000024     user_FinalContestRobot2.obj (.fardata:S)
                  11831cc4    00000004     --HOLE--
                  11831cc8    00000024     user_FinalContestRobot2.obj (.fardata:S_inv)
                  11831cec    00000004     --HOLE--
                  11831cf0    00000024     user_FinalContestRobot2.obj (.fardata:eye3)
                  11831d14    00000024     FinalContestRobot2_pe674.oe674 (.fardata:ti_sysbios_BIOS_Module__state__V)
                  11831d38    00000024     FinalContestRobot2_pe674.oe674 (.fardata:xdc_runtime_LoggerBuf_Object__table__V)
                  11831d5c    00000004     --HOLE--
                  11831d60    00000020     rts6740_elf.lib : atanf.obj (.fardata:arctan_consts$1)
                  11831d80    00000020     FinalContestRobot2_pe674.oe674 (.fardata:ti_sysbios_timers_timer64_Timer_Module_State_0_gctrl__A)
                  11831da0    00000020     FinalContestRobot2_pe674.oe674 (.fardata:ti_sysbios_timers_timer64_Timer_Module_State_0_handles__A)
                  11831dc0    00000020     FinalContestRobot2_pe674.oe674 (.fardata:ti_sysbios_timers_timer64_Timer_Module_State_0_intFreqs__A)
                  11831de0    00000020     FinalContestRobot2_pe674.oe674 (.fardata:xdc_runtime_Error_IgnoreBlock)
                  11831e00    0000001c     FinalContestRobot2_pe674.oe674 (.fardata:ti_sysbios_knl_Swi_Module__state__V)
                  11831e1c    00000004     --HOLE--
                  11831e20    00000018     user_FinalContestRobot2.obj (.fardata:B)
                  11831e38    00000018     FinalContestRobot2_pe674.oe674 (.fardata:ti_sysbios_heaps_HeapMem_Object__table__V)
                  11831e50    00000018     FinalContestRobot2_pe674.oe674 (.fardata:ti_sysbios_knl_Semaphore_Object__table__V)
                  11831e68    00000018     FinalContestRobot2_pe674.oe674 (.fardata:ti_sysbios_timers_timer64_Timer_Module__state__V)
                  11831e80    00000010     rts6740_elf.lib : cosf.obj (.fardata:R$1)
                  11831e90    00000010                     : sinf.obj (.fardata:R$1)
                  11831ea0    00000010     FinalContestRobot2_pe674.oe674 (.fardata:xdc_runtime_System_Module_State_0_atexitHandlers__A)
                  11831eb0    0000000c     user_FinalContestRobot2.obj (.fardata:Bu)
                  11831ebc    0000000c     rts6740_elf.lib : exit.obj (.fardata)
                  11831ec8    0000000c     user_FinalContestRobot2.obj (.fardata:x_pred)
                  11831ed4    0000000c     FinalContestRobot2_pe674.oe674 (.fardata:xdc_runtime_SysMin_Module__state__V)
                  11831ee0    00000008     FinalContestRobot2_pe674.oe674 (.fardata:ti_sysbios_family_c64p_primus_TimerSupport_Module_State_0_suspSrc__A)
                  11831ee8    00000008     user_FinalContestRobot2.obj (.fardata:u)
                  11831ef0    00000008     FinalContestRobot2_pe674.oe674 (.fardata:xdc_runtime_Registry_Module__state__V)
                  11831ef8    00000008     FinalContestRobot2_pe674.oe674 (.fardata:xdc_runtime_Startup_Module__state__V)
                  11831f00    00000008     FinalContestRobot2_pe674.oe674 (.fardata:xdc_runtime_System_Module__state__V)
                  11831f08    00000006     FinalContestRobot2_pe674.oe674 (.fardata:xdc_runtime_LoggerBuf_Module__state__V)
                  11831f0e    00000002     --HOLE--
                  11831f10    00000004     FinalContestRobot2_pe674.oe674 (.fardata:ti_sysbios_gates_GateHwi_Object__table__V)
                  11831f14    00000004     --HOLE--
                  11831f18    00000004     FinalContestRobot2_pe674.oe674 (.fardata:ti_sysbios_knl_Task_Module_State_0_idleTask__A)

.switch.1 
*          0    11832364    0000009c     
                  11832364    00000040     user_FinalContestRobot2.obj (.switch:RobotControl)
                  118323a4    00000038     rts6740_elf.lib : _printfi.obj (.switch:__TI_printfi)
                  118323dc    00000024     evmomapl138_bsl.lib : evmomapl138_gpio.obj (.switch:getRegisterBankAndBit)

.cio       0    11832600    00000120     UNINITIALIZED
                  11832600    00000120     rts6740_elf.lib : trgmsg.obj (.cio)

.switch.2 
*          0    11832720    00000048     
                  11832720    00000028     rts6740_elf.lib : _scanfi.obj (.switch:__TI_scanfi)
                  11832748    00000010     evmomapl138_bsl.lib : evmomapl138_spi.obj (.switch:SPI_init)
                  11832758    00000010     ColorVision.obj (.switch:userProcessColorImageFunc_laser)

MODULE SUMMARY

       Module                           code     ro data   rw data
       ------                           ----     -------   -------
    .\
       user_FinalContestRobot2.obj      18400    192       9560   
       Ladar.obj                        7968     72        5718   
       ColorVision.obj                  4832     16        6908   
       COECSL_edma3.obj                 1216     0         4136   
       ColorLCD.obj                     2400     24        11     
       MatrixMath.obj                   2336     0         0      
       COECSL_mcbsp.obj                 1664     0         300    
       user_xy.obj                      960      0         0      
       LCDprintf.obj                    416      0         8      
       pru.obj                          256      0         0      
    +--+--------------------------------+--------+---------+---------+
       Total:                           40448    304       26641  
                                                                  
    C:\hzhou39_decamar2_ashwina2\SE423Repo\Contest\FinalContestRobot2\FinalContestRobot2Project\Debug\configPkg\package\cfg\
       FinalContestRobot2_pe674.oe674   4608     7529      25776  
    +--+--------------------------------+--------+---------+---------+
       Total:                           4608     7529      25776  
                                                                  
    C:/hzhou39_decamar2_ashwina2/SE423Repo/LabFiles/bsl_forSYSBIOS/lib/evmomapl138_bsl.lib
       evmomapl138.obj                  4064     192       0      
       evmomapl138_vpif.obj             1920     0         0      
       evmomapl138_i2c.obj              1376     0         4      
       evmomapl138_uart.obj             1344     16        0      
       evmomapl138_i2c_gpio.obj         1344     0         0      
       evmomapl138_spi.obj              1184     16        0      
       evmomapl138_gpio.obj             1152     36        0      
       evmomapl138_timer.obj            384      0         0      
    +--+--------------------------------+--------+---------+---------+
       Total:                           12768    260       4      
                                                                  
    C:\CCStudio_v8\bios_6_70_01_03\packages\ti\targets\rts6000\lib\boot.ae674
       autoinit.oe674                   288      0         0      
       boot.oe674                       160      0         0      
    +--+--------------------------------+--------+---------+---------+
       Total:                           448      0         0      
                                                                  
    C:\CCStudio_v8\bios_6_70_01_03\packages\ti\targets\rts6000\lib\ti.targets.rts6000.ae674
       System.oe674                     3232     24        0      
       LoggerBuf.oe674                  2400     0         0      
       Text.oe674                       1728     64        0      
       Error.oe674                      1152     88        0      
       Startup.oe674                    896      44        0      
       SysMin.oe674                     704      0         0      
       Memory.oe674                     320      0         0      
       Gate.oe674                       64       0         0      
       Registry.oe674                   64       0         0      
    +--+--------------------------------+--------+---------+---------+
       Total:                           10560    220       0      
                                                                  
    C:\CCStudio_v8\ccsv8\tools\compiler\ti-cgt-c6000_8.2.2\lib\rts6740_elf.lib
       _printfi.obj                     13504    92        0      
       _scanfi.obj                      7296     53        0      
       divd.obj                         1472     0         0      
       strtod.obj                       1248     152       0      
       strtoll.obj                      1184     0         0      
       strtoull.obj                     1088     0         0      
       fputs.obj                        992      0         0      
       strtol.obj                       928      0         0      
       cos.obj                          800      0         64     
       fmodf.obj                        864      0         0      
       defs.obj                         0        0         804    
       imath64.obj                      800      0         0      
       sin.obj                          736      0         64     
       strtoul.obj                      768      0         0      
       divf.obj                         672      0         0      
       cosf.obj                         640      0         16     
       sinf.obj                         608      0         16     
       fputc.obj                        544      0         0      
       setvbuf.obj                      544      0         0      
       trgmsg.obj                       224      0         288    
       sscanf.obj                       480      0         0      
       frexp.obj                        448      0         0      
       getdevice.obj                    448      0         0      
       imath40.obj                      448      0         0      
       frexpf.obj                       416      0         0      
       hostrename.obj                   416      0         0      
       ldexp.obj                        384      0         0      
       ldexpf.obj                       384      0         0      
       write.obj                        96       0         280    
       atan2f.obj                       320      0         0      
       fclose.obj                       320      0         0      
       atanf.obj                        256      0         32     
       copy_decompress_rle.obj          288      0         0      
       fseek.obj                        288      0         0      
       printf.obj                       288      0         0      
       sqrtf.obj                        288      0         0      
       exit.obj                         256      0         12     
       ctype.obj                        0        257       0      
       _io_perm.obj                     256      0         0      
       atoi.obj                         256      0         0      
       hostopen.obj                     224      0         8      
       close.obj                        224      0         0      
       divi.obj                         224      0         0      
       hostlseek.obj                    224      0         0      
       hostwrite.obj                    224      0         0      
       llshift.obj                      224      0         0      
       ltoa.obj                         224      0         0      
       memset.obj                       224      0         0      
       divu.obj                         192      0         0      
       fflush.obj                       192      0         0      
       hostread.obj                     192      0         0      
       hostunlink.obj                   192      0         0      
       remi.obj                         192      0         0      
       sprintf.obj                      192      0         0      
       tls.obj                          192      0         0      
       fopen.obj                        160      0         0      
       hostclose.obj                    160      0         0      
       memcpy64.obj                     160      0         0      
       modf.obj                         160      0         0      
       remu.obj                         160      0         0      
       round.obj                        160      0         0      
       vsprintf.obj                     160      0         0      
       roundf.obj                       128      0         0      
       unlink.obj                       128      0         0      
       _lock.obj                        96       0         8      
       lseek.obj                        96       0         0      
       memccpy.obj                      96       0         0      
       modff.obj                        96       0         0      
       args_main.obj                    64       0         0      
       frcmpyd_div.obj                  64       0         0      
       isinf.obj                        64       0         0      
       errno.obj                        32       0         4      
       copy_decompress_none.obj         32       0         0      
       trunc.obj                        32       0         0      
       truncf.obj                       32       0         0      
    +--+--------------------------------+--------+---------+---------+
       Total:                           46464    554       1596   
                                                                  
    C:\hzhou39_decamar2_ashwina2\SE423Repo\Contest\FinalContestRobot2\SYSBIOS\src\sysbios\sysbios.ae674
       BIOS.obj                         17632    1304      0      
       c64p_Hwi_disp_always.obj         512      0         0      
       c64p_Exception_asm.obj           384      0         0      
       c62_TaskSupport_asm.obj          224      0         0      
       c64p_Hwi_asm_switch.obj          192      0         0      
    +--+--------------------------------+--------+---------+---------+
       Total:                           18944    1304      0      
                                                                  
       Stack:                           0        0         8192   
       Linker Generated:                0        2803      0      
    +--+--------------------------------+--------+---------+---------+
       Grand Total:                     134240   12974     62209  


LINKER GENERATED COPY TABLES

__TI_cinit_table @ 11833238 records: 5, size/record: 8, table size: 40
[...]
11832010  robotdestSize                                                       
11832014  trackableIDerror                                                    
11832018  firstdata                                                           
1183201c  new_optitrack                                                       
11832020  previous_frame                                                      
11832024  frame_error                                                         
11832028  temp_theta                                                          
1183202c  tempOPTITRACK_theta                                                 
11832030  temp_trackableID                                                    
11832034  trackableID                                                         
11832038  errorcheck                                                          
1183203c  RobotState                                                          
11832040  Kp_obs                                                              
11832044  FrontLeft_error                                                     
11832048  FrontRight_error                                                    
1183204c  Kp_vref_obs                                                         
11832050  new_DSP_Float2                                                      
11832054  new_DSP_Float3                                                      
11832058  new_DSP_Float4                                                      
1183205c  new_DSP_Float5                                                      
11832060  new_DSP_Float6                                                      
11832064  new_DSP_Float7                                                      
11832068  new_DSP_Float8                                                      
1183206c  new_DSP_Float9                                                      
11832070  new_DSP_Float10                                                     
11832074  new_DSP_Float11                                                     
11832078  new_DSP_Float12                                                     
1183207c  new_DSP_Float13                                                     
11832080  new_DSP_Float14                                                     
11832084  new_DSP_Float15                                                     
11832088  new_DSP_Float16                                                     
1183208c  new_DSP_Float17                                                     
11832090  new_DSP_Float18                                                     
11832094  new_DSP_Float19                                                     
11832098  DSP_Float2                                                          
1183209c  DSP_Float3                                                          
118320a0  DSP_Float4                                                          
118320a4  DSP_Float5                                                          
118320a8  DSP_Float6                                                          
118320ac  DSP_Float7                                                          
118320b0  DSP_Float8                                                          
118320b4  DSP_Float9                                                          
118320b8  DSP_Float10                                                         
118320bc  DSP_Float11                                                         
118320c0  DSP_Float12                                                         
118320c4  DSP_Float13                                                         
118320c8  DSP_Float14                                                         
118320cc  DSP_Float15                                                         
118320d0  DSP_Float16                                                         
118320d4  DSP_Float17                                                         
118320d8  DSP_Float18                                                         
118320dc  DSP_Float19                                                         
118320e0  cntturn                                                             
118320e4  ref_right_wall                                                      
118320e8  left_turn_Start_threshold                                           
118320ec  left_turn_Stop_threshold                                            
118320f0  Kp_right_wall                                                       
118320f4  Kp_front_wall                                                       
118320f8  front_turn_velocity                                                 
118320fc  turn_command_saturation                                             
11832100  sharp_right_threshold                                               
11832104  Kp_sharp_right                                                      
11832108  left_turn_corner_threshold                                          
1183210c  KpGyro                                                              
11832110  data1                                                               
11832114  data2                                                               
11832118  data3                                                               
1183211c  p1_old                                                              
11832120  p2_old                                                              
11832124  angular_vel                                                         
11832128  orientation                                                         
1183212c  old_angular_vel                                                     
11832130  p1_current                                                          
11832134  p2_current                                                          
11832138  v1                                                                  
1183213c  v2                                                                  
11832140  x                                                                   
11832144  y                                                                   
11832148  update_Timer                                                        
1183214c  countdown                                                           
11832150  astarRunning                                                        
11832154  astarTrigger                                                        
11832158  astarDone                                                           
1183215c  pathLen                                                             
11832160  pathPos                                                             
11832164  newLVData                                                           
11832168  newROBOTpsx                                                         
1183216c  newROBOTpsy                                                         
11832170  sharedROBOTpsx                                                      
11832174  sharedROBOTpsy                                                      
11832178  distthresh                                                          
1183217c  mindist                                                             
11832180  timecount                                                           
11832184  whichled                                                            
11832188  updateLCD                                                           
1183218c  testvar                                                             
11832190  noimagefound                                                        
11832194  object_x                                                            
11832198  object_y                                                            
1183219c  new_coordata                                                        
118321a0  numpels                                                             
118321a4  new_num_found_objects                                               
118321a8  new_object_theta                                                    
118321ac  new_C20                                                             
118321b0  new_C02                                                             
118321b4  top                                                                 
118321b8  left                                                                
118321bc  num_unique_objects                                                  
118321c0  current_object                                                      
118321c4  color                                                               
118321c8  color2                                                              
118321cc  Cdifference                                                         
118321d0  neighbor_type                                                       
118321d4  too_many_objects                                                    
118321d8  object_detected                                                     
118321dc  print_hue                                                           
118321dd  print_sat                                                           
118321de  print_val                                                           
118321df  print_r                                                             
118321e0  print_b                                                             
118321e1  print_g                                                             
118321e4  specs_s                                                             
118321e8  specs_srad                                                          
118321ec  specs_v                                                             
118321f0  specs_vrad                                                          
118321f4  specs_h                                                             
118321f8  specs_h2                                                            
118321fc  specs_hrad                                                          
11832200  VPIF_beginning_line                                                 
11832204  equivalency                                                         
11832208  done                                                                
1183220c  f28335RecFirsttime                                                  
11832210  enc1                                                                
11832214  enc2                                                                
11832218  enc3                                                                
1183221c  enc4                                                                
11832220  compass                                                             
11832224  switchstate                                                         
11832228  adcA0                                                               
1183222c  adcB0                                                               
11832230  adcA1                                                               
11832234  adcB1                                                               
11832238  adcA2                                                               
1183223c  adcB2                                                               
11832240  adcA3                                                               
11832244  adcB3                                                               
11832248  adcA4                                                               
1183224c  adcB4                                                               
11832250  adcA5                                                               
11832254  adcB5                                                               
11832258  adcA6                                                               
1183225c  adcA7                                                               
11832260  F28335_Extra1                                                       
11832264  F28335_Extra2                                                       
11832268  F28335_Extra3                                                       
1183226c  F28335_Extra4                                                       
11832270  new_sendtolinux_F28335_Extra                                        
11832274  send_F28335_Extra1                                                  
11832278  send_F28335_Extra2                                                  
1183227c  send_F28335_Extra3                                                  
11832280  send_F28335_Extra4                                                  
11832284  num_EDMA3_0                                                         
11832288  numofints                                                           
1183228c  scalingLadar                                                        
11832290  LADARready                                                          
11832294  LADARprocess                                                        
11832298  uart1count                                                          
1183229c  numReadings                                                         
118322a0  errL                                                                
118322a4  errC                                                                
118322a8  errR                                                                
118322ac  tLADARleftFt                                                        
118322b0  tLADARcenterFt                                                      
118322b4  tLADARrightFt                                                       
118322b8  cPrevLADARdata                                                      
118322b9  cLADARdata                                                          
118322bc  iLADARrcv                                                           
118322c0  cCommandName                                                        
118322c4  LADARleftFt                                                         
118322c8  LADARcenterFt                                                       
118322cc  LADARrightFt                                                        
118322d0  numreadings_lastscan                                                
118322d4  startAngle                                                          
118322d8  stepSize                                                            
118322dc  newLADARdata                                                        
118322e0  robotX                                                              
118322e4  robotY                                                              
118322e8  robotT                                                              
118322ec  tempSign                                                            
118322f0  tempOff                                                             
118322f4  servosPosted                                                        
118322f8  newServos                                                           
118322fc  McBSPrecerror                                                       
11832300  firsttimeintMCBSPrec                                                
11832304  timeint                                                             
11832308  mcbspReset                                                          
1183230c  testcount                                                           
11832310  danindex                                                            
11832314  firsttimeLine1                                                      
11832318  firsttimeLine2                                                      
1183231c  LCDnewMsgLine1                                                      
11832320  LCDnewMsgLine2                                                      
11832324  bluegain                                                            
11832328  bkgrnd_red                                                          
11832329  bkgrnd_green                                                        
1183232a  bkgrnd_blue                                                         
1183232c  SWI_RobotControl                                                    
11832330  CLK_addtime                                                         
11832334  CLK_startMcBSP                                                      
11832338  HWI8_EDMA3_0                                                        
1183233c  SWI_LCD                                                             
11832340  SWI_vision                                                          
11832344  HWI4_VPIF95                                                         
11832348  HWI7_PRU6                                                           
1183234c  HWI5_EDMA3_1                                                        
11832350  TASK_ComWithLinux                                                   
11832354  TASK_LADAR                                                          
11832358  task2                                                               
1183235c  task3                                                               
11832360  SEM_startAstar                                                      
11832400  ti_sysbios_family_c64p_Hwi0                                         
11832400  ti_sysbios_family_c64p_Hwi_int0                                     
11832420  ti_sysbios_family_c64p_Hwi_int1                                     
11832440  ti_sysbios_family_c64p_Hwi_int2                                     
11832460  ti_sysbios_family_c64p_Hwi_int3                                     
11832480  ti_sysbios_family_c64p_Hwi_int4                                     
118324a0  ti_sysbios_family_c64p_Hwi_int5                                     
118324c0  ti_sysbios_family_c64p_Hwi_int6                                     
118324e0  ti_sysbios_family_c64p_Hwi_int7                                     
11832500  ti_sysbios_family_c64p_Hwi_int8                                     
11832520  ti_sysbios_family_c64p_Hwi_int9                                     
11832540  ti_sysbios_family_c64p_Hwi_int10                                    
11832560  ti_sysbios_family_c64p_Hwi_int11                                    
11832580  ti_sysbios_family_c64p_Hwi_int12                                    
118325a0  ti_sysbios_family_c64p_Hwi_int13                                    
118325c0  ti_sysbios_family_c64p_Hwi_int14                                    
118325e0  ti_sysbios_family_c64p_Hwi_int15                                    
11832600  __CIOBUF_                                                           
1183322c  __TI_Handler_Table_Base                                             
11833234  __TI_Handler_Table_Limit                                            
11833238  __TI_CINIT_Base                                                     
11833260  __TI_CINIT_Limit                                                    
ffffffff  __TI_pprof_out_hndl                                                 
ffffffff  __TI_prof_data_size                                                 
ffffffff  __TI_prof_data_start                                                
ffffffff  __binit__                                                           
ffffffff  __c_args__                                                          
ffffffff  binit                                                               
UNDEFED   __TI_INITARRAY_Base                                                 
UNDEFED   __TI_INITARRAY_Limit                                                
UNDEFED   __TI_TLS_INIT_Base                                                  
UNDEFED   __TI_TLS_INIT_Limit                                                 

[971 symbols]
