******************************************************************************
               TMS320C6x Linker PC v8.3.3                      
******************************************************************************
>> Linked Fri May  3 17:58:04 2019

OUTPUT FILE NAME:   <FinalContestRobot2.out>
ENTRY POINT SYMBOL: "_c_int00"  address: 1181eea0


MEMORY CONFIGURATION

         name            origin    length      used     unused   attr    fill
----------------------  --------  ---------  --------  --------  ----  --------
  IROM                  11700000   00100000  00000000  00100000  R  X
  IRAM                  11800000   00038000  00035148  00002eb8  RW X
  L3_CBA_RAM            80000000   00020000  00000000  00020000  RW X
  DDR                   c3000000   01000000  00000000  01000000  RW X


SEGMENT ALLOCATION MAP

run origin  load origin   length   init length attrs members
----------  ----------- ---------- ----------- ----- -------
11800000    11800000    00022400   00022400    r-x
  11800000    11800000    00022400   00022400    r-x .text
11822400    11822400    0000bfec   00000000    rw-
  11822400    11822400    0000bfec   00000000    rw- .far
1182e3f0    1182e3f0    000027c0   000027c0    r--
  1182e3f0    1182e3f0    000027c0   000027c0    r-- .const
11830bb0    11830bb0    000035ff   00000000    rw-
  11830bb0    11830bb0    00002000   00000000    rw- .stack
  11832bb0    11832bb0    0000116c   00000000    rw- .fardata
  11833d1c    11833d1c    0000006c   00000000    rw- .bss
  11833d88    11833d88    00000427   00000000    rw- .neardata
118341b0    118341b0    00000038   00000000    r--
  118341b0    118341b0    00000038   00000000    r-- .rodata
118341e8    118341e8    0000012c   0000012c    r--
  118341e8    118341e8    0000012c   0000012c    r-- .switch
11834400    11834400    00000200   00000200    r-x
  11834400    11834400    00000200   00000200    r-x .vecs
11834600    11834600    00000120   00000000    rw-
  11834600    11834600    00000120   00000000    rw- .cio
11834720    11834720    00000b18   00000b18    r--
  11834720    11834720    00000b18   00000b18    r-- .cinit


SECTION ALLOCATION MAP

 output                                  attributes/
section   page    origin      length       input sections
--------  ----  ----------  ----------   ----------------
.stack     0    11830bb0    00002000     UNINITIALIZED
                  11830bb0    00000008     boot.ae674 : boot.oe674 (.stack)
                  11830bb8    00001ff8     --HOLE--

.bss       0    11833d1c    0000006c     UNINITIALIZED
                  11833d1c    00000004     evmomapl138_bsl.lib : evmomapl138_i2c.obj (.bss)
                  11833d20    00000004     (.common:EDMA3_0_Regs)
                  11833d24    00000004     (.common:EDMA3_1_Regs)
                  11833d28    00000004     (.common:Image_data)
                  11833d2c    00000004     (.common:LCD_Image)
                  11833d30    00000004     (.common:LCD_mem)
                  11833d34    00000004     (.common:Linux_Image)
                  11833d38    00000004     (.common:Thres_Image)
                  11833d3c    00000004     (.common:blue)
                  11833d40    00000004     (.common:c)
                  11833d44    00000004     (.common:cbar)
                  11833d48    00000004     (.common:current)
                  11833d4c    00000004     (.common:delta)
                  11833d50    00000004     (.common:green)
                  11833d54    00000004     (.common:hue)
                  11833d58    00000004     (.common:index)
                  11833d5c    00000004     (.common:k)
                  11833d60    00000004     (.common:largest_num_pixels)
                  11833d64    00000004     (.common:largest_object)
                  11833d68    00000004     (.common:min)
                  11833d6c    00000004     (.common:pic_data)
                  11833d70    00000004     (.common:ptrshrdmem)
                  11833d74    00000004     (.common:r)
                  11833d78    00000004     (.common:rbar)
                  11833d7c    00000004     (.common:red)
                  11833d80    00000004     (.common:sat)
                  11833d84    00000004     (.common:value)

.neardata 
*          0    11833d88    00000427     UNINITIALIZED
                  11833d88    00000268     user_FinalContestRobot2.obj (.neardata)
                  11833ff0    000000a0     ColorVision.obj (.neardata)
                  11834090    00000080     COECSL_edma3.obj (.neardata)
                  11834110    00000068     Ladar.obj (.neardata)
                  11834178    00000028     COECSL_mcbsp.obj (.neardata)
                  118341a0    00000008     LCDprintf.obj (.neardata)
                  118341a8    00000007     ColorLCD.obj (.neardata)

.rodata    0    118341b0    00000038     UNINITIALIZED
                  118341b0    00000038     FinalContestRobot2_pe674.oe674 (.rodata)

.cinit     0    11834720    00000b18     
                  11834720    0000099c     (.cinit..fardata.load) [load image, compression = rle]
                  118350bc    000000f8     (.cinit..neardata.load) [load image, compression = rle]
                  118351b4    0000003e     (.cinit..rodata.load) [load image, compression = rle]
                  118351f2    0000000b     (.cinit..far.load) [load image, compression = rle]
                  118351fd    00000009     (.cinit..bss.load) [load image, compression = rle]
                  11835206    00000002     --HOLE-- [fill = 0]
                  11835208    00000008     (__TI_handler_table)
                  11835210    00000028     (__TI_cinit_table)

.init_array 
*          0    11800000    00000000     UNINITIALIZED

.vecs      0    11834400    00000200     
                  11834400    00000200     FinalContestRobot2_pe674.oe674 (.vecs)

xdc.meta   0    11800000    00000130     COPY SECTION
                  11800000    00000130     FinalContestRobot2_pe674.oe674 (xdc.meta)

.text      0    11800000    00022400     
                  11800000    00005820     user_FinalContestRobot2.obj (.text)
                  11805820    00002040     rts6740_elf.lib : _printfi.c.obj (.text:__TI_printfi)
                  11807860    00001fc0                     : _scanfi.c.obj (.text:__TI_scanfi)
                  11809820    00001f40     Ladar.obj (.text)
                  1180b760    00001460     ColorVision.obj (.text)
                  1180cbc0    00001040     evmomapl138_bsl.lib : evmomapl138.obj (.text)
                  1180dc00    00000960     ColorLCD.obj (.text)
                  1180e560    00000920     rts6740_elf.lib : strtod.c.obj (.text:strtod)
                  1180ee80    000008a0     ti.targets.rts6000.ae674 : System.oe674 (.text:xdc_runtime_System_doPrint__I)
                  1180f720    00000780     evmomapl138_bsl.lib : evmomapl138_vpif.obj (.text)
                  1180fea0    00000780     sysbios.ae674 : BIOS.obj (.text:ti_sysbios_family_c64p_Exception_handler__I)
                  11810620    00000720     MatrixMath.obj (.text)
                  11810d40    00000680     COECSL_mcbsp.obj (.text)
                  118113c0    00000660     rts6740_elf.lib : _printfi.c.obj (.text:_pconv_a)
                  11811a20    000005e0                     : divd.c.obj (.text:__c6xabi_divd)
                  11812000    00000560     evmomapl138_bsl.lib : evmomapl138_i2c_gpio.obj (.text)
                  11812560    00000560                         : evmomapl138_uart.obj (.text)
                  11812ac0    00000520                         : evmomapl138_i2c.obj (.text)
                  11812fe0    000004c0     COECSL_edma3.obj (.text)
                  118134a0    000004c0     rts6740_elf.lib : strtoll.c.obj (.text:strtoll)
                  11813960    000004a0     evmomapl138_bsl.lib : evmomapl138_gpio.obj (.text)
                  11813e00    00000480                         : evmomapl138_spi.obj (.text)
                  11814280    00000440     rts6740_elf.lib : strtoull.c.obj (.text:strtoull)
                  118146c0    00000400                     : _printfi.c.obj (.text:_pconv_g)
                  11814ac0    000003e0     user_xy.obj (.text)
                  11814ea0    000003a0     rts6740_elf.lib : strtol.c.obj (.text:strtol)
                  11815240    000003a0     sysbios.ae674 : BIOS.obj (.text:ti_sysbios_timers_timer64_Timer_Module_startup__E)
                  118155e0    00000360     rts6740_elf.lib : fmodf.c.obj (.text:fmodf)
                  11815940    00000340     sysbios.ae674 : BIOS.obj (.text:ti_sysbios_timers_timer64_Timer_deviceConfig__I)
                  11815c80    00000340     FinalContestRobot2_pe674.oe674 (.text:xdc_runtime_System_printfExtend__I)
                  11815fc0    00000320     rts6740_elf.lib : cos.c.obj (.text:cos)
                  118162e0    00000320                     : fputs.c.obj (.text:fputs)
                  11816600    00000320     sysbios.ae674 : BIOS.obj (.text:ti_sysbios_knl_Semaphore_pend__E)
                  11816920    00000300     rts6740_elf.lib : strtoul.c.obj (.text:strtoul)
                  11816c20    000002e0                     : sin.c.obj (.text:sin)
                  11816f00    000002e0     sysbios.ae674 : BIOS.obj (.text:ti_sysbios_timers_timer64_Timer_setPeriodMicroSecs__E)
                  118171e0    000002c0     ti.targets.rts6000.ae674 : LoggerBuf.oe674 (.text:xdc_runtime_LoggerBuf_write8__E)
                  118174a0    000002a0     rts6740_elf.lib : _printfi.c.obj (.text:_pconv_e)
                  11817740    000002a0                     : _printfi.c.obj (.text:fcvt)
                  118179e0    00000280                     : divf.c.obj (.text:__c6xabi_divf)
                  11817c60    00000260                     : imath64.c.obj (.text:__c6xabi_divull)
                  11817ec0    00000260                     : cosf.c.obj (.text:cosf)
                  11818120    00000260                     : sinf.c.obj (.text:sinf)
                  11818380    00000260     ti.targets.rts6000.ae674 : Startup.oe674 (.text:xdc_runtime_Startup_startMods__I)
                  118185e0    00000240     sysbios.ae674 : BIOS.obj (.text:ti_sysbios_family_c64p_Exception_internalHandler__I)
                  11818820    00000200     rts6740_elf.lib : _printfi.c.obj (.text:_ltostr)
                  11818a20    00000200     sysbios.ae674 : c64p_Hwi_disp_always.obj (.text:_ti_sysbios_family_c64p_Hwi_dispatchAlways)
                  11818c20    00000200     ti.targets.rts6000.ae674 : Error.oe674 (.text:xdc_runtime_Error_policyDefault__E)
                  11818e20    000001e0     sysbios.ae674 : BIOS.obj (.text:ti_sysbios_family_c64p_Cache_block__I)
                  11819000    000001e0                   : BIOS.obj (.text:ti_sysbios_knl_Task_checkStacks__E)
                  118191e0    000001e0     ti.targets.rts6000.ae674 : LoggerBuf.oe674 (.text:xdc_runtime_LoggerBuf_write4__E)
                  118193c0    000001e0                              : Text.oe674 (.text:xdc_runtime_Text_putSite__E)
                  118195a0    000001c0     rts6740_elf.lib : imath40.c.obj (.text:__c6xabi_divul)
                  11819760    000001c0                     : fputc.c.obj (.text:fputc)
                  11819920    000001c0                     : frexp.c.obj (.text:frexp)
                  11819ae0    000001c0                     : setvbuf.c.obj (.text:setvbuf)
                  11819ca0    000001c0     sysbios.ae674 : BIOS.obj (.text:ti_sysbios_heaps_HeapMem_alloc__E)
                  11819e60    000001a0     rts6740_elf.lib : hostrename.c.obj (.text:HOSTrename)
                  1181a000    000001a0     LCDprintf.obj (.text)
                  1181a1a0    000001a0     rts6740_elf.lib : frexpf.c.obj (.text:frexpf)
                  1181a340    000001a0                     : ldexpf.c.obj (.text:ldexpf)
                  1181a4e0    000001a0     sysbios.ae674 : BIOS.obj (.text:ti_sysbios_family_c64p_Cache_getL2InitSize__I)
                  1181a680    000001a0                   : BIOS.obj (.text:ti_sysbios_timers_timer64_Timer_start__E)
                  1181a820    00000180     evmomapl138_bsl.lib : evmomapl138_timer.obj (.text)
                  1181a9a0    00000180     rts6740_elf.lib : ldexp.c.obj (.text:ldexp)
                  1181ab20    00000180     sysbios.ae674 : c64p_Exception_asm.obj (.text)
                  1181aca0    00000180                   : BIOS.obj (.text:ti_sysbios_knl_Task_sleep__E)
                  1181ae20    00000160     rts6740_elf.lib : sscanf.c.obj (.text:_chkmbc)
                  1181af80    00000160     sysbios.ae674 : BIOS.obj (.text:ti_sysbios_heaps_HeapMem_free__E)
                  1181b0e0    00000160     ti.targets.rts6000.ae674 : Text.oe674 (.text:xdc_runtime_Text_putMod__E)
                  1181b240    00000140     rts6740_elf.lib : _scanfi.c.obj (.text:_sproc_str)
                  1181b380    00000140                     : _scanfi.c.obj (.text:_sproc_wstr)
                  1181b4c0    00000140                     : atan2f.c.obj (.text:atan2f)
                  1181b600    00000140     sysbios.ae674 : BIOS.obj (.text:ti_sysbios_family_c64p_Cache_Module_startup__E)
                  1181b740    00000140                   : BIOS.obj (.text:ti_sysbios_family_c64p_Cache_getL1DInitSize__I)
                  1181b880    00000140                   : BIOS.obj (.text:ti_sysbios_family_c64p_Cache_getL1PInitSize__I)
                  1181b9c0    00000140     ti.targets.rts6000.ae674 : LoggerBuf.oe674 (.text:xdc_runtime_LoggerBuf_setFilterLevel__E)
                  1181bb00    00000140                              : Text.oe674 (.text:xdc_runtime_Text_putLab__E)
                  1181bc40    00000120     boot.ae674 : autoinit.oe674 (.text:_auto_init_elf)
                  1181bd60    00000120     rts6740_elf.lib : _printfi.c.obj (.text:_pconv_f)
                  1181be80    00000120                     : getdevice.c.obj (.text:getdevice)
                  1181bfa0    00000120                     : sqrtf.c.obj (.text:sqrtf)
                  1181c0c0    00000120     sysbios.ae674 : BIOS.obj (.text:ti_sysbios_family_c64p_Hwi_Module_startup__E)
                  1181c1e0    00000120                   : BIOS.obj (.text:ti_sysbios_knl_Clock_workFunc__E)
                  1181c300    00000120                   : BIOS.obj (.text:ti_sysbios_knl_Swi_restoreHwi__E)
                  1181c420    00000120                   : BIOS.obj (.text:ti_sysbios_knl_Task_postInit__I)
                  1181c540    00000120     ti.targets.rts6000.ae674 : LoggerBuf.oe674 (.text:xdc_runtime_LoggerBuf_getFilterLevel__E)
                  1181c660    00000100     rts6740_elf.lib : fclose.c.obj (.text:__TI_closefile)
                  1181c760    00000100                     : copy_decompress_rle.c.obj (.text:__TI_decompress_rle_core)
                  1181c860    00000100                     : _printfi.c.obj (.text:_mcpy)
                  1181c960    00000100                     : atanf.c.obj (.text:atanf)
                  1181ca60    00000100                     : atoi.c.obj (.text:atoi)
                  1181cb60    00000100                     : fseek.c.obj (.text:fseek)
                  1181cc60    00000100     pru.obj (.text)
                  1181cd60    00000100     sysbios.ae674 : BIOS.obj (.text:ti_sysbios_knl_Task_schedule__I)
                  1181ce60    00000100                   : BIOS.obj (.text:ti_sysbios_timers_timer64_Timer_initDevice__I)
                  1181cf60    00000100     ti.targets.rts6000.ae674 : Error.oe674 (.text:xdc_runtime_Error_print__E)
                  1181d060    00000100                              : Memory.oe674 (.text:xdc_runtime_Memory_alloc__E)
                  1181d160    00000100                              : Startup.oe674 (.text:xdc_runtime_Startup_exec__E)
                  1181d260    000000e0     rts6740_elf.lib : hostlseek.c.obj (.text:HOSTlseek)
                  1181d340    000000e0                     : hostopen.c.obj (.text:HOSTopen)
                  1181d420    000000e0                     : hostwrite.c.obj (.text:HOSTwrite)
                  1181d500    000000e0                     : _ltoa.c.obj (.text:__TI_ltoa)
                  1181d5e0    000000e0                     : _io_perm.c.obj (.text:__TI_wrt_ok)
                  1181d6c0    000000e0                     : divi.asm.obj (.text:__divi)
                  1181d7a0    000000e0                     : close.c.obj (.text:close)
                  1181d880    000000e0                     : exit.c.obj (.text:exit)
                  1181d960    000000e0                     : memset.c.obj (.text:memset)
                  1181da40    000000e0                     : printf.c.obj (.text:printf)
                  1181db20    000000e0     sysbios.ae674 : BIOS.obj (.text:ti_sysbios_knl_Swi_runLoop__I)
                  1181dc00    000000e0                   : BIOS.obj (.text:ti_sysbios_knl_Task_Module_startup__E)
                  1181dce0    000000e0                   : BIOS.obj (.text:ti_sysbios_timers_timer64_Timer_startup__E)
                  1181ddc0    000000e0     ti.targets.rts6000.ae674 : Text.oe674 (.text:xdc_runtime_Text_visitRope2__I)
                  1181dea0    000000c0     rts6740_elf.lib : hostread.c.obj (.text:HOSTread)
                  1181df60    000000c0                     : hostunlink.c.obj (.text:HOSTunlink)
                  1181e020    000000c0                     : fflush.c.obj (.text:__TI_doflush)
                  1181e0e0    000000c0                     : divu.asm.obj (.text:__divu)
                  1181e1a0    000000c0                     : remi.asm.obj (.text:__remi)
                  1181e260    000000c0                     : modf.c.obj (.text:modf)
                  1181e320    000000c0     sysbios.ae674 : BIOS.obj (.text:ti_sysbios_family_c64p_Hwi_dispatchCore__I)
                  1181e3e0    000000c0                   : BIOS.obj (.text:ti_sysbios_heaps_HeapMem_getStats__E)
                  1181e4a0    000000c0                   : BIOS.obj (.text:ti_sysbios_knl_Semaphore_post__E)
                  1181e560    000000c0                   : BIOS.obj (.text:ti_sysbios_knl_Swi_run__I)
                  1181e620    000000c0                   : BIOS.obj (.text:ti_sysbios_knl_Swi_schedule__I)
                  1181e6e0    000000c0                   : BIOS.obj (.text:ti_sysbios_knl_Task_allBlockedFunction__I)
                  1181e7a0    000000c0                   : BIOS.obj (.text:ti_sysbios_knl_Task_exit__E)
                  1181e860    000000c0                   : BIOS.obj (.text:ti_sysbios_knl_Task_startCore__E)
                  1181e920    000000c0     rts6740_elf.lib : tls.c.obj (.text:tls:init:__TI_tls_init)
                  1181e9e0    000000c0     ti.targets.rts6000.ae674 : Error.oe674 (.text:xdc_runtime_Error_setX__E)
                  1181eaa0    000000c0                              : SysMin.oe674 (.text:xdc_runtime_SysMin_abort__E)
                  1181eb60    000000c0                              : SysMin.oe674 (.text:xdc_runtime_SysMin_flush__E)
                  1181ec20    000000a0     rts6740_elf.lib : hostclose.c.obj (.text:HOSTclose)
                  1181ecc0    000000a0                     : fopen.c.obj (.text:__TI_cleanup)
                  1181ed60    000000a0                     : round.c.obj (.text:__c6xabi_nround)
                  1181ee00    000000a0                     : remu.asm.obj (.text:__remu)
                  1181eea0    000000a0     boot.ae674 : boot.oe674 (.text:_c_int00)
                  1181ef40    000000a0     rts6740_elf.lib : _printfi.c.obj (.text:_ecpy)
                  1181efe0    000000a0                     : getdevice.c.obj (.text:finddevice)
                  1181f080    000000a0                     : memcpy64.asm.obj (.text:memcpy)
                  1181f120    000000a0     sysbios.ae674 : BIOS.obj (.text:ti_sysbios_family_c64p_Exception_Module_startup__E)
                  1181f1c0    000000a0                   : BIOS.obj (.text:ti_sysbios_family_c64p_Hwi_eventMap__E)
                  1181f260    000000a0                   : BIOS.obj (.text:ti_sysbios_family_c64p_Hwi_getStackInfo__E)
                  1181f300    000000a0                   : BIOS.obj (.text:ti_sysbios_gates_GateMutex_enter__E)
                  1181f3a0    000000a0                   : BIOS.obj (.text:ti_sysbios_timers_timer64_Timer_stop__E)
                  1181f440    000000a0     ti.targets.rts6000.ae674 : SysMin.oe674 (.text:xdc_runtime_SysMin_putch__E)
                  1181f4e0    000000a0                              : System.oe674 (.text:xdc_runtime_System_formatNum__I)
                  1181f580    000000a0                              : System.oe674 (.text:xdc_runtime_System_putchar__I)
                  1181f620    000000a0                              : Text.oe674 (.text:xdc_runtime_Text_printVisFxn__I)
                  1181f6c0    000000a0                              : Text.oe674 (.text:xdc_runtime_Text_xprintf__I)
                  1181f760    00000080     rts6740_elf.lib : trgmsg.c.obj (.text:__TI_readmsg)
                  1181f7e0    00000080                     : llshift.c.obj (.text:__c6xabi_llshl)
                  1181f860    00000080                     : roundf.c.obj (.text:__c6xabi_roundf)
                  1181f8e0    00000080     sysbios.ae674 : c62_TaskSupport_asm.obj (.text:_ti_sysbios_family_c62_TaskSupport_swap__E)
                  1181f960    00000080                   : BIOS.obj (.text:ti_sysbios_family_c64p_Cache_wait__E)
                  1181f9e0    00000080                   : BIOS.obj (.text:ti_sysbios_hal_Hwi_checkStack)
                  1181fa60    00000080                   : BIOS.obj (.text:ti_sysbios_hal_Hwi_initStack)
                  1181fae0    00000080                   : BIOS.obj (.text:ti_sysbios_heaps_HeapMem_init__I)
                  1181fb60    00000080                   : BIOS.obj (.text:ti_sysbios_knl_Idle_run__E)
                  1181fbe0    00000080                   : BIOS.obj (.text:ti_sysbios_knl_Swi_post__E)
                  1181fc60    00000080                   : BIOS.obj (.text:ti_sysbios_knl_Swi_startup__E)
                  1181fce0    00000080                   : BIOS.obj (.text:ti_sysbios_knl_Task_processVitalTaskFlag__I)
                  1181fd60    00000080                   : BIOS.obj (.text:ti_sysbios_knl_Task_restoreHwi__E)
                  1181fde0    00000080                   : BIOS.obj (.text:ti_sysbios_knl_Task_restore__E)
                  1181fe60    00000080     FinalContestRobot2_pe674.oe674 (.text:ti_sysbios_rts_MemAlloc_alloc)
                  1181fee0    00000080     rts6740_elf.lib : unlink.c.obj (.text:unlink)
                  1181ff60    00000080     ti.targets.rts6000.ae674 : LoggerBuf.oe674 (.text:xdc_runtime_LoggerBuf_Module_startup__E)
                  1181ffe0    00000080                              : LoggerBuf.oe674 (.text:xdc_runtime_LoggerBuf_filterOutEvent__I)
                  11820060    00000080                              : System.oe674 (.text:xdc_runtime_System_atexit__E)
                  118200e0    00000080                              : System.oe674 (.text:xdc_runtime_System_avprintf__E)
                  11820160    00000080                              : System.oe674 (.text:xdc_runtime_System_processAtExit__E)
                  118201e0    00000080                              : System.oe674 (.text:xdc_runtime_System_vprintf__E)
                  11820260    00000060     rts6740_elf.lib : trgmsg.c.obj (.text:__TI_writemsg)
                  118202c0    00000060                     : llshift.c.obj (.text:__c6xabi_llshru)
                  11820320    00000060                     : imath64.c.obj (.text:__c6xabi_remull)
                  11820380    00000060                     : imath64.c.obj (.text:_subcull)
                  118203e0    00000060     sysbios.ae674 : c64p_Hwi_asm_switch.obj (.text:_ti_sysbios_family_c64p_Hwi_switchAndDispatch__I)
                  11820440    00000060                   : c64p_Hwi_asm_switch.obj (.text:_ti_sysbios_family_xxx_Hwi_switchAndRunFunc)
                  118204a0    00000060     rts6740_elf.lib : lseek.c.obj (.text:lseek)
                  11820500    00000060                     : memccpy.c.obj (.text:memccpy)
                  11820560    00000060                     : modff.c.obj (.text:modff)
                  118205c0    00000060                     : sprintf.c.obj (.text:sprintf)
                  11820620    00000060                     : sscanf.c.obj (.text:sscanf)
                  11820680    00000060                     : _scanfi.c.obj (.text:strrchr)
                  118206e0    00000060     FinalContestRobot2_pe674.oe674 (.text:ti_sysbios_BIOS_atExitFunc__I)
                  11820740    00000060     FinalContestRobot2_pe674.oe674 (.text:ti_sysbios_BIOS_errorRaiseHook__I)
                  118207a0    00000060     FinalContestRobot2_pe674.oe674 (.text:ti_sysbios_BIOS_rtsLock__I)
                  11820800    00000060     FinalContestRobot2_pe674.oe674 (.text:ti_sysbios_BIOS_rtsUnlock__I)
                  11820860    00000060     sysbios.ae674 : BIOS.obj (.text:ti_sysbios_family_c62_TaskSupport_start__E)
                  118208c0    00000060                   : BIOS.obj (.text:ti_sysbios_family_c64p_Cache_marInit__I)
                  11820920    00000060                   : BIOS.obj (.text:ti_sysbios_family_c64p_Cache_setMar__E)
                  11820980    00000060     FinalContestRobot2_pe674.oe674 (.text:ti_sysbios_heaps_HeapMem_Object__get__S)
                  118209e0    00000060     sysbios.ae674 : BIOS.obj (.text:ti_sysbios_knl_Clock_Module_startup__E)
                  11820a40    00000060     FinalContestRobot2_pe674.oe674 (.text:ti_sysbios_knl_Clock_doTick__I)
                  11820aa0    00000060     sysbios.ae674 : BIOS.obj (.text:ti_sysbios_knl_Semaphore_pendTimeout__I)
                  11820b00    00000060                   : BIOS.obj (.text:ti_sysbios_knl_Swi_Module_startup__E)
                  11820b60    00000060     FinalContestRobot2_pe674.oe674 (.text:ti_sysbios_knl_Task_Object__get__S)
                  11820bc0    00000060     sysbios.ae674 : BIOS.obj (.text:ti_sysbios_knl_Task_enter__I)
                  11820c20    00000060                   : BIOS.obj (.text:ti_sysbios_knl_Task_unblockI__E)
                  11820c80    00000060     rts6740_elf.lib : write.c.obj (.text:write)
                  11820ce0    00000060     FinalContestRobot2_pe674.oe674 (.text:xdc_runtime_LoggerBuf_Object__get__S)
                  11820d40    00000060     ti.targets.rts6000.ae674 : LoggerBuf.oe674 (.text:xdc_runtime_LoggerBuf_reset__E)
                  11820da0    00000060     FinalContestRobot2_pe674.oe674 (.text:xdc_runtime_SysMin_output__I)
                  11820e00    00000040     rts6740_elf.lib : frcmpyd_div.c.obj (.text:__TI_frcmpyd_div)
                  11820e40    00000040                     : isinf.c.obj (.text:__c6xabi_isinf)
                  11820e80    00000040                     : _printfi.c.obj (.text:__c6xabi_isnan)
                  11820ec0    00000040                     : args_main.c.obj (.text:_args_main)
                  11820f00    00000040                     : sprintf.c.obj (.text:_outs)
                  11820f40    00000040                     : vsprintf.c.obj (.text:_outs)
                  11820f80    00000040     sysbios.ae674 : c62_TaskSupport_asm.obj (.text:_ti_sysbios_family_c62_TaskSupport_buildTaskStack)
                  11820fc0    00000040     FinalContestRobot2_pe674.oe674 (.text:free)
                  11821000    00000040     FinalContestRobot2_pe674.oe674 (.text:ti_sysbios_BIOS_exitFunc__I)
                  11821040    00000040     FinalContestRobot2_pe674.oe674 (.text:ti_sysbios_BIOS_registerRTSLock__I)
                  11821080    00000040     FinalContestRobot2_pe674.oe674 (.text:ti_sysbios_BIOS_removeRTSLock__I)
                  118210c0    00000040     FinalContestRobot2_pe674.oe674 (.text:ti_sysbios_BIOS_startFunc__I)
                  11821100    00000040     FinalContestRobot2_pe674.oe674 (.text:ti_sysbios_family_c64p_Hwi_Module__startupDone__F)
                  11821140    00000040     sysbios.ae674 : BIOS.obj (.text:ti_sysbios_family_c64p_Hwi_disableInterrupt__E)
                  11821180    00000040                   : BIOS.obj (.text:ti_sysbios_family_c64p_Hwi_dispatchC__I)
                  118211c0    00000040                   : BIOS.obj (.text:ti_sysbios_family_c64p_Hwi_enableInterrupt__E)
                  11821200    00000040                   : BIOS.obj (.text:ti_sysbios_family_c64p_primus_TimerSupport_enable__E)
                  11821240    00000040                   : BIOS.obj (.text:ti_sysbios_gates_GateMutex_leave__E)
                  11821280    00000040     FinalContestRobot2_pe674.oe674 (.text:ti_sysbios_hal_Hwi_HwiProxy_getStackInfo__E)
                  118212c0    00000040     FinalContestRobot2_pe674.oe674 (.text:ti_sysbios_knl_Clock_Module_State_clockQ)
                  11821300    00000040     FinalContestRobot2_pe674.oe674 (.text:ti_sysbios_knl_Queue_Object__get__S)
                  11821340    00000040     FinalContestRobot2_pe674.oe674 (.text:ti_sysbios_knl_Swi_Object__get__S)
                  11821380    00000040     FinalContestRobot2_pe674.oe674 (.text:ti_sysbios_timers_timer64_Timer_Module__startupDone__F)
                  118213c0    00000040     rts6740_elf.lib : vsprintf.c.obj (.text:vsprintf)
                  11821400    00000040                     : wcslen.c.obj (.text:wcslen)
                  11821440    00000040     ti.targets.rts6000.ae674 : Error.oe674 (.text:xdc_runtime_Error_check__E)
                  11821480    00000040                              : Error.oe674 (.text:xdc_runtime_Error_init__E)
                  118214c0    00000040     FinalContestRobot2_pe674.oe674 (.text:xdc_runtime_IHeap_alloc)
                  11821500    00000040     FinalContestRobot2_pe674.oe674 (.text:xdc_runtime_IHeap_free)
                  11821540    00000040     ti.targets.rts6000.ae674 : LoggerBuf.oe674 (.text:xdc_runtime_LoggerBuf_write0__E)
                  11821580    00000040                              : LoggerBuf.oe674 (.text:xdc_runtime_LoggerBuf_write1__E)
                  118215c0    00000040                              : LoggerBuf.oe674 (.text:xdc_runtime_LoggerBuf_write2__E)
                  11821600    00000040                              : Registry.oe674 (.text:xdc_runtime_Registry_findById__E)
                  11821640    00000040     FinalContestRobot2_pe674.oe674 (.text:xdc_runtime_Startup_exec__I)
                  11821680    00000040     ti.targets.rts6000.ae674 : SysMin.oe674 (.text:xdc_runtime_SysMin_Module_startup__E)
                  118216c0    00000040                              : SysMin.oe674 (.text:xdc_runtime_SysMin_exit__E)
                  11821700    00000040                              : System.oe674 (.text:xdc_runtime_System_abort__E)
                  11821740    00000040     FinalContestRobot2_pe674.oe674 (.text:xdc_runtime_System_aprintf__E)
                  11821780    00000040     ti.targets.rts6000.ae674 : System.oe674 (.text:xdc_runtime_System_exit__E)
                  118217c0    00000040     FinalContestRobot2_pe674.oe674 (.text:xdc_runtime_System_printf__E)
                  11821800    00000040     FinalContestRobot2_pe674.oe674 (.text:xdc_runtime_Text_visitRope__I)
                  11821840    00000020     rts6740_elf.lib : errno.c.obj (.text:__c6xabi_errno_addr)
                  11821860    00000020                     : trunc.c.obj (.text:__c6xabi_trunc)
                  11821880    00000020                     : truncf.c.obj (.text:__c6xabi_truncf)
                  118218a0    00000020                     : push.asm.obj (.text:__pop_rts)
                  118218c0    00000020                     : push.asm.obj (.text:__push_rts)
                  118218e0    00000020                     : sscanf.c.obj (.text:_inpchar)
                  11821900    00000020                     : _lock.c.obj (.text:_nop)
                  11821920    00000020                     : printf.c.obj (.text:_outc)
                  11821940    00000020                     : sprintf.c.obj (.text:_outc)
                  11821960    00000020                     : vsprintf.c.obj (.text:_outc)
                  11821980    00000020                     : printf.c.obj (.text:_outs)
                  118219a0    00000020                     : _lock.c.obj (.text:_register_lock)
                  118219c0    00000020                     : _lock.c.obj (.text:_register_unlock)
                  118219e0    00000020                     : signbit.c.obj (.text:_signbit)
                  11821a00    00000020     sysbios.ae674 : c62_TaskSupport_asm.obj (.text:_ti_sysbios_family_c62_TaskSupport_glue)
                  11821a20    00000020     rts6740_elf.lib : sscanf.c.obj (.text:_uninpchar)
                  11821a40    00000020                     : exit.c.obj (.text:abort)
                  11821a60    00000020                     : copy_decompress_none.c.obj (.text:decompress:none:__TI_decompress_none)
                  11821a80    00000020                     : copy_decompress_rle.c.obj (.text:decompress:rle24:__TI_decompress_rle24)
                  11821aa0    00000020     FinalContestRobot2_pe674.oe674 (.text:malloc)
                  11821ac0    00000020     FinalContestRobot2_pe674.oe674 (.text:ti_sysbios_BIOS_RtsGateProxy_enter__E)
                  11821ae0    00000020     FinalContestRobot2_pe674.oe674 (.text:ti_sysbios_BIOS_RtsGateProxy_leave__E)
                  11821b00    00000020     sysbios.ae674 : BIOS.obj (.text:ti_sysbios_BIOS_linkedWithIncorrectBootLibrary__E)
                  11821b20    00000020     FinalContestRobot2_pe674.oe674 (.text:ti_sysbios_BIOS_nullFunc__I)
                  11821b40    00000020     sysbios.ae674 : BIOS.obj (.text:ti_sysbios_BIOS_setThreadType__E)
                  11821b60    00000020                   : BIOS.obj (.text:ti_sysbios_BIOS_start__E)
                  11821b80    00000020     FinalContestRobot2_pe674.oe674 (.text:ti_sysbios_family_c62_TaskSupport_Module__startupDone__S)
                  11821ba0    00000020     sysbios.ae674 : BIOS.obj (.text:ti_sysbios_family_c62_TaskSupport_checkStack__E)
                  11821bc0    00000020                   : BIOS.obj (.text:ti_sysbios_family_c64p_Cache_inv__E)
                  11821be0    00000020                   : BIOS.obj (.text:ti_sysbios_family_c64p_Cache_wb__E)
                  11821c00    00000020     FinalContestRobot2_pe674.oe674 (.text:ti_sysbios_family_c64p_Hwi_Module__startupDone__S)
                  11821c20    00000020     sysbios.ae674 : BIOS.obj (.text:ti_sysbios_family_c64p_Hwi_clearInterrupt__E)
                  11821c40    00000020                   : BIOS.obj (.text:ti_sysbios_family_c64p_Hwi_startup__E)
                  11821c60    00000020                   : BIOS.obj (.text:ti_sysbios_family_c64p_Hwi_switchFromBootStack__E)
                  11821c80    00000020                   : BIOS.obj (.text:ti_sysbios_family_c64p_TimestampProvider_Module_startup__E)
                  11821ca0    00000020                   : BIOS.obj (.text:ti_sysbios_family_c64p_TimestampProvider_get64__E)
                  11821cc0    00000020                   : BIOS.obj (.text:ti_sysbios_gates_GateHwi_enter__E)
                  11821ce0    00000020                   : BIOS.obj (.text:ti_sysbios_gates_GateHwi_leave__E)
                  11821d00    00000020                   : BIOS.obj (.text:ti_sysbios_gates_GateHwi_query__E)
                  11821d20    00000020                   : BIOS.obj (.text:ti_sysbios_gates_GateMutex_query__E)
                  11821d40    00000020     FinalContestRobot2_pe674.oe674 (.text:ti_sysbios_hal_Hwi_HwiProxy_Module__startupDone__S)
                  11821d60    00000020     FinalContestRobot2_pe674.oe674 (.text:ti_sysbios_hal_Hwi_HwiProxy_clearInterrupt__E)
                  11821d80    00000020     FinalContestRobot2_pe674.oe674 (.text:ti_sysbios_hal_Hwi_HwiProxy_disableInterrupt__E)
                  11821da0    00000020     FinalContestRobot2_pe674.oe674 (.text:ti_sysbios_hal_Hwi_HwiProxy_enableInterrupt__E)
                  11821dc0    00000020     FinalContestRobot2_pe674.oe674 (.text:ti_sysbios_hal_Hwi_HwiProxy_startup__E)
                  11821de0    00000020     FinalContestRobot2_pe674.oe674 (.text:ti_sysbios_hal_Hwi_HwiProxy_switchFromBootStack__E)
                  11821e00    00000020     sysbios.ae674 : BIOS.obj (.text:ti_sysbios_hal_Hwi_Module_startup__E)
                  11821e20    00000020     FinalContestRobot2_pe674.oe674 (.text:ti_sysbios_heaps_HeapMem_Module_GateProxy_enter__E)
                  11821e40    00000020     FinalContestRobot2_pe674.oe674 (.text:ti_sysbios_heaps_HeapMem_Module_GateProxy_leave__E)
                  11821e60    00000020     FinalContestRobot2_pe674.oe674 (.text:ti_sysbios_heaps_HeapMem_Module_GateProxy_query__E)
                  11821e80    00000020     sysbios.ae674 : BIOS.obj (.text:ti_sysbios_heaps_HeapMem_isBlocking__E)
                  11821ea0    00000020     FinalContestRobot2_pe674.oe674 (.text:ti_sysbios_knl_Clock_TimerProxy_Module__startupDone__S)
                  11821ec0    00000020     FinalContestRobot2_pe674.oe674 (.text:ti_sysbios_knl_Clock_TimerProxy_getMaxTicks__E)
                  11821ee0    00000020     sysbios.ae674 : BIOS.obj (.text:ti_sysbios_knl_Clock_getTicks__E)
                  11821f00    00000020                   : BIOS.obj (.text:ti_sysbios_knl_Clock_logTick__E)
                  11821f20    00000020                   : BIOS.obj (.text:ti_sysbios_knl_Idle_loop__E)
                  11821f40    00000020                   : BIOS.obj (.text:ti_sysbios_knl_Queue_empty__E)
                  11821f60    00000020                   : BIOS.obj (.text:ti_sysbios_knl_Swi_disable__E)
                  11821f80    00000020     FinalContestRobot2_pe674.oe674 (.text:ti_sysbios_knl_Task_SupportProxy_Module__startupDone__S)
                  11821fa0    00000020     FinalContestRobot2_pe674.oe674 (.text:ti_sysbios_knl_Task_SupportProxy_checkStack__E)
                  11821fc0    00000020     FinalContestRobot2_pe674.oe674 (.text:ti_sysbios_knl_Task_SupportProxy_start__E)
                  11821fe0    00000020     FinalContestRobot2_pe674.oe674 (.text:ti_sysbios_knl_Task_SupportProxy_swap__E)
                  11822000    00000020     sysbios.ae674 : BIOS.obj (.text:ti_sysbios_knl_Task_disable__E)
                  11822020    00000020                   : BIOS.obj (.text:ti_sysbios_knl_Task_sleepTimeout__I)
                  11822040    00000020                   : BIOS.obj (.text:ti_sysbios_knl_Task_startup__E)
                  11822060    00000020     FinalContestRobot2_pe674.oe674 (.text:ti_sysbios_timers_timer64_Timer_Module__startupDone__S)
                  11822080    00000020     FinalContestRobot2_pe674.oe674 (.text:ti_sysbios_timers_timer64_Timer_TimerSupportProxy_enable__E)
                  118220a0    00000020     sysbios.ae674 : BIOS.obj (.text:ti_sysbios_timers_timer64_Timer_getMaxTicks__E)
                  118220c0    00000020     FinalContestRobot2_pe674.oe674 (.text:xdc_iargToPtr)
                  118220e0    00000020     ti.targets.rts6000.ae674 : Error.oe674 (.text:xdc_runtime_Error_getSite__E)
                  11822100    00000020                              : Error.oe674 (.text:xdc_runtime_Error_raiseX__E)
                  11822120    00000020                              : Gate.oe674 (.text:xdc_runtime_Gate_enterSystem__E)
                  11822140    00000020                              : Gate.oe674 (.text:xdc_runtime_Gate_leaveSystem__E)
                  11822160    00000020     FinalContestRobot2_pe674.oe674 (.text:xdc_runtime_LoggerBuf_Module_GateProxy_enter__E)
                  11822180    00000020     FinalContestRobot2_pe674.oe674 (.text:xdc_runtime_LoggerBuf_Module_GateProxy_leave__E)
                  118221a0    00000020     FinalContestRobot2_pe674.oe674 (.text:xdc_runtime_LoggerBuf_TimestampProxy_get64__E)
                  118221c0    00000020     ti.targets.rts6000.ae674 : LoggerBuf.oe674 (.text:xdc_runtime_LoggerBuf_disable__E)
                  118221e0    00000020                              : LoggerBuf.oe674 (.text:xdc_runtime_LoggerBuf_enable__E)
                  11822200    00000020     FinalContestRobot2_pe674.oe674 (.text:xdc_runtime_Memory_HeapProxy_alloc__E)
                  11822220    00000020     FinalContestRobot2_pe674.oe674 (.text:xdc_runtime_Memory_HeapProxy_free__E)
                  11822240    00000020     ti.targets.rts6000.ae674 : Memory.oe674 (.text:xdc_runtime_Memory_free__E)
                  11822260    00000020                              : Memory.oe674 (.text:xdc_runtime_Memory_getMaxDefaultTypeAlign__E)
                  11822280    00000020     FinalContestRobot2_pe674.oe674 (.text:xdc_runtime_Startup_reset__I)
                  118222a0    00000020     ti.targets.rts6000.ae674 : Startup.oe674 (.text:xdc_runtime_Startup_rtsDone__E)
                  118222c0    00000020                              : SysMin.oe674 (.text:xdc_runtime_SysMin_ready__E)
                  118222e0    00000020     FinalContestRobot2_pe674.oe674 (.text:xdc_runtime_System_Module_GateProxy_enter__E)
                  11822300    00000020     FinalContestRobot2_pe674.oe674 (.text:xdc_runtime_System_Module_GateProxy_leave__E)
                  11822320    00000020     ti.targets.rts6000.ae674 : System.oe674 (.text:xdc_runtime_System_Module_startup__E)
                  11822340    00000020     FinalContestRobot2_pe674.oe674 (.text:xdc_runtime_System_SupportProxy_abort__E)
                  11822360    00000020     FinalContestRobot2_pe674.oe674 (.text:xdc_runtime_System_SupportProxy_exit__E)
                  11822380    00000020     FinalContestRobot2_pe674.oe674 (.text:xdc_runtime_System_SupportProxy_putch__E)
                  118223a0    00000020     FinalContestRobot2_pe674.oe674 (.text:xdc_runtime_System_SupportProxy_ready__E)
                  118223c0    00000020     ti.targets.rts6000.ae674 : System.oe674 (.text:xdc_runtime_System_vsnprintf__E)
                  118223e0    00000020                              : Text.oe674 (.text:xdc_runtime_Text_ropeText__E)

.far       0    11822400    0000bfec     UNINITIALIZED
                  11822400    000048c0     FinalContestRobot2_pe674.oe674 (.far:taskStackSection)
                  11826cc0    00001000     (.common:ti_sysbios_heaps_HeapMem_Instance_State_0_buf__A)
                  11827cc0    00000fa0     (.common:enc0_array)
                  11828c60    00000c00     (.common:object_stats)
                  11829860    00000ab0     (.common:obs)
                  1182a310    00000060     (.common:robotdest)
                  1182a370    0000000c     (.common:LADARps)
                  1182a37c    00000004     --HOLE--
                  1182a380    00000578     (.common:LADARinBuffer)
                  1182a8f8    00000400     (.common:equivalency_objects)
                  1182acf8    00000400     (.common:temp_equivalency_objects)
                  1182b0f8    000003e8     (.common:LADARangle)
                  1182b4e0    000003e8     (.common:LADARdataX)
                  1182b8c8    000003e8     (.common:LADARdataY)
                  1182bcb0    000003e8     (.common:LADARdistance)
                  1182c098    000003e8     (.common:newLADARangle)
                  1182c480    000003e8     (.common:newLADARdataX)
                  1182c868    000003e8     (.common:newLADARdataY)
                  1182cc50    000003e8     (.common:newLADARdistance)
                  1182d038    0000039c     (.common:final_object_stats)
                  1182d3d4    00000004     --HOLE--
                  1182d3d8    000002d0     (.common:boxes)
                  1182d6a8    00000200     (.common:xdc_runtime_LoggerBuf_Instance_State_0_entryArr__A)
                  1182d8a8    00000200     (.common:xdc_runtime_SysMin_Module_State_0_outbuf__A)
                  1182daa8    00000190     (.common:pathCol)
                  1182dc38    00000190     (.common:pathRow)
                  1182ddc8    00000140     (.common:__TI_tmpnams)
                  1182df08    00000102     (.common:fromLinuxstring)
                  1182e00a    00000006     --HOLE--
                  1182e010    00000102     (.common:toLinuxstring)
                  1182e112    00000006     --HOLE--
                  1182e118    0000002c     (.common:dist)
                  1182e144    00000004     --HOLE--
                  1182e148    0000002c     (.common:xdist)
                  1182e174    0000000c     (.common:OPTITRACKps)
                  1182e180    0000009c     (.common:f28335recData)
                  1182e21c    00000004     --HOLE--
                  1182e220    0000002c     (.common:ydist)
                  1182e24c    00000004     --HOLE--
                  1182e250    00000028     (.common:i2cdata)
                  1182e278    00000008     (.common:parmbuf)
                  1182e280    00000068     (.common:f28335TXData)
                  1182e2e8    00000028     (.common:orangex)
                  1182e310    00000028     (.common:orangey)
                  1182e338    00000024     (.common:temp_3x3)
                  1182e35c    00000004     --HOLE--
                  1182e360    0000001e     (.common:LADARoutBuffer)
                  1182e37e    00000002     --HOLE--
                  1182e380    00000014     (.common:Optitrackdata)
                  1182e394    0000000c     (.common:ROBOTps)
                  1182e3a0    0000000c     (.common:bluex)
                  1182e3ac    00000004     --HOLE--
                  1182e3b0    0000000c     (.common:bluey)
                  1182e3bc    00000004     --HOLE--
                  1182e3c0    0000000c     (.common:temp_3x1)
                  1182e3cc    00000004     --HOLE--
                  1182e3d0    0000000c     (.common:ytilde)
                  1182e3dc    00000004     --HOLE--
                  1182e3e0    0000000c     (.common:z)

.const     0    1182e3f0    000027c0     
                  1182e3f0    000019d4     FinalContestRobot2_pe674.oe674 (.const:xdc_runtime_Text_charTab__A)
                  1182fdc4    00000518     sysbios.ae674 : BIOS.obj (.const:.string)
                  118302dc    00000160     user_FinalContestRobot2.obj (.const:.string)
                  1183043c    00000004     FinalContestRobot2_pe674.oe674 (.const:ti_sysbios_BIOS_installedErrorHook__C)
                  11830440    00000101     rts6740_elf.lib : ctype.c.obj (.const:.string:_ctypes_)
                  11830541    00000001     FinalContestRobot2_pe674.oe674 (.const:ti_sysbios_timers_timer64_Timer_localTimerBaseId__C)
                  11830542    00000002     FinalContestRobot2_pe674.oe674 (.const:ti_sysbios_family_c64p_Cache_Module__id__C)
                  11830544    00000004     FinalContestRobot2_pe674.oe674 (.const:ti_sysbios_family_c64p_Cache_EMIFA_BASE__C)
                  11830548    000000cc     FinalContestRobot2_pe674.oe674 (.const:xdc_runtime_Text_nodeTab__A)
                  11830614    00000004     FinalContestRobot2_pe674.oe674 (.const:ti_sysbios_family_c64p_Cache_EMIFA_CFG__C)
                  11830618    00000080     evmomapl138_bsl.lib : evmomapl138.obj (.const:bitval_u32)
                  11830698    00000080     rts6740_elf.lib : strtod.c.obj (.const:digits)
                  11830718    00000058     ti.targets.rts6000.ae674 : Error.oe674 (.const:.string)
                  11830770    00000048     rts6740_elf.lib : strtod.c.obj (.const:powerof10)
                  118307b8    00000044     Ladar.obj (.const:.string)
                  118307fc    00000040     evmomapl138_bsl.lib : evmomapl138.obj (.const:.string)
                  1183083c    00000040     ti.targets.rts6000.ae674 : Text.oe674 (.const:.string)
                  1183087c    0000003c     FinalContestRobot2_pe674.oe674 (.const:xdc_runtime_LoggerBuf_Module__FXNS__C)
                  118308b8    00000030     FinalContestRobot2_pe674.oe674 (.const:xdc_runtime_Startup_sfxnTab__A)
                  118308e8    0000002c     ti.targets.rts6000.ae674 : Startup.oe674 (.const:.string)
                  11830914    00000028     FinalContestRobot2_pe674.oe674 (.const:ti_sysbios_heaps_HeapMem_Module__FXNS__C)
                  1183093c    00000024     rts6740_elf.lib : _printfi.c.obj (.const:.string)
                  11830960    00000024     FinalContestRobot2_pe674.oe674 (.const:ti_sysbios_gates_GateHwi_Module__FXNS__C)
                  11830984    00000024     FinalContestRobot2_pe674.oe674 (.const:ti_sysbios_gates_GateMutex_Module__FXNS__C)
                  118309a8    00000018     ColorLCD.obj (.const:$P$T0$1)
                  118309c0    00000018     ti.targets.rts6000.ae674 : System.oe674 (.const:.string)
                  118309d8    00000018     FinalContestRobot2_pe674.oe674 (.const:xdc_runtime_Startup_sfxnRts__A)
                  118309f0    00000010     evmomapl138_bsl.lib : evmomapl138_uart.obj (.const:.string)
                  11830a00    00000010     rts6740_elf.lib : _scanfi.c.obj (.const:.string)
                  11830a10    00000008     FinalContestRobot2_pe674.oe674 (.const:ti_sysbios_knl_Idle_funcList__C)
                  11830a18    00000008     FinalContestRobot2_pe674.oe674 (.const:xdc_runtime_Startup_firstFxns__A)
                  11830a20    00000008     FinalContestRobot2_pe674.oe674 (.const:xdc_runtime_Startup_firstFxns__C)
                  11830a28    00000008     FinalContestRobot2_pe674.oe674 (.const:xdc_runtime_Startup_lastFxns__C)
                  11830a30    00000007     rts6740_elf.lib : _scanfi.c.obj (.const:.string:flit$1)
                  11830a37    00000001     --HOLE-- [fill = 0]
                  11830a38    00000006                     : _scanfi.c.obj (.const:.string:barr$2)
                  11830a3e    00000002     FinalContestRobot2_pe674.oe674 (.const:ti_sysbios_family_c64p_Exception_Module__id__C)
                  11830a40    00000004     Ladar.obj (.const:.string:$P$T0$1)
                  11830a44    00000004     FinalContestRobot2_pe674.oe674 (.const:ti_sysbios_family_c64p_Cache_EMIFA_LENGTH__C)
                  11830a48    00000004     FinalContestRobot2_pe674.oe674 (.const:ti_sysbios_family_c64p_Cache_EMIFB_BASE__C)
                  11830a4c    00000004     FinalContestRobot2_pe674.oe674 (.const:ti_sysbios_family_c64p_Cache_EMIFB_CFG__C)
                  11830a50    00000004     FinalContestRobot2_pe674.oe674 (.const:ti_sysbios_family_c64p_Cache_EMIFB_LENGTH__C)
                  11830a54    00000004     FinalContestRobot2_pe674.oe674 (.const:ti_sysbios_family_c64p_Cache_EMIFC_BASE__C)
                  11830a58    00000004     FinalContestRobot2_pe674.oe674 (.const:ti_sysbios_family_c64p_Cache_EMIFC_CFG__C)
                  11830a5c    00000004     FinalContestRobot2_pe674.oe674 (.const:ti_sysbios_family_c64p_Cache_EMIFC_LENGTH__C)
                  11830a60    00000004     FinalContestRobot2_pe674.oe674 (.const:ti_sysbios_family_c64p_Cache_E_invalidL1CacheSize__C)
                  11830a64    00000004     FinalContestRobot2_pe674.oe674 (.const:ti_sysbios_family_c64p_Cache_E_invalidL2CacheSize__C)
                  11830a68    00000004     FinalContestRobot2_pe674.oe674 (.const:ti_sysbios_family_c64p_Cache_MAR0_31__C)
                  11830a6c    00000004     FinalContestRobot2_pe674.oe674 (.const:ti_sysbios_family_c64p_Cache_MAR128_159__C)
                  11830a70    00000004     FinalContestRobot2_pe674.oe674 (.const:ti_sysbios_family_c64p_Cache_MAR160_191__C)
                  11830a74    00000004     FinalContestRobot2_pe674.oe674 (.const:ti_sysbios_family_c64p_Cache_MAR192_223__C)
                  11830a78    00000004     FinalContestRobot2_pe674.oe674 (.const:ti_sysbios_family_c64p_Cache_MAR224_255__C)
                  11830a7c    00000004     FinalContestRobot2_pe674.oe674 (.const:ti_sysbios_family_c64p_Cache_MAR32_63__C)
                  11830a80    00000004     FinalContestRobot2_pe674.oe674 (.const:ti_sysbios_family_c64p_Cache_MAR64_95__C)
                  11830a84    00000004     FinalContestRobot2_pe674.oe674 (.const:ti_sysbios_family_c64p_Cache_MAR96_127__C)
                  11830a88    00000004     FinalContestRobot2_pe674.oe674 (.const:ti_sysbios_family_c64p_Exception_E_exceptionMax__C)
                  11830a8c    00000004     FinalContestRobot2_pe674.oe674 (.const:ti_sysbios_family_c64p_Exception_exceptionHook__C)
                  11830a90    00000004     FinalContestRobot2_pe674.oe674 (.const:ti_sysbios_family_c64p_Exception_externalHook__C)
                  11830a94    00000004     FinalContestRobot2_pe674.oe674 (.const:ti_sysbios_family_c64p_Exception_internalHook__C)
                  11830a98    00000004     FinalContestRobot2_pe674.oe674 (.const:ti_sysbios_family_c64p_Exception_nmiHook__C)
                  11830a9c    00000004     FinalContestRobot2_pe674.oe674 (.const:ti_sysbios_gates_GateMutex_Instance_State_sem__O)
                  11830aa0    00000004     FinalContestRobot2_pe674.oe674 (.const:ti_sysbios_hal_Hwi_E_stackOverflow__C)
                  11830aa4    00000004     FinalContestRobot2_pe674.oe674 (.const:ti_sysbios_heaps_HeapMem_E_memory__C)
                  11830aa8    00000004     FinalContestRobot2_pe674.oe674 (.const:ti_sysbios_heaps_HeapMem_Module__gateObj__C)
                  11830aac    00000004     FinalContestRobot2_pe674.oe674 (.const:ti_sysbios_heaps_HeapMem_Object__count__C)
                  11830ab0    00000004     FinalContestRobot2_pe674.oe674 (.const:ti_sysbios_heaps_HeapMem_Object__table__C)
                  11830ab4    00000004     FinalContestRobot2_pe674.oe674 (.const:ti_sysbios_knl_Clock_Module_State_clockQ__O)
                  11830ab8    00000004     FinalContestRobot2_pe674.oe674 (.const:ti_sysbios_knl_Idle_funcList__A)
                  11830abc    00000004     FinalContestRobot2_pe674.oe674 (.const:ti_sysbios_knl_Semaphore_Instance_State_pendQ__O)
                  11830ac0    00000004     FinalContestRobot2_pe674.oe674 (.const:ti_sysbios_knl_Swi_Object__count__C)
                  11830ac4    00000004     FinalContestRobot2_pe674.oe674 (.const:ti_sysbios_knl_Swi_Object__table__C)
                  11830ac8    00000004     FinalContestRobot2_pe674.oe674 (.const:ti_sysbios_knl_Task_E_spOutOfBounds__C)
                  11830acc    00000004     FinalContestRobot2_pe674.oe674 (.const:ti_sysbios_knl_Task_E_stackOverflow__C)
                  11830ad0    00000004     FinalContestRobot2_pe674.oe674 (.const:ti_sysbios_knl_Task_Module_State_inactiveQ__O)
                  11830ad4    00000004     FinalContestRobot2_pe674.oe674 (.const:ti_sysbios_knl_Task_Object__count__C)
                  11830ad8    00000004     FinalContestRobot2_pe674.oe674 (.const:ti_sysbios_knl_Task_Object__table__C)
                  11830adc    00000004     FinalContestRobot2_pe674.oe674 (.const:ti_sysbios_knl_Task_allBlockedFunc__C)
                  11830ae0    00000004     FinalContestRobot2_pe674.oe674 (.const:ti_sysbios_knl_Task_numConstructedTasks__C)
                  11830ae4    00000004     FinalContestRobot2_pe674.oe674 (.const:ti_sysbios_timers_timer64_Timer_E_cannotSupport__C)
                  11830ae8    00000004     FinalContestRobot2_pe674.oe674 (.const:ti_sysbios_timers_timer64_Timer_anyMaskHigh__C)
                  11830aec    00000004     FinalContestRobot2_pe674.oe674 (.const:ti_sysbios_timers_timer64_Timer_anyMask__C)
                  11830af0    00000004     FinalContestRobot2_pe674.oe674 (.const:ti_sysbios_timers_timer64_Timer_freqDivisor__C)
                  11830af4    00000004     FinalContestRobot2_pe674.oe674 (.const:ti_sysbios_timers_timer64_Timer_numLocalTimers__C)
                  11830af8    00000004     FinalContestRobot2_pe674.oe674 (.const:ti_sysbios_timers_timer64_Timer_numTimerDevices__C)
                  11830afc    00000004     FinalContestRobot2_pe674.oe674 (.const:xdc_runtime_Assert_E_assertFailed__C)
                  11830b00    00000004     FinalContestRobot2_pe674.oe674 (.const:xdc_runtime_Error_E_memory__C)
                  11830b04    00000004     FinalContestRobot2_pe674.oe674 (.const:xdc_runtime_Error_Module__diagsEnabled__C)
                  11830b08    00000004     FinalContestRobot2_pe674.oe674 (.const:xdc_runtime_Error_Module__diagsIncluded__C)
                  11830b0c    00000004     FinalContestRobot2_pe674.oe674 (.const:xdc_runtime_Error_Module__diagsMask__C)
                  11830b10    00000004     FinalContestRobot2_pe674.oe674 (.const:xdc_runtime_Error_Module__loggerFxn8__C)
                  11830b14    00000004     FinalContestRobot2_pe674.oe674 (.const:xdc_runtime_Error_Module__loggerObj__C)
                  11830b18    00000004     FinalContestRobot2_pe674.oe674 (.const:xdc_runtime_Error_policyFxn__C)
                  11830b1c    00000004     FinalContestRobot2_pe674.oe674 (.const:xdc_runtime_Error_policy__C)
                  11830b20    00000004     FinalContestRobot2_pe674.oe674 (.const:xdc_runtime_Error_raiseHook__C)
                  11830b24    00000004     FinalContestRobot2_pe674.oe674 (.const:xdc_runtime_IFilterLogger_Interface__BASE__C)
                  11830b28    00000004     FinalContestRobot2_pe674.oe674 (.const:xdc_runtime_IGateProvider_Interface__BASE__C)
                  11830b2c    00000004     FinalContestRobot2_pe674.oe674 (.const:xdc_runtime_IHeap_Interface__BASE__C)
                  11830b30    00000004     FinalContestRobot2_pe674.oe674 (.const:xdc_runtime_ILogger_Interface__BASE__C)
                  11830b34    00000004     FinalContestRobot2_pe674.oe674 (.const:xdc_runtime_IModule_Interface__BASE__C)
                  11830b38    00000004     FinalContestRobot2_pe674.oe674 (.const:xdc_runtime_Log_L_error__C)
                  11830b3c    00000004     FinalContestRobot2_pe674.oe674 (.const:xdc_runtime_LoggerBuf_E_badLevel__C)
                  11830b40    00000004     FinalContestRobot2_pe674.oe674 (.const:xdc_runtime_LoggerBuf_Module__gateObj__C)
                  11830b44    00000004     FinalContestRobot2_pe674.oe674 (.const:xdc_runtime_LoggerBuf_Object__count__C)
                  11830b48    00000004     FinalContestRobot2_pe674.oe674 (.const:xdc_runtime_LoggerBuf_Object__table__C)
                  11830b4c    00000004     FinalContestRobot2_pe674.oe674 (.const:xdc_runtime_LoggerBuf_statusLogger__C)
                  11830b50    00000004     FinalContestRobot2_pe674.oe674 (.const:xdc_runtime_Memory_defaultHeapInstance__C)
                  11830b54    00000004     FinalContestRobot2_pe674.oe674 (.const:xdc_runtime_Startup_execImpl__C)
                  11830b58    00000004     FinalContestRobot2_pe674.oe674 (.const:xdc_runtime_Startup_maxPasses__C)
                  11830b5c    00000004     FinalContestRobot2_pe674.oe674 (.const:xdc_runtime_Startup_sfxnRts__C)
                  11830b60    00000004     FinalContestRobot2_pe674.oe674 (.const:xdc_runtime_Startup_sfxnTab__C)
                  11830b64    00000004     FinalContestRobot2_pe674.oe674 (.const:xdc_runtime_Startup_startModsFxn__C)
                  11830b68    00000004     FinalContestRobot2_pe674.oe674 (.const:xdc_runtime_SysMin_bufSize__C)
                  11830b6c    00000004     FinalContestRobot2_pe674.oe674 (.const:xdc_runtime_SysMin_outputFunc__C)
                  11830b70    00000004     FinalContestRobot2_pe674.oe674 (.const:xdc_runtime_System_Module__gateObj__C)
                  11830b74    00000004     FinalContestRobot2_pe674.oe674 (.const:xdc_runtime_System_abortFxn__C)
                  11830b78    00000004     FinalContestRobot2_pe674.oe674 (.const:xdc_runtime_System_exitFxn__C)
                  11830b7c    00000004     FinalContestRobot2_pe674.oe674 (.const:xdc_runtime_System_extendFxn__C)
                  11830b80    00000004     FinalContestRobot2_pe674.oe674 (.const:xdc_runtime_System_maxAtexitHandlers__C)
                  11830b84    00000004     FinalContestRobot2_pe674.oe674 (.const:xdc_runtime_Text_charTab__C)
                  11830b88    00000004     FinalContestRobot2_pe674.oe674 (.const:xdc_runtime_Text_nodeTab__C)
                  11830b8c    00000004     FinalContestRobot2_pe674.oe674 (.const:xdc_runtime_Text_visitRopeFxn__C)
                  11830b90    00000002     FinalContestRobot2_pe674.oe674 (.const:ti_sysbios_family_c64p_Exception_useInternalBuffer__C)
                  11830b92    00000002     FinalContestRobot2_pe674.oe674 (.const:ti_sysbios_hal_Hwi_Module__id__C)
                  11830b94    00000002     FinalContestRobot2_pe674.oe674 (.const:ti_sysbios_heaps_HeapMem_Module__id__C)
                  11830b96    00000002     FinalContestRobot2_pe674.oe674 (.const:ti_sysbios_knl_Task_Module__id__C)
                  11830b98    00000002     FinalContestRobot2_pe674.oe674 (.const:ti_sysbios_timers_timer64_Timer_Module__id__C)
                  11830b9a    00000002     FinalContestRobot2_pe674.oe674 (.const:ti_sysbios_timers_timer64_Timer_startupNeeded__C)
                  11830b9c    00000002     FinalContestRobot2_pe674.oe674 (.const:ti_sysbios_timers_timer64_Timer_useTimer64pRegMap__C)
                  11830b9e    00000002     FinalContestRobot2_pe674.oe674 (.const:xdc_runtime_Error_Module__loggerDefined__C)
                  11830ba0    00000002     FinalContestRobot2_pe674.oe674 (.const:xdc_runtime_Error_maxDepth__C)
                  11830ba2    00000002     FinalContestRobot2_pe674.oe674 (.const:xdc_runtime_LoggerBuf_Module__id__C)
                  11830ba4    00000002     FinalContestRobot2_pe674.oe674 (.const:xdc_runtime_LoggerBuf_filterByLevel__C)
                  11830ba6    00000002     FinalContestRobot2_pe674.oe674 (.const:xdc_runtime_Memory_Module__id__C)
                  11830ba8    00000002     FinalContestRobot2_pe674.oe674 (.const:xdc_runtime_SysMin_flushAtExit__C)
                  11830baa    00000002     FinalContestRobot2_pe674.oe674 (.const:xdc_runtime_Text_isLoaded__C)
                  11830bac    00000002     FinalContestRobot2_pe674.oe674 (.const:xdc_runtime_Text_registryModsLastId__C)
                  11830bae    00000002     FinalContestRobot2_pe674.oe674 (.const:xdc_runtime_Text_unnamedModsLastId__C)

.fardata   0    11832bb0    0000116c     UNINITIALIZED
                  11832bb0    0000025c     ColorVision.obj (.fardata:PRUCode)
                  11832e0c    00000004     rts6740_elf.lib : _lock.c.obj (.fardata:_lock)
                  11832e10    000001e0                     : defs.c.obj (.fardata:_ftable)
                  11832ff0    000001cc     FinalContestRobot2_pe674.oe674 (.fardata:ti_sysbios_knl_Task_Object__table__V)
                  118331bc    00000004     rts6740_elf.lib : _lock.c.obj (.fardata:_unlock)
                  118331c0    000000c0     FinalContestRobot2_pe674.oe674 (.fardata:ti_sysbios_knl_Swi_Object__table__V)
                  11833280    000000b0     user_FinalContestRobot2.obj (.fardata:map)
                  11833330    000000b0     user_FinalContestRobot2.obj (.fardata:originalMap)
                  118333e0    000000a0     rts6740_elf.lib : write.c.obj (.fardata:_stream)
                  11833480    00000080     FinalContestRobot2_pe674.oe674 (.fardata:ti_sysbios_knl_Swi_Module_State_0_readyQ__A)
                  11833500    00000080     FinalContestRobot2_pe674.oe674 (.fardata:ti_sysbios_knl_Task_Module_State_0_readyQ__A)
                  11833580    00000078     rts6740_elf.lib : write.c.obj (.fardata:_device)
                  118335f8    00000078     FinalContestRobot2_pe674.oe674 (.fardata:ti_sysbios_family_c64p_Hwi_Object__table__V)
                  11833670    0000006c     FinalContestRobot2_pe674.oe674 (.fardata:ti_sysbios_family_c64p_Hwi_Module__state__V)
                  118336dc    00000004     rts6740_elf.lib : defs.c.obj (.fardata)
                  118336e0    00000060     FinalContestRobot2_pe674.oe674 (.fardata:ti_sysbios_timers_timer64_Timer_Module_State_0_device__A)
                  11833740    00000050     Ladar.obj (.fardata:cornersX)
                  11833790    00000050     Ladar.obj (.fardata:cornersY)
                  118337e0    00000050     FinalContestRobot2_pe674.oe674 (.fardata:ti_sysbios_timers_timer64_Timer_Object__table__V)
                  11833830    00000048     FinalContestRobot2_pe674.oe674 (.fardata:ti_sysbios_knl_Task_Module__state__V)
                  11833878    00000040     rts6740_elf.lib : cos.c.obj (.fardata:R$1)
                  118338b8    00000040                     : sin.c.obj (.fardata:R$1)
                  118338f8    00000040     FinalContestRobot2_pe674.oe674 (.fardata:ti_sysbios_gates_GateMutex_Object__table__V)
                  11833938    00000040     FinalContestRobot2_pe674.oe674 (.fardata:ti_sysbios_knl_Clock_Object__table__V)
                  11833978    00000030     FinalContestRobot2_pe674.oe674 (.fardata:ti_sysbios_family_c64p_Exception_Module__state__V)
                  118339a8    0000002c     FinalContestRobot2_pe674.oe674 (.fardata:ti_sysbios_knl_Clock_Module__state__V)
                  118339d4    00000004     rts6740_elf.lib : errno.c.obj (.fardata)
                  118339d8    00000028     FinalContestRobot2_pe674.oe674 (.fardata:ti_sysbios_hal_Hwi_Object__table__V)
                  11833a00    00000024     user_FinalContestRobot2.obj (.fardata:K)
                  11833a24    00000004     FinalContestRobot2_pe674.oe674 (.fardata:ti_sysbios_family_c64p_Cache_Module__state__V)
                  11833a28    00000024     user_FinalContestRobot2.obj (.fardata:P_pred)
                  11833a4c    00000004     FinalContestRobot2_pe674.oe674 (.fardata:ti_sysbios_family_c64p_primus_TimerSupport_Module__state__V)
                  11833a50    00000024     user_FinalContestRobot2.obj (.fardata:Q)
                  11833a74    00000004     FinalContestRobot2_pe674.oe674 (.fardata:xdc_runtime_Memory_Module__state__V)
                  11833a78    00000024     user_FinalContestRobot2.obj (.fardata:R)
                  11833a9c    00000002     FinalContestRobot2_pe674.oe674 (.fardata:xdc_runtime_Error_Module__state__V)
                  11833a9e    00000002     --HOLE--
                  11833aa0    00000024     user_FinalContestRobot2.obj (.fardata:S)
                  11833ac4    00000004     --HOLE--
                  11833ac8    00000024     user_FinalContestRobot2.obj (.fardata:S_inv)
                  11833aec    00000004     --HOLE--
                  11833af0    00000024     user_FinalContestRobot2.obj (.fardata:eye3)
                  11833b14    00000024     FinalContestRobot2_pe674.oe674 (.fardata:ti_sysbios_BIOS_Module__state__V)
                  11833b38    00000024     FinalContestRobot2_pe674.oe674 (.fardata:xdc_runtime_LoggerBuf_Object__table__V)
                  11833b5c    00000004     --HOLE--
                  11833b60    00000020     rts6740_elf.lib : atanf.c.obj (.fardata:arctan_consts$1)
                  11833b80    00000020     FinalContestRobot2_pe674.oe674 (.fardata:ti_sysbios_timers_timer64_Timer_Module_State_0_gctrl__A)
                  11833ba0    00000020     FinalContestRobot2_pe674.oe674 (.fardata:ti_sysbios_timers_timer64_Timer_Module_State_0_handles__A)
                  11833bc0    00000020     FinalContestRobot2_pe674.oe674 (.fardata:ti_sysbios_timers_timer64_Timer_Module_State_0_intFreqs__A)
                  11833be0    00000020     FinalContestRobot2_pe674.oe674 (.fardata:xdc_runtime_Error_IgnoreBlock)
                  11833c00    0000001c     FinalContestRobot2_pe674.oe674 (.fardata:ti_sysbios_knl_Swi_Module__state__V)
                  11833c1c    00000004     --HOLE--
                  11833c20    00000018     user_FinalContestRobot2.obj (.fardata:B)
                  11833c38    00000018     FinalContestRobot2_pe674.oe674 (.fardata:ti_sysbios_heaps_HeapMem_Object__table__V)
                  11833c50    00000018     FinalContestRobot2_pe674.oe674 (.fardata:ti_sysbios_knl_Semaphore_Object__table__V)
                  11833c68    00000018     FinalContestRobot2_pe674.oe674 (.fardata:ti_sysbios_timers_timer64_Timer_Module__state__V)
                  11833c80    00000010     rts6740_elf.lib : cosf.c.obj (.fardata:R$1)
                  11833c90    00000010                     : sinf.c.obj (.fardata:R$1)
                  11833ca0    00000010     FinalContestRobot2_pe674.oe674 (.fardata:xdc_runtime_System_Module_State_0_atexitHandlers__A)
                  11833cb0    0000000c     user_FinalContestRobot2.obj (.fardata:Bu)
                  11833cbc    0000000c     rts6740_elf.lib : exit.c.obj (.fardata)
                  11833cc8    0000000c     user_FinalContestRobot2.obj (.fardata:x_pred)
                  11833cd4    0000000c     FinalContestRobot2_pe674.oe674 (.fardata:xdc_runtime_SysMin_Module__state__V)
                  11833ce0    00000008     FinalContestRobot2_pe674.oe674 (.fardata:ti_sysbios_family_c64p_primus_TimerSupport_Module_State_0_suspSrc__A)
                  11833ce8    00000008     user_FinalContestRobot2.obj (.fardata:u)
                  11833cf0    00000008     FinalContestRobot2_pe674.oe674 (.fardata:xdc_runtime_Registry_Module__state__V)
                  11833cf8    00000008     FinalContestRobot2_pe674.oe674 (.fardata:xdc_runtime_Startup_Module__state__V)
                  11833d00    00000008     FinalContestRobot2_pe674.oe674 (.fardata:xdc_runtime_System_Module__state__V)
                  11833d08    00000006     FinalContestRobot2_pe674.oe674 (.fardata:xdc_runtime_LoggerBuf_Module__state__V)
                  11833d0e    00000002     --HOLE--
                  11833d10    00000004     FinalContestRobot2_pe674.oe674 (.fardata:ti_sysbios_gates_GateHwi_Object__table__V)
                  11833d14    00000004     --HOLE--
                  11833d18    00000004     FinalContestRobot2_pe674.oe674 (.fardata:ti_sysbios_knl_Task_Module_State_0_idleTask__A)

.switch    0    118341e8    0000012c     
                  118341e8    0000005c     rts6740_elf.lib : _scanfi.c.obj (.switch:__TI_scanfi)
                  11834244    00000054     user_FinalContestRobot2.obj (.switch:RobotControl)
                  11834298    00000038     rts6740_elf.lib : _printfi.c.obj (.switch:__TI_printfi)
                  118342d0    00000024     evmomapl138_bsl.lib : evmomapl138_gpio.obj (.switch:getRegisterBankAndBit)
                  118342f4    00000010                         : evmomapl138_spi.obj (.switch:SPI_init)
                  11834304    00000010     ColorVision.obj (.switch:userProcessColorImageFunc_laser)

.cio       0    11834600    00000120     UNINITIALIZED
                  11834600    00000120     rts6740_elf.lib : trgmsg.c.obj (.cio)

MODULE SUMMARY

       Module                           code     ro data   rw data
       ------                           ----     -------   -------
    .\
       user_FinalContestRobot2.obj      22560    436       10488  
       Ladar.obj                        8000     72        5718   
       ColorVision.obj                  5216     16        6936   
       COECSL_edma3.obj                 1216     0         4136   
       ColorLCD.obj                     2400     24        11     
       COECSL_mcbsp.obj                 1664     0         300    
       MatrixMath.obj                   1824     0         0      
       user_xy.obj                      992      0         0      
       LCDprintf.obj                    416      0         8      
       pru.obj                          256      0         0      
    +--+--------------------------------+--------+---------+---------+
       Total:                           44544    548       27597  
                                                                  
    C:\hzhou39_decamar2_ashwina2\SE423Repo\Contest\FinalContestRobot2\FinalContestRobot2Project\Debug\configPkg\package\cfg\
       FinalContestRobot2_pe674.oe674   4576     7529      25776  
    +--+--------------------------------+--------+---------+---------+
       Total:                           4576     7529      25776  
                                                                  
    C:/hzhou39_decamar2_ashwina2/SE423Repo/LabFiles/bsl_forSYSBIOS/lib/evmomapl138_bsl.lib
       evmomapl138.obj                  4160     192       0      
       evmomapl138_vpif.obj             1920     0         0      
       evmomapl138_uart.obj             1376     16        0      
       evmomapl138_i2c_gpio.obj         1376     0         0      
       evmomapl138_i2c.obj              1312     0         4      
       evmomapl138_gpio.obj             1184     36        0      
       evmomapl138_spi.obj              1152     16        0      
       evmomapl138_timer.obj            384      0         0      
    +--+--------------------------------+--------+---------+---------+
       Total:                           12864    260       4      
                                                                  
    C:\CCStudio_v8\bios_6_70_01_03\packages\ti\targets\rts6000\lib\boot.ae674
       autoinit.oe674                   288      0         0      
       boot.oe674                       160      0         0      
    +--+--------------------------------+--------+---------+---------+
       Total:                           448      0         0      
                                                                  
    C:\CCStudio_v8\bios_6_70_01_03\packages\ti\targets\rts6000\lib\ti.targets.rts6000.ae674
       System.oe674                     3232     24        0      
       LoggerBuf.oe674                  2400     0         0      
       Text.oe674                       1728     64        0      
       Error.oe674                      1152     88        0      
       Startup.oe674                    896      44        0      
       SysMin.oe674                     704      0         0      
       Memory.oe674                     320      0         0      
       Gate.oe674                       64       0         0      
       Registry.oe674                   64       0         0      
    +--+--------------------------------+--------+---------+---------+
       Total:                           10560    220       0      
                                                                  
    C:\CCStudio_v8\ccsv8\tools\compiler\ti-cgt-c6000_8.3.3\lib\rts6740_elf.lib
       _printfi.c.obj                   13536    92        0      
       _scanfi.c.obj                    8864     121       0      
       strtod.c.obj                     2336     200       0      
       divd.c.obj                       1504     0         0      
       strtoll.c.obj                    1216     0         0      
       strtoull.c.obj                   1088     0         0      
       strtol.c.obj                     928      0         0      
       cos.c.obj                        800      0         64     
       fmodf.c.obj                      864      0         0      
       defs.c.obj                       0        0         804    
       fputs.c.obj                      800      0         0      
       imath64.c.obj                    800      0         0      
       sin.c.obj                        736      0         64     
       strtoul.c.obj                    768      0         0      
       divf.c.obj                       640      0         0      
       cosf.c.obj                       608      0         16     
       sinf.c.obj                       608      0         16     
       sscanf.c.obj                     512      0         0      
       trgmsg.c.obj                     224      0         288    
       fputc.c.obj                      448      0         0      
       frexp.c.obj                      448      0         0      
       getdevice.c.obj                  448      0         0      
       imath40.c.obj                    448      0         0      
       setvbuf.c.obj                    448      0         0      
       frexpf.c.obj                     416      0         0      
       hostrename.c.obj                 416      0         0      
       ldexpf.c.obj                     416      0         0      
       ldexp.c.obj                      384      0         0      
       write.c.obj                      96       0         280    
       atan2f.c.obj                     320      0         0      
       atanf.c.obj                      256      0         32     
       copy_decompress_rle.c.obj        288      0         0      
       printf.c.obj                     288      0         0      
       sqrtf.c.obj                      288      0         0      
       exit.c.obj                       256      0         12     
       ctype.c.obj                      0        257       0      
       atoi.c.obj                       256      0         0      
       fclose.c.obj                     256      0         0      
       fseek.c.obj                      256      0         0      
       hostopen.c.obj                   224      0         8      
       _io_perm.c.obj                   224      0         0      
       _ltoa.c.obj                      224      0         0      
       close.c.obj                      224      0         0      
       divi.asm.obj                     224      0         0      
       hostlseek.c.obj                  224      0         0      
       hostwrite.c.obj                  224      0         0      
       llshift.c.obj                    224      0         0      
       memset.c.obj                     224      0         0      
       divu.asm.obj                     192      0         0      
       fflush.c.obj                     192      0         0      
       hostread.c.obj                   192      0         0      
       hostunlink.c.obj                 192      0         0      
       modf.c.obj                       192      0         0      
       remi.asm.obj                     192      0         0      
       sprintf.c.obj                    192      0         0      
       tls.c.obj                        192      0         0      
       fopen.c.obj                      160      0         0      
       hostclose.c.obj                  160      0         0      
       memcpy64.asm.obj                 160      0         0      
       remu.asm.obj                     160      0         0      
       round.c.obj                      160      0         0      
       vsprintf.c.obj                   160      0         0      
       roundf.c.obj                     128      0         0      
       unlink.c.obj                     128      0         0      
       _lock.c.obj                      96       0         8      
       lseek.c.obj                      96       0         0      
       memccpy.c.obj                    96       0         0      
       modff.c.obj                      96       0         0      
       args_main.c.obj                  64       0         0      
       frcmpyd_div.c.obj                64       0         0      
       isinf.c.obj                      64       0         0      
       push.asm.obj                     64       0         0      
       wcslen.c.obj                     64       0         0      
       errno.c.obj                      32       0         4      
       copy_decompress_none.c.obj       32       0         0      
       signbit.c.obj                    32       0         0      
       trunc.c.obj                      32       0         0      
       truncf.c.obj                     32       0         0      
    +--+--------------------------------+--------+---------+---------+
[...]
11833e94  DSP_Float7                                                          
11833e98  DSP_Float8                                                          
11833e9c  DSP_Float9                                                          
11833ea0  DSP_Float10                                                         
11833ea4  DSP_Float11                                                         
11833ea8  DSP_Float12                                                         
11833eac  DSP_Float13                                                         
11833eb0  DSP_Float14                                                         
11833eb4  DSP_Float15                                                         
11833eb8  DSP_Float16                                                         
11833ebc  DSP_Float17                                                         
11833ec0  DSP_Float18                                                         
11833ec4  DSP_Float19                                                         
11833ec8  cntturn                                                             
11833ecc  ref_right_wall                                                      
11833ed0  left_turn_Start_threshold                                           
11833ed4  left_turn_Stop_threshold                                            
11833ed8  Kp_right_wall                                                       
11833edc  Kp_front_wall                                                       
11833ee0  front_turn_velocity                                                 
11833ee4  turn_command_saturation                                             
11833ee8  sharp_right_threshold                                               
11833eec  Kp_sharp_right                                                      
11833ef0  left_turn_corner_threshold                                          
11833ef4  KpGyro                                                              
11833ef8  data1                                                               
11833efc  data2                                                               
11833f00  data3                                                               
11833f04  data4                                                               
11833f08  data5                                                               
11833f0c  data6                                                               
11833f10  data7                                                               
11833f14  newWeed                                                             
11833f18  p1_old                                                              
11833f1c  p2_old                                                              
11833f20  angular_vel                                                         
11833f24  orientation                                                         
11833f28  old_angular_vel                                                     
11833f2c  p1_current                                                          
11833f30  p2_current                                                          
11833f34  v1                                                                  
11833f38  v2                                                                  
11833f3c  x                                                                   
11833f40  y                                                                   
11833f44  update_Timer                                                        
11833f48  countdown                                                           
11833f4c  astarRunning                                                        
11833f50  astarTrigger                                                        
11833f54  astarDone                                                           
11833f58  pathLen                                                             
11833f5c  pathPos                                                             
11833f60  newLVData                                                           
11833f64  newROBOTpsx                                                         
11833f68  newROBOTpsy                                                         
11833f6c  sharedROBOTpsx                                                      
11833f70  sharedROBOTpsy                                                      
11833f74  orange_found                                                        
11833f78  blue_found                                                          
11833f7c  spraying                                                            
11833f80  blue_center_x                                                       
11833f84  blue_center_y                                                       
11833f88  blue_area                                                           
11833f8c  i                                                                   
11833f90  orange_center_x                                                     
11833f94  orange_center_y                                                     
11833f98  orange_area                                                         
11833f9c  to_blue                                                             
11833fa0  blue_posx                                                           
11833fa4  blue_posy                                                           
11833fa8  sharedbluex                                                         
11833fac  sharedbluey                                                         
11833fb0  to_orange                                                           
11833fb4  orange_posx                                                         
11833fb8  orange_posy                                                         
11833fbc  sharedorangex                                                       
11833fc0  sharedorangey                                                       
11833fc4  ft                                                                  
11833fc8  p1                                                                  
11833fcc  p2                                                                  
11833fd0  p3                                                                  
11833fd4  p4                                                                  
11833fd8  colorerror                                                          
11833fdc  KpLight                                                             
11833fe0  distthresh                                                          
11833fe4  mindist                                                             
11833fe8  timecount                                                           
11833fec  whichled                                                            
11833ff0  updateLCD                                                           
11833ff4  testvar                                                             
11833ff8  noimagefound                                                        
11833ffc  object_x                                                            
11834000  object_y                                                            
11834004  blue_object_x                                                       
11834008  blue_object_y                                                       
1183400c  orange_object_x                                                     
11834010  orange_object_y                                                     
11834014  blue_numpels                                                        
11834018  orange_numpels                                                      
1183401c  colorstate                                                          
11834020  new_coordata                                                        
11834024  numpels                                                             
11834028  new_num_found_objects                                               
1183402c  new_object_theta                                                    
11834030  new_C20                                                             
11834034  new_C02                                                             
11834038  top                                                                 
1183403c  left                                                                
11834040  num_unique_objects                                                  
11834044  current_object                                                      
11834048  color                                                               
1183404c  color2                                                              
11834050  Cdifference                                                         
11834054  neighbor_type                                                       
11834058  too_many_objects                                                    
1183405c  object_detected                                                     
11834060  print_hue                                                           
11834061  print_sat                                                           
11834062  print_val                                                           
11834063  print_r                                                             
11834064  print_b                                                             
11834065  print_g                                                             
11834068  specs_s                                                             
1183406c  specs_srad                                                          
11834070  specs_v                                                             
11834074  specs_vrad                                                          
11834078  specs_h                                                             
1183407c  specs_h2                                                            
11834080  specs_hrad                                                          
11834084  VPIF_beginning_line                                                 
11834088  equivalency                                                         
1183408c  done                                                                
11834090  f28335RecFirsttime                                                  
11834094  enc1                                                                
11834098  enc2                                                                
1183409c  enc3                                                                
118340a0  enc4                                                                
118340a4  compass                                                             
118340a8  switchstate                                                         
118340ac  adcA0                                                               
118340b0  adcB0                                                               
118340b4  adcA1                                                               
118340b8  adcB1                                                               
118340bc  adcA2                                                               
118340c0  adcB2                                                               
118340c4  adcA3                                                               
118340c8  adcB3                                                               
118340cc  adcA4                                                               
118340d0  adcB4                                                               
118340d4  adcA5                                                               
118340d8  adcB5                                                               
118340dc  adcA6                                                               
118340e0  adcA7                                                               
118340e4  F28335_Extra1                                                       
118340e8  F28335_Extra2                                                       
118340ec  F28335_Extra3                                                       
118340f0  F28335_Extra4                                                       
118340f4  new_sendtolinux_F28335_Extra                                        
118340f8  send_F28335_Extra1                                                  
118340fc  send_F28335_Extra2                                                  
11834100  send_F28335_Extra3                                                  
11834104  send_F28335_Extra4                                                  
11834108  num_EDMA3_0                                                         
1183410c  numofints                                                           
11834110  scalingLadar                                                        
11834114  LADARready                                                          
11834118  LADARprocess                                                        
1183411c  uart1count                                                          
11834120  numReadings                                                         
11834124  errL                                                                
11834128  errC                                                                
1183412c  errR                                                                
11834130  tLADARleftFt                                                        
11834134  tLADARcenterFt                                                      
11834138  tLADARrightFt                                                       
1183413c  cPrevLADARdata                                                      
1183413d  cLADARdata                                                          
11834140  iLADARrcv                                                           
11834144  cCommandName                                                        
11834148  LADARleftFt                                                         
1183414c  LADARcenterFt                                                       
11834150  LADARrightFt                                                        
11834154  numreadings_lastscan                                                
11834158  startAngle                                                          
1183415c  stepSize                                                            
11834160  newLADARdata                                                        
11834164  robotX                                                              
11834168  robotY                                                              
1183416c  robotT                                                              
11834170  tempSign                                                            
11834174  tempOff                                                             
11834178  servosPosted                                                        
1183417c  newServos                                                           
11834180  McBSPrecerror                                                       
11834184  firsttimeintMCBSPrec                                                
11834188  timeint                                                             
1183418c  mcbspReset                                                          
11834190  testcount                                                           
11834194  danindex                                                            
11834198  firsttimeLine1                                                      
1183419c  firsttimeLine2                                                      
118341a0  LCDnewMsgLine1                                                      
118341a4  LCDnewMsgLine2                                                      
118341a8  bluegain                                                            
118341ac  bkgrnd_red                                                          
118341ad  bkgrnd_green                                                        
118341ae  bkgrnd_blue                                                         
118341b0  SWI_RobotControl                                                    
118341b4  CLK_addtime                                                         
118341b8  CLK_startMcBSP                                                      
118341bc  HWI8_EDMA3_0                                                        
118341c0  SWI_LCD                                                             
118341c4  SWI_vision                                                          
118341c8  HWI4_VPIF95                                                         
118341cc  HWI7_PRU6                                                           
118341d0  HWI5_EDMA3_1                                                        
118341d4  TASK_ComWithLinux                                                   
118341d8  TASK_LADAR                                                          
118341dc  task2                                                               
118341e0  task3                                                               
118341e4  SEM_startAstar                                                      
11834400  ti_sysbios_family_c64p_Hwi0                                         
11834400  ti_sysbios_family_c64p_Hwi_int0                                     
11834420  ti_sysbios_family_c64p_Hwi_int1                                     
11834440  ti_sysbios_family_c64p_Hwi_int2                                     
11834460  ti_sysbios_family_c64p_Hwi_int3                                     
11834480  ti_sysbios_family_c64p_Hwi_int4                                     
118344a0  ti_sysbios_family_c64p_Hwi_int5                                     
118344c0  ti_sysbios_family_c64p_Hwi_int6                                     
118344e0  ti_sysbios_family_c64p_Hwi_int7                                     
11834500  ti_sysbios_family_c64p_Hwi_int8                                     
11834520  ti_sysbios_family_c64p_Hwi_int9                                     
11834540  ti_sysbios_family_c64p_Hwi_int10                                    
11834560  ti_sysbios_family_c64p_Hwi_int11                                    
11834580  ti_sysbios_family_c64p_Hwi_int12                                    
118345a0  ti_sysbios_family_c64p_Hwi_int13                                    
118345c0  ti_sysbios_family_c64p_Hwi_int14                                    
118345e0  ti_sysbios_family_c64p_Hwi_int15                                    
11834600  __CIOBUF_                                                           
11835208  __TI_Handler_Table_Base                                             
11835210  __TI_CINIT_Base                                                     
11835210  __TI_Handler_Table_Limit                                            
11835238  __TI_CINIT_Limit                                                    
ffffffff  __TI_pprof_out_hndl                                                 
ffffffff  __TI_prof_data_size                                                 
ffffffff  __TI_prof_data_start                                                
ffffffff  __binit__                                                           
ffffffff  __c_args__                                                          
ffffffff  binit                                                               
UNDEFED   __TI_INITARRAY_Base                                                 
UNDEFED   __TI_INITARRAY_Limit                                                
UNDEFED   __TI_TLS_INIT_Base                                                  
UNDEFED   __TI_TLS_INIT_Limit                                                 

[1022 symbols]
