******************************************************************************
               TMS320C6x Linker PC v8.2.2                      
******************************************************************************
>> Linked Mon Apr 29 13:14:10 2019

OUTPUT FILE NAME:   <FinalContestRobot2.out>
ENTRY POINT SYMBOL: "_c_int00"  address: 1181e2e0


MEMORY CONFIGURATION

         name            origin    length      used     unused   attr    fill
----------------------  --------  ---------  --------  --------  ----  --------
  IROM                  11700000   00100000  00000000  00100000  R  X
  IRAM                  11800000   00038000  000357d4  0000282c  RW X
  L3_CBA_RAM            80000000   00020000  00000000  00020000  RW X
  DDR                   c3000000   01000000  00000000  01000000  RW X


SEGMENT ALLOCATION MAP

run origin  load origin   length   init length attrs members
----------  ----------- ---------- ----------- ----- -------
11800000    11800000    00021880   00021880    r-x
  11800000    11800000    00021860   00021860    r-x .text
  11821860    11821860    00000020   00000020    r-- .const.1
11821880    11821880    0000d420   00000000    rw-
  11821880    11821880    0000d420   00000000    rw- .far
1182eca0    1182eca0    00002680   00002680    r--
  1182eca0    1182eca0    00002680   00002680    r-- .const.2
11831320    11831320    0000357f   00000000    rw-
  11831320    11831320    00002000   00000000    rw- .stack
  11833320    11833320    0000116c   00000000    rw- .fardata
  1183448c    1183448c    0000006c   00000000    rw- .bss
  118344f8    118344f8    000003a7   00000000    rw- .neardata
118348a0    118348a0    00000038   00000000    r--
  118348a0    118348a0    00000038   00000000    r-- .rodata
118348d8    118348d8    00000120   00000000    rw-
  118348d8    118348d8    00000120   00000000    rw- .cio
118349f8    118349f8    000000e4   000000e4    r--
  118349f8    118349f8    000000e4   000000e4    r-- .switch
11834c00    11834c00    00000cf8   00000cf8    r-x
  11834c00    11834c00    00000200   00000200    r-x .vecs
  11834e00    11834e00    00000af8   00000af8    r-- .cinit


SECTION ALLOCATION MAP

 output                                  attributes/
section   page    origin      length       input sections
--------  ----  ----------  ----------   ----------------
.stack     0    11831320    00002000     UNINITIALIZED
                  11831320    00000008     boot.ae674 : boot.oe674 (.stack)
                  11831328    00001ff8     --HOLE--

.bss       0    1183448c    0000006c     UNINITIALIZED
                  1183448c    00000004     evmomapl138_bsl.lib : evmomapl138_i2c.obj (.bss)
                  11834490    00000004     (.common:EDMA3_0_Regs)
                  11834494    00000004     (.common:EDMA3_1_Regs)
                  11834498    00000004     (.common:Image_data)
                  1183449c    00000004     (.common:LCD_Image)
                  118344a0    00000004     (.common:LCD_mem)
                  118344a4    00000004     (.common:Linux_Image)
                  118344a8    00000004     (.common:Thres_Image)
                  118344ac    00000004     (.common:blue)
                  118344b0    00000004     (.common:c)
                  118344b4    00000004     (.common:cbar)
                  118344b8    00000004     (.common:current)
                  118344bc    00000004     (.common:delta)
                  118344c0    00000004     (.common:green)
                  118344c4    00000004     (.common:hue)
                  118344c8    00000004     (.common:index)
                  118344cc    00000004     (.common:k)
                  118344d0    00000004     (.common:largest_num_pixels)
                  118344d4    00000004     (.common:largest_object)
                  118344d8    00000004     (.common:min)
                  118344dc    00000004     (.common:pic_data)
                  118344e0    00000004     (.common:ptrshrdmem)
                  118344e4    00000004     (.common:r)
                  118344e8    00000004     (.common:rbar)
                  118344ec    00000004     (.common:red)
                  118344f0    00000004     (.common:sat)
                  118344f4    00000004     (.common:value)

.neardata 
*          0    118344f8    000003a7     UNINITIALIZED
                  118344f8    00000204     user_FinalContestRobot2.obj (.neardata)
                  118346fc    00000084     ColorVision.obj (.neardata)
                  11834780    00000080     COECSL_edma3.obj (.neardata)
                  11834800    00000068     Ladar.obj (.neardata)
                  11834868    00000028     COECSL_mcbsp.obj (.neardata)
                  11834890    00000008     LCDprintf.obj (.neardata)
                  11834898    00000007     ColorLCD.obj (.neardata)

.rodata    0    118348a0    00000038     UNINITIALIZED
                  118348a0    00000038     FinalContestRobot2_pe674.oe674 (.rodata)

.cinit     0    11834e00    00000af8     
                  11834e00    0000099c     (.cinit..fardata.load) [load image, compression = rle]
                  1183579c    000000d5     (.cinit..neardata.load) [load image, compression = rle]
                  11835871    0000003e     (.cinit..rodata.load) [load image, compression = rle]
                  118358af    0000000b     (.cinit..far.load) [load image, compression = rle]
                  118358ba    00000009     (.cinit..bss.load) [load image, compression = rle]
                  118358c3    00000001     --HOLE-- [fill = 0]
                  118358c4    00000008     (__TI_handler_table)
                  118358cc    00000004     --HOLE-- [fill = 0]
                  118358d0    00000028     (__TI_cinit_table)

.init_array 
*          0    11800000    00000000     UNINITIALIZED

.vecs      0    11834c00    00000200     
                  11834c00    00000200     FinalContestRobot2_pe674.oe674 (.vecs)

xdc.meta   0    11800000    00000130     COPY SECTION
                  11800000    00000130     FinalContestRobot2_pe674.oe674 (xdc.meta)

.text      0    11800000    00021860     
                  11800000    000055c0     user_FinalContestRobot2.obj (.text)
                  118055c0    00001f20     Ladar.obj (.text)
                  118074e0    00001ce0     rts6740_elf.lib : _printfi.obj (.text:__TI_printfi)
                  118091c0    00001a80                     : _scanfi.obj (.text:__TI_scanfi)
                  1180ac40    000012e0     ColorVision.obj (.text)
                  1180bf20    00000fe0     evmomapl138_bsl.lib : evmomapl138.obj (.text)
                  1180cf00    00000960     ColorLCD.obj (.text)
                  1180d860    00000920     MatrixMath.obj (.text)
                  1180e180    000008a0     ti.targets.rts6000.ae674 : System.oe674 (.text:xdc_runtime_System_doPrint__I)
                  1180ea20    00000780     evmomapl138_bsl.lib : evmomapl138_vpif.obj (.text)
                  1180f1a0    00000780     sysbios.ae674 : BIOS.obj (.text:ti_sysbios_family_c64p_Exception_handler__I)
                  1180f920    00000680     COECSL_mcbsp.obj (.text)
                  1180ffa0    00000680     rts6740_elf.lib : _printfi.obj (.text:_pconv_a)
                  11810620    000005c0                     : divd.obj (.text:__c6xabi_divd)
                  11810be0    00000560     evmomapl138_bsl.lib : evmomapl138_i2c.obj (.text)
                  11811140    00000540                         : evmomapl138_i2c_gpio.obj (.text)
                  11811680    00000540                         : evmomapl138_uart.obj (.text)
                  11811bc0    00000500     rts6740_elf.lib : _printfi.obj (.text:_pconv_g)
                  118120c0    000004e0                     : strtod.obj (.text:strtod)
                  118125a0    000004c0     COECSL_edma3.obj (.text)
                  11812a60    000004a0     evmomapl138_bsl.lib : evmomapl138_spi.obj (.text)
                  11812f00    000004a0     rts6740_elf.lib : strtoll.obj (.text:strtoll)
                  118133a0    00000480     evmomapl138_bsl.lib : evmomapl138_gpio.obj (.text)
                  11813820    00000440     rts6740_elf.lib : strtoull.obj (.text:strtoull)
                  11813c60    00000420                     : _printfi.obj (.text:_pconv_e)
                  11814080    000003e0                     : fputs.obj (.text:fputs)
                  11814460    000003e0     user_xy.obj (.text)
                  11814840    000003c0     sysbios.ae674 : BIOS.obj (.text:ti_sysbios_timers_timer64_Timer_Module_startup__E)
                  11814c00    000003a0     rts6740_elf.lib : strtol.obj (.text:strtol)
                  11814fa0    00000360                     : fmodf.obj (.text:fmodf)
                  11815300    00000340     sysbios.ae674 : BIOS.obj (.text:ti_sysbios_knl_Semaphore_pend__E)
                  11815640    00000340                   : BIOS.obj (.text:ti_sysbios_timers_timer64_Timer_deviceConfig__I)
                  11815980    00000340     FinalContestRobot2_pe674.oe674 (.text:xdc_runtime_System_printfExtend__I)
                  11815cc0    00000320     rts6740_elf.lib : cos.obj (.text:cos)
                  11815fe0    00000300                     : strtoul.obj (.text:strtoul)
                  118162e0    000002e0                     : sin.obj (.text:sin)
                  118165c0    000002e0     sysbios.ae674 : BIOS.obj (.text:ti_sysbios_timers_timer64_Timer_setPeriodMicroSecs__E)
                  118168a0    000002c0     ti.targets.rts6000.ae674 : LoggerBuf.oe674 (.text:xdc_runtime_LoggerBuf_write8__E)
                  11816b60    000002a0     rts6740_elf.lib : divf.obj (.text:__c6xabi_divf)
                  11816e00    000002a0                     : _printfi.obj (.text:_pconv_f)
                  118170a0    000002a0                     : _printfi.obj (.text:fcvt)
                  11817340    00000280                     : cosf.obj (.text:cosf)
                  118175c0    00000260                     : imath64.obj (.text:__c6xabi_divull)
                  11817820    00000260                     : sinf.obj (.text:sinf)
                  11817a80    00000260     ti.targets.rts6000.ae674 : Startup.oe674 (.text:xdc_runtime_Startup_startMods__I)
                  11817ce0    00000240     sysbios.ae674 : BIOS.obj (.text:ti_sysbios_family_c64p_Exception_internalHandler__I)
                  11817f20    00000220     rts6740_elf.lib : fputc.obj (.text:fputc)
                  11818140    00000220                     : setvbuf.obj (.text:setvbuf)
                  11818360    00000200                     : _printfi.obj (.text:_ltostr)
                  11818560    00000200     sysbios.ae674 : c64p_Hwi_disp_always.obj (.text:_ti_sysbios_family_c64p_Hwi_dispatchAlways)
                  11818760    00000200     ti.targets.rts6000.ae674 : Error.oe674 (.text:xdc_runtime_Error_policyDefault__E)
                  11818960    000001e0     sysbios.ae674 : BIOS.obj (.text:ti_sysbios_family_c64p_Cache_block__I)
                  11818b40    000001e0     ti.targets.rts6000.ae674 : LoggerBuf.oe674 (.text:xdc_runtime_LoggerBuf_write4__E)
                  11818d20    000001e0                              : Text.oe674 (.text:xdc_runtime_Text_putSite__E)
                  11818f00    000001c0     rts6740_elf.lib : imath40.obj (.text:__c6xabi_divul)
                  118190c0    000001c0                     : frexp.obj (.text:frexp)
                  11819280    000001c0     sysbios.ae674 : BIOS.obj (.text:ti_sysbios_heaps_HeapMem_alloc__E)
                  11819440    000001c0                   : BIOS.obj (.text:ti_sysbios_knl_Task_checkStacks__E)
                  11819600    000001a0     rts6740_elf.lib : hostrename.obj (.text:HOSTrename)
                  118197a0    000001a0     LCDprintf.obj (.text)
                  11819940    000001a0     rts6740_elf.lib : _scanfi.obj (.text:_sproc_str)
                  11819ae0    000001a0                     : frexpf.obj (.text:frexpf)
                  11819c80    000001a0     sysbios.ae674 : BIOS.obj (.text:ti_sysbios_family_c64p_Cache_getL2InitSize__I)
                  11819e20    000001a0                   : BIOS.obj (.text:ti_sysbios_timers_timer64_Timer_start__E)
                  11819fc0    00000180     evmomapl138_bsl.lib : evmomapl138_timer.obj (.text)
                  1181a140    00000180     rts6740_elf.lib : ldexp.obj (.text:ldexp)
                  1181a2c0    00000180                     : ldexpf.obj (.text:ldexpf)
                  1181a440    00000180     sysbios.ae674 : c64p_Exception_asm.obj (.text)
                  1181a5c0    00000180                   : BIOS.obj (.text:ti_sysbios_knl_Task_sleep__E)
                  1181a740    00000160                   : BIOS.obj (.text:ti_sysbios_heaps_HeapMem_free__E)
                  1181a8a0    00000160     ti.targets.rts6000.ae674 : Text.oe674 (.text:xdc_runtime_Text_putMod__E)
                  1181aa00    00000140     rts6740_elf.lib : fclose.obj (.text:__TI_closefile)
                  1181ab40    00000140                     : sscanf.obj (.text:_chkmbc)
                  1181ac80    00000140                     : atan2f.obj (.text:atan2f)
                  1181adc0    00000140                     : getdevice.obj (.text:getdevice)
                  1181af00    00000140     sysbios.ae674 : BIOS.obj (.text:ti_sysbios_family_c64p_Cache_Module_startup__E)
                  1181b040    00000140                   : BIOS.obj (.text:ti_sysbios_family_c64p_Cache_getL1DInitSize__I)
                  1181b180    00000140                   : BIOS.obj (.text:ti_sysbios_family_c64p_Cache_getL1PInitSize__I)
                  1181b2c0    00000140                   : BIOS.obj (.text:ti_sysbios_knl_Task_postInit__I)
                  1181b400    00000140     ti.targets.rts6000.ae674 : LoggerBuf.oe674 (.text:xdc_runtime_LoggerBuf_setFilterLevel__E)
                  1181b540    00000140                              : Text.oe674 (.text:xdc_runtime_Text_putLab__E)
                  1181b680    00000120     boot.ae674 : autoinit.oe674 (.text:_auto_init_elf)
                  1181b7a0    00000120     rts6740_elf.lib : fseek.obj (.text:fseek)
                  1181b8c0    00000120                     : sqrtf.obj (.text:sqrtf)
                  1181b9e0    00000120     sysbios.ae674 : BIOS.obj (.text:ti_sysbios_family_c64p_Hwi_Module_startup__E)
                  1181bb00    00000120                   : BIOS.obj (.text:ti_sysbios_knl_Clock_workFunc__E)
                  1181bc20    00000120     ti.targets.rts6000.ae674 : LoggerBuf.oe674 (.text:xdc_runtime_LoggerBuf_getFilterLevel__E)
                  1181bd40    00000100     rts6740_elf.lib : copy_decompress_rle.obj (.text:__TI_decompress_rle_core)
                  1181be40    00000100                     : _io_perm.obj (.text:__TI_wrt_ok)
                  1181bf40    00000100                     : atanf.obj (.text:atanf)
                  1181c040    00000100                     : atoi.obj (.text:atoi)
                  1181c140    00000100     pru.obj (.text)
                  1181c240    00000100     sysbios.ae674 : BIOS.obj (.text:ti_sysbios_knl_Swi_restoreHwi__E)
                  1181c340    00000100                   : BIOS.obj (.text:ti_sysbios_timers_timer64_Timer_initDevice__I)
                  1181c440    00000100     ti.targets.rts6000.ae674 : Error.oe674 (.text:xdc_runtime_Error_print__E)
                  1181c540    00000100                              : Memory.oe674 (.text:xdc_runtime_Memory_alloc__E)
                  1181c640    00000100                              : Startup.oe674 (.text:xdc_runtime_Startup_exec__E)
                  1181c740    000000e0     rts6740_elf.lib : hostlseek.obj (.text:HOSTlseek)
                  1181c820    000000e0                     : hostopen.obj (.text:HOSTopen)
                  1181c900    000000e0                     : hostwrite.obj (.text:HOSTwrite)
                  1181c9e0    000000e0                     : divi.obj (.text:__divi)
                  1181cac0    000000e0                     : close.obj (.text:close)
                  1181cba0    000000e0                     : exit.obj (.text:exit)
                  1181cc80    000000e0                     : ltoa.obj (.text:ltoa)
                  1181cd60    000000e0                     : memset.obj (.text:memset)
                  1181ce40    000000e0                     : printf.obj (.text:printf)
                  1181cf20    000000e0     sysbios.ae674 : BIOS.obj (.text:ti_sysbios_knl_Swi_runLoop__I)
                  1181d000    000000e0                   : BIOS.obj (.text:ti_sysbios_knl_Task_Module_startup__E)
                  1181d0e0    000000e0                   : BIOS.obj (.text:ti_sysbios_knl_Task_exit__E)
                  1181d1c0    000000e0                   : BIOS.obj (.text:ti_sysbios_knl_Task_schedule__I)
                  1181d2a0    000000e0                   : BIOS.obj (.text:ti_sysbios_timers_timer64_Timer_startup__E)
                  1181d380    000000e0     ti.targets.rts6000.ae674 : Text.oe674 (.text:xdc_runtime_Text_visitRope2__I)
                  1181d460    000000c0     rts6740_elf.lib : hostread.obj (.text:HOSTread)
                  1181d520    000000c0                     : hostunlink.obj (.text:HOSTunlink)
                  1181d5e0    000000c0                     : fflush.obj (.text:__TI_doflush)
                  1181d6a0    000000c0                     : divu.obj (.text:__divu)
                  1181d760    000000c0                     : remi.obj (.text:__remi)
                  1181d820    000000c0                     : _printfi.obj (.text:_ecpy)
                  1181d8e0    000000c0     sysbios.ae674 : BIOS.obj (.text:ti_sysbios_family_c64p_Hwi_dispatchCore__I)
                  1181d9a0    000000c0                   : BIOS.obj (.text:ti_sysbios_heaps_HeapMem_getStats__E)
                  1181da60    000000c0                   : BIOS.obj (.text:ti_sysbios_knl_Semaphore_post__E)
                  1181db20    000000c0                   : BIOS.obj (.text:ti_sysbios_knl_Swi_run__I)
                  1181dbe0    000000c0                   : BIOS.obj (.text:ti_sysbios_knl_Swi_schedule__I)
                  1181dca0    000000c0                   : BIOS.obj (.text:ti_sysbios_knl_Task_startCore__E)
                  1181dd60    000000c0     rts6740_elf.lib : tls.obj (.text:tls:init:__TI_tls_init)
                  1181de20    000000c0     ti.targets.rts6000.ae674 : Error.oe674 (.text:xdc_runtime_Error_setX__E)
                  1181dee0    000000c0                              : SysMin.oe674 (.text:xdc_runtime_SysMin_abort__E)
                  1181dfa0    000000c0                              : SysMin.oe674 (.text:xdc_runtime_SysMin_flush__E)
                  1181e060    000000a0     rts6740_elf.lib : hostclose.obj (.text:HOSTclose)
                  1181e100    000000a0                     : fopen.obj (.text:__TI_cleanup)
                  1181e1a0    000000a0                     : round.obj (.text:__c6xabi_nround)
                  1181e240    000000a0                     : remu.obj (.text:__remu)
                  1181e2e0    000000a0     boot.ae674 : boot.oe674 (.text:_c_int00)
                  1181e380    000000a0     rts6740_elf.lib : memcpy64.obj (.text:memcpy)
                  1181e420    000000a0                     : modf.obj (.text:modf)
                  1181e4c0    000000a0     sysbios.ae674 : BIOS.obj (.text:ti_sysbios_family_c64p_Exception_Module_startup__E)
                  1181e560    000000a0                   : BIOS.obj (.text:ti_sysbios_family_c64p_Hwi_eventMap__E)
                  1181e600    000000a0                   : BIOS.obj (.text:ti_sysbios_family_c64p_Hwi_getStackInfo__E)
                  1181e6a0    000000a0                   : BIOS.obj (.text:ti_sysbios_gates_GateMutex_enter__E)
                  1181e740    000000a0                   : BIOS.obj (.text:ti_sysbios_heaps_HeapMem_init__I)
                  1181e7e0    000000a0                   : BIOS.obj (.text:ti_sysbios_knl_Task_allBlockedFunction__I)
                  1181e880    000000a0                   : BIOS.obj (.text:ti_sysbios_timers_timer64_Timer_stop__E)
                  1181e920    000000a0     ti.targets.rts6000.ae674 : SysMin.oe674 (.text:xdc_runtime_SysMin_putch__E)
                  1181e9c0    000000a0                              : System.oe674 (.text:xdc_runtime_System_formatNum__I)
                  1181ea60    000000a0                              : System.oe674 (.text:xdc_runtime_System_putchar__I)
                  1181eb00    000000a0                              : Text.oe674 (.text:xdc_runtime_Text_printVisFxn__I)
                  1181eba0    000000a0                              : Text.oe674 (.text:xdc_runtime_Text_xprintf__I)
                  1181ec40    00000080     rts6740_elf.lib : trgmsg.obj (.text:__TI_readmsg)
                  1181ecc0    00000080                     : llshift.obj (.text:__c6xabi_llshl)
                  1181ed40    00000080                     : roundf.obj (.text:__c6xabi_roundf)
                  1181edc0    00000080     sysbios.ae674 : c62_TaskSupport_asm.obj (.text:_ti_sysbios_family_c62_TaskSupport_swap__E)
                  1181ee40    00000080     rts6740_elf.lib : getdevice.obj (.text:finddevice)
                  1181eec0    00000080     sysbios.ae674 : BIOS.obj (.text:ti_sysbios_family_c64p_Cache_wait__E)
                  1181ef40    00000080                   : BIOS.obj (.text:ti_sysbios_hal_Hwi_checkStack)
                  1181efc0    00000080                   : BIOS.obj (.text:ti_sysbios_hal_Hwi_initStack)
                  1181f040    00000080                   : BIOS.obj (.text:ti_sysbios_knl_Idle_run__E)
                  1181f0c0    00000080                   : BIOS.obj (.text:ti_sysbios_knl_Swi_post__E)
                  1181f140    00000080                   : BIOS.obj (.text:ti_sysbios_knl_Swi_startup__E)
                  1181f1c0    00000080                   : BIOS.obj (.text:ti_sysbios_knl_Task_processVitalTaskFlag__I)
                  1181f240    00000080                   : BIOS.obj (.text:ti_sysbios_knl_Task_restoreHwi__E)
                  1181f2c0    00000080                   : BIOS.obj (.text:ti_sysbios_knl_Task_restore__E)
                  1181f340    00000080     FinalContestRobot2_pe674.oe674 (.text:ti_sysbios_rts_MemAlloc_alloc)
                  1181f3c0    00000080     rts6740_elf.lib : unlink.obj (.text:unlink)
                  1181f440    00000080     ti.targets.rts6000.ae674 : LoggerBuf.oe674 (.text:xdc_runtime_LoggerBuf_Module_startup__E)
                  1181f4c0    00000080                              : LoggerBuf.oe674 (.text:xdc_runtime_LoggerBuf_filterOutEvent__I)
                  1181f540    00000080                              : System.oe674 (.text:xdc_runtime_System_atexit__E)
                  1181f5c0    00000080                              : System.oe674 (.text:xdc_runtime_System_avprintf__E)
                  1181f640    00000080                              : System.oe674 (.text:xdc_runtime_System_processAtExit__E)
                  1181f6c0    00000080                              : System.oe674 (.text:xdc_runtime_System_vprintf__E)
                  1181f740    00000060     rts6740_elf.lib : trgmsg.obj (.text:__TI_writemsg)
                  1181f7a0    00000060                     : llshift.obj (.text:__c6xabi_llshru)
                  1181f800    00000060                     : imath64.obj (.text:__c6xabi_remull)
                  1181f860    00000060                     : imath64.obj (.text:_subcull)
                  1181f8c0    00000060     sysbios.ae674 : c64p_Hwi_asm_switch.obj (.text:_ti_sysbios_family_c64p_Hwi_switchAndDispatch__I)
                  1181f920    00000060                   : c64p_Hwi_asm_switch.obj (.text:_ti_sysbios_family_xxx_Hwi_switchAndRunFunc)
                  1181f980    00000060     rts6740_elf.lib : lseek.obj (.text:lseek)
                  1181f9e0    00000060                     : memccpy.obj (.text:memccpy)
                  1181fa40    00000060                     : modff.obj (.text:modff)
                  1181faa0    00000060                     : sprintf.obj (.text:sprintf)
                  1181fb00    00000060                     : sscanf.obj (.text:sscanf)
                  1181fb60    00000060                     : _scanfi.obj (.text:strrchr)
                  1181fbc0    00000060     FinalContestRobot2_pe674.oe674 (.text:ti_sysbios_BIOS_atExitFunc__I)
                  1181fc20    00000060     FinalContestRobot2_pe674.oe674 (.text:ti_sysbios_BIOS_errorRaiseHook__I)
                  1181fc80    00000060     FinalContestRobot2_pe674.oe674 (.text:ti_sysbios_BIOS_rtsLock__I)
                  1181fce0    00000060     FinalContestRobot2_pe674.oe674 (.text:ti_sysbios_BIOS_rtsUnlock__I)
                  1181fd40    00000060     sysbios.ae674 : BIOS.obj (.text:ti_sysbios_family_c62_TaskSupport_start__E)
                  1181fda0    00000060                   : BIOS.obj (.text:ti_sysbios_family_c64p_Cache_marInit__I)
                  1181fe00    00000060                   : BIOS.obj (.text:ti_sysbios_family_c64p_Cache_setMar__E)
                  1181fe60    00000060     FinalContestRobot2_pe674.oe674 (.text:ti_sysbios_heaps_HeapMem_Object__get__S)
                  1181fec0    00000060     sysbios.ae674 : BIOS.obj (.text:ti_sysbios_knl_Clock_Module_startup__E)
                  1181ff20    00000060     FinalContestRobot2_pe674.oe674 (.text:ti_sysbios_knl_Clock_doTick__I)
                  1181ff80    00000060     sysbios.ae674 : BIOS.obj (.text:ti_sysbios_knl_Semaphore_pendTimeout__I)
                  1181ffe0    00000060                   : BIOS.obj (.text:ti_sysbios_knl_Swi_Module_startup__E)
                  11820040    00000060     FinalContestRobot2_pe674.oe674 (.text:ti_sysbios_knl_Swi_Object__get__S)
                  118200a0    00000060     FinalContestRobot2_pe674.oe674 (.text:ti_sysbios_knl_Task_Object__get__S)
                  11820100    00000060     sysbios.ae674 : BIOS.obj (.text:ti_sysbios_knl_Task_enter__I)
                  11820160    00000060                   : BIOS.obj (.text:ti_sysbios_knl_Task_unblockI__E)
                  118201c0    00000060     rts6740_elf.lib : write.obj (.text:write)
                  11820220    00000060     FinalContestRobot2_pe674.oe674 (.text:xdc_runtime_LoggerBuf_Object__get__S)
                  11820280    00000060     ti.targets.rts6000.ae674 : LoggerBuf.oe674 (.text:xdc_runtime_LoggerBuf_reset__E)
                  118202e0    00000060     FinalContestRobot2_pe674.oe674 (.text:xdc_runtime_SysMin_output__I)
                  11820340    00000040     rts6740_elf.lib : frcmpyd_div.obj (.text:__TI_frcmpyd_div)
                  11820380    00000040                     : isinf.obj (.text:__c6xabi_isinf)
                  118203c0    00000040                     : _printfi.obj (.text:__c6xabi_isnan)
                  11820400    00000040                     : args_main.obj (.text:_args_main)
                  11820440    00000040                     : sprintf.obj (.text:_outs)
                  11820480    00000040                     : vsprintf.obj (.text:_outs)
                  118204c0    00000040     sysbios.ae674 : c62_TaskSupport_asm.obj (.text:_ti_sysbios_family_c62_TaskSupport_buildTaskStack)
                  11820500    00000040     FinalContestRobot2_pe674.oe674 (.text:free)
                  11820540    00000040     FinalContestRobot2_pe674.oe674 (.text:ti_sysbios_BIOS_exitFunc__I)
                  11820580    00000040     FinalContestRobot2_pe674.oe674 (.text:ti_sysbios_BIOS_registerRTSLock__I)
                  118205c0    00000040     FinalContestRobot2_pe674.oe674 (.text:ti_sysbios_BIOS_removeRTSLock__I)
                  11820600    00000040     FinalContestRobot2_pe674.oe674 (.text:ti_sysbios_BIOS_startFunc__I)
                  11820640    00000040     FinalContestRobot2_pe674.oe674 (.text:ti_sysbios_family_c64p_Hwi_Module__startupDone__F)
                  11820680    00000040     sysbios.ae674 : BIOS.obj (.text:ti_sysbios_family_c64p_Hwi_disableInterrupt__E)
                  118206c0    00000040                   : BIOS.obj (.text:ti_sysbios_family_c64p_Hwi_dispatchC__I)
                  11820700    00000040                   : BIOS.obj (.text:ti_sysbios_family_c64p_Hwi_enableInterrupt__E)
                  11820740    00000040                   : BIOS.obj (.text:ti_sysbios_family_c64p_primus_TimerSupport_enable__E)
                  11820780    00000040                   : BIOS.obj (.text:ti_sysbios_gates_GateMutex_leave__E)
                  118207c0    00000040     FinalContestRobot2_pe674.oe674 (.text:ti_sysbios_hal_Hwi_HwiProxy_getStackInfo__E)
                  11820800    00000040     FinalContestRobot2_pe674.oe674 (.text:ti_sysbios_knl_Clock_Module_State_clockQ)
                  11820840    00000040     FinalContestRobot2_pe674.oe674 (.text:ti_sysbios_knl_Queue_Object__get__S)
                  11820880    00000040     FinalContestRobot2_pe674.oe674 (.text:ti_sysbios_timers_timer64_Timer_Module__startupDone__F)
                  118208c0    00000040     rts6740_elf.lib : vsprintf.obj (.text:vsprintf)
                  11820900    00000040     ti.targets.rts6000.ae674 : Error.oe674 (.text:xdc_runtime_Error_check__E)
                  11820940    00000040                              : Error.oe674 (.text:xdc_runtime_Error_init__E)
                  11820980    00000040     FinalContestRobot2_pe674.oe674 (.text:xdc_runtime_IHeap_alloc)
                  118209c0    00000040     FinalContestRobot2_pe674.oe674 (.text:xdc_runtime_IHeap_free)
                  11820a00    00000040     ti.targets.rts6000.ae674 : LoggerBuf.oe674 (.text:xdc_runtime_LoggerBuf_write0__E)
                  11820a40    00000040                              : LoggerBuf.oe674 (.text:xdc_runtime_LoggerBuf_write1__E)
                  11820a80    00000040                              : LoggerBuf.oe674 (.text:xdc_runtime_LoggerBuf_write2__E)
                  11820ac0    00000040                              : Registry.oe674 (.text:xdc_runtime_Registry_findById__E)
                  11820b00    00000040     FinalContestRobot2_pe674.oe674 (.text:xdc_runtime_Startup_exec__I)
                  11820b40    00000040     ti.targets.rts6000.ae674 : SysMin.oe674 (.text:xdc_runtime_SysMin_Module_startup__E)
                  11820b80    00000040                              : SysMin.oe674 (.text:xdc_runtime_SysMin_exit__E)
                  11820bc0    00000040                              : System.oe674 (.text:xdc_runtime_System_abort__E)
                  11820c00    00000040     FinalContestRobot2_pe674.oe674 (.text:xdc_runtime_System_aprintf__E)
                  11820c40    00000040     ti.targets.rts6000.ae674 : System.oe674 (.text:xdc_runtime_System_exit__E)
                  11820c80    00000040     FinalContestRobot2_pe674.oe674 (.text:xdc_runtime_System_printf__E)
                  11820cc0    00000040     FinalContestRobot2_pe674.oe674 (.text:xdc_runtime_Text_visitRope__I)
                  11820d00    00000020     rts6740_elf.lib : errno.obj (.text:__c6xabi_errno_addr)
                  11820d20    00000020                     : trunc.obj (.text:__c6xabi_trunc)
                  11820d40    00000020                     : truncf.obj (.text:__c6xabi_truncf)
                  11820d60    00000020                     : sscanf.obj (.text:_inpchar)
                  11820d80    00000020                     : _lock.obj (.text:_nop)
                  11820da0    00000020                     : printf.obj (.text:_outc)
                  11820dc0    00000020                     : sprintf.obj (.text:_outc)
                  11820de0    00000020                     : vsprintf.obj (.text:_outc)
                  11820e00    00000020                     : printf.obj (.text:_outs)
                  11820e20    00000020                     : _lock.obj (.text:_register_lock)
                  11820e40    00000020                     : _lock.obj (.text:_register_unlock)
                  11820e60    00000020     sysbios.ae674 : c62_TaskSupport_asm.obj (.text:_ti_sysbios_family_c62_TaskSupport_glue)
                  11820e80    00000020     rts6740_elf.lib : sscanf.obj (.text:_uninpchar)
                  11820ea0    00000020                     : exit.obj (.text:abort)
                  11820ec0    00000020                     : copy_decompress_none.obj (.text:decompress:none:__TI_decompress_none)
                  11820ee0    00000020                     : copy_decompress_rle.obj (.text:decompress:rle24:__TI_decompress_rle24)
                  11820f00    00000020     FinalContestRobot2_pe674.oe674 (.text:malloc)
                  11820f20    00000020     FinalContestRobot2_pe674.oe674 (.text:ti_sysbios_BIOS_RtsGateProxy_enter__E)
                  11820f40    00000020     FinalContestRobot2_pe674.oe674 (.text:ti_sysbios_BIOS_RtsGateProxy_leave__E)
                  11820f60    00000020     sysbios.ae674 : BIOS.obj (.text:ti_sysbios_BIOS_linkedWithIncorrectBootLibrary__E)
                  11820f80    00000020     FinalContestRobot2_pe674.oe674 (.text:ti_sysbios_BIOS_nullFunc__I)
                  11820fa0    00000020     sysbios.ae674 : BIOS.obj (.text:ti_sysbios_BIOS_setThreadType__E)
                  11820fc0    00000020                   : BIOS.obj (.text:ti_sysbios_BIOS_start__E)
                  11820fe0    00000020     FinalContestRobot2_pe674.oe674 (.text:ti_sysbios_family_c62_TaskSupport_Module__startupDone__S)
                  11821000    00000020     sysbios.ae674 : BIOS.obj (.text:ti_sysbios_family_c62_TaskSupport_checkStack__E)
                  11821020    00000020                   : BIOS.obj (.text:ti_sysbios_family_c64p_Cache_inv__E)
                  11821040    00000020                   : BIOS.obj (.text:ti_sysbios_family_c64p_Cache_wb__E)
                  11821060    00000020     FinalContestRobot2_pe674.oe674 (.text:ti_sysbios_family_c64p_Hwi_Module__startupDone__S)
                  11821080    00000020     sysbios.ae674 : BIOS.obj (.text:ti_sysbios_family_c64p_Hwi_clearInterrupt__E)
                  118210a0    00000020                   : BIOS.obj (.text:ti_sysbios_family_c64p_Hwi_startup__E)
                  118210c0    00000020                   : BIOS.obj (.text:ti_sysbios_family_c64p_Hwi_switchFromBootStack__E)
                  118210e0    00000020                   : BIOS.obj (.text:ti_sysbios_family_c64p_TimestampProvider_Module_startup__E)
                  11821100    00000020                   : BIOS.obj (.text:ti_sysbios_family_c64p_TimestampProvider_get64__E)
                  11821120    00000020                   : BIOS.obj (.text:ti_sysbios_gates_GateHwi_enter__E)
                  11821140    00000020                   : BIOS.obj (.text:ti_sysbios_gates_GateHwi_leave__E)
                  11821160    00000020                   : BIOS.obj (.text:ti_sysbios_gates_GateHwi_query__E)
                  11821180    00000020                   : BIOS.obj (.text:ti_sysbios_gates_GateMutex_query__E)
                  118211a0    00000020     FinalContestRobot2_pe674.oe674 (.text:ti_sysbios_hal_Hwi_HwiProxy_Module__startupDone__S)
                  118211c0    00000020     FinalContestRobot2_pe674.oe674 (.text:ti_sysbios_hal_Hwi_HwiProxy_clearInterrupt__E)
                  118211e0    00000020     FinalContestRobot2_pe674.oe674 (.text:ti_sysbios_hal_Hwi_HwiProxy_disableInterrupt__E)
                  11821200    00000020     FinalContestRobot2_pe674.oe674 (.text:ti_sysbios_hal_Hwi_HwiProxy_enableInterrupt__E)
                  11821220    00000020     FinalContestRobot2_pe674.oe674 (.text:ti_sysbios_hal_Hwi_HwiProxy_startup__E)
                  11821240    00000020     FinalContestRobot2_pe674.oe674 (.text:ti_sysbios_hal_Hwi_HwiProxy_switchFromBootStack__E)
                  11821260    00000020     sysbios.ae674 : BIOS.obj (.text:ti_sysbios_hal_Hwi_Module_startup__E)
                  11821280    00000020     FinalContestRobot2_pe674.oe674 (.text:ti_sysbios_heaps_HeapMem_Module_GateProxy_enter__E)
                  118212a0    00000020     FinalContestRobot2_pe674.oe674 (.text:ti_sysbios_heaps_HeapMem_Module_GateProxy_leave__E)
                  118212c0    00000020     FinalContestRobot2_pe674.oe674 (.text:ti_sysbios_heaps_HeapMem_Module_GateProxy_query__E)
                  118212e0    00000020     sysbios.ae674 : BIOS.obj (.text:ti_sysbios_heaps_HeapMem_isBlocking__E)
                  11821300    00000020     FinalContestRobot2_pe674.oe674 (.text:ti_sysbios_knl_Clock_TimerProxy_Module__startupDone__S)
                  11821320    00000020     FinalContestRobot2_pe674.oe674 (.text:ti_sysbios_knl_Clock_TimerProxy_getMaxTicks__E)
                  11821340    00000020     sysbios.ae674 : BIOS.obj (.text:ti_sysbios_knl_Clock_getTicks__E)
                  11821360    00000020                   : BIOS.obj (.text:ti_sysbios_knl_Clock_logTick__E)
                  11821380    00000020                   : BIOS.obj (.text:ti_sysbios_knl_Idle_loop__E)
                  118213a0    00000020                   : BIOS.obj (.text:ti_sysbios_knl_Queue_empty__E)
                  118213c0    00000020                   : BIOS.obj (.text:ti_sysbios_knl_Swi_disable__E)
                  118213e0    00000020     FinalContestRobot2_pe674.oe674 (.text:ti_sysbios_knl_Task_SupportProxy_Module__startupDone__S)
                  11821400    00000020     FinalContestRobot2_pe674.oe674 (.text:ti_sysbios_knl_Task_SupportProxy_checkStack__E)
                  11821420    00000020     FinalContestRobot2_pe674.oe674 (.text:ti_sysbios_knl_Task_SupportProxy_start__E)
                  11821440    00000020     FinalContestRobot2_pe674.oe674 (.text:ti_sysbios_knl_Task_SupportProxy_swap__E)
                  11821460    00000020     sysbios.ae674 : BIOS.obj (.text:ti_sysbios_knl_Task_disable__E)
                  11821480    00000020                   : BIOS.obj (.text:ti_sysbios_knl_Task_sleepTimeout__I)
                  118214a0    00000020                   : BIOS.obj (.text:ti_sysbios_knl_Task_startup__E)
                  118214c0    00000020     FinalContestRobot2_pe674.oe674 (.text:ti_sysbios_timers_timer64_Timer_Module__startupDone__S)
                  118214e0    00000020     FinalContestRobot2_pe674.oe674 (.text:ti_sysbios_timers_timer64_Timer_TimerSupportProxy_enable__E)
                  11821500    00000020     sysbios.ae674 : BIOS.obj (.text:ti_sysbios_timers_timer64_Timer_getMaxTicks__E)
                  11821520    00000020     FinalContestRobot2_pe674.oe674 (.text:xdc_iargToPtr)
                  11821540    00000020     ti.targets.rts6000.ae674 : Error.oe674 (.text:xdc_runtime_Error_getSite__E)
                  11821560    00000020                              : Error.oe674 (.text:xdc_runtime_Error_raiseX__E)
                  11821580    00000020                              : Gate.oe674 (.text:xdc_runtime_Gate_enterSystem__E)
                  118215a0    00000020                              : Gate.oe674 (.text:xdc_runtime_Gate_leaveSystem__E)
                  118215c0    00000020     FinalContestRobot2_pe674.oe674 (.text:xdc_runtime_LoggerBuf_Module_GateProxy_enter__E)
                  118215e0    00000020     FinalContestRobot2_pe674.oe674 (.text:xdc_runtime_LoggerBuf_Module_GateProxy_leave__E)
                  11821600    00000020     FinalContestRobot2_pe674.oe674 (.text:xdc_runtime_LoggerBuf_TimestampProxy_get64__E)
                  11821620    00000020     ti.targets.rts6000.ae674 : LoggerBuf.oe674 (.text:xdc_runtime_LoggerBuf_disable__E)
                  11821640    00000020                              : LoggerBuf.oe674 (.text:xdc_runtime_LoggerBuf_enable__E)
                  11821660    00000020     FinalContestRobot2_pe674.oe674 (.text:xdc_runtime_Memory_HeapProxy_alloc__E)
                  11821680    00000020     FinalContestRobot2_pe674.oe674 (.text:xdc_runtime_Memory_HeapProxy_free__E)
                  118216a0    00000020     ti.targets.rts6000.ae674 : Memory.oe674 (.text:xdc_runtime_Memory_free__E)
                  118216c0    00000020                              : Memory.oe674 (.text:xdc_runtime_Memory_getMaxDefaultTypeAlign__E)
                  118216e0    00000020     FinalContestRobot2_pe674.oe674 (.text:xdc_runtime_Startup_reset__I)
                  11821700    00000020     ti.targets.rts6000.ae674 : Startup.oe674 (.text:xdc_runtime_Startup_rtsDone__E)
                  11821720    00000020                              : SysMin.oe674 (.text:xdc_runtime_SysMin_ready__E)
                  11821740    00000020     FinalContestRobot2_pe674.oe674 (.text:xdc_runtime_System_Module_GateProxy_enter__E)
                  11821760    00000020     FinalContestRobot2_pe674.oe674 (.text:xdc_runtime_System_Module_GateProxy_leave__E)
                  11821780    00000020     ti.targets.rts6000.ae674 : System.oe674 (.text:xdc_runtime_System_Module_startup__E)
                  118217a0    00000020     FinalContestRobot2_pe674.oe674 (.text:xdc_runtime_System_SupportProxy_abort__E)
                  118217c0    00000020     FinalContestRobot2_pe674.oe674 (.text:xdc_runtime_System_SupportProxy_exit__E)
                  118217e0    00000020     FinalContestRobot2_pe674.oe674 (.text:xdc_runtime_System_SupportProxy_putch__E)
                  11821800    00000020     FinalContestRobot2_pe674.oe674 (.text:xdc_runtime_System_SupportProxy_ready__E)
                  11821820    00000020     ti.targets.rts6000.ae674 : System.oe674 (.text:xdc_runtime_System_vsnprintf__E)
                  11821840    00000020                              : Text.oe674 (.text:xdc_runtime_Text_ropeText__E)

.const.1   0    11821860    00000020     
                  11821860    00000018     ColorLCD.obj (.const:$P$T0$1)
                  11821878    00000008     FinalContestRobot2_pe674.oe674 (.const:ti_sysbios_knl_Idle_funcList__C)

.far       0    11821880    0000d420     UNINITIALIZED
                  11821880    000048c0     FinalContestRobot2_pe674.oe674 (.far:taskStackSection)
                  11826140    00001770     (.common:boxes)
                  118278b0    00001000     (.common:ti_sysbios_heaps_HeapMem_Instance_State_0_buf__A)
                  118288b0    00000fa0     (.common:enc0_array)
                  11829850    00000c00     (.common:object_stats)
                  1182a450    00000ab0     (.common:obs)
                  1182af00    00000578     (.common:LADARinBuffer)
                  1182b478    00000400     (.common:equivalency_objects)
                  1182b878    00000400     (.common:temp_equivalency_objects)
                  1182bc78    000003e8     (.common:LADARangle)
                  1182c060    000003e8     (.common:LADARdataX)
                  1182c448    000003e8     (.common:LADARdataY)
                  1182c830    000003e8     (.common:LADARdistance)
                  1182cc18    000003e8     (.common:newLADARangle)
                  1182d000    000003e8     (.common:newLADARdataX)
                  1182d3e8    000003e8     (.common:newLADARdataY)
                  1182d7d0    000003e8     (.common:newLADARdistance)
                  1182dbb8    0000039c     (.common:final_object_stats)
                  1182df54    00000004     --HOLE--
                  1182df58    00000200     (.common:xdc_runtime_LoggerBuf_Instance_State_0_entryArr__A)
                  1182e158    00000200     (.common:xdc_runtime_SysMin_Module_State_0_outbuf__A)
                  1182e358    00000190     (.common:pathCol)
                  1182e4e8    00000190     (.common:pathRow)
                  1182e678    00000140     (.common:__TI_tmpnams)
                  1182e7b8    00000102     (.common:fromLinuxstring)
                  1182e8ba    00000006     --HOLE--
                  1182e8c0    00000102     (.common:toLinuxstring)
                  1182e9c2    00000006     --HOLE--
                  1182e9c8    0000002c     (.common:dist)
                  1182e9f4    0000000c     (.common:LADARps)
                  1182ea00    0000009c     (.common:f28335recData)
                  1182ea9c    00000004     --HOLE--
                  1182eaa0    00000060     (.common:robotdest)
                  1182eb00    00000068     (.common:f28335TXData)
                  1182eb68    0000002c     (.common:xdist)
                  1182eb94    00000004     --HOLE--
                  1182eb98    0000002c     (.common:ydist)
                  1182ebc4    00000004     --HOLE--
                  1182ebc8    00000028     (.common:i2cdata)
                  1182ebf0    00000024     (.common:temp_3x3)
                  1182ec14    00000004     --HOLE--
                  1182ec18    0000001e     (.common:LADARoutBuffer)
                  1182ec36    00000002     --HOLE--
                  1182ec38    00000014     (.common:Optitrackdata)
                  1182ec4c    0000000c     (.common:OPTITRACKps)
                  1182ec58    0000000c     (.common:ROBOTps)
                  1182ec64    00000004     --HOLE--
                  1182ec68    0000000c     (.common:temp_3x1)
                  1182ec74    00000004     --HOLE--
                  1182ec78    0000000c     (.common:ytilde)
                  1182ec84    00000004     --HOLE--
                  1182ec88    0000000c     (.common:z)
                  1182ec94    00000004     --HOLE--
                  1182ec98    00000008     (.common:parmbuf)

.const.2   0    1182eca0    00002680     
                  1182eca0    000019d4     FinalContestRobot2_pe674.oe674 (.const:xdc_runtime_Text_charTab__A)
                  11830674    00000518     sysbios.ae674 : BIOS.obj (.const:.string)
                  11830b8c    00000004     FinalContestRobot2_pe674.oe674 (.const:ti_sysbios_BIOS_installedErrorHook__C)
                  11830b90    00000101     rts6740_elf.lib : ctype.obj (.const:.string:_ctypes_)
                  11830c91    00000001     FinalContestRobot2_pe674.oe674 (.const:ti_sysbios_timers_timer64_Timer_localTimerBaseId__C)
                  11830c92    00000002     FinalContestRobot2_pe674.oe674 (.const:ti_sysbios_family_c64p_Cache_Module__id__C)
                  11830c94    00000004     FinalContestRobot2_pe674.oe674 (.const:ti_sysbios_family_c64p_Cache_EMIFA_BASE__C)
                  11830c98    000000cc     FinalContestRobot2_pe674.oe674 (.const:xdc_runtime_Text_nodeTab__A)
                  11830d64    00000080     user_FinalContestRobot2.obj (.const:.string)
                  11830de4    00000004     FinalContestRobot2_pe674.oe674 (.const:ti_sysbios_family_c64p_Cache_EMIFA_CFG__C)
                  11830de8    00000080     evmomapl138_bsl.lib : evmomapl138.obj (.const:bitval_u32)
                  11830e68    00000058     ti.targets.rts6000.ae674 : Error.oe674 (.const:.string)
                  11830ec0    00000050     rts6740_elf.lib : strtod.obj (.const:digits)
                  11830f10    00000048                     : strtod.obj (.const:powerof10)
                  11830f58    00000044     Ladar.obj (.const:.string)
                  11830f9c    00000040     evmomapl138_bsl.lib : evmomapl138.obj (.const:.string)
                  11830fdc    00000040     ti.targets.rts6000.ae674 : Text.oe674 (.const:.string)
                  1183101c    0000003c     FinalContestRobot2_pe674.oe674 (.const:xdc_runtime_LoggerBuf_Module__FXNS__C)
                  11831058    00000030     FinalContestRobot2_pe674.oe674 (.const:xdc_runtime_Startup_sfxnTab__A)
                  11831088    0000002c     ti.targets.rts6000.ae674 : Startup.oe674 (.const:.string)
                  118310b4    00000028     FinalContestRobot2_pe674.oe674 (.const:ti_sysbios_heaps_HeapMem_Module__FXNS__C)
                  118310dc    00000024     rts6740_elf.lib : _printfi.obj (.const:.string)
                  11831100    00000024     FinalContestRobot2_pe674.oe674 (.const:ti_sysbios_gates_GateHwi_Module__FXNS__C)
                  11831124    00000024     FinalContestRobot2_pe674.oe674 (.const:ti_sysbios_gates_GateMutex_Module__FXNS__C)
                  11831148    00000018     ti.targets.rts6000.ae674 : System.oe674 (.const:.string)
                  11831160    00000018     FinalContestRobot2_pe674.oe674 (.const:xdc_runtime_Startup_sfxnRts__A)
                  11831178    00000010     evmomapl138_bsl.lib : evmomapl138_uart.obj (.const:.string)
                  11831188    00000008     FinalContestRobot2_pe674.oe674 (.const:xdc_runtime_Startup_firstFxns__A)
                  11831190    00000008     FinalContestRobot2_pe674.oe674 (.const:xdc_runtime_Startup_firstFxns__C)
                  11831198    00000008     FinalContestRobot2_pe674.oe674 (.const:xdc_runtime_Startup_lastFxns__C)
                  118311a0    00000007     rts6740_elf.lib : _scanfi.obj (.const:.string:flit$1)
                  118311a7    00000001     --HOLE-- [fill = 0]
                  118311a8    00000006                     : _scanfi.obj (.const:.string:barr$2)
                  118311ae    00000002     FinalContestRobot2_pe674.oe674 (.const:ti_sysbios_family_c64p_Exception_Module__id__C)
                  118311b0    00000004     Ladar.obj (.const:.string:$P$T0$1)
                  118311b4    00000004     FinalContestRobot2_pe674.oe674 (.const:ti_sysbios_family_c64p_Cache_EMIFA_LENGTH__C)
                  118311b8    00000004     FinalContestRobot2_pe674.oe674 (.const:ti_sysbios_family_c64p_Cache_EMIFB_BASE__C)
                  118311bc    00000004     FinalContestRobot2_pe674.oe674 (.const:ti_sysbios_family_c64p_Cache_EMIFB_CFG__C)
                  118311c0    00000004     FinalContestRobot2_pe674.oe674 (.const:ti_sysbios_family_c64p_Cache_EMIFB_LENGTH__C)
                  118311c4    00000004     FinalContestRobot2_pe674.oe674 (.const:ti_sysbios_family_c64p_Cache_EMIFC_BASE__C)
                  118311c8    00000004     FinalContestRobot2_pe674.oe674 (.const:ti_sysbios_family_c64p_Cache_EMIFC_CFG__C)
                  118311cc    00000004     FinalContestRobot2_pe674.oe674 (.const:ti_sysbios_family_c64p_Cache_EMIFC_LENGTH__C)
                  118311d0    00000004     FinalContestRobot2_pe674.oe674 (.const:ti_sysbios_family_c64p_Cache_E_invalidL1CacheSize__C)
                  118311d4    00000004     FinalContestRobot2_pe674.oe674 (.const:ti_sysbios_family_c64p_Cache_E_invalidL2CacheSize__C)
                  118311d8    00000004     FinalContestRobot2_pe674.oe674 (.const:ti_sysbios_family_c64p_Cache_MAR0_31__C)
                  118311dc    00000004     FinalContestRobot2_pe674.oe674 (.const:ti_sysbios_family_c64p_Cache_MAR128_159__C)
                  118311e0    00000004     FinalContestRobot2_pe674.oe674 (.const:ti_sysbios_family_c64p_Cache_MAR160_191__C)
                  118311e4    00000004     FinalContestRobot2_pe674.oe674 (.const:ti_sysbios_family_c64p_Cache_MAR192_223__C)
                  118311e8    00000004     FinalContestRobot2_pe674.oe674 (.const:ti_sysbios_family_c64p_Cache_MAR224_255__C)
                  118311ec    00000004     FinalContestRobot2_pe674.oe674 (.const:ti_sysbios_family_c64p_Cache_MAR32_63__C)
                  118311f0    00000004     FinalContestRobot2_pe674.oe674 (.const:ti_sysbios_family_c64p_Cache_MAR64_95__C)
                  118311f4    00000004     FinalContestRobot2_pe674.oe674 (.const:ti_sysbios_family_c64p_Cache_MAR96_127__C)
                  118311f8    00000004     FinalContestRobot2_pe674.oe674 (.const:ti_sysbios_family_c64p_Exception_E_exceptionMax__C)
                  118311fc    00000004     FinalContestRobot2_pe674.oe674 (.const:ti_sysbios_family_c64p_Exception_exceptionHook__C)
                  11831200    00000004     FinalContestRobot2_pe674.oe674 (.const:ti_sysbios_family_c64p_Exception_externalHook__C)
                  11831204    00000004     FinalContestRobot2_pe674.oe674 (.const:ti_sysbios_family_c64p_Exception_internalHook__C)
                  11831208    00000004     FinalContestRobot2_pe674.oe674 (.const:ti_sysbios_family_c64p_Exception_nmiHook__C)
                  1183120c    00000004     FinalContestRobot2_pe674.oe674 (.const:ti_sysbios_gates_GateMutex_Instance_State_sem__O)
                  11831210    00000004     FinalContestRobot2_pe674.oe674 (.const:ti_sysbios_hal_Hwi_E_stackOverflow__C)
                  11831214    00000004     FinalContestRobot2_pe674.oe674 (.const:ti_sysbios_heaps_HeapMem_E_memory__C)
                  11831218    00000004     FinalContestRobot2_pe674.oe674 (.const:ti_sysbios_heaps_HeapMem_Module__gateObj__C)
                  1183121c    00000004     FinalContestRobot2_pe674.oe674 (.const:ti_sysbios_heaps_HeapMem_Object__count__C)
                  11831220    00000004     FinalContestRobot2_pe674.oe674 (.const:ti_sysbios_heaps_HeapMem_Object__table__C)
                  11831224    00000004     FinalContestRobot2_pe674.oe674 (.const:ti_sysbios_knl_Clock_Module_State_clockQ__O)
                  11831228    00000004     FinalContestRobot2_pe674.oe674 (.const:ti_sysbios_knl_Idle_funcList__A)
                  1183122c    00000004     FinalContestRobot2_pe674.oe674 (.const:ti_sysbios_knl_Semaphore_Instance_State_pendQ__O)
                  11831230    00000004     FinalContestRobot2_pe674.oe674 (.const:ti_sysbios_knl_Swi_Object__count__C)
                  11831234    00000004     FinalContestRobot2_pe674.oe674 (.const:ti_sysbios_knl_Swi_Object__table__C)
                  11831238    00000004     FinalContestRobot2_pe674.oe674 (.const:ti_sysbios_knl_Task_E_spOutOfBounds__C)
                  1183123c    00000004     FinalContestRobot2_pe674.oe674 (.const:ti_sysbios_knl_Task_E_stackOverflow__C)
                  11831240    00000004     FinalContestRobot2_pe674.oe674 (.const:ti_sysbios_knl_Task_Module_State_inactiveQ__O)
                  11831244    00000004     FinalContestRobot2_pe674.oe674 (.const:ti_sysbios_knl_Task_Object__count__C)
                  11831248    00000004     FinalContestRobot2_pe674.oe674 (.const:ti_sysbios_knl_Task_Object__table__C)
                  1183124c    00000004     FinalContestRobot2_pe674.oe674 (.const:ti_sysbios_knl_Task_allBlockedFunc__C)
                  11831250    00000004     FinalContestRobot2_pe674.oe674 (.const:ti_sysbios_knl_Task_numConstructedTasks__C)
                  11831254    00000004     FinalContestRobot2_pe674.oe674 (.const:ti_sysbios_timers_timer64_Timer_E_cannotSupport__C)
                  11831258    00000004     FinalContestRobot2_pe674.oe674 (.const:ti_sysbios_timers_timer64_Timer_anyMaskHigh__C)
                  1183125c    00000004     FinalContestRobot2_pe674.oe674 (.const:ti_sysbios_timers_timer64_Timer_anyMask__C)
                  11831260    00000004     FinalContestRobot2_pe674.oe674 (.const:ti_sysbios_timers_timer64_Timer_freqDivisor__C)
                  11831264    00000004     FinalContestRobot2_pe674.oe674 (.const:ti_sysbios_timers_timer64_Timer_numLocalTimers__C)
                  11831268    00000004     FinalContestRobot2_pe674.oe674 (.const:ti_sysbios_timers_timer64_Timer_numTimerDevices__C)
                  1183126c    00000004     FinalContestRobot2_pe674.oe674 (.const:xdc_runtime_Assert_E_assertFailed__C)
                  11831270    00000004     FinalContestRobot2_pe674.oe674 (.const:xdc_runtime_Error_E_memory__C)
                  11831274    00000004     FinalContestRobot2_pe674.oe674 (.const:xdc_runtime_Error_Module__diagsEnabled__C)
                  11831278    00000004     FinalContestRobot2_pe674.oe674 (.const:xdc_runtime_Error_Module__diagsIncluded__C)
                  1183127c    00000004     FinalContestRobot2_pe674.oe674 (.const:xdc_runtime_Error_Module__diagsMask__C)
                  11831280    00000004     FinalContestRobot2_pe674.oe674 (.const:xdc_runtime_Error_Module__loggerFxn8__C)
                  11831284    00000004     FinalContestRobot2_pe674.oe674 (.const:xdc_runtime_Error_Module__loggerObj__C)
                  11831288    00000004     FinalContestRobot2_pe674.oe674 (.const:xdc_runtime_Error_policyFxn__C)
                  1183128c    00000004     FinalContestRobot2_pe674.oe674 (.const:xdc_runtime_Error_policy__C)
                  11831290    00000004     FinalContestRobot2_pe674.oe674 (.const:xdc_runtime_Error_raiseHook__C)
                  11831294    00000004     FinalContestRobot2_pe674.oe674 (.const:xdc_runtime_IFilterLogger_Interface__BASE__C)
                  11831298    00000004     FinalContestRobot2_pe674.oe674 (.const:xdc_runtime_IGateProvider_Interface__BASE__C)
                  1183129c    00000004     FinalContestRobot2_pe674.oe674 (.const:xdc_runtime_IHeap_Interface__BASE__C)
                  118312a0    00000004     FinalContestRobot2_pe674.oe674 (.const:xdc_runtime_ILogger_Interface__BASE__C)
                  118312a4    00000004     FinalContestRobot2_pe674.oe674 (.const:xdc_runtime_IModule_Interface__BASE__C)
                  118312a8    00000004     FinalContestRobot2_pe674.oe674 (.const:xdc_runtime_Log_L_error__C)
                  118312ac    00000004     FinalContestRobot2_pe674.oe674 (.const:xdc_runtime_LoggerBuf_E_badLevel__C)
                  118312b0    00000004     FinalContestRobot2_pe674.oe674 (.const:xdc_runtime_LoggerBuf_Module__gateObj__C)
                  118312b4    00000004     FinalContestRobot2_pe674.oe674 (.const:xdc_runtime_LoggerBuf_Object__count__C)
                  118312b8    00000004     FinalContestRobot2_pe674.oe674 (.const:xdc_runtime_LoggerBuf_Object__table__C)
                  118312bc    00000004     FinalContestRobot2_pe674.oe674 (.const:xdc_runtime_LoggerBuf_statusLogger__C)
                  118312c0    00000004     FinalContestRobot2_pe674.oe674 (.const:xdc_runtime_Memory_defaultHeapInstance__C)
                  118312c4    00000004     FinalContestRobot2_pe674.oe674 (.const:xdc_runtime_Startup_execImpl__C)
                  118312c8    00000004     FinalContestRobot2_pe674.oe674 (.const:xdc_runtime_Startup_maxPasses__C)
                  118312cc    00000004     FinalContestRobot2_pe674.oe674 (.const:xdc_runtime_Startup_sfxnRts__C)
                  118312d0    00000004     FinalContestRobot2_pe674.oe674 (.const:xdc_runtime_Startup_sfxnTab__C)
                  118312d4    00000004     FinalContestRobot2_pe674.oe674 (.const:xdc_runtime_Startup_startModsFxn__C)
                  118312d8    00000004     FinalContestRobot2_pe674.oe674 (.const:xdc_runtime_SysMin_bufSize__C)
                  118312dc    00000004     FinalContestRobot2_pe674.oe674 (.const:xdc_runtime_SysMin_outputFunc__C)
                  118312e0    00000004     FinalContestRobot2_pe674.oe674 (.const:xdc_runtime_System_Module__gateObj__C)
                  118312e4    00000004     FinalContestRobot2_pe674.oe674 (.const:xdc_runtime_System_abortFxn__C)
                  118312e8    00000004     FinalContestRobot2_pe674.oe674 (.const:xdc_runtime_System_exitFxn__C)
                  118312ec    00000004     FinalContestRobot2_pe674.oe674 (.const:xdc_runtime_System_extendFxn__C)
                  118312f0    00000004     FinalContestRobot2_pe674.oe674 (.const:xdc_runtime_System_maxAtexitHandlers__C)
                  118312f4    00000004     FinalContestRobot2_pe674.oe674 (.const:xdc_runtime_Text_charTab__C)
                  118312f8    00000004     FinalContestRobot2_pe674.oe674 (.const:xdc_runtime_Text_nodeTab__C)
                  118312fc    00000004     FinalContestRobot2_pe674.oe674 (.const:xdc_runtime_Text_visitRopeFxn__C)
                  11831300    00000002     FinalContestRobot2_pe674.oe674 (.const:ti_sysbios_family_c64p_Exception_useInternalBuffer__C)
                  11831302    00000002     FinalContestRobot2_pe674.oe674 (.const:ti_sysbios_hal_Hwi_Module__id__C)
                  11831304    00000002     FinalContestRobot2_pe674.oe674 (.const:ti_sysbios_heaps_HeapMem_Module__id__C)
                  11831306    00000002     FinalContestRobot2_pe674.oe674 (.const:ti_sysbios_knl_Task_Module__id__C)
                  11831308    00000002     FinalContestRobot2_pe674.oe674 (.const:ti_sysbios_timers_timer64_Timer_Module__id__C)
                  1183130a    00000002     FinalContestRobot2_pe674.oe674 (.const:ti_sysbios_timers_timer64_Timer_startupNeeded__C)
                  1183130c    00000002     FinalContestRobot2_pe674.oe674 (.const:ti_sysbios_timers_timer64_Timer_useTimer64pRegMap__C)
                  1183130e    00000002     FinalContestRobot2_pe674.oe674 (.const:xdc_runtime_Error_Module__loggerDefined__C)
                  11831310    00000002     FinalContestRobot2_pe674.oe674 (.const:xdc_runtime_Error_maxDepth__C)
                  11831312    00000002     FinalContestRobot2_pe674.oe674 (.const:xdc_runtime_LoggerBuf_Module__id__C)
                  11831314    00000002     FinalContestRobot2_pe674.oe674 (.const:xdc_runtime_LoggerBuf_filterByLevel__C)
                  11831316    00000002     FinalContestRobot2_pe674.oe674 (.const:xdc_runtime_Memory_Module__id__C)
                  11831318    00000002     FinalContestRobot2_pe674.oe674 (.const:xdc_runtime_SysMin_flushAtExit__C)
                  1183131a    00000002     FinalContestRobot2_pe674.oe674 (.const:xdc_runtime_Text_isLoaded__C)
                  1183131c    00000002     FinalContestRobot2_pe674.oe674 (.const:xdc_runtime_Text_registryModsLastId__C)
                  1183131e    00000002     FinalContestRobot2_pe674.oe674 (.const:xdc_runtime_Text_unnamedModsLastId__C)

.fardata   0    11833320    0000116c     UNINITIALIZED
                  11833320    0000025c     ColorVision.obj (.fardata:PRUCode)
                  1183357c    00000004     rts6740_elf.lib : _lock.obj (.fardata:_lock)
                  11833580    000001e0                     : defs.obj (.fardata:_ftable)
                  11833760    000001cc     FinalContestRobot2_pe674.oe674 (.fardata:ti_sysbios_knl_Task_Object__table__V)
                  1183392c    00000004     rts6740_elf.lib : _lock.obj (.fardata:_unlock)
                  11833930    000000c0     FinalContestRobot2_pe674.oe674 (.fardata:ti_sysbios_knl_Swi_Object__table__V)
                  118339f0    000000b0     user_FinalContestRobot2.obj (.fardata:map)
                  11833aa0    000000b0     user_FinalContestRobot2.obj (.fardata:originalMap)
                  11833b50    000000a0     rts6740_elf.lib : write.obj (.fardata:_stream)
                  11833bf0    00000080     FinalContestRobot2_pe674.oe674 (.fardata:ti_sysbios_knl_Swi_Module_State_0_readyQ__A)
                  11833c70    00000080     FinalContestRobot2_pe674.oe674 (.fardata:ti_sysbios_knl_Task_Module_State_0_readyQ__A)
                  11833cf0    00000078     rts6740_elf.lib : write.obj (.fardata:_device)
                  11833d68    00000078     FinalContestRobot2_pe674.oe674 (.fardata:ti_sysbios_family_c64p_Hwi_Object__table__V)
                  11833de0    0000006c     FinalContestRobot2_pe674.oe674 (.fardata:ti_sysbios_family_c64p_Hwi_Module__state__V)
                  11833e4c    00000004     rts6740_elf.lib : defs.obj (.fardata)
                  11833e50    00000060     FinalContestRobot2_pe674.oe674 (.fardata:ti_sysbios_timers_timer64_Timer_Module_State_0_device__A)
                  11833eb0    00000050     Ladar.obj (.fardata:cornersX)
                  11833f00    00000050     Ladar.obj (.fardata:cornersY)
                  11833f50    00000050     FinalContestRobot2_pe674.oe674 (.fardata:ti_sysbios_timers_timer64_Timer_Object__table__V)
                  11833fa0    00000048     FinalContestRobot2_pe674.oe674 (.fardata:ti_sysbios_knl_Task_Module__state__V)
                  11833fe8    00000040     rts6740_elf.lib : cos.obj (.fardata:R$1)
                  11834028    00000040                     : sin.obj (.fardata:R$1)
                  11834068    00000040     FinalContestRobot2_pe674.oe674 (.fardata:ti_sysbios_gates_GateMutex_Object__table__V)
                  118340a8    00000040     FinalContestRobot2_pe674.oe674 (.fardata:ti_sysbios_knl_Clock_Object__table__V)
                  118340e8    00000030     FinalContestRobot2_pe674.oe674 (.fardata:ti_sysbios_family_c64p_Exception_Module__state__V)
                  11834118    0000002c     FinalContestRobot2_pe674.oe674 (.fardata:ti_sysbios_knl_Clock_Module__state__V)
                  11834144    00000004     rts6740_elf.lib : errno.obj (.fardata)
                  11834148    00000028     FinalContestRobot2_pe674.oe674 (.fardata:ti_sysbios_hal_Hwi_Object__table__V)
                  11834170    00000024     user_FinalContestRobot2.obj (.fardata:K)
                  11834194    00000004     FinalContestRobot2_pe674.oe674 (.fardata:ti_sysbios_family_c64p_Cache_Module__state__V)
                  11834198    00000024     user_FinalContestRobot2.obj (.fardata:P_pred)
                  118341bc    00000004     FinalContestRobot2_pe674.oe674 (.fardata:ti_sysbios_family_c64p_primus_TimerSupport_Module__state__V)
                  118341c0    00000024     user_FinalContestRobot2.obj (.fardata:Q)
                  118341e4    00000004     FinalContestRobot2_pe674.oe674 (.fardata:xdc_runtime_Memory_Module__state__V)
                  118341e8    00000024     user_FinalContestRobot2.obj (.fardata:R)
                  1183420c    00000002     FinalContestRobot2_pe674.oe674 (.fardata:xdc_runtime_Error_Module__state__V)
                  1183420e    00000002     --HOLE--
                  11834210    00000024     user_FinalContestRobot2.obj (.fardata:S)
                  11834234    00000004     --HOLE--
                  11834238    00000024     user_FinalContestRobot2.obj (.fardata:S_inv)
                  1183425c    00000004     --HOLE--
                  11834260    00000024     user_FinalContestRobot2.obj (.fardata:eye3)
                  11834284    00000024     FinalContestRobot2_pe674.oe674 (.fardata:ti_sysbios_BIOS_Module__state__V)
                  118342a8    00000024     FinalContestRobot2_pe674.oe674 (.fardata:xdc_runtime_LoggerBuf_Object__table__V)
                  118342cc    00000004     --HOLE--
                  118342d0    00000020     rts6740_elf.lib : atanf.obj (.fardata:arctan_consts$1)
                  118342f0    00000020     FinalContestRobot2_pe674.oe674 (.fardata:ti_sysbios_timers_timer64_Timer_Module_State_0_gctrl__A)
                  11834310    00000020     FinalContestRobot2_pe674.oe674 (.fardata:ti_sysbios_timers_timer64_Timer_Module_State_0_handles__A)
                  11834330    00000020     FinalContestRobot2_pe674.oe674 (.fardata:ti_sysbios_timers_timer64_Timer_Module_State_0_intFreqs__A)
                  11834350    00000020     FinalContestRobot2_pe674.oe674 (.fardata:xdc_runtime_Error_IgnoreBlock)
                  11834370    0000001c     FinalContestRobot2_pe674.oe674 (.fardata:ti_sysbios_knl_Swi_Module__state__V)
                  1183438c    00000004     --HOLE--
                  11834390    00000018     user_FinalContestRobot2.obj (.fardata:B)
                  118343a8    00000018     FinalContestRobot2_pe674.oe674 (.fardata:ti_sysbios_heaps_HeapMem_Object__table__V)
                  118343c0    00000018     FinalContestRobot2_pe674.oe674 (.fardata:ti_sysbios_knl_Semaphore_Object__table__V)
                  118343d8    00000018     FinalContestRobot2_pe674.oe674 (.fardata:ti_sysbios_timers_timer64_Timer_Module__state__V)
                  118343f0    00000010     rts6740_elf.lib : cosf.obj (.fardata:R$1)
                  11834400    00000010                     : sinf.obj (.fardata:R$1)
                  11834410    00000010     FinalContestRobot2_pe674.oe674 (.fardata:xdc_runtime_System_Module_State_0_atexitHandlers__A)
                  11834420    0000000c     user_FinalContestRobot2.obj (.fardata:Bu)
                  1183442c    0000000c     rts6740_elf.lib : exit.obj (.fardata)
                  11834438    0000000c     user_FinalContestRobot2.obj (.fardata:x_pred)
                  11834444    0000000c     FinalContestRobot2_pe674.oe674 (.fardata:xdc_runtime_SysMin_Module__state__V)
                  11834450    00000008     FinalContestRobot2_pe674.oe674 (.fardata:ti_sysbios_family_c64p_primus_TimerSupport_Module_State_0_suspSrc__A)
                  11834458    00000008     user_FinalContestRobot2.obj (.fardata:u)
                  11834460    00000008     FinalContestRobot2_pe674.oe674 (.fardata:xdc_runtime_Registry_Module__state__V)
                  11834468    00000008     FinalContestRobot2_pe674.oe674 (.fardata:xdc_runtime_Startup_Module__state__V)
                  11834470    00000008     FinalContestRobot2_pe674.oe674 (.fardata:xdc_runtime_System_Module__state__V)
                  11834478    00000006     FinalContestRobot2_pe674.oe674 (.fardata:xdc_runtime_LoggerBuf_Module__state__V)
                  1183447e    00000002     --HOLE--
                  11834480    00000004     FinalContestRobot2_pe674.oe674 (.fardata:ti_sysbios_gates_GateHwi_Object__table__V)
                  11834484    00000004     --HOLE--
                  11834488    00000004     FinalContestRobot2_pe674.oe674 (.fardata:ti_sysbios_knl_Task_Module_State_0_idleTask__A)

.cio       0    118348d8    00000120     UNINITIALIZED
                  118348d8    00000120     rts6740_elf.lib : trgmsg.obj (.cio)

.switch    0    118349f8    000000e4     
                  118349f8    00000040     user_FinalContestRobot2.obj (.switch:RobotControl)
                  11834a38    00000038     rts6740_elf.lib : _printfi.obj (.switch:__TI_printfi)
                  11834a70    00000028                     : _scanfi.obj (.switch:__TI_scanfi)
                  11834a98    00000024     evmomapl138_bsl.lib : evmomapl138_gpio.obj (.switch:getRegisterBankAndBit)
                  11834abc    00000010                         : evmomapl138_spi.obj (.switch:SPI_init)
                  11834acc    00000010     ColorVision.obj (.switch:userProcessColorImageFunc_laser)

MODULE SUMMARY

       Module                           code     ro data   rw data
       ------                           ----     -------   -------
    .\
       user_FinalContestRobot2.obj      21952    192       15564  
       Ladar.obj                        7968     72        5718   
       ColorVision.obj                  4832     16        6908   
       COECSL_edma3.obj                 1216     0         4136   
       ColorLCD.obj                     2400     24        11     
       MatrixMath.obj                   2336     0         0      
       COECSL_mcbsp.obj                 1664     0         300    
       user_xy.obj                      992      0         0      
       LCDprintf.obj                    416      0         8      
       pru.obj                          256      0         0      
    +--+--------------------------------+--------+---------+---------+
       Total:                           44032    304       32645  
                                                                  
    C:\hzhou39_decamar2_ashwina2\SE423Repo\Contest\FinalContestRobot2\FinalContestRobot2Project\Debug\configPkg\package\cfg\
       FinalContestRobot2_pe674.oe674   4608     7529      25776  
    +--+--------------------------------+--------+---------+---------+
       Total:                           4608     7529      25776  
                                                                  
    C:/hzhou39_decamar2_ashwina2/SE423Repo/LabFiles/bsl_forSYSBIOS/lib/evmomapl138_bsl.lib
       evmomapl138.obj                  4064     192       0      
       evmomapl138_vpif.obj             1920     0         0      
       evmomapl138_i2c.obj              1376     0         4      
       evmomapl138_uart.obj             1344     16        0      
       evmomapl138_i2c_gpio.obj         1344     0         0      
       evmomapl138_spi.obj              1184     16        0      
       evmomapl138_gpio.obj             1152     36        0      
       evmomapl138_timer.obj            384      0         0      
    +--+--------------------------------+--------+---------+---------+
       Total:                           12768    260       4      
                                                                  
    C:\CCStudio_v8\bios_6_70_01_03\packages\ti\targets\rts6000\lib\boot.ae674
       autoinit.oe674                   288      0         0      
       boot.oe674                       160      0         0      
    +--+--------------------------------+--------+---------+---------+
       Total:                           448      0         0      
                                                                  
    C:\CCStudio_v8\bios_6_70_01_03\packages\ti\targets\rts6000\lib\ti.targets.rts6000.ae674
       System.oe674                     3232     24        0      
       LoggerBuf.oe674                  2400     0         0      
       Text.oe674                       1728     64        0      
       Error.oe674                      1152     88        0      
       Startup.oe674                    896      44        0      
       SysMin.oe674                     704      0         0      
       Memory.oe674                     320      0         0      
       Gate.oe674                       64       0         0      
       Registry.oe674                   64       0         0      
    +--+--------------------------------+--------+---------+---------+
       Total:                           10560    220       0      
                                                                  
    C:\CCStudio_v8\ccsv8\tools\compiler\ti-cgt-c6000_8.2.2\lib\rts6740_elf.lib
       _printfi.obj                     13504    92        0      
       _scanfi.obj                      7296     53        0      
       divd.obj                         1472     0         0      
       strtod.obj                       1248     152       0      
       strtoll.obj                      1184     0         0      
       strtoull.obj                     1088     0         0      
       fputs.obj                        992      0         0      
       strtol.obj                       928      0         0      
       cos.obj                          800      0         64     
       fmodf.obj                        864      0         0      
       defs.obj                         0        0         804    
       imath64.obj                      800      0         0      
       sin.obj                          736      0         64     
       strtoul.obj                      768      0         0      
       divf.obj                         672      0         0      
       cosf.obj                         640      0         16     
       sinf.obj                         608      0         16     
       fputc.obj                        544      0         0      
       setvbuf.obj                      544      0         0      
       trgmsg.obj                       224      0         288    
       sscanf.obj                       480      0         0      
       frexp.obj                        448      0         0      
       getdevice.obj                    448      0         0      
       imath40.obj                      448      0         0      
       frexpf.obj                       416      0         0      
       hostrename.obj                   416      0         0      
       ldexp.obj                        384      0         0      
       ldexpf.obj                       384      0         0      
       write.obj                        96       0         280    
       atan2f.obj                       320      0         0      
       fclose.obj                       320      0         0      
       atanf.obj                        256      0         32     
       copy_decompress_rle.obj          288      0         0      
       fseek.obj                        288      0         0      
       printf.obj                       288      0         0      
       sqrtf.obj                        288      0         0      
       exit.obj                         256      0         12     
       ctype.obj                        0        257       0      
       _io_perm.obj                     256      0         0      
       atoi.obj                         256      0         0      
       hostopen.obj                     224      0         8      
       close.obj                        224      0         0      
       divi.obj                         224      0         0      
       hostlseek.obj                    224      0         0      
       hostwrite.obj                    224      0         0      
       llshift.obj                      224      0         0      
       ltoa.obj                         224      0         0      
       memset.obj                       224      0         0      
       divu.obj                         192      0         0      
       fflush.obj                       192      0         0      
       hostread.obj                     192      0         0      
       hostunlink.obj                   192      0         0      
       remi.obj                         192      0         0      
       sprintf.obj                      192      0         0      
       tls.obj                          192      0         0      
       fopen.obj                        160      0         0      
       hostclose.obj                    160      0         0      
       memcpy64.obj                     160      0         0      
       modf.obj                         160      0         0      
       remu.obj                         160      0         0      
       round.obj                        160      0         0      
       vsprintf.obj                     160      0         0      
       roundf.obj                       128      0         0      
       unlink.obj                       128      0         0      
       _lock.obj                        96       0         8      
       lseek.obj                        96       0         0      
       memccpy.obj                      96       0         0      
       modff.obj                        96       0         0      
       args_main.obj                    64       0         0      
       frcmpyd_div.obj                  64       0         0      
       isinf.obj                        64       0         0      
       errno.obj                        32       0         4      
       copy_decompress_none.obj         32       0         0      
       trunc.obj                        32       0         0      
       truncf.obj                       32       0         0      
    +--+--------------------------------+--------+---------+---------+
       Total:                           46464    554       1596   
                                                                  
    C:\hzhou39_decamar2_ashwina2\SE423Repo\Contest\FinalContestRobot2\SYSBIOS\src\sysbios\sysbios.ae674
       BIOS.obj                         17632    1304      0      
       c64p_Hwi_disp_always.obj         512      0         0      
       c64p_Exception_asm.obj           384      0         0      
       c62_TaskSupport_asm.obj          224      0         0      
       c64p_Hwi_asm_switch.obj          192      0         0      
    +--+--------------------------------+--------+---------+---------+
       Total:                           18944    1304      0      
                                                                  
       Stack:                           0        0         8192   
       Linker Generated:                0        2803      0      
    +--+--------------------------------+--------+---------+---------+
       Grand Total:                     137824   12974     68213  


LINKER GENERATED COPY TABLES

__TI_cinit_table @ 118358d0 records: 5, size/record: 8, table size: 40
	.fardata: load addr=11834e00, load size=0000099c bytes, run addr=11833320, run size=0000116c bytes, compression=rle
[...]
11834584  robotdestSize                                                       
11834588  trackableIDerror                                                    
1183458c  firstdata                                                           
11834590  new_optitrack                                                       
11834594  previous_frame                                                      
11834598  frame_error                                                         
1183459c  temp_theta                                                          
118345a0  tempOPTITRACK_theta                                                 
118345a4  temp_trackableID                                                    
118345a8  trackableID                                                         
118345ac  errorcheck                                                          
118345b0  RobotState                                                          
118345b4  Kp_obs                                                              
118345b8  FrontLeft_error                                                     
118345bc  FrontRight_error                                                    
118345c0  Kp_vref_obs                                                         
118345c4  new_DSP_Float2                                                      
118345c8  new_DSP_Float3                                                      
118345cc  new_DSP_Float4                                                      
118345d0  new_DSP_Float5                                                      
118345d4  new_DSP_Float6                                                      
118345d8  new_DSP_Float7                                                      
118345dc  new_DSP_Float8                                                      
118345e0  new_DSP_Float9                                                      
118345e4  new_DSP_Float10                                                     
118345e8  new_DSP_Float11                                                     
118345ec  new_DSP_Float12                                                     
118345f0  new_DSP_Float13                                                     
118345f4  new_DSP_Float14                                                     
118345f8  new_DSP_Float15                                                     
118345fc  new_DSP_Float16                                                     
11834600  new_DSP_Float17                                                     
11834604  new_DSP_Float18                                                     
11834608  new_DSP_Float19                                                     
1183460c  DSP_Float2                                                          
11834610  DSP_Float3                                                          
11834614  DSP_Float4                                                          
11834618  DSP_Float5                                                          
1183461c  DSP_Float6                                                          
11834620  DSP_Float7                                                          
11834624  DSP_Float8                                                          
11834628  DSP_Float9                                                          
1183462c  DSP_Float10                                                         
11834630  DSP_Float11                                                         
11834634  DSP_Float12                                                         
11834638  DSP_Float13                                                         
1183463c  DSP_Float14                                                         
11834640  DSP_Float15                                                         
11834644  DSP_Float16                                                         
11834648  DSP_Float17                                                         
1183464c  DSP_Float18                                                         
11834650  DSP_Float19                                                         
11834654  cntturn                                                             
11834658  ref_right_wall                                                      
1183465c  left_turn_Start_threshold                                           
11834660  left_turn_Stop_threshold                                            
11834664  Kp_right_wall                                                       
11834668  Kp_front_wall                                                       
1183466c  front_turn_velocity                                                 
11834670  turn_command_saturation                                             
11834674  sharp_right_threshold                                               
11834678  Kp_sharp_right                                                      
1183467c  left_turn_corner_threshold                                          
11834680  KpGyro                                                              
11834684  data1                                                               
11834688  data2                                                               
1183468c  data3                                                               
11834690  p1_old                                                              
11834694  p2_old                                                              
11834698  angular_vel                                                         
1183469c  orientation                                                         
118346a0  old_angular_vel                                                     
118346a4  p1_current                                                          
118346a8  p2_current                                                          
118346ac  v1                                                                  
118346b0  v2                                                                  
118346b4  x                                                                   
118346b8  y                                                                   
118346bc  update_Timer                                                        
118346c0  countdown                                                           
118346c4  astarRunning                                                        
118346c8  astarTrigger                                                        
118346cc  astarDone                                                           
118346d0  pathLen                                                             
118346d4  pathPos                                                             
118346d8  newLVData                                                           
118346dc  newROBOTpsx                                                         
118346e0  newROBOTpsy                                                         
118346e4  sharedROBOTpsx                                                      
118346e8  sharedROBOTpsy                                                      
118346ec  distthresh                                                          
118346f0  mindist                                                             
118346f4  timecount                                                           
118346f8  whichled                                                            
118346fc  updateLCD                                                           
11834700  testvar                                                             
11834704  noimagefound                                                        
11834708  object_x                                                            
1183470c  object_y                                                            
11834710  new_coordata                                                        
11834714  numpels                                                             
11834718  new_num_found_objects                                               
1183471c  new_object_theta                                                    
11834720  new_C20                                                             
11834724  new_C02                                                             
11834728  top                                                                 
1183472c  left                                                                
11834730  num_unique_objects                                                  
11834734  current_object                                                      
11834738  color                                                               
1183473c  color2                                                              
11834740  Cdifference                                                         
11834744  neighbor_type                                                       
11834748  too_many_objects                                                    
1183474c  object_detected                                                     
11834750  print_hue                                                           
11834751  print_sat                                                           
11834752  print_val                                                           
11834753  print_r                                                             
11834754  print_b                                                             
11834755  print_g                                                             
11834758  specs_s                                                             
1183475c  specs_srad                                                          
11834760  specs_v                                                             
11834764  specs_vrad                                                          
11834768  specs_h                                                             
1183476c  specs_h2                                                            
11834770  specs_hrad                                                          
11834774  VPIF_beginning_line                                                 
11834778  equivalency                                                         
1183477c  done                                                                
11834780  f28335RecFirsttime                                                  
11834784  enc1                                                                
11834788  enc2                                                                
1183478c  enc3                                                                
11834790  enc4                                                                
11834794  compass                                                             
11834798  switchstate                                                         
1183479c  adcA0                                                               
118347a0  adcB0                                                               
118347a4  adcA1                                                               
118347a8  adcB1                                                               
118347ac  adcA2                                                               
118347b0  adcB2                                                               
118347b4  adcA3                                                               
118347b8  adcB3                                                               
118347bc  adcA4                                                               
118347c0  adcB4                                                               
118347c4  adcA5                                                               
118347c8  adcB5                                                               
118347cc  adcA6                                                               
118347d0  adcA7                                                               
118347d4  F28335_Extra1                                                       
118347d8  F28335_Extra2                                                       
118347dc  F28335_Extra3                                                       
118347e0  F28335_Extra4                                                       
118347e4  new_sendtolinux_F28335_Extra                                        
118347e8  send_F28335_Extra1                                                  
118347ec  send_F28335_Extra2                                                  
118347f0  send_F28335_Extra3                                                  
118347f4  send_F28335_Extra4                                                  
118347f8  num_EDMA3_0                                                         
118347fc  numofints                                                           
11834800  scalingLadar                                                        
11834804  LADARready                                                          
11834808  LADARprocess                                                        
1183480c  uart1count                                                          
11834810  numReadings                                                         
11834814  errL                                                                
11834818  errC                                                                
1183481c  errR                                                                
11834820  tLADARleftFt                                                        
11834824  tLADARcenterFt                                                      
11834828  tLADARrightFt                                                       
1183482c  cPrevLADARdata                                                      
1183482d  cLADARdata                                                          
11834830  iLADARrcv                                                           
11834834  cCommandName                                                        
11834838  LADARleftFt                                                         
1183483c  LADARcenterFt                                                       
11834840  LADARrightFt                                                        
11834844  numreadings_lastscan                                                
11834848  startAngle                                                          
1183484c  stepSize                                                            
11834850  newLADARdata                                                        
11834854  robotX                                                              
11834858  robotY                                                              
1183485c  robotT                                                              
11834860  tempSign                                                            
11834864  tempOff                                                             
11834868  servosPosted                                                        
1183486c  newServos                                                           
11834870  McBSPrecerror                                                       
11834874  firsttimeintMCBSPrec                                                
11834878  timeint                                                             
1183487c  mcbspReset                                                          
11834880  testcount                                                           
11834884  danindex                                                            
11834888  firsttimeLine1                                                      
1183488c  firsttimeLine2                                                      
11834890  LCDnewMsgLine1                                                      
11834894  LCDnewMsgLine2                                                      
11834898  bluegain                                                            
1183489c  bkgrnd_red                                                          
1183489d  bkgrnd_green                                                        
1183489e  bkgrnd_blue                                                         
118348a0  SWI_RobotControl                                                    
118348a4  CLK_addtime                                                         
118348a8  CLK_startMcBSP                                                      
118348ac  HWI8_EDMA3_0                                                        
118348b0  SWI_LCD                                                             
118348b4  SWI_vision                                                          
118348b8  HWI4_VPIF95                                                         
118348bc  HWI7_PRU6                                                           
118348c0  HWI5_EDMA3_1                                                        
118348c4  TASK_ComWithLinux                                                   
118348c8  TASK_LADAR                                                          
118348cc  task2                                                               
118348d0  task3                                                               
118348d4  SEM_startAstar                                                      
118348d8  __CIOBUF_                                                           
11834c00  ti_sysbios_family_c64p_Hwi0                                         
11834c00  ti_sysbios_family_c64p_Hwi_int0                                     
11834c20  ti_sysbios_family_c64p_Hwi_int1                                     
11834c40  ti_sysbios_family_c64p_Hwi_int2                                     
11834c60  ti_sysbios_family_c64p_Hwi_int3                                     
11834c80  ti_sysbios_family_c64p_Hwi_int4                                     
11834ca0  ti_sysbios_family_c64p_Hwi_int5                                     
11834cc0  ti_sysbios_family_c64p_Hwi_int6                                     
11834ce0  ti_sysbios_family_c64p_Hwi_int7                                     
11834d00  ti_sysbios_family_c64p_Hwi_int8                                     
11834d20  ti_sysbios_family_c64p_Hwi_int9                                     
11834d40  ti_sysbios_family_c64p_Hwi_int10                                    
11834d60  ti_sysbios_family_c64p_Hwi_int11                                    
11834d80  ti_sysbios_family_c64p_Hwi_int12                                    
11834da0  ti_sysbios_family_c64p_Hwi_int13                                    
11834dc0  ti_sysbios_family_c64p_Hwi_int14                                    
11834de0  ti_sysbios_family_c64p_Hwi_int15                                    
118358c4  __TI_Handler_Table_Base                                             
118358cc  __TI_Handler_Table_Limit                                            
118358d0  __TI_CINIT_Base                                                     
118358f8  __TI_CINIT_Limit                                                    
ffffffff  __TI_pprof_out_hndl                                                 
ffffffff  __TI_prof_data_size                                                 
ffffffff  __TI_prof_data_start                                                
ffffffff  __binit__                                                           
ffffffff  __c_args__                                                          
ffffffff  binit                                                               
UNDEFED   __TI_INITARRAY_Base                                                 
UNDEFED   __TI_INITARRAY_Limit                                                
UNDEFED   __TI_TLS_INIT_Base                                                  
UNDEFED   __TI_TLS_INIT_Limit                                                 

[973 symbols]
