********************************************************************************
TMS320C6x Hex Converter                                                   v8.2.2
********************************************************************************

INPUT FILE NAME: <FinalContestRobot2.out>
OUTPUT FORMAT:   Binary

PHYSICAL MEMORY PARAMETERS
   Default data width   :   8
   Default memory width :   8
   Default output width :   8

BOOT LOADER PARAMETERS
   Table Address: 0x0000, PAGE 0
   Entry Point  : 0x1181bd80


OUTPUT TRANSLATION MAP
--------------------------------------------------------------------------------
00000000..0003ffff  Page=0  Memory Width=8  ROM Width=8  "SPIFLASH"
--------------------------------------------------------------------------------
   OUTPUT FILES: FinalContestRobot2.hex [b0..b7]

   CONTENTS: 00000000..000226df   BOOT TABLE
                            .vecs : btad=00000000  dest=1182dc00 size=00000200
                           .cinit : btad=0000020c  dest=1182deb0 size=00000a30
                            .text : btad=00000c44  dest=11800000 size=0001f300
                           .const : btad=0001ff4c  dest=11828150 size=00002682
                        .switch.1 : btad=000225d8  dest=1182dbb8 size=00000048
                        .switch.2 : btad=00022628  dest=1182de00 size=000000ac
