********************************************************************************
TMS320C6x Hex Converter                                                   v8.2.2
********************************************************************************

INPUT FILE NAME: <FinalContestRobot2.out>
OUTPUT FORMAT:   Binary

PHYSICAL MEMORY PARAMETERS
   Default data width   :   8
   Default memory width :   8
   Default output width :   8

BOOT LOADER PARAMETERS
   Table Address: 0x0000, PAGE 0
   Entry Point  : 0x1181c260


OUTPUT TRANSLATION MAP
--------------------------------------------------------------------------------
00000000..0003ffff  Page=0  Memory Width=8  ROM Width=8  "SPIFLASH"
--------------------------------------------------------------------------------
   OUTPUT FILES: FinalContestRobot2.hex [b0..b7]

   CONTENTS: 00000000..00022cc3   BOOT TABLE
                            .vecs : btad=00000000  dest=11830800 size=00000200
                           .cinit : btad=0000020c  dest=11830a00 size=00000b28
                            .text : btad=00000d3c  dest=11800000 size=0001f7e0
                         .const.1 : btad=00020524  dest=1181f7e0 size=00000020
                         .const.2 : btad=0002054c  dest=1182a978 size=00002680
                          .switch : btad=00022bd4  dest=118306a8 size=000000e4
