******************************************************************************
               TMS320C6x Linker PC v8.2.2                      
******************************************************************************
>> Linked Tue Apr 23 19:19:27 2019

OUTPUT FILE NAME:   <Lab8.out>
ENTRY POINT SYMBOL: "_c_int00"  address: 11819b60


MEMORY CONFIGURATION

         name            origin    length      used     unused   attr    fill
----------------------  --------  ---------  --------  --------  ----  --------
  IROM                  11700000   00100000  00000000  00100000  R  X
  IRAM                  11800000   00038000  0002c362  0000bc9e  RW X
  L3_CBA_RAM            80000000   00020000  00000000  00020000  RW X
  DDR                   c3000000   01000000  00000000  01000000  RW X


SEGMENT ALLOCATION MAP

run origin  load origin   length   init length attrs members
----------  ----------- ---------- ----------- ----- -------
11800000    11800000    0001d100   0001d100    r-x
  11800000    11800000    0001d0e0   0001d0e0    r-x .text
  1181d0e0    1181d0e0    00000020   00000020    r-- .const.1
1181d100    1181d100    00008d30   00000000    rw-
  1181d100    1181d100    00008d30   00000000    rw- .far.1
11825e30    11825e30    00000050   00000050    r--
  11825e30    11825e30    00000050   00000050    r-- .const.2
11825e80    11825e80    00000068   00000000    rw-
  11825e80    11825e80    00000068   00000000    rw- .far.2
11825ee8    11825ee8    000025d6   000025d6    r--
  11825ee8    11825ee8    000025d6   000025d6    r-- .const.3
118284c0    118284c0    000030fb   00000000    rw-
  118284c0    118284c0    00002000   00000000    rw- .stack
  1182a4c0    1182a4c0    00000dd4   00000000    rw- .fardata
  1182b294    1182b294    0000006c   00000000    rw- .bss
  1182b300    1182b300    000002bb   00000000    rw- .neardata
1182b5bc    1182b5bc    0000002c   00000000    r--
  1182b5bc    1182b5bc    0000002c   00000000    r-- .rodata
1182b5e8    1182b5e8    00000120   00000000    rw-
  1182b5e8    1182b5e8    00000120   00000000    rw- .cio
1182b708    1182b708    000000a4   000000a4    r--
  1182b708    1182b708    000000a4   000000a4    r-- .switch
1182b800    1182b800    00000bb8   00000bb8    r-x
  1182b800    1182b800    00000200   00000200    r-x .vecs
  1182ba00    1182ba00    000009b8   000009b8    r-- .cinit


SECTION ALLOCATION MAP

 output                                  attributes/
section   page    origin      length       input sections
--------  ----  ----------  ----------   ----------------
.stack     0    118284c0    00002000     UNINITIALIZED
                  118284c0    00000008     boot.ae674 : boot.oe674 (.stack)
                  118284c8    00001ff8     --HOLE--

.bss       0    1182b294    0000006c     UNINITIALIZED
                  1182b294    00000004     evmomapl138_bsl.lib : evmomapl138_i2c.obj (.bss)
                  1182b298    00000004     (.common:EDMA3_0_Regs)
                  1182b29c    00000004     (.common:EDMA3_1_Regs)
                  1182b2a0    00000004     (.common:Image_data)
                  1182b2a4    00000004     (.common:LCD_Image)
                  1182b2a8    00000004     (.common:LCD_mem)
                  1182b2ac    00000004     (.common:Linux_Image)
                  1182b2b0    00000004     (.common:Thres_Image)
                  1182b2b4    00000004     (.common:blue)
                  1182b2b8    00000004     (.common:c)
                  1182b2bc    00000004     (.common:cbar)
                  1182b2c0    00000004     (.common:current)
                  1182b2c4    00000004     (.common:delta)
                  1182b2c8    00000004     (.common:green)
                  1182b2cc    00000004     (.common:hue)
                  1182b2d0    00000004     (.common:index)
                  1182b2d4    00000004     (.common:k)
                  1182b2d8    00000004     (.common:largest_num_pixels)
                  1182b2dc    00000004     (.common:largest_object)
                  1182b2e0    00000004     (.common:min)
                  1182b2e4    00000004     (.common:pic_data)
                  1182b2e8    00000004     (.common:ptrshrdmem)
                  1182b2ec    00000004     (.common:r)
                  1182b2f0    00000004     (.common:rbar)
                  1182b2f4    00000004     (.common:red)
                  1182b2f8    00000004     (.common:sat)
                  1182b2fc    00000004     (.common:value)

.neardata 
*          0    1182b300    000002bb     UNINITIALIZED
                  1182b300    000000fc     user_Lab8.obj (.neardata)
                  1182b3fc    000000a0     ColorVision.obj (.neardata)
                  1182b49c    00000080     COECSL_edma3.obj (.neardata)
                  1182b51c    00000068     Ladar.obj (.neardata)
                  1182b584    00000028     COECSL_mcbsp.obj (.neardata)
                  1182b5ac    00000008     LCDprintf.obj (.neardata)
                  1182b5b4    00000007     ColorLCD.obj (.neardata)

.rodata    0    1182b5bc    0000002c     UNINITIALIZED
                  1182b5bc    0000002c     Lab8_pe674.oe674 (.rodata)

.cinit     0    1182ba00    000009b8     
                  1182ba00    00000878     (.cinit..fardata.load) [load image, compression = rle]
                  1182c278    000000b2     (.cinit..neardata.load) [load image, compression = rle]
                  1182c32a    00000032     (.cinit..rodata.load) [load image, compression = rle]
                  1182c35c    0000000b     (.cinit..far.1.load) [load image, compression = rle]
                  1182c367    00000009     (.cinit..bss.load) [load image, compression = rle]
                  1182c370    00000009     (.cinit..far.2.load) [load image, compression = rle]
                  1182c379    00000003     --HOLE-- [fill = 0]
                  1182c37c    00000008     (__TI_handler_table)
                  1182c384    00000004     --HOLE-- [fill = 0]
                  1182c388    00000030     (__TI_cinit_table)

.init_array 
*          0    11800000    00000000     UNINITIALIZED

.vecs      0    1182b800    00000200     
                  1182b800    00000200     Lab8_pe674.oe674 (.vecs)

xdc.meta   0    11800000    00000108     COPY SECTION
                  11800000    00000108     Lab8_pe674.oe674 (xdc.meta)

.text      0    11800000    0001d0e0     
                  11800000    00001f20     Ladar.obj (.text)
                  11801f20    00001e80     user_Lab8.obj (.text)
                  11803da0    00001ce0     rts6740_elf.lib : _printfi.obj (.text:__TI_printfi)
                  11805a80    00001a80                     : _scanfi.obj (.text:__TI_scanfi)
                  11807500    000013c0     ColorVision.obj (.text)
                  118088c0    00000fe0     evmomapl138_bsl.lib : evmomapl138.obj (.text)
                  118098a0    00000960     ColorLCD.obj (.text)
                  1180a200    000008a0     ti.targets.rts6000.ae674 : System.oe674 (.text:xdc_runtime_System_doPrint__I)
                  1180aaa0    00000780     evmomapl138_bsl.lib : evmomapl138_vpif.obj (.text)
                  1180b220    00000780     sysbios.ae674 : BIOS.obj (.text:ti_sysbios_family_c64p_Exception_handler__I)
                  1180b9a0    00000680     COECSL_mcbsp.obj (.text)
                  1180c020    00000680     rts6740_elf.lib : _printfi.obj (.text:_pconv_a)
                  1180c6a0    000005c0                     : divd.obj (.text:__c6xabi_divd)
                  1180cc60    00000560     evmomapl138_bsl.lib : evmomapl138_i2c.obj (.text)
                  1180d1c0    00000540                         : evmomapl138_i2c_gpio.obj (.text)
                  1180d700    00000540                         : evmomapl138_uart.obj (.text)
                  1180dc40    00000500     rts6740_elf.lib : _printfi.obj (.text:_pconv_g)
                  1180e140    000004e0                     : strtod.obj (.text:strtod)
                  1180e620    000004c0     COECSL_edma3.obj (.text)
                  1180eae0    000004a0     evmomapl138_bsl.lib : evmomapl138_spi.obj (.text)
                  1180ef80    000004a0     rts6740_elf.lib : strtoll.obj (.text:strtoll)
                  1180f420    00000480     evmomapl138_bsl.lib : evmomapl138_gpio.obj (.text)
                  1180f8a0    00000440     rts6740_elf.lib : strtoull.obj (.text:strtoull)
                  1180fce0    00000420                     : _printfi.obj (.text:_pconv_e)
                  11810100    000003e0                     : fputs.obj (.text:fputs)
                  118104e0    000003c0     sysbios.ae674 : BIOS.obj (.text:ti_sysbios_timers_timer64_Timer_Module_startup__E)
                  118108a0    000003a0     rts6740_elf.lib : strtol.obj (.text:strtol)
                  11810c40    00000360                     : fmodf.obj (.text:fmodf)
                  11810fa0    00000340     sysbios.ae674 : BIOS.obj (.text:ti_sysbios_knl_Semaphore_pend__E)
                  118112e0    00000340                   : BIOS.obj (.text:ti_sysbios_timers_timer64_Timer_deviceConfig__I)
                  11811620    00000340     Lab8_pe674.oe674 (.text:xdc_runtime_System_printfExtend__I)
                  11811960    00000320     rts6740_elf.lib : cos.obj (.text:cos)
                  11811c80    00000300                     : strtoul.obj (.text:strtoul)
                  11811f80    000002e0                     : sin.obj (.text:sin)
                  11812260    000002e0     sysbios.ae674 : BIOS.obj (.text:ti_sysbios_timers_timer64_Timer_setPeriodMicroSecs__E)
                  11812540    000002c0     ti.targets.rts6000.ae674 : LoggerBuf.oe674 (.text:xdc_runtime_LoggerBuf_write8__E)
                  11812800    000002a0     rts6740_elf.lib : divf.obj (.text:__c6xabi_divf)
                  11812aa0    000002a0                     : _printfi.obj (.text:_pconv_f)
                  11812d40    000002a0                     : _printfi.obj (.text:fcvt)
                  11812fe0    00000280                     : cosf.obj (.text:cosf)
                  11813260    00000260                     : imath64.obj (.text:__c6xabi_divull)
                  118134c0    00000260                     : sinf.obj (.text:sinf)
                  11813720    00000260     ti.targets.rts6000.ae674 : Startup.oe674 (.text:xdc_runtime_Startup_startMods__I)
                  11813980    00000240     sysbios.ae674 : BIOS.obj (.text:ti_sysbios_family_c64p_Exception_internalHandler__I)
                  11813bc0    00000220     rts6740_elf.lib : fputc.obj (.text:fputc)
                  11813de0    00000220                     : setvbuf.obj (.text:setvbuf)
                  11814000    00000200                     : _printfi.obj (.text:_ltostr)
                  11814200    00000200     sysbios.ae674 : c64p_Hwi_disp_always.obj (.text:_ti_sysbios_family_c64p_Hwi_dispatchAlways)
                  11814400    00000200     ti.targets.rts6000.ae674 : Error.oe674 (.text:xdc_runtime_Error_policyDefault__E)
                  11814600    000001e0     sysbios.ae674 : BIOS.obj (.text:ti_sysbios_family_c64p_Cache_block__I)
                  118147e0    000001e0     ti.targets.rts6000.ae674 : LoggerBuf.oe674 (.text:xdc_runtime_LoggerBuf_write4__E)
                  118149c0    000001e0                              : Text.oe674 (.text:xdc_runtime_Text_putSite__E)
                  11814ba0    000001c0     rts6740_elf.lib : imath40.obj (.text:__c6xabi_divul)
                  11814d60    000001c0                     : frexp.obj (.text:frexp)
                  11814f20    000001c0     sysbios.ae674 : BIOS.obj (.text:ti_sysbios_heaps_HeapMem_alloc__E)
                  118150e0    000001c0                   : BIOS.obj (.text:ti_sysbios_knl_Task_checkStacks__E)
                  118152a0    000001a0     rts6740_elf.lib : hostrename.obj (.text:HOSTrename)
                  11815440    000001a0     LCDprintf.obj (.text)
                  118155e0    000001a0     rts6740_elf.lib : _scanfi.obj (.text:_sproc_str)
                  11815780    000001a0                     : frexpf.obj (.text:frexpf)
                  11815920    000001a0     sysbios.ae674 : BIOS.obj (.text:ti_sysbios_family_c64p_Cache_getL2InitSize__I)
                  11815ac0    000001a0                   : BIOS.obj (.text:ti_sysbios_timers_timer64_Timer_start__E)
                  11815c60    00000180     evmomapl138_bsl.lib : evmomapl138_timer.obj (.text)
                  11815de0    00000180     rts6740_elf.lib : ldexp.obj (.text:ldexp)
                  11815f60    00000180                     : ldexpf.obj (.text:ldexpf)
                  118160e0    00000180     sysbios.ae674 : c64p_Exception_asm.obj (.text)
                  11816260    00000180                   : BIOS.obj (.text:ti_sysbios_knl_Task_sleep__E)
                  118163e0    00000160                   : BIOS.obj (.text:ti_sysbios_heaps_HeapMem_free__E)
                  11816540    00000160     ti.targets.rts6000.ae674 : Text.oe674 (.text:xdc_runtime_Text_putMod__E)
                  118166a0    00000140     rts6740_elf.lib : fclose.obj (.text:__TI_closefile)
                  118167e0    00000140                     : sscanf.obj (.text:_chkmbc)
                  11816920    00000140                     : getdevice.obj (.text:getdevice)
                  11816a60    00000140     sysbios.ae674 : BIOS.obj (.text:ti_sysbios_family_c64p_Cache_Module_startup__E)
                  11816ba0    00000140                   : BIOS.obj (.text:ti_sysbios_family_c64p_Cache_getL1DInitSize__I)
                  11816ce0    00000140                   : BIOS.obj (.text:ti_sysbios_family_c64p_Cache_getL1PInitSize__I)
                  11816e20    00000140                   : BIOS.obj (.text:ti_sysbios_knl_Task_postInit__I)
                  11816f60    00000140     ti.targets.rts6000.ae674 : LoggerBuf.oe674 (.text:xdc_runtime_LoggerBuf_setFilterLevel__E)
                  118170a0    00000140                              : Text.oe674 (.text:xdc_runtime_Text_putLab__E)
                  118171e0    00000120     boot.ae674 : autoinit.oe674 (.text:_auto_init_elf)
                  11817300    00000120     rts6740_elf.lib : fseek.obj (.text:fseek)
                  11817420    00000120     sysbios.ae674 : BIOS.obj (.text:ti_sysbios_family_c64p_Hwi_Module_startup__E)
                  11817540    00000120                   : BIOS.obj (.text:ti_sysbios_knl_Clock_workFunc__E)
                  11817660    00000120     ti.targets.rts6000.ae674 : LoggerBuf.oe674 (.text:xdc_runtime_LoggerBuf_getFilterLevel__E)
                  11817780    00000100     rts6740_elf.lib : copy_decompress_rle.obj (.text:__TI_decompress_rle_core)
                  11817880    00000100                     : _io_perm.obj (.text:__TI_wrt_ok)
                  11817980    00000100                     : atoi.obj (.text:atoi)
                  11817a80    00000100     pru.obj (.text)
                  11817b80    00000100     sysbios.ae674 : BIOS.obj (.text:ti_sysbios_knl_Swi_restoreHwi__E)
                  11817c80    00000100                   : BIOS.obj (.text:ti_sysbios_timers_timer64_Timer_initDevice__I)
                  11817d80    00000100     ti.targets.rts6000.ae674 : Error.oe674 (.text:xdc_runtime_Error_print__E)
                  11817e80    00000100                              : Memory.oe674 (.text:xdc_runtime_Memory_alloc__E)
                  11817f80    00000100                              : Startup.oe674 (.text:xdc_runtime_Startup_exec__E)
                  11818080    000000e0     rts6740_elf.lib : hostlseek.obj (.text:HOSTlseek)
                  11818160    000000e0                     : hostopen.obj (.text:HOSTopen)
                  11818240    000000e0                     : hostwrite.obj (.text:HOSTwrite)
                  11818320    000000e0                     : divi.obj (.text:__divi)
                  11818400    000000e0                     : close.obj (.text:close)
                  118184e0    000000e0                     : exit.obj (.text:exit)
                  118185c0    000000e0                     : ltoa.obj (.text:ltoa)
                  118186a0    000000e0                     : memset.obj (.text:memset)
                  11818780    000000e0                     : printf.obj (.text:printf)
                  11818860    000000e0     sysbios.ae674 : BIOS.obj (.text:ti_sysbios_knl_Swi_runLoop__I)
                  11818940    000000e0                   : BIOS.obj (.text:ti_sysbios_knl_Task_Module_startup__E)
                  11818a20    000000e0                   : BIOS.obj (.text:ti_sysbios_knl_Task_exit__E)
                  11818b00    000000e0                   : BIOS.obj (.text:ti_sysbios_knl_Task_schedule__I)
                  11818be0    000000e0                   : BIOS.obj (.text:ti_sysbios_timers_timer64_Timer_startup__E)
                  11818cc0    000000e0     ti.targets.rts6000.ae674 : Text.oe674 (.text:xdc_runtime_Text_visitRope2__I)
                  11818da0    000000c0     rts6740_elf.lib : hostread.obj (.text:HOSTread)
                  11818e60    000000c0                     : hostunlink.obj (.text:HOSTunlink)
                  11818f20    000000c0                     : fflush.obj (.text:__TI_doflush)
                  11818fe0    000000c0                     : divu.obj (.text:__divu)
                  118190a0    000000c0                     : _printfi.obj (.text:_ecpy)
                  11819160    000000c0     sysbios.ae674 : BIOS.obj (.text:ti_sysbios_family_c64p_Hwi_dispatchCore__I)
                  11819220    000000c0                   : BIOS.obj (.text:ti_sysbios_heaps_HeapMem_getStats__E)
                  118192e0    000000c0                   : BIOS.obj (.text:ti_sysbios_knl_Semaphore_post__E)
                  118193a0    000000c0                   : BIOS.obj (.text:ti_sysbios_knl_Swi_run__I)
                  11819460    000000c0                   : BIOS.obj (.text:ti_sysbios_knl_Swi_schedule__I)
                  11819520    000000c0                   : BIOS.obj (.text:ti_sysbios_knl_Task_startCore__E)
                  118195e0    000000c0     rts6740_elf.lib : tls.obj (.text:tls:init:__TI_tls_init)
                  118196a0    000000c0     ti.targets.rts6000.ae674 : Error.oe674 (.text:xdc_runtime_Error_setX__E)
                  11819760    000000c0                              : SysMin.oe674 (.text:xdc_runtime_SysMin_abort__E)
                  11819820    000000c0                              : SysMin.oe674 (.text:xdc_runtime_SysMin_flush__E)
                  118198e0    000000a0     rts6740_elf.lib : hostclose.obj (.text:HOSTclose)
                  11819980    000000a0                     : fopen.obj (.text:__TI_cleanup)
                  11819a20    000000a0                     : round.obj (.text:__c6xabi_nround)
                  11819ac0    000000a0                     : remu.obj (.text:__remu)
                  11819b60    000000a0     boot.ae674 : boot.oe674 (.text:_c_int00)
                  11819c00    000000a0     rts6740_elf.lib : memcpy64.obj (.text:memcpy)
                  11819ca0    000000a0                     : modf.obj (.text:modf)
                  11819d40    000000a0     sysbios.ae674 : BIOS.obj (.text:ti_sysbios_family_c64p_Exception_Module_startup__E)
                  11819de0    000000a0                   : BIOS.obj (.text:ti_sysbios_family_c64p_Hwi_eventMap__E)
                  11819e80    000000a0                   : BIOS.obj (.text:ti_sysbios_family_c64p_Hwi_getStackInfo__E)
                  11819f20    000000a0                   : BIOS.obj (.text:ti_sysbios_gates_GateMutex_enter__E)
                  11819fc0    000000a0                   : BIOS.obj (.text:ti_sysbios_heaps_HeapMem_init__I)
                  1181a060    000000a0                   : BIOS.obj (.text:ti_sysbios_knl_Task_allBlockedFunction__I)
                  1181a100    000000a0                   : BIOS.obj (.text:ti_sysbios_timers_timer64_Timer_stop__E)
                  1181a1a0    000000a0     ti.targets.rts6000.ae674 : SysMin.oe674 (.text:xdc_runtime_SysMin_putch__E)
                  1181a240    000000a0                              : System.oe674 (.text:xdc_runtime_System_formatNum__I)
                  1181a2e0    000000a0                              : System.oe674 (.text:xdc_runtime_System_putchar__I)
                  1181a380    000000a0                              : Text.oe674 (.text:xdc_runtime_Text_printVisFxn__I)
                  1181a420    000000a0                              : Text.oe674 (.text:xdc_runtime_Text_xprintf__I)
                  1181a4c0    00000080     rts6740_elf.lib : trgmsg.obj (.text:__TI_readmsg)
                  1181a540    00000080                     : llshift.obj (.text:__c6xabi_llshl)
                  1181a5c0    00000080                     : roundf.obj (.text:__c6xabi_roundf)
                  1181a640    00000080     sysbios.ae674 : c62_TaskSupport_asm.obj (.text:_ti_sysbios_family_c62_TaskSupport_swap__E)
                  1181a6c0    00000080     rts6740_elf.lib : getdevice.obj (.text:finddevice)
                  1181a740    00000080     sysbios.ae674 : BIOS.obj (.text:ti_sysbios_family_c64p_Cache_wait__E)
                  1181a7c0    00000080                   : BIOS.obj (.text:ti_sysbios_hal_Hwi_checkStack)
                  1181a840    00000080                   : BIOS.obj (.text:ti_sysbios_hal_Hwi_initStack)
                  1181a8c0    00000080                   : BIOS.obj (.text:ti_sysbios_knl_Idle_run__E)
                  1181a940    00000080                   : BIOS.obj (.text:ti_sysbios_knl_Swi_post__E)
                  1181a9c0    00000080                   : BIOS.obj (.text:ti_sysbios_knl_Swi_startup__E)
                  1181aa40    00000080                   : BIOS.obj (.text:ti_sysbios_knl_Task_processVitalTaskFlag__I)
                  1181aac0    00000080                   : BIOS.obj (.text:ti_sysbios_knl_Task_restoreHwi__E)
                  1181ab40    00000080                   : BIOS.obj (.text:ti_sysbios_knl_Task_restore__E)
                  1181abc0    00000080     Lab8_pe674.oe674 (.text:ti_sysbios_rts_MemAlloc_alloc)
                  1181ac40    00000080     rts6740_elf.lib : unlink.obj (.text:unlink)
                  1181acc0    00000080     ti.targets.rts6000.ae674 : LoggerBuf.oe674 (.text:xdc_runtime_LoggerBuf_Module_startup__E)
                  1181ad40    00000080                              : LoggerBuf.oe674 (.text:xdc_runtime_LoggerBuf_filterOutEvent__I)
                  1181adc0    00000080                              : System.oe674 (.text:xdc_runtime_System_atexit__E)
                  1181ae40    00000080                              : System.oe674 (.text:xdc_runtime_System_avprintf__E)
                  1181aec0    00000080                              : System.oe674 (.text:xdc_runtime_System_processAtExit__E)
                  1181af40    00000080                              : System.oe674 (.text:xdc_runtime_System_vprintf__E)
                  1181afc0    00000060     rts6740_elf.lib : trgmsg.obj (.text:__TI_writemsg)
                  1181b020    00000060                     : llshift.obj (.text:__c6xabi_llshru)
                  1181b080    00000060                     : imath64.obj (.text:__c6xabi_remull)
                  1181b0e0    00000060                     : imath64.obj (.text:_subcull)
                  1181b140    00000060     sysbios.ae674 : c64p_Hwi_asm_switch.obj (.text:_ti_sysbios_family_c64p_Hwi_switchAndDispatch__I)
                  1181b1a0    00000060                   : c64p_Hwi_asm_switch.obj (.text:_ti_sysbios_family_xxx_Hwi_switchAndRunFunc)
                  1181b200    00000060     rts6740_elf.lib : lseek.obj (.text:lseek)
                  1181b260    00000060                     : memccpy.obj (.text:memccpy)
                  1181b2c0    00000060                     : modff.obj (.text:modff)
                  1181b320    00000060                     : sprintf.obj (.text:sprintf)
                  1181b380    00000060                     : sscanf.obj (.text:sscanf)
                  1181b3e0    00000060                     : _scanfi.obj (.text:strrchr)
                  1181b440    00000060     Lab8_pe674.oe674 (.text:ti_sysbios_BIOS_atExitFunc__I)
                  1181b4a0    00000060     Lab8_pe674.oe674 (.text:ti_sysbios_BIOS_errorRaiseHook__I)
                  1181b500    00000060     Lab8_pe674.oe674 (.text:ti_sysbios_BIOS_rtsLock__I)
                  1181b560    00000060     Lab8_pe674.oe674 (.text:ti_sysbios_BIOS_rtsUnlock__I)
                  1181b5c0    00000060     sysbios.ae674 : BIOS.obj (.text:ti_sysbios_family_c62_TaskSupport_start__E)
                  1181b620    00000060                   : BIOS.obj (.text:ti_sysbios_family_c64p_Cache_marInit__I)
                  1181b680    00000060                   : BIOS.obj (.text:ti_sysbios_family_c64p_Cache_setMar__E)
                  1181b6e0    00000060     Lab8_pe674.oe674 (.text:ti_sysbios_heaps_HeapMem_Object__get__S)
                  1181b740    00000060     sysbios.ae674 : BIOS.obj (.text:ti_sysbios_knl_Clock_Module_startup__E)
                  1181b7a0    00000060     Lab8_pe674.oe674 (.text:ti_sysbios_knl_Clock_doTick__I)
                  1181b800    00000060     sysbios.ae674 : BIOS.obj (.text:ti_sysbios_knl_Semaphore_pendTimeout__I)
                  1181b860    00000060                   : BIOS.obj (.text:ti_sysbios_knl_Swi_Module_startup__E)
                  1181b8c0    00000060     Lab8_pe674.oe674 (.text:ti_sysbios_knl_Swi_Object__get__S)
                  1181b920    00000060     Lab8_pe674.oe674 (.text:ti_sysbios_knl_Task_Object__get__S)
                  1181b980    00000060     sysbios.ae674 : BIOS.obj (.text:ti_sysbios_knl_Task_enter__I)
                  1181b9e0    00000060                   : BIOS.obj (.text:ti_sysbios_knl_Task_unblockI__E)
                  1181ba40    00000060     rts6740_elf.lib : write.obj (.text:write)
                  1181baa0    00000060     Lab8_pe674.oe674 (.text:xdc_runtime_LoggerBuf_Object__get__S)
                  1181bb00    00000060     ti.targets.rts6000.ae674 : LoggerBuf.oe674 (.text:xdc_runtime_LoggerBuf_reset__E)
                  1181bb60    00000060     Lab8_pe674.oe674 (.text:xdc_runtime_SysMin_output__I)
                  1181bbc0    00000040     rts6740_elf.lib : frcmpyd_div.obj (.text:__TI_frcmpyd_div)
                  1181bc00    00000040                     : isinf.obj (.text:__c6xabi_isinf)
                  1181bc40    00000040                     : _printfi.obj (.text:__c6xabi_isnan)
                  1181bc80    00000040                     : args_main.obj (.text:_args_main)
                  1181bcc0    00000040                     : sprintf.obj (.text:_outs)
                  1181bd00    00000040                     : vsprintf.obj (.text:_outs)
                  1181bd40    00000040     sysbios.ae674 : c62_TaskSupport_asm.obj (.text:_ti_sysbios_family_c62_TaskSupport_buildTaskStack)
                  1181bd80    00000040     Lab8_pe674.oe674 (.text:free)
                  1181bdc0    00000040     Lab8_pe674.oe674 (.text:ti_sysbios_BIOS_exitFunc__I)
                  1181be00    00000040     Lab8_pe674.oe674 (.text:ti_sysbios_BIOS_registerRTSLock__I)
                  1181be40    00000040     Lab8_pe674.oe674 (.text:ti_sysbios_BIOS_removeRTSLock__I)
                  1181be80    00000040     Lab8_pe674.oe674 (.text:ti_sysbios_BIOS_startFunc__I)
                  1181bec0    00000040     Lab8_pe674.oe674 (.text:ti_sysbios_family_c64p_Hwi_Module__startupDone__F)
                  1181bf00    00000040     sysbios.ae674 : BIOS.obj (.text:ti_sysbios_family_c64p_Hwi_disableInterrupt__E)
                  1181bf40    00000040                   : BIOS.obj (.text:ti_sysbios_family_c64p_Hwi_dispatchC__I)
                  1181bf80    00000040                   : BIOS.obj (.text:ti_sysbios_family_c64p_Hwi_enableInterrupt__E)
                  1181bfc0    00000040                   : BIOS.obj (.text:ti_sysbios_family_c64p_primus_TimerSupport_enable__E)
                  1181c000    00000040                   : BIOS.obj (.text:ti_sysbios_gates_GateMutex_leave__E)
                  1181c040    00000040     Lab8_pe674.oe674 (.text:ti_sysbios_hal_Hwi_HwiProxy_getStackInfo__E)
                  1181c080    00000040     Lab8_pe674.oe674 (.text:ti_sysbios_knl_Clock_Module_State_clockQ)
                  1181c0c0    00000040     Lab8_pe674.oe674 (.text:ti_sysbios_knl_Queue_Object__get__S)
                  1181c100    00000040     Lab8_pe674.oe674 (.text:ti_sysbios_timers_timer64_Timer_Module__startupDone__F)
                  1181c140    00000040     rts6740_elf.lib : vsprintf.obj (.text:vsprintf)
                  1181c180    00000040     ti.targets.rts6000.ae674 : Error.oe674 (.text:xdc_runtime_Error_check__E)
                  1181c1c0    00000040                              : Error.oe674 (.text:xdc_runtime_Error_init__E)
                  1181c200    00000040     Lab8_pe674.oe674 (.text:xdc_runtime_IHeap_alloc)
                  1181c240    00000040     Lab8_pe674.oe674 (.text:xdc_runtime_IHeap_free)
                  1181c280    00000040     ti.targets.rts6000.ae674 : LoggerBuf.oe674 (.text:xdc_runtime_LoggerBuf_write0__E)
                  1181c2c0    00000040                              : LoggerBuf.oe674 (.text:xdc_runtime_LoggerBuf_write1__E)
                  1181c300    00000040                              : LoggerBuf.oe674 (.text:xdc_runtime_LoggerBuf_write2__E)
                  1181c340    00000040                              : Registry.oe674 (.text:xdc_runtime_Registry_findById__E)
                  1181c380    00000040     Lab8_pe674.oe674 (.text:xdc_runtime_Startup_exec__I)
                  1181c3c0    00000040     ti.targets.rts6000.ae674 : SysMin.oe674 (.text:xdc_runtime_SysMin_Module_startup__E)
                  1181c400    00000040                              : SysMin.oe674 (.text:xdc_runtime_SysMin_exit__E)
                  1181c440    00000040                              : System.oe674 (.text:xdc_runtime_System_abort__E)
                  1181c480    00000040     Lab8_pe674.oe674 (.text:xdc_runtime_System_aprintf__E)
                  1181c4c0    00000040     ti.targets.rts6000.ae674 : System.oe674 (.text:xdc_runtime_System_exit__E)
                  1181c500    00000040     Lab8_pe674.oe674 (.text:xdc_runtime_System_printf__E)
                  1181c540    00000040     Lab8_pe674.oe674 (.text:xdc_runtime_Text_visitRope__I)
                  1181c580    00000020     rts6740_elf.lib : errno.obj (.text:__c6xabi_errno_addr)
                  1181c5a0    00000020                     : trunc.obj (.text:__c6xabi_trunc)
                  1181c5c0    00000020                     : truncf.obj (.text:__c6xabi_truncf)
                  1181c5e0    00000020                     : sscanf.obj (.text:_inpchar)
                  1181c600    00000020                     : _lock.obj (.text:_nop)
                  1181c620    00000020                     : printf.obj (.text:_outc)
                  1181c640    00000020                     : sprintf.obj (.text:_outc)
                  1181c660    00000020                     : vsprintf.obj (.text:_outc)
                  1181c680    00000020                     : printf.obj (.text:_outs)
                  1181c6a0    00000020                     : _lock.obj (.text:_register_lock)
                  1181c6c0    00000020                     : _lock.obj (.text:_register_unlock)
                  1181c6e0    00000020     sysbios.ae674 : c62_TaskSupport_asm.obj (.text:_ti_sysbios_family_c62_TaskSupport_glue)
                  1181c700    00000020     rts6740_elf.lib : sscanf.obj (.text:_uninpchar)
                  1181c720    00000020                     : exit.obj (.text:abort)
                  1181c740    00000020                     : copy_decompress_none.obj (.text:decompress:none:__TI_decompress_none)
                  1181c760    00000020                     : copy_decompress_rle.obj (.text:decompress:rle24:__TI_decompress_rle24)
                  1181c780    00000020     Lab8_pe674.oe674 (.text:malloc)
                  1181c7a0    00000020     Lab8_pe674.oe674 (.text:ti_sysbios_BIOS_RtsGateProxy_enter__E)
                  1181c7c0    00000020     Lab8_pe674.oe674 (.text:ti_sysbios_BIOS_RtsGateProxy_leave__E)
                  1181c7e0    00000020     sysbios.ae674 : BIOS.obj (.text:ti_sysbios_BIOS_linkedWithIncorrectBootLibrary__E)
                  1181c800    00000020     Lab8_pe674.oe674 (.text:ti_sysbios_BIOS_nullFunc__I)
                  1181c820    00000020     sysbios.ae674 : BIOS.obj (.text:ti_sysbios_BIOS_setThreadType__E)
                  1181c840    00000020                   : BIOS.obj (.text:ti_sysbios_BIOS_start__E)
                  1181c860    00000020     Lab8_pe674.oe674 (.text:ti_sysbios_family_c62_TaskSupport_Module__startupDone__S)
                  1181c880    00000020     sysbios.ae674 : BIOS.obj (.text:ti_sysbios_family_c62_TaskSupport_checkStack__E)
                  1181c8a0    00000020                   : BIOS.obj (.text:ti_sysbios_family_c64p_Cache_inv__E)
                  1181c8c0    00000020                   : BIOS.obj (.text:ti_sysbios_family_c64p_Cache_wb__E)
                  1181c8e0    00000020     Lab8_pe674.oe674 (.text:ti_sysbios_family_c64p_Hwi_Module__startupDone__S)
                  1181c900    00000020     sysbios.ae674 : BIOS.obj (.text:ti_sysbios_family_c64p_Hwi_clearInterrupt__E)
                  1181c920    00000020                   : BIOS.obj (.text:ti_sysbios_family_c64p_Hwi_startup__E)
                  1181c940    00000020                   : BIOS.obj (.text:ti_sysbios_family_c64p_Hwi_switchFromBootStack__E)
                  1181c960    00000020                   : BIOS.obj (.text:ti_sysbios_family_c64p_TimestampProvider_Module_startup__E)
                  1181c980    00000020                   : BIOS.obj (.text:ti_sysbios_family_c64p_TimestampProvider_get64__E)
                  1181c9a0    00000020                   : BIOS.obj (.text:ti_sysbios_gates_GateHwi_enter__E)
                  1181c9c0    00000020                   : BIOS.obj (.text:ti_sysbios_gates_GateHwi_leave__E)
                  1181c9e0    00000020                   : BIOS.obj (.text:ti_sysbios_gates_GateHwi_query__E)
                  1181ca00    00000020                   : BIOS.obj (.text:ti_sysbios_gates_GateMutex_query__E)
                  1181ca20    00000020     Lab8_pe674.oe674 (.text:ti_sysbios_hal_Hwi_HwiProxy_Module__startupDone__S)
                  1181ca40    00000020     Lab8_pe674.oe674 (.text:ti_sysbios_hal_Hwi_HwiProxy_clearInterrupt__E)
                  1181ca60    00000020     Lab8_pe674.oe674 (.text:ti_sysbios_hal_Hwi_HwiProxy_disableInterrupt__E)
                  1181ca80    00000020     Lab8_pe674.oe674 (.text:ti_sysbios_hal_Hwi_HwiProxy_enableInterrupt__E)
                  1181caa0    00000020     Lab8_pe674.oe674 (.text:ti_sysbios_hal_Hwi_HwiProxy_startup__E)
                  1181cac0    00000020     Lab8_pe674.oe674 (.text:ti_sysbios_hal_Hwi_HwiProxy_switchFromBootStack__E)
                  1181cae0    00000020     sysbios.ae674 : BIOS.obj (.text:ti_sysbios_hal_Hwi_Module_startup__E)
                  1181cb00    00000020     Lab8_pe674.oe674 (.text:ti_sysbios_heaps_HeapMem_Module_GateProxy_enter__E)
                  1181cb20    00000020     Lab8_pe674.oe674 (.text:ti_sysbios_heaps_HeapMem_Module_GateProxy_leave__E)
                  1181cb40    00000020     Lab8_pe674.oe674 (.text:ti_sysbios_heaps_HeapMem_Module_GateProxy_query__E)
                  1181cb60    00000020     sysbios.ae674 : BIOS.obj (.text:ti_sysbios_heaps_HeapMem_isBlocking__E)
                  1181cb80    00000020     Lab8_pe674.oe674 (.text:ti_sysbios_knl_Clock_TimerProxy_Module__startupDone__S)
                  1181cba0    00000020     Lab8_pe674.oe674 (.text:ti_sysbios_knl_Clock_TimerProxy_getMaxTicks__E)
                  1181cbc0    00000020     sysbios.ae674 : BIOS.obj (.text:ti_sysbios_knl_Clock_getTicks__E)
                  1181cbe0    00000020                   : BIOS.obj (.text:ti_sysbios_knl_Clock_logTick__E)
                  1181cc00    00000020                   : BIOS.obj (.text:ti_sysbios_knl_Idle_loop__E)
                  1181cc20    00000020                   : BIOS.obj (.text:ti_sysbios_knl_Queue_empty__E)
                  1181cc40    00000020                   : BIOS.obj (.text:ti_sysbios_knl_Swi_disable__E)
                  1181cc60    00000020     Lab8_pe674.oe674 (.text:ti_sysbios_knl_Task_SupportProxy_Module__startupDone__S)
                  1181cc80    00000020     Lab8_pe674.oe674 (.text:ti_sysbios_knl_Task_SupportProxy_checkStack__E)
                  1181cca0    00000020     Lab8_pe674.oe674 (.text:ti_sysbios_knl_Task_SupportProxy_start__E)
                  1181ccc0    00000020     Lab8_pe674.oe674 (.text:ti_sysbios_knl_Task_SupportProxy_swap__E)
                  1181cce0    00000020     sysbios.ae674 : BIOS.obj (.text:ti_sysbios_knl_Task_disable__E)
                  1181cd00    00000020                   : BIOS.obj (.text:ti_sysbios_knl_Task_sleepTimeout__I)
                  1181cd20    00000020                   : BIOS.obj (.text:ti_sysbios_knl_Task_startup__E)
                  1181cd40    00000020     Lab8_pe674.oe674 (.text:ti_sysbios_timers_timer64_Timer_Module__startupDone__S)
                  1181cd60    00000020     Lab8_pe674.oe674 (.text:ti_sysbios_timers_timer64_Timer_TimerSupportProxy_enable__E)
                  1181cd80    00000020     sysbios.ae674 : BIOS.obj (.text:ti_sysbios_timers_timer64_Timer_getMaxTicks__E)
                  1181cda0    00000020     Lab8_pe674.oe674 (.text:xdc_iargToPtr)
                  1181cdc0    00000020     ti.targets.rts6000.ae674 : Error.oe674 (.text:xdc_runtime_Error_getSite__E)
                  1181cde0    00000020                              : Error.oe674 (.text:xdc_runtime_Error_raiseX__E)
                  1181ce00    00000020                              : Gate.oe674 (.text:xdc_runtime_Gate_enterSystem__E)
                  1181ce20    00000020                              : Gate.oe674 (.text:xdc_runtime_Gate_leaveSystem__E)
                  1181ce40    00000020     Lab8_pe674.oe674 (.text:xdc_runtime_LoggerBuf_Module_GateProxy_enter__E)
                  1181ce60    00000020     Lab8_pe674.oe674 (.text:xdc_runtime_LoggerBuf_Module_GateProxy_leave__E)
                  1181ce80    00000020     Lab8_pe674.oe674 (.text:xdc_runtime_LoggerBuf_TimestampProxy_get64__E)
                  1181cea0    00000020     ti.targets.rts6000.ae674 : LoggerBuf.oe674 (.text:xdc_runtime_LoggerBuf_disable__E)
                  1181cec0    00000020                              : LoggerBuf.oe674 (.text:xdc_runtime_LoggerBuf_enable__E)
                  1181cee0    00000020     Lab8_pe674.oe674 (.text:xdc_runtime_Memory_HeapProxy_alloc__E)
                  1181cf00    00000020     Lab8_pe674.oe674 (.text:xdc_runtime_Memory_HeapProxy_free__E)
                  1181cf20    00000020     ti.targets.rts6000.ae674 : Memory.oe674 (.text:xdc_runtime_Memory_free__E)
                  1181cf40    00000020                              : Memory.oe674 (.text:xdc_runtime_Memory_getMaxDefaultTypeAlign__E)
                  1181cf60    00000020     Lab8_pe674.oe674 (.text:xdc_runtime_Startup_reset__I)
                  1181cf80    00000020     ti.targets.rts6000.ae674 : Startup.oe674 (.text:xdc_runtime_Startup_rtsDone__E)
                  1181cfa0    00000020                              : SysMin.oe674 (.text:xdc_runtime_SysMin_ready__E)
                  1181cfc0    00000020     Lab8_pe674.oe674 (.text:xdc_runtime_System_Module_GateProxy_enter__E)
                  1181cfe0    00000020     Lab8_pe674.oe674 (.text:xdc_runtime_System_Module_GateProxy_leave__E)
                  1181d000    00000020     ti.targets.rts6000.ae674 : System.oe674 (.text:xdc_runtime_System_Module_startup__E)
                  1181d020    00000020     Lab8_pe674.oe674 (.text:xdc_runtime_System_SupportProxy_abort__E)
                  1181d040    00000020     Lab8_pe674.oe674 (.text:xdc_runtime_System_SupportProxy_exit__E)
                  1181d060    00000020     Lab8_pe674.oe674 (.text:xdc_runtime_System_SupportProxy_putch__E)
                  1181d080    00000020     Lab8_pe674.oe674 (.text:xdc_runtime_System_SupportProxy_ready__E)
                  1181d0a0    00000020     ti.targets.rts6000.ae674 : System.oe674 (.text:xdc_runtime_System_vsnprintf__E)
                  1181d0c0    00000020                              : Text.oe674 (.text:xdc_runtime_Text_ropeText__E)

.const.1   0    1181d0e0    00000020     
                  1181d0e0    00000018     ColorLCD.obj (.const:$P$T0$1)
                  1181d0f8    00000008     Lab8_pe674.oe674 (.const:ti_sysbios_knl_Idle_funcList__C)

.far.1     0    1181d100    00008d30     UNINITIALIZED
                  1181d100    000028c0     Lab8_pe674.oe674 (.far:taskStackSection)
                  1181f9c0    00001000     (.common:ti_sysbios_heaps_HeapMem_Instance_State_0_buf__A)
                  118209c0    00000fa0     (.common:enc0_array)
                  11821960    00000c00     (.common:object_stats)
                  11822560    00000578     (.common:LADARinBuffer)
                  11822ad8    00000400     (.common:equivalency_objects)
                  11822ed8    00000400     (.common:temp_equivalency_objects)
                  118232d8    000003e8     (.common:LADARangle)
                  118236c0    000003e8     (.common:LADARdataX)
                  11823aa8    000003e8     (.common:LADARdataY)
                  11823e90    000003e8     (.common:LADARdistance)
                  11824278    000003e8     (.common:newLADARangle)
                  11824660    000003e8     (.common:newLADARdataX)
                  11824a48    000003e8     (.common:newLADARdataY)
                  11824e30    000003e8     (.common:newLADARdistance)
                  11825218    0000039c     (.common:final_object_stats)
                  118255b4    00000004     --HOLE--
                  118255b8    00000200     (.common:xdc_runtime_LoggerBuf_Instance_State_0_entryArr__A)
                  118257b8    00000200     (.common:xdc_runtime_SysMin_Module_State_0_outbuf__A)
                  118259b8    00000140     (.common:__TI_tmpnams)
                  11825af8    00000102     (.common:fromLinuxstring)
                  11825bfa    00000006     --HOLE--
                  11825c00    00000102     (.common:toLinuxstring)
                  11825d02    00000006     --HOLE--
                  11825d08    00000028     (.common:i2cdata)
                  11825d30    0000001e     (.common:LADARoutBuffer)
                  11825d4e    00000002     --HOLE--
                  11825d50    00000014     (.common:Optitrackdata)
                  11825d64    0000000c     (.common:LADARps)
                  11825d70    0000000c     (.common:OPTITRACKps)
                  11825d7c    00000004     --HOLE--
                  11825d80    0000009c     (.common:f28335recData)
                  11825e1c    0000000c     (.common:ROBOTps)
                  11825e28    00000008     (.common:parmbuf)

.const.2   0    11825e30    00000050     
                  11825e30    00000050     rts6740_elf.lib : strtod.obj (.const:digits)

.far.2     0    11825e80    00000068     UNINITIALIZED
                  11825e80    00000068     (.common:f28335TXData)

.const.3   0    11825ee8    000025d6     
                  11825ee8    000019b9     Lab8_pe674.oe674 (.const:xdc_runtime_Text_charTab__A)
                  118278a1    00000001     Lab8_pe674.oe674 (.const:ti_sysbios_timers_timer64_Timer_localTimerBaseId__C)
                  118278a2    00000002     Lab8_pe674.oe674 (.const:ti_sysbios_family_c64p_Cache_Module__id__C)
                  118278a4    00000518     sysbios.ae674 : BIOS.obj (.const:.string)
                  11827dbc    00000004     Lab8_pe674.oe674 (.const:ti_sysbios_BIOS_installedErrorHook__C)
                  11827dc0    00000101     rts6740_elf.lib : ctype.obj (.const:.string:_ctypes_)
                  11827ec1    00000001     --HOLE-- [fill = 0]
                  11827ec2    00000002     Lab8_pe674.oe674 (.const:ti_sysbios_family_c64p_Exception_Module__id__C)
                  11827ec4    00000004     Lab8_pe674.oe674 (.const:ti_sysbios_family_c64p_Cache_EMIFA_BASE__C)
                  11827ec8    000000cc     Lab8_pe674.oe674 (.const:xdc_runtime_Text_nodeTab__A)
                  11827f94    00000004     Lab8_pe674.oe674 (.const:ti_sysbios_family_c64p_Cache_EMIFA_CFG__C)
                  11827f98    00000080     evmomapl138_bsl.lib : evmomapl138.obj (.const:bitval_u32)
                  11828018    00000058     ti.targets.rts6000.ae674 : Error.oe674 (.const:.string)
                  11828070    00000048     rts6740_elf.lib : strtod.obj (.const:powerof10)
                  118280b8    00000044     Ladar.obj (.const:.string)
                  118280fc    00000040     evmomapl138_bsl.lib : evmomapl138.obj (.const:.string)
                  1182813c    00000040     ti.targets.rts6000.ae674 : Text.oe674 (.const:.string)
                  1182817c    00000040     user_Lab8.obj (.const:.string)
                  118281bc    0000003c     Lab8_pe674.oe674 (.const:xdc_runtime_LoggerBuf_Module__FXNS__C)
                  118281f8    00000030     Lab8_pe674.oe674 (.const:xdc_runtime_Startup_sfxnTab__A)
                  11828228    0000002c     ti.targets.rts6000.ae674 : Startup.oe674 (.const:.string)
                  11828254    00000028     Lab8_pe674.oe674 (.const:ti_sysbios_heaps_HeapMem_Module__FXNS__C)
                  1182827c    00000024     rts6740_elf.lib : _printfi.obj (.const:.string)
                  118282a0    00000024     Lab8_pe674.oe674 (.const:ti_sysbios_gates_GateHwi_Module__FXNS__C)
                  118282c4    00000024     Lab8_pe674.oe674 (.const:ti_sysbios_gates_GateMutex_Module__FXNS__C)
                  118282e8    00000018     ti.targets.rts6000.ae674 : System.oe674 (.const:.string)
                  11828300    00000018     Lab8_pe674.oe674 (.const:xdc_runtime_Startup_sfxnRts__A)
                  11828318    00000010     evmomapl138_bsl.lib : evmomapl138_uart.obj (.const:.string)
                  11828328    00000008     Lab8_pe674.oe674 (.const:xdc_runtime_Startup_firstFxns__A)
                  11828330    00000008     Lab8_pe674.oe674 (.const:xdc_runtime_Startup_firstFxns__C)
                  11828338    00000008     Lab8_pe674.oe674 (.const:xdc_runtime_Startup_lastFxns__C)
                  11828340    00000007     rts6740_elf.lib : _scanfi.obj (.const:.string:flit$1)
                  11828347    00000001     --HOLE-- [fill = 0]
                  11828348    00000006                     : _scanfi.obj (.const:.string:barr$2)
                  1182834e    00000002     Lab8_pe674.oe674 (.const:ti_sysbios_family_c64p_Exception_useInternalBuffer__C)
                  11828350    00000004     Ladar.obj (.const:.string:$P$T0$1)
                  11828354    00000004     Lab8_pe674.oe674 (.const:ti_sysbios_family_c64p_Cache_EMIFA_LENGTH__C)
                  11828358    00000004     Lab8_pe674.oe674 (.const:ti_sysbios_family_c64p_Cache_EMIFB_BASE__C)
                  1182835c    00000004     Lab8_pe674.oe674 (.const:ti_sysbios_family_c64p_Cache_EMIFB_CFG__C)
                  11828360    00000004     Lab8_pe674.oe674 (.const:ti_sysbios_family_c64p_Cache_EMIFB_LENGTH__C)
                  11828364    00000004     Lab8_pe674.oe674 (.const:ti_sysbios_family_c64p_Cache_EMIFC_BASE__C)
                  11828368    00000004     Lab8_pe674.oe674 (.const:ti_sysbios_family_c64p_Cache_EMIFC_CFG__C)
                  1182836c    00000004     Lab8_pe674.oe674 (.const:ti_sysbios_family_c64p_Cache_EMIFC_LENGTH__C)
                  11828370    00000004     Lab8_pe674.oe674 (.const:ti_sysbios_family_c64p_Cache_E_invalidL1CacheSize__C)
                  11828374    00000004     Lab8_pe674.oe674 (.const:ti_sysbios_family_c64p_Cache_E_invalidL2CacheSize__C)
                  11828378    00000004     Lab8_pe674.oe674 (.const:ti_sysbios_family_c64p_Cache_MAR0_31__C)
                  1182837c    00000004     Lab8_pe674.oe674 (.const:ti_sysbios_family_c64p_Cache_MAR128_159__C)
                  11828380    00000004     Lab8_pe674.oe674 (.const:ti_sysbios_family_c64p_Cache_MAR160_191__C)
                  11828384    00000004     Lab8_pe674.oe674 (.const:ti_sysbios_family_c64p_Cache_MAR192_223__C)
                  11828388    00000004     Lab8_pe674.oe674 (.const:ti_sysbios_family_c64p_Cache_MAR224_255__C)
                  1182838c    00000004     Lab8_pe674.oe674 (.const:ti_sysbios_family_c64p_Cache_MAR32_63__C)
                  11828390    00000004     Lab8_pe674.oe674 (.const:ti_sysbios_family_c64p_Cache_MAR64_95__C)
                  11828394    00000004     Lab8_pe674.oe674 (.const:ti_sysbios_family_c64p_Cache_MAR96_127__C)
                  11828398    00000004     Lab8_pe674.oe674 (.const:ti_sysbios_family_c64p_Exception_E_exceptionMax__C)
                  1182839c    00000004     Lab8_pe674.oe674 (.const:ti_sysbios_family_c64p_Exception_exceptionHook__C)
                  118283a0    00000004     Lab8_pe674.oe674 (.const:ti_sysbios_family_c64p_Exception_externalHook__C)
                  118283a4    00000004     Lab8_pe674.oe674 (.const:ti_sysbios_family_c64p_Exception_internalHook__C)
                  118283a8    00000004     Lab8_pe674.oe674 (.const:ti_sysbios_family_c64p_Exception_nmiHook__C)
                  118283ac    00000004     Lab8_pe674.oe674 (.const:ti_sysbios_gates_GateMutex_Instance_State_sem__O)
                  118283b0    00000004     Lab8_pe674.oe674 (.const:ti_sysbios_hal_Hwi_E_stackOverflow__C)
                  118283b4    00000004     Lab8_pe674.oe674 (.const:ti_sysbios_heaps_HeapMem_E_memory__C)
                  118283b8    00000004     Lab8_pe674.oe674 (.const:ti_sysbios_heaps_HeapMem_Module__gateObj__C)
                  118283bc    00000004     Lab8_pe674.oe674 (.const:ti_sysbios_heaps_HeapMem_Object__count__C)
                  118283c0    00000004     Lab8_pe674.oe674 (.const:ti_sysbios_heaps_HeapMem_Object__table__C)
                  118283c4    00000004     Lab8_pe674.oe674 (.const:ti_sysbios_knl_Clock_Module_State_clockQ__O)
                  118283c8    00000004     Lab8_pe674.oe674 (.const:ti_sysbios_knl_Idle_funcList__A)
                  118283cc    00000004     Lab8_pe674.oe674 (.const:ti_sysbios_knl_Semaphore_Instance_State_pendQ__O)
                  118283d0    00000004     Lab8_pe674.oe674 (.const:ti_sysbios_knl_Swi_Object__count__C)
                  118283d4    00000004     Lab8_pe674.oe674 (.const:ti_sysbios_knl_Swi_Object__table__C)
                  118283d8    00000004     Lab8_pe674.oe674 (.const:ti_sysbios_knl_Task_E_spOutOfBounds__C)
                  118283dc    00000004     Lab8_pe674.oe674 (.const:ti_sysbios_knl_Task_E_stackOverflow__C)
                  118283e0    00000004     Lab8_pe674.oe674 (.const:ti_sysbios_knl_Task_Module_State_inactiveQ__O)
                  118283e4    00000004     Lab8_pe674.oe674 (.const:ti_sysbios_knl_Task_Object__count__C)
                  118283e8    00000004     Lab8_pe674.oe674 (.const:ti_sysbios_knl_Task_Object__table__C)
                  118283ec    00000004     Lab8_pe674.oe674 (.const:ti_sysbios_knl_Task_allBlockedFunc__C)
                  118283f0    00000004     Lab8_pe674.oe674 (.const:ti_sysbios_knl_Task_numConstructedTasks__C)
                  118283f4    00000004     Lab8_pe674.oe674 (.const:ti_sysbios_timers_timer64_Timer_E_cannotSupport__C)
                  118283f8    00000004     Lab8_pe674.oe674 (.const:ti_sysbios_timers_timer64_Timer_anyMaskHigh__C)
                  118283fc    00000004     Lab8_pe674.oe674 (.const:ti_sysbios_timers_timer64_Timer_anyMask__C)
                  11828400    00000004     Lab8_pe674.oe674 (.const:ti_sysbios_timers_timer64_Timer_freqDivisor__C)
                  11828404    00000004     Lab8_pe674.oe674 (.const:ti_sysbios_timers_timer64_Timer_numLocalTimers__C)
                  11828408    00000004     Lab8_pe674.oe674 (.const:ti_sysbios_timers_timer64_Timer_numTimerDevices__C)
                  1182840c    00000004     Lab8_pe674.oe674 (.const:xdc_runtime_Assert_E_assertFailed__C)
                  11828410    00000004     Lab8_pe674.oe674 (.const:xdc_runtime_Error_E_memory__C)
                  11828414    00000004     Lab8_pe674.oe674 (.const:xdc_runtime_Error_Module__diagsEnabled__C)
                  11828418    00000004     Lab8_pe674.oe674 (.const:xdc_runtime_Error_Module__diagsIncluded__C)
                  1182841c    00000004     Lab8_pe674.oe674 (.const:xdc_runtime_Error_Module__diagsMask__C)
                  11828420    00000004     Lab8_pe674.oe674 (.const:xdc_runtime_Error_Module__loggerFxn8__C)
                  11828424    00000004     Lab8_pe674.oe674 (.const:xdc_runtime_Error_Module__loggerObj__C)
                  11828428    00000004     Lab8_pe674.oe674 (.const:xdc_runtime_Error_policyFxn__C)
                  1182842c    00000004     Lab8_pe674.oe674 (.const:xdc_runtime_Error_policy__C)
                  11828430    00000004     Lab8_pe674.oe674 (.const:xdc_runtime_Error_raiseHook__C)
                  11828434    00000004     Lab8_pe674.oe674 (.const:xdc_runtime_IFilterLogger_Interface__BASE__C)
                  11828438    00000004     Lab8_pe674.oe674 (.const:xdc_runtime_IGateProvider_Interface__BASE__C)
                  1182843c    00000004     Lab8_pe674.oe674 (.const:xdc_runtime_IHeap_Interface__BASE__C)
                  11828440    00000004     Lab8_pe674.oe674 (.const:xdc_runtime_ILogger_Interface__BASE__C)
                  11828444    00000004     Lab8_pe674.oe674 (.const:xdc_runtime_IModule_Interface__BASE__C)
                  11828448    00000004     Lab8_pe674.oe674 (.const:xdc_runtime_Log_L_error__C)
                  1182844c    00000004     Lab8_pe674.oe674 (.const:xdc_runtime_LoggerBuf_E_badLevel__C)
                  11828450    00000004     Lab8_pe674.oe674 (.const:xdc_runtime_LoggerBuf_Module__gateObj__C)
                  11828454    00000004     Lab8_pe674.oe674 (.const:xdc_runtime_LoggerBuf_Object__count__C)
                  11828458    00000004     Lab8_pe674.oe674 (.const:xdc_runtime_LoggerBuf_Object__table__C)
                  1182845c    00000004     Lab8_pe674.oe674 (.const:xdc_runtime_LoggerBuf_statusLogger__C)
                  11828460    00000004     Lab8_pe674.oe674 (.const:xdc_runtime_Memory_defaultHeapInstance__C)
                  11828464    00000004     Lab8_pe674.oe674 (.const:xdc_runtime_Startup_execImpl__C)
                  11828468    00000004     Lab8_pe674.oe674 (.const:xdc_runtime_Startup_maxPasses__C)
                  1182846c    00000004     Lab8_pe674.oe674 (.const:xdc_runtime_Startup_sfxnRts__C)
                  11828470    00000004     Lab8_pe674.oe674 (.const:xdc_runtime_Startup_sfxnTab__C)
                  11828474    00000004     Lab8_pe674.oe674 (.const:xdc_runtime_Startup_startModsFxn__C)
                  11828478    00000004     Lab8_pe674.oe674 (.const:xdc_runtime_SysMin_bufSize__C)
                  1182847c    00000004     Lab8_pe674.oe674 (.const:xdc_runtime_SysMin_outputFunc__C)
                  11828480    00000004     Lab8_pe674.oe674 (.const:xdc_runtime_System_Module__gateObj__C)
                  11828484    00000004     Lab8_pe674.oe674 (.const:xdc_runtime_System_abortFxn__C)
                  11828488    00000004     Lab8_pe674.oe674 (.const:xdc_runtime_System_exitFxn__C)
                  1182848c    00000004     Lab8_pe674.oe674 (.const:xdc_runtime_System_extendFxn__C)
                  11828490    00000004     Lab8_pe674.oe674 (.const:xdc_runtime_System_maxAtexitHandlers__C)
                  11828494    00000004     Lab8_pe674.oe674 (.const:xdc_runtime_Text_charTab__C)
                  11828498    00000004     Lab8_pe674.oe674 (.const:xdc_runtime_Text_nodeTab__C)
                  1182849c    00000004     Lab8_pe674.oe674 (.const:xdc_runtime_Text_visitRopeFxn__C)
                  118284a0    00000002     Lab8_pe674.oe674 (.const:ti_sysbios_hal_Hwi_Module__id__C)
                  118284a2    00000002     Lab8_pe674.oe674 (.const:ti_sysbios_heaps_HeapMem_Module__id__C)
                  118284a4    00000002     Lab8_pe674.oe674 (.const:ti_sysbios_knl_Task_Module__id__C)
                  118284a6    00000002     Lab8_pe674.oe674 (.const:ti_sysbios_timers_timer64_Timer_Module__id__C)
                  118284a8    00000002     Lab8_pe674.oe674 (.const:ti_sysbios_timers_timer64_Timer_startupNeeded__C)
                  118284aa    00000002     Lab8_pe674.oe674 (.const:ti_sysbios_timers_timer64_Timer_useTimer64pRegMap__C)
                  118284ac    00000002     Lab8_pe674.oe674 (.const:xdc_runtime_Error_Module__loggerDefined__C)
                  118284ae    00000002     Lab8_pe674.oe674 (.const:xdc_runtime_Error_maxDepth__C)
                  118284b0    00000002     Lab8_pe674.oe674 (.const:xdc_runtime_LoggerBuf_Module__id__C)
                  118284b2    00000002     Lab8_pe674.oe674 (.const:xdc_runtime_LoggerBuf_filterByLevel__C)
                  118284b4    00000002     Lab8_pe674.oe674 (.const:xdc_runtime_Memory_Module__id__C)
                  118284b6    00000002     Lab8_pe674.oe674 (.const:xdc_runtime_SysMin_flushAtExit__C)
                  118284b8    00000002     Lab8_pe674.oe674 (.const:xdc_runtime_Text_isLoaded__C)
                  118284ba    00000002     Lab8_pe674.oe674 (.const:xdc_runtime_Text_registryModsLastId__C)
                  118284bc    00000002     Lab8_pe674.oe674 (.const:xdc_runtime_Text_unnamedModsLastId__C)

.fardata   0    1182a4c0    00000dd4     UNINITIALIZED
                  1182a4c0    0000025c     ColorVision.obj (.fardata:PRUCode)
                  1182a71c    00000004     rts6740_elf.lib : _lock.obj (.fardata:_lock)
                  1182a720    000001e0                     : defs.obj (.fardata:_ftable)
                  1182a900    00000114     Lab8_pe674.oe674 (.fardata:ti_sysbios_knl_Task_Object__table__V)
                  1182aa14    00000004     rts6740_elf.lib : _lock.obj (.fardata:_unlock)
                  1182aa18    000000c0     Lab8_pe674.oe674 (.fardata:ti_sysbios_knl_Swi_Object__table__V)
                  1182aad8    000000a0     rts6740_elf.lib : write.obj (.fardata:_stream)
                  1182ab78    00000080     Lab8_pe674.oe674 (.fardata:ti_sysbios_knl_Swi_Module_State_0_readyQ__A)
                  1182abf8    00000080     Lab8_pe674.oe674 (.fardata:ti_sysbios_knl_Task_Module_State_0_readyQ__A)
                  1182ac78    00000078     rts6740_elf.lib : write.obj (.fardata:_device)
                  1182acf0    00000078     Lab8_pe674.oe674 (.fardata:ti_sysbios_family_c64p_Hwi_Object__table__V)
                  1182ad68    0000006c     Lab8_pe674.oe674 (.fardata:ti_sysbios_family_c64p_Hwi_Module__state__V)
                  1182add4    00000004     rts6740_elf.lib : defs.obj (.fardata)
                  1182add8    00000060     Lab8_pe674.oe674 (.fardata:ti_sysbios_timers_timer64_Timer_Module_State_0_device__A)
                  1182ae38    00000050     Ladar.obj (.fardata:cornersX)
                  1182ae88    00000050     Ladar.obj (.fardata:cornersY)
                  1182aed8    00000050     Lab8_pe674.oe674 (.fardata:ti_sysbios_timers_timer64_Timer_Object__table__V)
                  1182af28    00000048     Lab8_pe674.oe674 (.fardata:ti_sysbios_knl_Task_Module__state__V)
                  1182af70    00000040     rts6740_elf.lib : cos.obj (.fardata:R$1)
                  1182afb0    00000040                     : sin.obj (.fardata:R$1)
                  1182aff0    00000040     Lab8_pe674.oe674 (.fardata:ti_sysbios_gates_GateMutex_Object__table__V)
                  1182b030    00000040     Lab8_pe674.oe674 (.fardata:ti_sysbios_knl_Clock_Object__table__V)
                  1182b070    00000030     Lab8_pe674.oe674 (.fardata:ti_sysbios_family_c64p_Exception_Module__state__V)
                  1182b0a0    0000002c     Lab8_pe674.oe674 (.fardata:ti_sysbios_knl_Clock_Module__state__V)
                  1182b0cc    00000004     rts6740_elf.lib : errno.obj (.fardata)
                  1182b0d0    00000028     Lab8_pe674.oe674 (.fardata:ti_sysbios_hal_Hwi_Object__table__V)
                  1182b0f8    00000024     Lab8_pe674.oe674 (.fardata:ti_sysbios_BIOS_Module__state__V)
                  1182b11c    00000004     Lab8_pe674.oe674 (.fardata:ti_sysbios_family_c64p_Cache_Module__state__V)
                  1182b120    00000024     Lab8_pe674.oe674 (.fardata:xdc_runtime_LoggerBuf_Object__table__V)
                  1182b144    00000004     Lab8_pe674.oe674 (.fardata:ti_sysbios_family_c64p_primus_TimerSupport_Module__state__V)
                  1182b148    00000020     Lab8_pe674.oe674 (.fardata:ti_sysbios_timers_timer64_Timer_Module_State_0_gctrl__A)
                  1182b168    00000020     Lab8_pe674.oe674 (.fardata:ti_sysbios_timers_timer64_Timer_Module_State_0_handles__A)
                  1182b188    00000020     Lab8_pe674.oe674 (.fardata:ti_sysbios_timers_timer64_Timer_Module_State_0_intFreqs__A)
                  1182b1a8    00000020     Lab8_pe674.oe674 (.fardata:xdc_runtime_Error_IgnoreBlock)
                  1182b1c8    0000001c     Lab8_pe674.oe674 (.fardata:ti_sysbios_knl_Swi_Module__state__V)
                  1182b1e4    00000004     Lab8_pe674.oe674 (.fardata:xdc_runtime_Memory_Module__state__V)
                  1182b1e8    00000018     Lab8_pe674.oe674 (.fardata:ti_sysbios_heaps_HeapMem_Object__table__V)
                  1182b200    00000018     Lab8_pe674.oe674 (.fardata:ti_sysbios_timers_timer64_Timer_Module__state__V)
                  1182b218    00000010     rts6740_elf.lib : cosf.obj (.fardata:R$1)
                  1182b228    00000010                     : sinf.obj (.fardata:R$1)
                  1182b238    00000010     Lab8_pe674.oe674 (.fardata:xdc_runtime_System_Module_State_0_atexitHandlers__A)
                  1182b248    0000000c     rts6740_elf.lib : exit.obj (.fardata)
                  1182b254    0000000c     Lab8_pe674.oe674 (.fardata:xdc_runtime_SysMin_Module__state__V)
                  1182b260    00000008     Lab8_pe674.oe674 (.fardata:ti_sysbios_family_c64p_primus_TimerSupport_Module_State_0_suspSrc__A)
                  1182b268    00000008     Lab8_pe674.oe674 (.fardata:xdc_runtime_Registry_Module__state__V)
                  1182b270    00000008     Lab8_pe674.oe674 (.fardata:xdc_runtime_Startup_Module__state__V)
                  1182b278    00000008     Lab8_pe674.oe674 (.fardata:xdc_runtime_System_Module__state__V)
                  1182b280    00000006     Lab8_pe674.oe674 (.fardata:xdc_runtime_LoggerBuf_Module__state__V)
                  1182b286    00000002     Lab8_pe674.oe674 (.fardata:xdc_runtime_Error_Module__state__V)
                  1182b288    00000004     Lab8_pe674.oe674 (.fardata:ti_sysbios_gates_GateHwi_Object__table__V)
                  1182b28c    00000004     --HOLE--
                  1182b290    00000004     Lab8_pe674.oe674 (.fardata:ti_sysbios_knl_Task_Module_State_0_idleTask__A)

.cio       0    1182b5e8    00000120     UNINITIALIZED
                  1182b5e8    00000120     rts6740_elf.lib : trgmsg.obj (.cio)

.switch    0    1182b708    000000a4     
                  1182b708    00000038     rts6740_elf.lib : _printfi.obj (.switch:__TI_printfi)
                  1182b740    00000028                     : _scanfi.obj (.switch:__TI_scanfi)
                  1182b768    00000024     evmomapl138_bsl.lib : evmomapl138_gpio.obj (.switch:getRegisterBankAndBit)
                  1182b78c    00000010                         : evmomapl138_spi.obj (.switch:SPI_init)
                  1182b79c    00000010     ColorVision.obj (.switch:userProcessColorImageFunc_laser)

MODULE SUMMARY

       Module                     code     ro data   rw data
       ------                     ----     -------   -------
    .\
       Ladar.obj                  7968     72        5718   
       user_Lab8.obj              7808     64        4804   
       ColorVision.obj            5056     16        6936   
       COECSL_edma3.obj           1216     0         4136   
       ColorLCD.obj               2400     24        11     
       COECSL_mcbsp.obj           1664     0         300    
       LCDprintf.obj              416      0         8      
       pru.obj                    256      0         0      
    +--+--------------------------+--------+---------+---------+
       Total:                     26784    176       21913  
                                                            
    C:\hzhou39_decamar2_ashwina2\SE423Repo\Labs\Lab8\Lab8Project\Debug\configPkg\package\cfg\
       Lab8_pe674.oe674           4608     7490      17376  
    +--+--------------------------+--------+---------+---------+
       Total:                     4608     7490      17376  
                                                            
    C:/hzhou39_decamar2_ashwina2/SE423Repo/LabFiles/bsl_forSYSBIOS/lib/evmomapl138_bsl.lib
       evmomapl138.obj            4064     192       0      
       evmomapl138_vpif.obj       1920     0         0      
       evmomapl138_i2c.obj        1376     0         4      
       evmomapl138_uart.obj       1344     16        0      
       evmomapl138_i2c_gpio.obj   1344     0         0      
       evmomapl138_spi.obj        1184     16        0      
       evmomapl138_gpio.obj       1152     36        0      
       evmomapl138_timer.obj      384      0         0      
    +--+--------------------------+--------+---------+---------+
       Total:                     12768    260       4      
                                                            
    C:\CCStudio_v8\bios_6_70_01_03\packages\ti\targets\rts6000\lib\boot.ae674
       autoinit.oe674             288      0         0      
       boot.oe674                 160      0         0      
    +--+--------------------------+--------+---------+---------+
       Total:                     448      0         0      
                                                            
    C:\CCStudio_v8\bios_6_70_01_03\packages\ti\targets\rts6000\lib\ti.targets.rts6000.ae674
       System.oe674               3232     24        0      
       LoggerBuf.oe674            2400     0         0      
       Text.oe674                 1728     64        0      
       Error.oe674                1152     88        0      
       Startup.oe674              896      44        0      
       SysMin.oe674               704      0         0      
       Memory.oe674               320      0         0      
       Gate.oe674                 64       0         0      
       Registry.oe674             64       0         0      
    +--+--------------------------+--------+---------+---------+
       Total:                     10560    220       0      
                                                            
    C:\CCStudio_v8\ccsv8\tools\compiler\ti-cgt-c6000_8.2.2\lib\rts6740_elf.lib
       _printfi.obj               13504    92        0      
       _scanfi.obj                7296     53        0      
       divd.obj                   1472     0         0      
       strtod.obj                 1248     152       0      
       strtoll.obj                1184     0         0      
       strtoull.obj               1088     0         0      
       fputs.obj                  992      0         0      
       strtol.obj                 928      0         0      
       cos.obj                    800      0         64     
       fmodf.obj                  864      0         0      
       defs.obj                   0        0         804    
       imath64.obj                800      0         0      
       sin.obj                    736      0         64     
       strtoul.obj                768      0         0      
       divf.obj                   672      0         0      
       cosf.obj                   640      0         16     
       sinf.obj                   608      0         16     
       fputc.obj                  544      0         0      
       setvbuf.obj                544      0         0      
       trgmsg.obj                 224      0         288    
       sscanf.obj                 480      0         0      
       frexp.obj                  448      0         0      
       getdevice.obj              448      0         0      
       imath40.obj                448      0         0      
       frexpf.obj                 416      0         0      
       hostrename.obj             416      0         0      
       ldexp.obj                  384      0         0      
       ldexpf.obj                 384      0         0      
       write.obj                  96       0         280    
       fclose.obj                 320      0         0      
       copy_decompress_rle.obj    288      0         0      
       fseek.obj                  288      0         0      
       printf.obj                 288      0         0      
       exit.obj                   256      0         12     
       ctype.obj                  0        257       0      
       _io_perm.obj               256      0         0      
       atoi.obj                   256      0         0      
       hostopen.obj               224      0         8      
       close.obj                  224      0         0      
       divi.obj                   224      0         0      
       hostlseek.obj              224      0         0      
       hostwrite.obj              224      0         0      
       llshift.obj                224      0         0      
       ltoa.obj                   224      0         0      
       memset.obj                 224      0         0      
       divu.obj                   192      0         0      
       fflush.obj                 192      0         0      
       hostread.obj               192      0         0      
       hostunlink.obj             192      0         0      
       sprintf.obj                192      0         0      
       tls.obj                    192      0         0      
       fopen.obj                  160      0         0      
       hostclose.obj              160      0         0      
       memcpy64.obj               160      0         0      
       modf.obj                   160      0         0      
       remu.obj                   160      0         0      
       round.obj                  160      0         0      
       vsprintf.obj               160      0         0      
       roundf.obj                 128      0         0      
       unlink.obj                 128      0         0      
       _lock.obj                  96       0         8      
       lseek.obj                  96       0         0      
       memccpy.obj                96       0         0      
       modff.obj                  96       0         0      
       args_main.obj              64       0         0      
       frcmpyd_div.obj            64       0         0      
       isinf.obj                  64       0         0      
       errno.obj                  32       0         4      
       copy_decompress_none.obj   32       0         0      
       trunc.obj                  32       0         0      
       truncf.obj                 32       0         0      
    +--+--------------------------+--------+---------+---------+
       Total:                     45408    554       1564   
                                                            
    C:\hzhou39_decamar2_ashwina2\SE423Repo\Labs\Lab8\SYSBIOS\src\sysbios\sysbios.ae674
       BIOS.obj                   17632    1304      0      
       c64p_Hwi_disp_always.obj   512      0         0      
       c64p_Exception_asm.obj     384      0         0      
       c62_TaskSupport_asm.obj    224      0         0      
       c64p_Hwi_asm_switch.obj    192      0         0      
    +--+--------------------------+--------+---------+---------+
       Total:                     18944    1304      0      
                                                            
       Stack:                     0        0         8192   
       Linker Generated:          0        2481      0      
    +--+--------------------------+--------+---------+---------+
       Grand Total:               119520   12485     49049  


LINKER GENERATED COPY TABLES

__TI_cinit_table @ 1182c388 records: 6, size/record: 8, table size: 48
	.fardata: load addr=1182ba00, load size=00000878 bytes, run addr=1182a4c0, run size=00000dd4 bytes, compression=rle
	.neardata: load addr=1182c278, load size=000000b2 bytes, run addr=1182b300, run size=000002bb bytes, compression=rle
	.rodata: load addr=1182c32a, load size=00000032 bytes, run addr=1182b5bc, run size=0000002c bytes, compression=rle
	.far.1: load addr=1182c35c, load size=0000000b bytes, run addr=1181d100, run size=00008d30 bytes, compression=rle
	.bss: load addr=1182c367, load size=00000009 bytes, run addr=1182b294, run size=0000006c bytes, compression=rle
	.far.2: load addr=1182c370, load size=00000009 bytes, run addr=11825e80, run size=00000068 bytes, compression=rle


LINKER GENERATED HANDLER TABLE

__TI_handler_table @ 1182c37c records: 2, size/record: 4, table size: 8
	index: 0, handler: __TI_decompress_rle24
	index: 1, handler: __TI_decompress_none


GLOBAL SYMBOLS: SORTED ALPHABETICALLY BY Name 

address   name                                                                
-------   ----                                                                
1180034c  Bresenhamline                                                       
1181c720  C$$EXIT                                                             
1181b018  C$$IO$$                                                             
1182b5c0  CLK_addtime                                                         
1182b5c4  CLK_startMcBSP                                                      
1182b450  Cdifference                                                         
11807524  Check_Equivalency                                                   
11803a2c  ComWithLinux                                                        
1180e7ec  EDMA3_0_ISR                                                         
1182b298  EDMA3_0_Regs                                                        
1180e700  EDMA3_1_ISR                                                         
1182b29c  EDMA3_1_Regs                                                        
11809790  EVMOMAPL138_enableDsp                                               
1180910c  EVMOMAPL138_init                                                    
11808f88  EVMOMAPL138_initRAM                                                 
11808e8c  EVMOMAPL138_lpscTransition                                          
11808e40  EVMOMAPL138_pinmuxConfig                                            
1182b4f0  F28335_Extra1                                                       
1182b4f4  F28335_Extra2                                                       
1182b4f8  F28335_Extra3                                                       
1182b4fc  F28335_Extra4                                                       
118075a4  Fix_Equivalency                                                     
1180f828  GPIO_getInput                                                       
1180f7c0  GPIO_getOutput                                                      
1180f564  GPIO_setDir                                                         
1180f5d0  GPIO_setOutput                                                      
1180f640  GPIO_toggleLoop                                                     
118198e0  HOSTclose                                                           
11818080  HOSTlseek                                                           
11818160  HOSTopen                                                            
11818da0  HOSTread                                                            
118152a0  HOSTrename                                                          
11818e60  HOSTunlink                                                          
11818240  HOSTwrite                                                           
1182b5d4  HWI4_VPIF95                                                         
1182b5dc  HWI5_EDMA3_1                                                        
1182b5d8  HWI7_PRU6                                                           
1182b5c8  HWI8_EDMA3_0                                                        
1180d5ac  I2CGPIO_getInput                                                    
1180d450  I2CGPIO_getInputAll                                                 
1180d364  I2CGPIO_init                                                        
1180d230  I2CGPIO_setOutput                                                   
1180d1c0  I2CGPIO_setOutputAll                                                
1180cc60  I2C_init                                                            
1180cee0  I2C_read                                                            
1180cd6c  I2C_write                                                           
1182b2a0  Image_data                                                          
1182b3ac  KpGyro                                                              
1182b368  KpLight                                                             
1182b394  Kp_front_wall                                                       
1182b390  Kp_right_wall                                                       
1182b3a4  Kp_sharp_right                                                      
11801930  LADAR_Get_and_Process_Scan                                          
118012ec  LADAR_scan                                                          
11801080  LADAR_sendG                                                         
118232d8  LADARangle                                                          
1182b558  LADARcenterFt                                                       
118236c0  LADARdataX                                                          
11823aa8  LADARdataY                                                          
11801470  LADARdetections2xy                                                  
11823e90  LADARdistance                                                       
11822560  LADARinBuffer                                                       
1182b554  LADARleftFt                                                         
11825d30  LADARoutBuffer                                                      
1182b524  LADARprocess                                                        
11825d64  LADARps                                                             
1182b520  LADARready                                                          
1182b55c  LADARrightFt                                                        
11801e54  LADARtask                                                           
11809df8  LCD                                                                 
1181558c  LCDPrintfLine                                                       
1182b2a4  LCD_Image                                                           
1182b2a8  LCD_mem                                                             
118002e8  LCD_saturate                                                        
1182b5ac  LCDnewMsgLine1                                                      
1182b5b0  LCDnewMsgLine2                                                      
11815440  LCDvPrintfLine                                                      
1182b324  LVvalue1                                                            
1182b328  LVvalue2                                                            
[...]
1182b294  __TI_STATIC_BASE                                                    
1182b298  EDMA3_0_Regs                                                        
1182b29c  EDMA3_1_Regs                                                        
1182b2a0  Image_data                                                          
1182b2a4  LCD_Image                                                           
1182b2a8  LCD_mem                                                             
1182b2ac  Linux_Image                                                         
1182b2b0  Thres_Image                                                         
1182b2b4  blue                                                                
1182b2b8  c                                                                   
1182b2bc  cbar                                                                
1182b2c0  current                                                             
1182b2c4  delta                                                               
1182b2c8  green                                                               
1182b2cc  hue                                                                 
1182b2d0  index                                                               
1182b2d4  k                                                                   
1182b2d8  largest_num_pixels                                                  
1182b2dc  largest_object                                                      
1182b2e0  min                                                                 
1182b2e4  pic_data                                                            
1182b2e8  ptrshrdmem                                                          
1182b2ec  r                                                                   
1182b2f0  rbar                                                                
1182b2f4  red                                                                 
1182b2f8  sat                                                                 
1182b2fc  value                                                               
1182b300  blue_center_x                                                       
1182b304  blue_center_y                                                       
1182b308  blue_area                                                           
1182b30c  green_center_x                                                      
1182b310  green_center_y                                                      
1182b314  green_area                                                          
1182b318  vref                                                                
1182b31c  turn                                                                
1182b320  tskcount                                                            
1182b324  LVvalue1                                                            
1182b328  LVvalue2                                                            
1182b32c  new_LV_data                                                         
1182b330  newnavdata                                                          
1182b334  newvref                                                             
1182b338  newturn                                                             
1182b33c  trackableIDerror                                                    
1182b340  firstdata                                                           
1182b344  new_optitrack                                                       
1182b348  previous_frame                                                      
1182b34c  frame_error                                                         
1182b350  temp_theta                                                          
1182b354  tempOPTITRACK_theta                                                 
1182b358  temp_trackableID                                                    
1182b35c  trackableID                                                         
1182b360  errorcheck                                                          
1182b364  colorerror                                                          
1182b368  KpLight                                                             
1182b36c  p1                                                                  
1182b370  p2                                                                  
1182b374  p3                                                                  
1182b378  p4                                                                  
1182b37c  ft                                                                  
1182b380  cntturn                                                             
1182b384  ref_right_wall                                                      
1182b388  left_turn_Start_threshold                                           
1182b38c  left_turn_Stop_threshold                                            
1182b390  Kp_right_wall                                                       
1182b394  Kp_front_wall                                                       
1182b398  front_turn_velocity                                                 
1182b39c  turn_command_saturation                                             
1182b3a0  sharp_right_threshold                                               
1182b3a4  Kp_sharp_right                                                      
1182b3a8  left_turn_corner_threshold                                          
1182b3ac  KpGyro                                                              
1182b3b0  gyro_zero                                                           
1182b3b4  p1_old                                                              
1182b3b8  p2_old                                                              
1182b3bc  gyro_sum                                                            
1182b3c0  angular_vel                                                         
1182b3c4  orientation                                                         
1182b3c8  old_angular_vel                                                     
1182b3cc  p1_current                                                          
1182b3d0  p2_current                                                          
1182b3d4  v1                                                                  
1182b3d8  v2                                                                  
1182b3dc  x                                                                   
1182b3e0  y                                                                   
1182b3e4  wall_follow_state                                                   
1182b3e8  cnt_chk1                                                            
1182b3ec  cnt_chk2                                                            
1182b3f0  update_Timer                                                        
1182b3f4  timecount                                                           
1182b3f8  whichled                                                            
1182b3fc  updateLCD                                                           
1182b400  testvar                                                             
1182b404  noimagefound                                                        
1182b408  green_object_x                                                      
1182b40c  green_object_y                                                      
1182b410  blue_object_x                                                       
1182b414  blue_object_y                                                       
1182b418  new_coordata                                                        
1182b41c  colorstate                                                          
1182b420  green_numpels                                                       
1182b424  blue_numpels                                                        
1182b428  new_num_found_objects                                               
1182b42c  new_object_theta                                                    
1182b430  new_C20                                                             
1182b434  new_C02                                                             
1182b438  top                                                                 
1182b43c  left                                                                
1182b440  num_unique_objects                                                  
1182b444  current_object                                                      
1182b448  color                                                               
1182b44c  color2                                                              
1182b450  Cdifference                                                         
1182b454  neighbor_type                                                       
1182b458  too_many_objects                                                    
1182b45c  object_detected                                                     
1182b460  print_hue                                                           
1182b461  print_sat                                                           
1182b462  print_val                                                           
1182b463  print_r                                                             
1182b464  print_b                                                             
1182b465  print_g                                                             
1182b468  specs_s                                                             
1182b46c  specs_srad                                                          
1182b470  specs_v                                                             
1182b474  specs_vrad                                                          
1182b478  specs_h                                                             
1182b47c  specs_h2                                                            
1182b480  specs_hrad                                                          
1182b484  object_x                                                            
1182b488  object_y                                                            
1182b48c  numpels                                                             
1182b490  VPIF_beginning_line                                                 
1182b494  equivalency                                                         
1182b498  done                                                                
1182b49c  f28335RecFirsttime                                                  
1182b4a0  enc1                                                                
1182b4a4  enc2                                                                
1182b4a8  enc3                                                                
1182b4ac  enc4                                                                
1182b4b0  compass                                                             
1182b4b4  switchstate                                                         
1182b4b8  adcA0                                                               
1182b4bc  adcB0                                                               
1182b4c0  adcA1                                                               
1182b4c4  adcB1                                                               
1182b4c8  adcA2                                                               
1182b4cc  adcB2                                                               
1182b4d0  adcA3                                                               
1182b4d4  adcB3                                                               
1182b4d8  adcA4                                                               
1182b4dc  adcB4                                                               
1182b4e0  adcA5                                                               
1182b4e4  adcB5                                                               
1182b4e8  adcA6                                                               
1182b4ec  adcA7                                                               
1182b4f0  F28335_Extra1                                                       
1182b4f4  F28335_Extra2                                                       
1182b4f8  F28335_Extra3                                                       
1182b4fc  F28335_Extra4                                                       
1182b500  new_sendtolinux_F28335_Extra                                        
1182b504  send_F28335_Extra1                                                  
1182b508  send_F28335_Extra2                                                  
1182b50c  send_F28335_Extra3                                                  
1182b510  send_F28335_Extra4                                                  
1182b514  num_EDMA3_0                                                         
1182b518  numofints                                                           
1182b51c  scalingLadar                                                        
1182b520  LADARready                                                          
1182b524  LADARprocess                                                        
1182b528  uart1count                                                          
1182b52c  numReadings                                                         
1182b530  errL                                                                
1182b534  errC                                                                
1182b538  errR                                                                
1182b53c  tLADARleftFt                                                        
1182b540  tLADARcenterFt                                                      
1182b544  tLADARrightFt                                                       
1182b548  cPrevLADARdata                                                      
1182b549  cLADARdata                                                          
1182b54c  iLADARrcv                                                           
1182b550  cCommandName                                                        
1182b554  LADARleftFt                                                         
1182b558  LADARcenterFt                                                       
1182b55c  LADARrightFt                                                        
1182b560  numreadings_lastscan                                                
1182b564  startAngle                                                          
1182b568  stepSize                                                            
1182b56c  newLADARdata                                                        
1182b570  robotX                                                              
1182b574  robotY                                                              
1182b578  robotT                                                              
1182b57c  tempSign                                                            
1182b580  tempOff                                                             
1182b584  servosPosted                                                        
1182b588  newServos                                                           
1182b58c  McBSPrecerror                                                       
1182b590  firsttimeintMCBSPrec                                                
1182b594  timeint                                                             
1182b598  mcbspReset                                                          
1182b59c  testcount                                                           
1182b5a0  danindex                                                            
1182b5a4  firsttimeLine1                                                      
1182b5a8  firsttimeLine2                                                      
1182b5ac  LCDnewMsgLine1                                                      
1182b5b0  LCDnewMsgLine2                                                      
1182b5b4  bluegain                                                            
1182b5b8  bkgrnd_red                                                          
1182b5b9  bkgrnd_green                                                        
1182b5ba  bkgrnd_blue                                                         
1182b5bc  SWI_RobotControl                                                    
1182b5c0  CLK_addtime                                                         
1182b5c4  CLK_startMcBSP                                                      
1182b5c8  HWI8_EDMA3_0                                                        
1182b5cc  SWI_LCD                                                             
1182b5d0  SWI_vision                                                          
1182b5d4  HWI4_VPIF95                                                         
1182b5d8  HWI7_PRU6                                                           
1182b5dc  HWI5_EDMA3_1                                                        
1182b5e0  TASK_ComWithLinux                                                   
1182b5e4  TASK_LADAR                                                          
1182b5e8  __CIOBUF_                                                           
1182b800  ti_sysbios_family_c64p_Hwi0                                         
1182b800  ti_sysbios_family_c64p_Hwi_int0                                     
1182b820  ti_sysbios_family_c64p_Hwi_int1                                     
1182b840  ti_sysbios_family_c64p_Hwi_int2                                     
1182b860  ti_sysbios_family_c64p_Hwi_int3                                     
1182b880  ti_sysbios_family_c64p_Hwi_int4                                     
1182b8a0  ti_sysbios_family_c64p_Hwi_int5                                     
1182b8c0  ti_sysbios_family_c64p_Hwi_int6                                     
1182b8e0  ti_sysbios_family_c64p_Hwi_int7                                     
1182b900  ti_sysbios_family_c64p_Hwi_int8                                     
1182b920  ti_sysbios_family_c64p_Hwi_int9                                     
1182b940  ti_sysbios_family_c64p_Hwi_int10                                    
1182b960  ti_sysbios_family_c64p_Hwi_int11                                    
1182b980  ti_sysbios_family_c64p_Hwi_int12                                    
1182b9a0  ti_sysbios_family_c64p_Hwi_int13                                    
1182b9c0  ti_sysbios_family_c64p_Hwi_int14                                    
1182b9e0  ti_sysbios_family_c64p_Hwi_int15                                    
1182c37c  __TI_Handler_Table_Base                                             
1182c384  __TI_Handler_Table_Limit                                            
1182c388  __TI_CINIT_Base                                                     
1182c3b8  __TI_CINIT_Limit                                                    
ffffffff  __TI_pprof_out_hndl                                                 
ffffffff  __TI_prof_data_size                                                 
ffffffff  __TI_prof_data_start                                                
ffffffff  __binit__                                                           
ffffffff  __c_args__                                                          
ffffffff  binit                                                               
UNDEFED   __TI_INITARRAY_Base                                                 
UNDEFED   __TI_INITARRAY_Limit                                                
UNDEFED   __TI_TLS_INIT_Base                                                  
UNDEFED   __TI_TLS_INIT_Limit                                                 

[865 symbols]
