********************************************************************************
TMS320C6x Hex Converter                                                   v8.2.2
********************************************************************************

INPUT FILE NAME: <Lab8.out>
OUTPUT FORMAT:   Binary

PHYSICAL MEMORY PARAMETERS
   Default data width   :   8
   Default memory width :   8
   Default output width :   8

BOOT LOADER PARAMETERS
   Table Address: 0x0000, PAGE 0
   Entry Point  : 0x11819b60


OUTPUT TRANSLATION MAP
--------------------------------------------------------------------------------
00000000..0003ffff  Page=0  Memory Width=8  ROM Width=8  "SPIFLASH"
--------------------------------------------------------------------------------
   OUTPUT FILES: Lab8.hex [b0..b7]

   CONTENTS: 00000000..000203c3   BOOT TABLE
                            .vecs : btad=00000000  dest=1182b800 size=00000200
                           .cinit : btad=0000020c  dest=1182ba00 size=000009b8
                            .text : btad=00000bcc  dest=11800000 size=0001d0e0
                         .const.1 : btad=0001dcb4  dest=1181d0e0 size=00000020
                         .const.2 : btad=0001dcdc  dest=11825e30 size=00000050
                         .const.3 : btad=0001dd34  dest=11825ee8 size=000025d6
                          .switch : btad=00020314  dest=1182b708 size=000000a4
