<?xml version="1.0"?>
<link_info>
   <banner>TMS320C2000 Linker PC v17.6.0.STS</banner>
   <copyright>Copyright (c) 1996-2017 Texas Instruments Incorporated</copyright>
   <link_time>0x5c5b7686</link_time>
   <link_errors>0x0</link_errors>
   <output_file>Lab3.out</output_file>
   <entry_point>
      <name>_c_int00</name>
      <address>0x302963</address>
   </entry_point>
   <input_file_list>
      <input_file id="fl-2">
         <path>.\</path>
         <kind>object</kind>
         <file>28335_dma.obj</file>
         <name>28335_dma.obj</name>
      </input_file>
      <input_file id="fl-3">
         <path>.\</path>
         <kind>object</kind>
         <file>28335_eqep.obj</file>
         <name>28335_eqep.obj</name>
      </input_file>
      <input_file id="fl-4">
         <path>.\</path>
         <kind>object</kind>
         <file>28335_inits.obj</file>
         <name>28335_inits.obj</name>
      </input_file>
      <input_file id="fl-5">
         <path>.\</path>
         <kind>object</kind>
         <file>28335_mcbsp.obj</file>
         <name>28335_mcbsp.obj</name>
      </input_file>
      <input_file id="fl-6">
         <path>.\</path>
         <kind>object</kind>
         <file>28335_pwm.obj</file>
         <name>28335_pwm.obj</name>
      </input_file>
      <input_file id="fl-7">
         <path>.\</path>
         <kind>object</kind>
         <file>28335_serial.obj</file>
         <name>28335_serial.obj</name>
      </input_file>
      <input_file id="fl-8">
         <path>.\</path>
         <kind>object</kind>
         <file>28335_spi.obj</file>
         <name>28335_spi.obj</name>
      </input_file>
      <input_file id="fl-9">
         <path>.\</path>
         <kind>object</kind>
         <file>DSP2833x_ADC_cal.obj</file>
         <name>DSP2833x_ADC_cal.obj</name>
      </input_file>
      <input_file id="fl-a">
         <path>.\</path>
         <kind>object</kind>
         <file>DSP2833x_Adc.obj</file>
         <name>DSP2833x_Adc.obj</name>
      </input_file>
      <input_file id="fl-b">
         <path>.\</path>
         <kind>object</kind>
         <file>DSP2833x_CSMPasswords.obj</file>
         <name>DSP2833x_CSMPasswords.obj</name>
      </input_file>
      <input_file id="fl-c">
         <path>.\</path>
         <kind>object</kind>
         <file>DSP2833x_CodeStartBranch.obj</file>
         <name>DSP2833x_CodeStartBranch.obj</name>
      </input_file>
      <input_file id="fl-d">
         <path>.\</path>
         <kind>object</kind>
         <file>DSP2833x_CpuTimers.obj</file>
         <name>DSP2833x_CpuTimers.obj</name>
      </input_file>
      <input_file id="fl-e">
         <path>.\</path>
         <kind>object</kind>
         <file>DSP2833x_GlobalVariableDefs.obj</file>
         <name>DSP2833x_GlobalVariableDefs.obj</name>
      </input_file>
      <input_file id="fl-f">
         <path>.\</path>
         <kind>object</kind>
         <file>DSP2833x_Mcbsp.obj</file>
         <name>DSP2833x_Mcbsp.obj</name>
      </input_file>
      <input_file id="fl-10">
         <path>.\</path>
         <kind>object</kind>
         <file>DSP2833x_PieCtrl.obj</file>
         <name>DSP2833x_PieCtrl.obj</name>
      </input_file>
      <input_file id="fl-11">
         <path>.\</path>
         <kind>object</kind>
         <file>DSP2833x_Spi.obj</file>
         <name>DSP2833x_Spi.obj</name>
      </input_file>
      <input_file id="fl-12">
         <path>.\</path>
         <kind>object</kind>
         <file>DSP2833x_SysCtrl.obj</file>
         <name>DSP2833x_SysCtrl.obj</name>
      </input_file>
      <input_file id="fl-13">
         <path>.\</path>
         <kind>object</kind>
         <file>DSP2833x_usDelay.obj</file>
         <name>DSP2833x_usDelay.obj</name>
      </input_file>
      <input_file id="fl-14">
         <path>.\</path>
         <kind>object</kind>
         <file>i2c.obj</file>
         <name>i2c.obj</name>
      </input_file>
      <input_file id="fl-15">
         <path>.\</path>
         <kind>object</kind>
         <file>lcd.obj</file>
         <name>lcd.obj</name>
      </input_file>
      <input_file id="fl-16">
         <path>.\</path>
         <kind>object</kind>
         <file>user_Lab3.obj</file>
         <name>user_Lab3.obj</name>
      </input_file>
      <input_file id="fl-1b">
         <path>C:\hzhou39_decamar2_ashwina2\SE423Repo\Labs\Lab3\Lab3Project\Debug\configPkg\package\cfg\</path>
         <kind>object</kind>
         <file>Lab3_p28FP.o28FP</file>
         <name>Lab3_p28FP.o28FP</name>
      </input_file>
      <input_file id="fl-22">
         <kind>object</kind>
         <file>&lt;internal&gt;</file>
         <name>&lt;internal&gt;</name>
      </input_file>
      <input_file id="fl-23">
         <path>C:\hzhou39_decamar2_ashwina2\SE423Repo\Labs\Lab3\SYSBIOS\src\sysbios\</path>
         <kind>archive</kind>
         <file>sysbios.a28FP</file>
         <name>BIOS.obj</name>
      </input_file>
      <input_file id="fl-24">
         <path>C:\hzhou39_decamar2_ashwina2\SE423Repo\Labs\Lab3\SYSBIOS\src\sysbios\</path>
         <kind>archive</kind>
         <file>sysbios.a28FP</file>
         <name>c28_Hwi_asm.obj</name>
      </input_file>
      <input_file id="fl-25">
         <path>C:\hzhou39_decamar2_ashwina2\SE423Repo\Labs\Lab3\SYSBIOS\src\sysbios\</path>
         <kind>archive</kind>
         <file>sysbios.a28FP</file>
         <name>c28_Hwi_disp_asm.obj</name>
      </input_file>
      <input_file id="fl-26">
         <path>C:\hzhou39_decamar2_ashwina2\SE423Repo\Labs\Lab3\SYSBIOS\src\sysbios\</path>
         <kind>archive</kind>
         <file>sysbios.a28FP</file>
         <name>c28_IntrinsicsSupport_asm.obj</name>
      </input_file>
      <input_file id="fl-27">
         <path>C:\hzhou39_decamar2_ashwina2\SE423Repo\Labs\Lab3\SYSBIOS\src\sysbios\</path>
         <kind>archive</kind>
         <file>sysbios.a28FP</file>
         <name>c28_TaskSupport_asm.obj</name>
      </input_file>
      <input_file id="fl-28">
         <path>C:\CCStudio_v8\bios_6_70_01_03\packages\ti\catalog\c2800\init\lib\</path>
         <kind>archive</kind>
         <file>Boot.a28FP</file>
         <name>Boot.o28FP</name>
      </input_file>
      <input_file id="fl-29">
         <path>C:\CCStudio_v8\bios_6_70_01_03\packages\ti\targets\rts2800\lib\</path>
         <kind>archive</kind>
         <file>ti.targets.rts2800.a28FP</file>
         <name>Core-smem.o28FP</name>
      </input_file>
      <input_file id="fl-2a">
         <path>C:\CCStudio_v8\bios_6_70_01_03\packages\ti\targets\rts2800\lib\</path>
         <kind>archive</kind>
         <file>ti.targets.rts2800.a28FP</file>
         <name>Core-label.o28FP</name>
      </input_file>
      <input_file id="fl-2b">
         <path>C:\CCStudio_v8\bios_6_70_01_03\packages\ti\targets\rts2800\lib\</path>
         <kind>archive</kind>
         <file>ti.targets.rts2800.a28FP</file>
         <name>Core-params.o28FP</name>
      </input_file>
      <input_file id="fl-2c">
         <path>C:\CCStudio_v8\bios_6_70_01_03\packages\ti\targets\rts2800\lib\</path>
         <kind>archive</kind>
         <file>ti.targets.rts2800.a28FP</file>
         <name>Error.o28FP</name>
      </input_file>
      <input_file id="fl-2d">
         <path>C:\CCStudio_v8\bios_6_70_01_03\packages\ti\targets\rts2800\lib\</path>
         <kind>archive</kind>
         <file>ti.targets.rts2800.a28FP</file>
         <name>Gate.o28FP</name>
      </input_file>
      <input_file id="fl-2e">
         <path>C:\CCStudio_v8\bios_6_70_01_03\packages\ti\targets\rts2800\lib\</path>
         <kind>archive</kind>
         <file>ti.targets.rts2800.a28FP</file>
         <name>LoggerBuf.o28FP</name>
      </input_file>
      <input_file id="fl-2f">
         <path>C:\CCStudio_v8\bios_6_70_01_03\packages\ti\targets\rts2800\lib\</path>
         <kind>archive</kind>
         <file>ti.targets.rts2800.a28FP</file>
         <name>Memory.o28FP</name>
      </input_file>
      <input_file id="fl-30">
         <path>C:\CCStudio_v8\bios_6_70_01_03\packages\ti\targets\rts2800\lib\</path>
         <kind>archive</kind>
         <file>ti.targets.rts2800.a28FP</file>
         <name>Startup.o28FP</name>
      </input_file>
      <input_file id="fl-31">
         <path>C:\CCStudio_v8\bios_6_70_01_03\packages\ti\targets\rts2800\lib\</path>
         <kind>archive</kind>
         <file>ti.targets.rts2800.a28FP</file>
         <name>System.o28FP</name>
      </input_file>
      <input_file id="fl-32">
         <path>C:\CCStudio_v8\bios_6_70_01_03\packages\ti\targets\rts2800\lib\</path>
         <kind>archive</kind>
         <file>ti.targets.rts2800.a28FP</file>
         <name>SysMin.o28FP</name>
      </input_file>
      <input_file id="fl-33">
         <path>C:\CCStudio_v8\bios_6_70_01_03\packages\ti\targets\rts2800\lib\</path>
         <kind>archive</kind>
         <file>ti.targets.rts2800.a28FP</file>
         <name>Text.o28FP</name>
      </input_file>
      <input_file id="fl-34">
         <path>C:\CCStudio_v8\bios_6_70_01_03\packages\ti\targets\rts2800\lib\</path>
         <kind>archive</kind>
         <file>ti.targets.rts2800.a28FP</file>
         <name>xdc_noinit.o28FP</name>
      </input_file>
      <input_file id="fl-35">
         <path>C:\CCStudio_v8\bios_6_70_01_03\packages\ti\targets\rts2800\lib\</path>
         <kind>archive</kind>
         <file>ti.targets.rts2800.a28FP</file>
         <name>Assert.o28FP</name>
      </input_file>
      <input_file id="fl-36">
         <path>C:\CCStudio_v8\bios_6_70_01_03\packages\ti\targets\rts2800\lib\</path>
         <kind>archive</kind>
         <file>ti.targets.rts2800.a28FP</file>
         <name>Log.o28FP</name>
      </input_file>
      <input_file id="fl-37">
         <path>C:\CCStudio_v8\bios_6_70_01_03\packages\ti\targets\rts2800\lib\</path>
         <kind>archive</kind>
         <file>ti.targets.rts2800.a28FP</file>
         <name>Registry.o28FP</name>
      </input_file>
      <input_file id="fl-38">
         <path>C:\CCStudio_v8\bios_6_70_01_03\packages\ti\targets\rts2800\lib\</path>
         <kind>archive</kind>
         <file>boot.a28FP</file>
         <name>boot_cg.o28FP</name>
      </input_file>
      <input_file id="fl-44">
         <path>C:\CCStudio_v8\ccsv8\tools\compiler\ti-cgt-c2000_17.6.0.STS\lib\</path>
         <kind>archive</kind>
         <file>rts2800_fpu32.lib</file>
         <name>fs_div28.obj</name>
      </input_file>
      <input_file id="fl-45">
         <path>C:\CCStudio_v8\ccsv8\tools\compiler\ti-cgt-c2000_17.6.0.STS\lib\</path>
         <kind>archive</kind>
         <file>rts2800_fpu32.lib</file>
         <name>ll_div28.obj</name>
      </input_file>
      <input_file id="fl-46">
         <path>C:\CCStudio_v8\ccsv8\tools\compiler\ti-cgt-c2000_17.6.0.STS\lib\</path>
         <kind>archive</kind>
         <file>rts2800_fpu32.lib</file>
         <name>l_div28.obj</name>
      </input_file>
      <input_file id="fl-47">
         <path>C:\CCStudio_v8\ccsv8\tools\compiler\ti-cgt-c2000_17.6.0.STS\lib\</path>
         <kind>archive</kind>
         <file>rts2800_fpu32.lib</file>
         <name>cpy_tbl.obj</name>
      </input_file>
      <input_file id="fl-48">
         <path>C:\CCStudio_v8\ccsv8\tools\compiler\ti-cgt-c2000_17.6.0.STS\lib\</path>
         <kind>archive</kind>
         <file>rts2800_fpu32.lib</file>
         <name>memcpy.obj</name>
      </input_file>
      <input_file id="fl-49">
         <path>C:\CCStudio_v8\ccsv8\tools\compiler\ti-cgt-c2000_17.6.0.STS\lib\</path>
         <kind>archive</kind>
         <file>rts2800_fpu32.lib</file>
         <name>pre_init.obj</name>
      </input_file>
      <input_file id="fl-4a">
         <path>C:\CCStudio_v8\ccsv8\tools\compiler\ti-cgt-c2000_17.6.0.STS\lib\</path>
         <kind>archive</kind>
         <file>rts2800_fpu32.lib</file>
         <name>startup.obj</name>
      </input_file>
      <input_file id="fl-4b">
         <path>C:\CCStudio_v8\ccsv8\tools\compiler\ti-cgt-c2000_17.6.0.STS\lib\</path>
         <kind>archive</kind>
         <file>rts2800_fpu32.lib</file>
         <name>exit.obj</name>
      </input_file>
      <input_file id="fl-4c">
         <path>C:\CCStudio_v8\ccsv8\tools\compiler\ti-cgt-c2000_17.6.0.STS\lib\</path>
         <kind>archive</kind>
         <file>rts2800_fpu32.lib</file>
         <name>_lock.obj</name>
      </input_file>
      <input_file id="fl-4d">
         <path>C:\CCStudio_v8\ccsv8\tools\compiler\ti-cgt-c2000_17.6.0.STS\lib\</path>
         <kind>archive</kind>
         <file>rts2800_fpu32.lib</file>
         <name>args_main.obj</name>
      </input_file>
      <input_file id="fl-4e">
         <path>C:\CCStudio_v8\ccsv8\tools\compiler\ti-cgt-c2000_17.6.0.STS\lib\</path>
         <kind>archive</kind>
         <file>rts2800_fpu32.lib</file>
         <name>memset.obj</name>
      </input_file>
      <input_file id="fl-4f">
         <path>C:\CCStudio_v8\ccsv8\tools\compiler\ti-cgt-c2000_17.6.0.STS\lib\</path>
         <kind>archive</kind>
         <file>rts2800_fpu32.lib</file>
         <name>strcmp.obj</name>
      </input_file>
      <input_file id="fl-50">
         <path>C:\CCStudio_v8\ccsv8\tools\compiler\ti-cgt-c2000_17.6.0.STS\lib\</path>
         <kind>archive</kind>
         <file>rts2800_fpu32.lib</file>
         <name>strlen.obj</name>
      </input_file>
      <input_file id="fl-51">
         <path>C:\CCStudio_v8\ccsv8\tools\compiler\ti-cgt-c2000_17.6.0.STS\lib\</path>
         <kind>archive</kind>
         <file>rts2800_fpu32.lib</file>
         <name>hostwrite.obj</name>
      </input_file>
      <input_file id="fl-52">
         <path>C:\CCStudio_v8\ccsv8\tools\compiler\ti-cgt-c2000_17.6.0.STS\lib\</path>
         <kind>archive</kind>
         <file>rts2800_fpu32.lib</file>
         <name>trgmsg.obj</name>
      </input_file>
      <input_file id="fl-53">
         <path>C:\CCStudio_v8\ccsv8\tools\compiler\ti-cgt-c2000_17.6.0.STS\lib\</path>
         <kind>archive</kind>
         <file>rts2800_fpu32.lib</file>
         <name>vsprintf.obj</name>
      </input_file>
      <input_file id="fl-54">
         <path>C:\CCStudio_v8\ccsv8\tools\compiler\ti-cgt-c2000_17.6.0.STS\lib\</path>
         <kind>archive</kind>
         <file>rts2800_fpu32.lib</file>
         <name>_printfi.obj</name>
      </input_file>
      <input_file id="fl-55">
         <path>C:\CCStudio_v8\ccsv8\tools\compiler\ti-cgt-c2000_17.6.0.STS\lib\</path>
         <kind>archive</kind>
         <file>rts2800_fpu32.lib</file>
         <name>atoi.obj</name>
      </input_file>
      <input_file id="fl-56">
         <path>C:\CCStudio_v8\ccsv8\tools\compiler\ti-cgt-c2000_17.6.0.STS\lib\</path>
         <kind>archive</kind>
         <file>rts2800_fpu32.lib</file>
         <name>ctype.obj</name>
      </input_file>
      <input_file id="fl-57">
         <path>C:\CCStudio_v8\ccsv8\tools\compiler\ti-cgt-c2000_17.6.0.STS\lib\</path>
         <kind>archive</kind>
         <file>rts2800_fpu32.lib</file>
         <name>ltoa.obj</name>
      </input_file>
      <input_file id="fl-58">
         <path>C:\CCStudio_v8\ccsv8\tools\compiler\ti-cgt-c2000_17.6.0.STS\lib\</path>
         <kind>archive</kind>
         <file>rts2800_fpu32.lib</file>
         <name>memccpy.obj</name>
      </input_file>
      <input_file id="fl-59">
         <path>C:\CCStudio_v8\ccsv8\tools\compiler\ti-cgt-c2000_17.6.0.STS\lib\</path>
         <kind>archive</kind>
         <file>rts2800_fpu32.lib</file>
         <name>strchr.obj</name>
      </input_file>
      <input_file id="fl-5a">
         <path>C:\CCStudio_v8\ccsv8\tools\compiler\ti-cgt-c2000_17.6.0.STS\lib\</path>
         <kind>archive</kind>
         <file>rts2800_fpu32.lib</file>
         <name>strcpy.obj</name>
      </input_file>
      <input_file id="fl-5b">
         <path>C:\CCStudio_v8\ccsv8\tools\compiler\ti-cgt-c2000_17.6.0.STS\lib\</path>
         <kind>archive</kind>
         <file>rts2800_fpu32.lib</file>
         <name>hostopen.obj</name>
      </input_file>
      <input_file id="fl-5c">
         <path>C:\CCStudio_v8\ccsv8\tools\compiler\ti-cgt-c2000_17.6.0.STS\lib\</path>
         <kind>archive</kind>
         <file>rts2800_fpu32.lib</file>
         <name>s_frexp.obj</name>
      </input_file>
      <input_file id="fl-5d">
         <path>C:\CCStudio_v8\ccsv8\tools\compiler\ti-cgt-c2000_17.6.0.STS\lib\</path>
         <kind>archive</kind>
         <file>rts2800_fpu32.lib</file>
         <name>s_scalbn.obj</name>
      </input_file>
      <input_file id="fl-5e">
         <path>C:\CCStudio_v8\ccsv8\tools\compiler\ti-cgt-c2000_17.6.0.STS\lib\</path>
         <kind>archive</kind>
         <file>rts2800_fpu32.lib</file>
         <name>fd_add28.obj</name>
      </input_file>
      <input_file id="fl-5f">
         <path>C:\CCStudio_v8\ccsv8\tools\compiler\ti-cgt-c2000_17.6.0.STS\lib\</path>
         <kind>archive</kind>
         <file>rts2800_fpu32.lib</file>
         <name>fd_cmp28.obj</name>
      </input_file>
      <input_file id="fl-60">
         <path>C:\CCStudio_v8\ccsv8\tools\compiler\ti-cgt-c2000_17.6.0.STS\lib\</path>
         <kind>archive</kind>
         <file>rts2800_fpu32.lib</file>
         <name>fd_div28.obj</name>
      </input_file>
      <input_file id="fl-61">
         <path>C:\CCStudio_v8\ccsv8\tools\compiler\ti-cgt-c2000_17.6.0.STS\lib\</path>
         <kind>archive</kind>
         <file>rts2800_fpu32.lib</file>
         <name>fd_mpy28.obj</name>
      </input_file>
      <input_file id="fl-62">
         <path>C:\CCStudio_v8\ccsv8\tools\compiler\ti-cgt-c2000_17.6.0.STS\lib\</path>
         <kind>archive</kind>
         <file>rts2800_fpu32.lib</file>
         <name>fd_neg28.obj</name>
      </input_file>
      <input_file id="fl-63">
         <path>C:\CCStudio_v8\ccsv8\tools\compiler\ti-cgt-c2000_17.6.0.STS\lib\</path>
         <kind>archive</kind>
         <file>rts2800_fpu32.lib</file>
         <name>fd_sub28.obj</name>
      </input_file>
      <input_file id="fl-64">
         <path>C:\CCStudio_v8\ccsv8\tools\compiler\ti-cgt-c2000_17.6.0.STS\lib\</path>
         <kind>archive</kind>
         <file>rts2800_fpu32.lib</file>
         <name>fd_toi28.obj</name>
      </input_file>
      <input_file id="fl-65">
         <path>C:\CCStudio_v8\ccsv8\tools\compiler\ti-cgt-c2000_17.6.0.STS\lib\</path>
         <kind>archive</kind>
         <file>rts2800_fpu32.lib</file>
         <name>fd_tol28.obj</name>
      </input_file>
      <input_file id="fl-66">
         <path>C:\CCStudio_v8\ccsv8\tools\compiler\ti-cgt-c2000_17.6.0.STS\lib\</path>
         <kind>archive</kind>
         <file>rts2800_fpu32.lib</file>
         <name>ll_aox28.obj</name>
      </input_file>
      <input_file id="fl-67">
         <path>C:\CCStudio_v8\ccsv8\tools\compiler\ti-cgt-c2000_17.6.0.STS\lib\</path>
         <kind>archive</kind>
         <file>rts2800_fpu32.lib</file>
         <name>ll_cmp28.obj</name>
      </input_file>
      <input_file id="fl-68">
         <path>C:\CCStudio_v8\ccsv8\tools\compiler\ti-cgt-c2000_17.6.0.STS\lib\</path>
         <kind>archive</kind>
         <file>rts2800_fpu32.lib</file>
         <name>i_tofd28.obj</name>
      </input_file>
      <input_file id="fl-69">
         <path>C:\CCStudio_v8\ccsv8\tools\compiler\ti-cgt-c2000_17.6.0.STS\lib\</path>
         <kind>archive</kind>
         <file>rts2800_fpu32.lib</file>
         <name>l_tofd28.obj</name>
      </input_file>
      <input_file id="fl-6a">
         <path>C:\CCStudio_v8\ccsv8\tools\compiler\ti-cgt-c2000_17.6.0.STS\lib\</path>
         <kind>archive</kind>
         <file>rts2800_fpu32.lib</file>
         <name>fs_tofdfpu32.obj</name>
      </input_file>
      <input_file id="fl-6b">
         <path>C:\CCStudio_v8\ccsv8\tools\compiler\ti-cgt-c2000_17.6.0.STS\lib\</path>
         <kind>archive</kind>
         <file>rts2800_fpu32.lib</file>
         <name>errno.obj</name>
      </input_file>
      <input_file id="fl-6c">
         <path>C:\CCStudio_v8\ccsv8\tools\compiler\ti-cgt-c2000_17.6.0.STS\lib\</path>
         <kind>archive</kind>
         <file>rts2800_fpu32.lib</file>
         <name>s_copysign.obj</name>
      </input_file>
   </input_file_list>
   <object_component_list>
      <object_component id="oc-c0">
         <name>PieVectTableFile</name>
         <uninitialized>true</uninitialized>
         <run_address>0xd00</run_address>
         <size>0x100</size>
         <input_file_ref idref="fl-e"/>
      </object_component>
      <object_component id="oc-bc">
         <name>DevEmuRegsFile</name>
         <uninitialized>true</uninitialized>
         <run_address>0x880</run_address>
         <size>0xd0</size>
         <input_file_ref idref="fl-e"/>
      </object_component>
      <object_component id="oc-92">
         <name>FlashRegsFile</name>
         <uninitialized>true</uninitialized>
         <run_address>0xa80</run_address>
         <size>0x8</size>
         <input_file_ref idref="fl-e"/>
      </object_component>
      <object_component id="oc-9c">
         <name>CsmRegsFile</name>
         <uninitialized>true</uninitialized>
         <run_address>0xae0</run_address>
         <size>0x10</size>
         <input_file_ref idref="fl-e"/>
      </object_component>
      <object_component id="oc-9b">
         <name>AdcMirrorFile</name>
         <uninitialized>true</uninitialized>
         <run_address>0xb00</run_address>
         <size>0x10</size>
         <input_file_ref idref="fl-e"/>
      </object_component>
      <object_component id="oc-9f">
         <name>XintfRegsFile</name>
         <uninitialized>true</uninitialized>
         <run_address>0xb20</run_address>
         <size>0x1e</size>
         <input_file_ref idref="fl-e"/>
      </object_component>
      <object_component id="oc-93">
         <name>CpuTimer0RegsFile</name>
         <uninitialized>true</uninitialized>
         <run_address>0xc00</run_address>
         <size>0x8</size>
         <input_file_ref idref="fl-e"/>
      </object_component>
      <object_component id="oc-91">
         <name>CpuTimer1RegsFile</name>
         <uninitialized>true</uninitialized>
         <run_address>0xc08</run_address>
         <size>0x8</size>
         <input_file_ref idref="fl-e"/>
      </object_component>
      <object_component id="oc-90">
         <name>CpuTimer2RegsFile</name>
         <uninitialized>true</uninitialized>
         <run_address>0xc10</run_address>
         <size>0x8</size>
         <input_file_ref idref="fl-e"/>
      </object_component>
      <object_component id="oc-9d">
         <name>PieCtrlRegsFile</name>
         <uninitialized>true</uninitialized>
         <run_address>0xce0</run_address>
         <size>0x1a</size>
         <input_file_ref idref="fl-e"/>
      </object_component>
      <object_component id="oc-bd">
         <name>DmaRegsFile</name>
         <uninitialized>true</uninitialized>
         <run_address>0x1000</run_address>
         <size>0xe0</size>
         <input_file_ref idref="fl-e"/>
      </object_component>
      <object_component id="oc-af">
         <name>McbspaRegsFile</name>
         <uninitialized>true</uninitialized>
         <run_address>0x5000</run_address>
         <size>0x25</size>
         <input_file_ref idref="fl-e"/>
      </object_component>
      <object_component id="oc-b0">
         <name>McbspbRegsFile</name>
         <uninitialized>true</uninitialized>
         <run_address>0x5040</run_address>
         <size>0x25</size>
         <input_file_ref idref="fl-e"/>
      </object_component>
      <object_component id="oc-b3">
         <name>ECanaRegsFile</name>
         <uninitialized>true</uninitialized>
         <run_address>0x6000</run_address>
         <size>0x34</size>
         <input_file_ref idref="fl-e"/>
      </object_component>
      <object_component id="oc-b6">
         <name>ECanaLAMRegsFile</name>
         <uninitialized>true</uninitialized>
         <run_address>0x6040</run_address>
         <size>0x40</size>
         <input_file_ref idref="fl-e"/>
      </object_component>
      <object_component id="oc-bf">
         <name>ECanaMboxesFile</name>
         <uninitialized>true</uninitialized>
         <run_address>0x6100</run_address>
         <size>0x100</size>
         <input_file_ref idref="fl-e"/>
      </object_component>
      <object_component id="oc-b7">
         <name>ECanaMOTSRegsFile</name>
         <uninitialized>true</uninitialized>
         <run_address>0x6080</run_address>
         <size>0x40</size>
         <input_file_ref idref="fl-e"/>
      </object_component>
      <object_component id="oc-b4">
         <name>ECanaMOTORegsFile</name>
         <uninitialized>true</uninitialized>
         <run_address>0x60c0</run_address>
         <size>0x40</size>
         <input_file_ref idref="fl-e"/>
      </object_component>
      <object_component id="oc-b2">
         <name>ECanbRegsFile</name>
         <uninitialized>true</uninitialized>
         <run_address>0x6200</run_address>
         <size>0x34</size>
         <input_file_ref idref="fl-e"/>
      </object_component>
      <object_component id="oc-ba">
         <name>ECanbLAMRegsFile</name>
         <uninitialized>true</uninitialized>
         <run_address>0x6240</run_address>
         <size>0x40</size>
         <input_file_ref idref="fl-e"/>
      </object_component>
      <object_component id="oc-be">
         <name>ECanbMboxesFile</name>
         <uninitialized>true</uninitialized>
         <run_address>0x6300</run_address>
         <size>0x100</size>
         <input_file_ref idref="fl-e"/>
      </object_component>
      <object_component id="oc-b5">
         <name>ECanbMOTSRegsFile</name>
         <uninitialized>true</uninitialized>
         <run_address>0x6280</run_address>
         <size>0x40</size>
         <input_file_ref idref="fl-e"/>
      </object_component>
      <object_component id="oc-b8">
         <name>ECanbMOTORegsFile</name>
         <uninitialized>true</uninitialized>
         <run_address>0x62c0</run_address>
         <size>0x40</size>
         <input_file_ref idref="fl-e"/>
      </object_component>
      <object_component id="oc-aa">
         <name>EPwm1RegsFile</name>
         <uninitialized>true</uninitialized>
         <run_address>0x6800</run_address>
         <size>0x22</size>
         <input_file_ref idref="fl-e"/>
      </object_component>
      <object_component id="oc-a9">
         <name>EPwm2RegsFile</name>
         <uninitialized>true</uninitialized>
         <run_address>0x6840</run_address>
         <size>0x22</size>
         <input_file_ref idref="fl-e"/>
      </object_component>
      <object_component id="oc-ab">
         <name>EPwm3RegsFile</name>
         <uninitialized>true</uninitialized>
         <run_address>0x6880</run_address>
         <size>0x22</size>
         <input_file_ref idref="fl-e"/>
      </object_component>
      <object_component id="oc-ad">
         <name>EPwm4RegsFile</name>
         <uninitialized>true</uninitialized>
         <run_address>0x68c0</run_address>
         <size>0x22</size>
         <input_file_ref idref="fl-e"/>
      </object_component>
      <object_component id="oc-ac">
         <name>EPwm5RegsFile</name>
         <uninitialized>true</uninitialized>
         <run_address>0x6900</run_address>
         <size>0x22</size>
         <input_file_ref idref="fl-e"/>
      </object_component>
      <object_component id="oc-ae">
         <name>EPwm6RegsFile</name>
         <uninitialized>true</uninitialized>
         <run_address>0x6940</run_address>
         <size>0x22</size>
         <input_file_ref idref="fl-e"/>
      </object_component>
      <object_component id="oc-a6">
         <name>ECap1RegsFile</name>
         <uninitialized>true</uninitialized>
         <run_address>0x6a00</run_address>
         <size>0x20</size>
         <input_file_ref idref="fl-e"/>
      </object_component>
      <object_component id="oc-a2">
         <name>ECap2RegsFile</name>
         <uninitialized>true</uninitialized>
         <run_address>0x6a20</run_address>
         <size>0x20</size>
         <input_file_ref idref="fl-e"/>
      </object_component>
      <object_component id="oc-a3">
         <name>ECap3RegsFile</name>
         <uninitialized>true</uninitialized>
         <run_address>0x6a40</run_address>
         <size>0x20</size>
         <input_file_ref idref="fl-e"/>
      </object_component>
      <object_component id="oc-a0">
         <name>ECap4RegsFile</name>
         <uninitialized>true</uninitialized>
         <run_address>0x6a60</run_address>
         <size>0x20</size>
         <input_file_ref idref="fl-e"/>
      </object_component>
      <object_component id="oc-a1">
         <name>ECap5RegsFile</name>
         <uninitialized>true</uninitialized>
         <run_address>0x6a80</run_address>
         <size>0x20</size>
         <input_file_ref idref="fl-e"/>
      </object_component>
      <object_component id="oc-a7">
         <name>ECap6RegsFile</name>
         <uninitialized>true</uninitialized>
         <run_address>0x6aa0</run_address>
         <size>0x20</size>
         <input_file_ref idref="fl-e"/>
      </object_component>
      <object_component id="oc-bb">
         <name>EQep1RegsFile</name>
         <uninitialized>true</uninitialized>
         <run_address>0x6b00</run_address>
         <size>0x40</size>
         <input_file_ref idref="fl-e"/>
      </object_component>
      <object_component id="oc-b9">
         <name>EQep2RegsFile</name>
         <uninitialized>true</uninitialized>
         <run_address>0x6b40</run_address>
         <size>0x40</size>
         <input_file_ref idref="fl-e"/>
      </object_component>
      <object_component id="oc-b1">
         <name>GpioCtrlRegsFile</name>
         <uninitialized>true</uninitialized>
         <run_address>0x6f80</run_address>
         <size>0x2e</size>
         <input_file_ref idref="fl-e"/>
      </object_component>
      <object_component id="oc-a4">
         <name>GpioDataRegsFile</name>
         <uninitialized>true</uninitialized>
         <run_address>0x6fc0</run_address>
         <size>0x20</size>
         <input_file_ref idref="fl-e"/>
      </object_component>
      <object_component id="oc-95">
         <name>GpioIntRegsFile</name>
         <uninitialized>true</uninitialized>
         <run_address>0x6fe0</run_address>
         <size>0xa</size>
         <input_file_ref idref="fl-e"/>
      </object_component>
      <object_component id="oc-a5">
         <name>SysCtrlRegsFile</name>
         <uninitialized>true</uninitialized>
         <run_address>0x7010</run_address>
         <size>0x20</size>
         <input_file_ref idref="fl-e"/>
      </object_component>
      <object_component id="oc-98">
         <name>SpiaRegsFile</name>
         <uninitialized>true</uninitialized>
         <run_address>0x7040</run_address>
         <size>0x10</size>
         <input_file_ref idref="fl-e"/>
      </object_component>
      <object_component id="oc-99">
         <name>SciaRegsFile</name>
         <uninitialized>true</uninitialized>
         <run_address>0x7050</run_address>
         <size>0x10</size>
         <input_file_ref idref="fl-e"/>
      </object_component>
      <object_component id="oc-9a">
         <name>XIntruptRegsFile</name>
         <uninitialized>true</uninitialized>
         <run_address>0x7070</run_address>
         <size>0x10</size>
         <input_file_ref idref="fl-e"/>
      </object_component>
      <object_component id="oc-9e">
         <name>AdcRegsFile</name>
         <uninitialized>true</uninitialized>
         <run_address>0x7100</run_address>
         <size>0x1e</size>
         <input_file_ref idref="fl-e"/>
      </object_component>
      <object_component id="oc-97">
         <name>ScibRegsFile</name>
         <uninitialized>true</uninitialized>
         <run_address>0x7750</run_address>
         <size>0x10</size>
         <input_file_ref idref="fl-e"/>
      </object_component>
      <object_component id="oc-96">
         <name>ScicRegsFile</name>
         <uninitialized>true</uninitialized>
         <run_address>0x7770</run_address>
         <size>0x10</size>
         <input_file_ref idref="fl-e"/>
      </object_component>
      <object_component id="oc-a8">
         <name>I2caRegsFile</name>
         <uninitialized>true</uninitialized>
         <run_address>0x7900</run_address>
         <size>0x22</size>
         <input_file_ref idref="fl-e"/>
      </object_component>
      <object_component id="oc-94">
         <name>CsmPwlFile</name>
         <uninitialized>true</uninitialized>
         <run_address>0x3f7ff8</run_address>
         <size>0x8</size>
         <input_file_ref idref="fl-e"/>
      </object_component>
      <object_component id="oc-f2">
         <name>.cinit</name>
         <load_address>0x30611d</load_address>
         <run_address>0x30611d</run_address>
         <size>0x428</size>
         <input_file_ref idref="fl-1b"/>
      </object_component>
      <object_component id="oc-ea">
         <name>.cinit</name>
         <load_address>0x306545</load_address>
         <run_address>0x306545</run_address>
         <size>0xdd</size>
         <input_file_ref idref="fl-16"/>
      </object_component>
      <object_component id="oc-5c">
         <name>.cinit</name>
         <load_address>0x306622</load_address>
         <run_address>0x306622</run_address>
         <size>0x3c</size>
         <input_file_ref idref="fl-5"/>
      </object_component>
      <object_component id="oc-71">
         <name>.cinit</name>
         <load_address>0x30665e</load_address>
         <run_address>0x30665e</run_address>
         <size>0x24</size>
         <input_file_ref idref="fl-8"/>
      </object_component>
      <object_component id="oc-dc">
         <name>.cinit</name>
         <load_address>0x306682</load_address>
         <run_address>0x306682</run_address>
         <size>0x11</size>
         <input_file_ref idref="fl-14"/>
      </object_component>
      <object_component id="oc-191">
         <name>.cinit</name>
         <load_address>0x306693</load_address>
         <run_address>0x306693</run_address>
         <size>0xe</size>
         <input_file_ref idref="fl-4b"/>
      </object_component>
      <object_component id="oc-64">
         <name>.cinit</name>
         <load_address>0x3066a1</load_address>
         <run_address>0x3066a1</run_address>
         <size>0xc</size>
         <input_file_ref idref="fl-6"/>
      </object_component>
      <object_component id="oc-55">
         <name>.cinit</name>
         <load_address>0x3066ad</load_address>
         <run_address>0x3066ad</run_address>
         <size>0x8</size>
         <input_file_ref idref="fl-4"/>
      </object_component>
      <object_component id="oc-2ce">
         <name>.cinit:__lock</name>
         <load_address>0x3066b5</load_address>
         <run_address>0x3066b5</run_address>
         <size>0x5</size>
         <input_file_ref idref="fl-4c"/>
      </object_component>
      <object_component id="oc-2cf">
         <name>.cinit:__unlock</name>
         <load_address>0x3066ba</load_address>
         <run_address>0x3066ba</run_address>
         <size>0x5</size>
         <input_file_ref idref="fl-4c"/>
      </object_component>
      <object_component id="oc-e3">
         <name>.cinit</name>
         <load_address>0x3066bf</load_address>
         <run_address>0x3066bf</run_address>
         <size>0x5</size>
         <input_file_ref idref="fl-15"/>
      </object_component>
      <object_component id="oc-236">
         <name>.cinit</name>
         <load_address>0x3066c4</load_address>
         <run_address>0x3066c4</run_address>
         <size>0x4</size>
         <input_file_ref idref="fl-6b"/>
      </object_component>
      <object_component id="oc-336">
         <name>.text</name>
         <load_address>0x300000</load_address>
         <run_address>0x300000</run_address>
         <size>0xc16</size>
         <input_file_ref idref="fl-54"/>
      </object_component>
      <object_component id="oc-2a7">
         <name>.text:_init_PWM</name>
         <load_address>0x300c16</load_address>
         <run_address>0x300c16</run_address>
         <size>0x294</size>
         <input_file_ref idref="fl-6"/>
      </object_component>
      <object_component id="oc-38f">
         <name>.text:_xdc_runtime_System_doPrint__I</name>
         <load_address>0x300eaa</load_address>
         <run_address>0x300eaa</run_address>
         <size>0x232</size>
         <input_file_ref idref="fl-31"/>
      </object_component>
      <object_component id="oc-255">
         <name>.text:_SPI_RXint</name>
         <load_address>0x3010dc</load_address>
         <run_address>0x3010dc</run_address>
         <size>0x21a</size>
         <input_file_ref idref="fl-8"/>
      </object_component>
      <object_component id="oc-2a8">
         <name>.text:_init_PWM_AS_RCSERVO</name>
         <load_address>0x3012f6</load_address>
         <run_address>0x3012f6</run_address>
         <size>0x1bc</size>
         <input_file_ref idref="fl-6"/>
      </object_component>
      <object_component id="oc-24f">
         <name>.text:_control</name>
         <load_address>0x3014b2</load_address>
         <run_address>0x3014b2</run_address>
         <size>0x155</size>
         <input_file_ref idref="fl-16"/>
      </object_component>
      <object_component id="oc-257">
         <name>.text:_McBSP_RX_INTCH2_ISR</name>
         <load_address>0x301607</load_address>
         <run_address>0x301607</run_address>
         <size>0x14e</size>
         <input_file_ref idref="fl-5"/>
      </object_component>
      <object_component id="oc-2aa">
         <name>.text:_init_serial</name>
         <load_address>0x301755</load_address>
         <run_address>0x301755</run_address>
         <size>0x131</size>
         <input_file_ref idref="fl-7"/>
      </object_component>
      <object_component id="oc-172">
         <name>.text</name>
         <load_address>0x301886</load_address>
         <run_address>0x301886</run_address>
         <size>0x107</size>
         <input_file_ref idref="fl-45"/>
      </object_component>
      <object_component id="oc-2af">
         <name>.text:_init_SPI</name>
         <load_address>0x30198d</load_address>
         <run_address>0x30198d</run_address>
         <size>0x101</size>
         <input_file_ref idref="fl-8"/>
      </object_component>
      <object_component id="oc-290">
         <name>.text:_sendData</name>
         <load_address>0x301a8e</load_address>
         <run_address>0x301a8e</run_address>
         <size>0xf6</size>
         <input_file_ref idref="fl-16"/>
      </object_component>
      <object_component id="oc-27b">
         <name>.text:_xdc_runtime_LoggerBuf_write8__E</name>
         <load_address>0x301b84</load_address>
         <run_address>0x301b84</run_address>
         <size>0xd2</size>
         <input_file_ref idref="fl-2e"/>
      </object_component>
      <object_component id="oc-267">
         <name>.text:_main</name>
         <load_address>0x301c56</load_address>
         <run_address>0x301c56</run_address>
         <size>0xc7</size>
         <input_file_ref idref="fl-16"/>
      </object_component>
      <object_component id="oc-3a0">
         <name>.text:_xdc_runtime_System_printfExtend__I</name>
         <load_address>0x301d1d</load_address>
         <run_address>0x301d1d</run_address>
         <size>0xc0</size>
         <input_file_ref idref="fl-1b"/>
      </object_component>
      <object_component id="oc-347">
         <name>.text</name>
         <load_address>0x301ddd</load_address>
         <run_address>0x301ddd</run_address>
         <size>0xc0</size>
         <input_file_ref idref="fl-5d"/>
      </object_component>
      <object_component id="oc-28d">
         <name>.text:_PWM_out</name>
         <load_address>0x301e9d</load_address>
         <run_address>0x301e9d</run_address>
         <size>0xb2</size>
         <input_file_ref idref="fl-6"/>
      </object_component>
      <object_component id="oc-2db">
         <name>.text:_ti_sysbios_knl_Semaphore_pend__E</name>
         <load_address>0x301f4f</load_address>
         <run_address>0x301f4f</run_address>
         <size>0xa9</size>
         <input_file_ref idref="fl-23"/>
      </object_component>
      <object_component id="oc-2e9">
         <name>.text:_xdc_runtime_Error_policyDefault__E</name>
         <load_address>0x301ff8</load_address>
         <run_address>0x301ff8</run_address>
         <size>0x9c</size>
         <input_file_ref idref="fl-2c"/>
      </object_component>
      <object_component id="oc-1f4">
         <name>.text</name>
         <load_address>0x302094</load_address>
         <run_address>0x302094</run_address>
         <size>0x9c</size>
         <input_file_ref idref="fl-5e"/>
      </object_component>
      <object_component id="oc-37c">
         <name>.text:_ti_sysbios_family_c28_Hwi_dispatch</name>
         <load_address>0x302130</load_address>
         <run_address>0x302130</run_address>
         <size>0x9b</size>
         <input_file_ref idref="fl-25"/>
      </object_component>
      <object_component id="oc-27f">
         <name>.text:_ti_sysbios_BIOS_linkedWithIncorrectBootLibrary__E</name>
         <load_address>0x3021cb</load_address>
         <run_address>0x3021cb</run_address>
         <size>0x1</size>
         <input_file_ref idref="fl-23"/>
      </object_component>
      <object_component id="oc-387">
         <name>.text</name>
         <load_address>0x3021cc</load_address>
         <run_address>0x3021cc</run_address>
         <size>0x94</size>
         <input_file_ref idref="fl-52"/>
      </object_component>
      <object_component id="oc-28c">
         <name>.text:_updateData</name>
         <load_address>0x302260</load_address>
         <run_address>0x302260</run_address>
         <size>0x90</size>
         <input_file_ref idref="fl-16"/>
      </object_component>
      <object_component id="oc-300">
         <name>.text:_ti_sysbios_family_c28_Hwi_clearInterrupt__E</name>
         <load_address>0x3022f0</load_address>
         <run_address>0x3022f0</run_address>
         <size>0x8b</size>
         <input_file_ref idref="fl-23"/>
      </object_component>
      <object_component id="oc-27a">
         <name>.text:_xdc_runtime_LoggerBuf_write4__E</name>
         <load_address>0x30237b</load_address>
         <run_address>0x30237b</run_address>
         <size>0x8b</size>
         <input_file_ref idref="fl-2e"/>
      </object_component>
      <object_component id="oc-1fe">
         <name>.text</name>
         <load_address>0x302406</load_address>
         <run_address>0x302406</run_address>
         <size>0x8b</size>
         <input_file_ref idref="fl-60"/>
      </object_component>
      <object_component id="oc-16d">
         <name>.text</name>
         <load_address>0x302491</load_address>
         <run_address>0x302491</run_address>
         <size>0x88</size>
         <input_file_ref idref="fl-44"/>
      </object_component>
      <object_component id="oc-2ab">
         <name>.text:_init_dma_mcbsp</name>
         <load_address>0x302519</load_address>
         <run_address>0x302519</run_address>
         <size>0x87</size>
         <input_file_ref idref="fl-2"/>
      </object_component>
      <object_component id="oc-203">
         <name>.text</name>
         <load_address>0x3025a0</load_address>
         <run_address>0x3025a0</run_address>
         <size>0x83</size>
         <input_file_ref idref="fl-61"/>
      </object_component>
      <object_component id="oc-2a6">
         <name>.text:_init_EQEP</name>
         <load_address>0x302623</load_address>
         <run_address>0x302623</run_address>
         <size>0x82</size>
         <input_file_ref idref="fl-3"/>
      </object_component>
      <object_component id="oc-296">
         <name>.text:_i2c_stdrecv</name>
         <load_address>0x3026a5</load_address>
         <run_address>0x3026a5</run_address>
         <size>0x80</size>
         <input_file_ref idref="fl-14"/>
      </object_component>
      <object_component id="oc-299">
         <name>.text:_RCSERVO_out</name>
         <load_address>0x302725</load_address>
         <run_address>0x302725</run_address>
         <size>0x7a</size>
         <input_file_ref idref="fl-6"/>
      </object_component>
      <object_component id="oc-2ee">
         <name>.text:_xdc_runtime_Startup_startMods__I</name>
         <load_address>0x30279f</load_address>
         <run_address>0x30279f</run_address>
         <size>0x79</size>
         <input_file_ref idref="fl-30"/>
      </object_component>
      <object_component id="oc-304">
         <name>.text:_ti_sysbios_knl_Task_checkStacks__E</name>
         <load_address>0x302818</load_address>
         <run_address>0x302818</run_address>
         <size>0x73</size>
         <input_file_ref idref="fl-23"/>
      </object_component>
      <object_component id="oc-28e">
         <name>.text:_writeDAC7564</name>
         <load_address>0x30288b</load_address>
         <run_address>0x30288b</run_address>
         <size>0x6d</size>
         <input_file_ref idref="fl-8"/>
      </object_component>
      <object_component id="oc-361">
         <name>.text:_xdc_runtime_Text_putSite__E</name>
         <load_address>0x3028f8</load_address>
         <run_address>0x3028f8</run_address>
         <size>0x6b</size>
         <input_file_ref idref="fl-33"/>
      </object_component>
      <object_component id="oc-49">
         <name>.text</name>
         <load_address>0x302963</load_address>
         <run_address>0x302963</run_address>
         <size>0x69</size>
         <input_file_ref idref="fl-38"/>
      </object_component>
      <object_component id="oc-37d">
         <name>.text:_ti_sysbios_family_c28_Timer_stopAndClear__I</name>
         <load_address>0x3029cc</load_address>
         <run_address>0x3029cc</run_address>
         <size>0x66</size>
         <input_file_ref idref="fl-23"/>
      </object_component>
      <object_component id="oc-297">
         <name>.text:_i2c_stdsend</name>
         <load_address>0x302a32</load_address>
         <run_address>0x302a32</run_address>
         <size>0x61</size>
         <input_file_ref idref="fl-14"/>
      </object_component>
      <object_component id="oc-2ba">
         <name>.text:_ti_sysbios_heaps_HeapMem_allocUnprotected__E</name>
         <load_address>0x302a93</load_address>
         <run_address>0x302a93</run_address>
         <size>0x5e</size>
         <input_file_ref idref="fl-23"/>
      </object_component>
      <object_component id="oc-2a9">
         <name>.text:_pre_init</name>
         <load_address>0x302af1</load_address>
         <run_address>0x302af1</run_address>
         <size>0x5c</size>
         <input_file_ref idref="fl-4"/>
      </object_component>
      <object_component id="oc-346">
         <name>.text</name>
         <load_address>0x302b4d</load_address>
         <run_address>0x302b4d</run_address>
         <size>0x5a</size>
         <input_file_ref idref="fl-5c"/>
      </object_component>
      <object_component id="oc-2f1">
         <name>.text:_InitPeripheralClocks</name>
         <load_address>0x302ba7</load_address>
         <run_address>0x302ba7</run_address>
         <size>0x56</size>
         <input_file_ref idref="fl-12"/>
      </object_component>
      <object_component id="oc-2de">
         <name>.text:_LCDvPrintfLine</name>
         <load_address>0x302bfd</load_address>
         <run_address>0x302bfd</run_address>
         <size>0x54</size>
         <input_file_ref idref="fl-7"/>
      </object_component>
      <object_component id="oc-295">
         <name>.text:_ti_sysbios_knl_Task_sleep__E</name>
         <load_address>0x302c51</load_address>
         <run_address>0x302c51</run_address>
         <size>0x53</size>
         <input_file_ref idref="fl-23"/>
      </object_component>
      <object_component id="oc-2f0">
         <name>.text:_InitPll</name>
         <load_address>0x302ca4</load_address>
         <run_address>0x302ca4</run_address>
         <size>0x51</size>
         <input_file_ref idref="fl-12"/>
      </object_component>
      <object_component id="oc-250">
         <name>.text:_ti_sysbios_knl_Clock_workFunc__E</name>
         <load_address>0x302cf5</load_address>
         <run_address>0x302cf5</run_address>
         <size>0x4d</size>
         <input_file_ref idref="fl-23"/>
      </object_component>
      <object_component id="oc-3a2">
         <name>.text:_ti_sysbios_family_c28_Hwi_dispatchCore__I</name>
         <load_address>0x302d42</load_address>
         <run_address>0x302d42</run_address>
         <size>0x4c</size>
         <input_file_ref idref="fl-23"/>
      </object_component>
      <object_component id="oc-3a5">
         <name>.text:_xdc_runtime_Text_putLab__E</name>
         <load_address>0x302d8e</load_address>
         <run_address>0x302d8e</run_address>
         <size>0x4b</size>
         <input_file_ref idref="fl-33"/>
      </object_component>
      <object_component id="oc-2fa">
         <name>.text:_ti_sysbios_family_c28_TimestampProvider_get64__E</name>
         <load_address>0x302dd9</load_address>
         <run_address>0x302dd9</run_address>
         <size>0x48</size>
         <input_file_ref idref="fl-23"/>
      </object_component>
      <object_component id="oc-356">
         <name>.text:_ti_sysbios_family_c28_Hwi_Module_startup__E</name>
         <load_address>0x302e21</load_address>
         <run_address>0x302e21</run_address>
         <size>0x47</size>
         <input_file_ref idref="fl-23"/>
      </object_component>
      <object_component id="oc-374">
         <name>.text:_ti_sysbios_knl_Task_postInit__I</name>
         <load_address>0x302e68</load_address>
         <run_address>0x302e68</run_address>
         <size>0x47</size>
         <input_file_ref idref="fl-23"/>
      </object_component>
      <object_component id="oc-26f">
         <name>.text:_ti_sysbios_heaps_HeapMem_alloc__E</name>
         <load_address>0x302eaf</load_address>
         <run_address>0x302eaf</run_address>
         <size>0x46</size>
         <input_file_ref idref="fl-23"/>
      </object_component>
      <object_component id="oc-337">
         <name>.text:_ti_sysbios_knl_Swi_run__I</name>
         <load_address>0x302ef5</load_address>
         <run_address>0x302ef5</run_address>
         <size>0x46</size>
         <input_file_ref idref="fl-23"/>
      </object_component>
      <object_component id="oc-36c">
         <name>.text:_ti_sysbios_family_c28_Timer_postInit__I</name>
         <load_address>0x302f3b</load_address>
         <run_address>0x302f3b</run_address>
         <size>0x43</size>
         <input_file_ref idref="fl-23"/>
      </object_component>
      <object_component id="oc-fd">
         <name>.text:_ti_sysbios_family_c28_Hwi_unPluggedInterrupt__I</name>
         <load_address>0x302f7e</load_address>
         <run_address>0x302f7e</run_address>
         <size>0x42</size>
         <input_file_ref idref="fl-23"/>
      </object_component>
      <object_component id="oc-378">
         <name>.text:_xdc_runtime_Text_putMod__E</name>
         <load_address>0x302fc0</load_address>
         <run_address>0x302fc0</run_address>
         <size>0x3f</size>
         <input_file_ref idref="fl-33"/>
      </object_component>
      <object_component id="oc-3a6">
         <name>.text:_ti_sysbios_knl_Swi_restoreHwi__E</name>
         <load_address>0x302fff</load_address>
         <run_address>0x302fff</run_address>
         <size>0x3e</size>
         <input_file_ref idref="fl-23"/>
      </object_component>
      <object_component id="oc-27d">
         <name>.text:_xdc_runtime_LoggerBuf_getFilterLevel__E</name>
         <load_address>0x30303d</load_address>
         <run_address>0x30303d</run_address>
         <size>0x3d</size>
         <input_file_ref idref="fl-2e"/>
      </object_component>
      <object_component id="oc-253">
         <name>.text:_compassTask</name>
         <load_address>0x30307a</load_address>
         <run_address>0x30307a</run_address>
         <size>0x3c</size>
         <input_file_ref idref="fl-14"/>
      </object_component>
      <object_component id="oc-27c">
         <name>.text:_xdc_runtime_LoggerBuf_setFilterLevel__E</name>
         <load_address>0x3030b6</load_address>
         <run_address>0x3030b6</run_address>
         <size>0x3c</size>
         <input_file_ref idref="fl-2e"/>
      </object_component>
      <object_component id="oc-397">
         <name>.text:_xdc_runtime_System_formatNum__I</name>
         <load_address>0x3030f2</load_address>
         <run_address>0x3030f2</run_address>
         <size>0x3c</size>
         <input_file_ref idref="fl-31"/>
      </object_component>
      <object_component id="oc-393">
         <name>.text:_ti_sysbios_family_c28_TaskSupport_start__E</name>
         <load_address>0x30312e</load_address>
         <run_address>0x30312e</run_address>
         <size>0x3a</size>
         <input_file_ref idref="fl-23"/>
      </object_component>
      <object_component id="oc-377">
         <name>.text</name>
         <load_address>0x303168</load_address>
         <run_address>0x303168</run_address>
         <size>0x38</size>
         <input_file_ref idref="fl-51"/>
      </object_component>
      <object_component id="oc-29b">
         <name>.text:_serial_recv_ready</name>
         <load_address>0x3031a0</load_address>
         <run_address>0x3031a0</run_address>
         <size>0x37</size>
         <input_file_ref idref="fl-7"/>
      </object_component>
      <object_component id="oc-2be">
         <name>.text:_ti_sysbios_heaps_HeapMem_freeUnprotected__E</name>
         <load_address>0x3031d7</load_address>
         <run_address>0x3031d7</run_address>
         <size>0x36</size>
         <input_file_ref idref="fl-23"/>
      </object_component>
      <object_component id="oc-2d8">
         <name>.text:_ti_sysbios_knl_Task_startCore__E</name>
         <load_address>0x30320d</load_address>
         <run_address>0x30320d</run_address>
         <size>0x35</size>
         <input_file_ref idref="fl-23"/>
      </object_component>
      <object_component id="oc-301">
         <name>.text:_ti_sysbios_family_c28_Hwi_enableInterrupt__E</name>
         <load_address>0x303242</load_address>
         <run_address>0x303242</run_address>
         <size>0x33</size>
         <input_file_ref idref="fl-23"/>
      </object_component>
      <object_component id="oc-2dd">
         <name>.text:_EQEP_read</name>
         <load_address>0x303275</load_address>
         <run_address>0x303275</run_address>
         <size>0x32</size>
         <input_file_ref idref="fl-3"/>
      </object_component>
      <object_component id="oc-35a">
         <name>.text:_ti_sysbios_knl_Task_Module_startup__E</name>
         <load_address>0x3032a7</load_address>
         <run_address>0x3032a7</run_address>
         <size>0x32</size>
         <input_file_ref idref="fl-23"/>
      </object_component>
      <object_component id="oc-39f">
         <name>.text:_xdc_runtime_Text_visitRope2__I</name>
         <load_address>0x3032d9</load_address>
         <run_address>0x3032d9</run_address>
         <size>0x32</size>
         <input_file_ref idref="fl-33"/>
      </object_component>
      <object_component id="oc-29a">
         <name>.text:_serial_send</name>
         <load_address>0x30330b</load_address>
         <run_address>0x30330b</run_address>
         <size>0x31</size>
         <input_file_ref idref="fl-7"/>
      </object_component>
      <object_component id="oc-344">
         <name>.text</name>
         <load_address>0x30333c</load_address>
         <run_address>0x30333c</run_address>
         <size>0x31</size>
         <input_file_ref idref="fl-55"/>
      </object_component>
      <object_component id="oc-34f">
         <name>.text:_xdc_runtime_Error_print__E</name>
         <load_address>0x30336d</load_address>
         <run_address>0x30336d</run_address>
         <size>0x30</size>
         <input_file_ref idref="fl-2c"/>
      </object_component>
      <object_component id="oc-311">
         <name>.text:_xdc_runtime_Error_setX__E</name>
         <load_address>0x30339d</load_address>
         <run_address>0x30339d</run_address>
         <size>0x30</size>
         <input_file_ref idref="fl-2c"/>
      </object_component>
      <object_component id="oc-30a">
         <name>.text</name>
         <load_address>0x3033cd</load_address>
         <run_address>0x3033cd</run_address>
         <size>0x30</size>
         <input_file_ref idref="fl-53"/>
      </object_component>
      <object_component id="oc-241">
         <name>.text:_xdc_runtime_Startup_exec__E</name>
         <load_address>0x3033fd</load_address>
         <run_address>0x3033fd</run_address>
         <size>0x2f</size>
         <input_file_ref idref="fl-30"/>
      </object_component>
      <object_component id="oc-262">
         <name>.text:.bootCodeSection:_ti_catalog_c2800_init_Boot_configurePll2802x</name>
         <load_address>0x30342c</load_address>
         <run_address>0x30342c</run_address>
         <size>0x2e</size>
         <input_file_ref idref="fl-28"/>
      </object_component>
      <object_component id="oc-2ad">
         <name>.text:_InitMcbspb</name>
         <load_address>0x30345a</load_address>
         <run_address>0x30345a</run_address>
         <size>0x2e</size>
         <input_file_ref idref="fl-f"/>
      </object_component>
      <object_component id="oc-2ac">
         <name>.text:_InitMcbspbGpio</name>
         <load_address>0x303488</load_address>
         <run_address>0x303488</run_address>
         <size>0x2e</size>
         <input_file_ref idref="fl-f"/>
      </object_component>
      <object_component id="oc-30c">
         <name>.text:_ti_sysbios_knl_Swi_runLoop__I</name>
         <load_address>0x3034b6</load_address>
         <run_address>0x3034b6</run_address>
         <size>0x2e</size>
         <input_file_ref idref="fl-23"/>
      </object_component>
      <object_component id="oc-2e0">
         <name>.text:_ti_sysbios_knl_Swi_schedule__I</name>
         <load_address>0x3034e4</load_address>
         <run_address>0x3034e4</run_address>
         <size>0x2e</size>
         <input_file_ref idref="fl-23"/>
      </object_component>
      <object_component id="oc-30f">
         <name>.text:_ti_sysbios_knl_Task_schedule__I</name>
         <load_address>0x303512</load_address>
         <run_address>0x303512</run_address>
         <size>0x2e</size>
         <input_file_ref idref="fl-23"/>
      </object_component>
      <object_component id="oc-345">
         <name>.text</name>
         <load_address>0x303540</load_address>
         <run_address>0x303540</run_address>
         <size>0x2e</size>
         <input_file_ref idref="fl-57"/>
      </object_component>
      <object_component id="oc-342">
         <name>.text:_ti_sysbios_family_c28_Hwi_getInterruptFlag__E</name>
         <load_address>0x30356e</load_address>
         <run_address>0x30356e</run_address>
         <size>0x2d</size>
         <input_file_ref idref="fl-23"/>
      </object_component>
      <object_component id="oc-33e">
         <name>.text:_ti_sysbios_family_c28_Hwi_getStackInfo__E</name>
         <load_address>0x30359b</load_address>
         <run_address>0x30359b</run_address>
         <size>0x2d</size>
         <input_file_ref idref="fl-23"/>
      </object_component>
      <object_component id="oc-272">
         <name>.text:_ti_sysbios_heaps_HeapMem_getStats__E</name>
         <load_address>0x3035c8</load_address>
         <run_address>0x3035c8</run_address>
         <size>0x2d</size>
         <input_file_ref idref="fl-23"/>
      </object_component>
      <object_component id="oc-2dc">
         <name>.text:_ti_sysbios_knl_Semaphore_post__E</name>
         <load_address>0x3035f5</load_address>
         <run_address>0x3035f5</run_address>
         <size>0x2d</size>
         <input_file_ref idref="fl-23"/>
      </object_component>
      <object_component id="oc-2d5">
         <name>.text:_ti_sysbios_family_c28_Timer_start__E</name>
         <load_address>0x303622</load_address>
         <run_address>0x303622</run_address>
         <size>0x2c</size>
         <input_file_ref idref="fl-23"/>
      </object_component>
      <object_component id="oc-32c">
         <name>.text:_ti_sysbios_family_c28_Hwi_disablePIEIER__E</name>
         <load_address>0x30364e</load_address>
         <run_address>0x30364e</run_address>
         <size>0x2b</size>
         <input_file_ref idref="fl-23"/>
      </object_component>
      <object_component id="oc-32b">
         <name>.text:_ti_sysbios_family_c28_Hwi_enablePIEIER__E</name>
         <load_address>0x303679</load_address>
         <run_address>0x303679</run_address>
         <size>0x2a</size>
         <input_file_ref idref="fl-23"/>
      </object_component>
      <object_component id="oc-1f9">
         <name>.text</name>
         <load_address>0x3036a3</load_address>
         <run_address>0x3036a3</run_address>
         <size>0x2a</size>
         <input_file_ref idref="fl-5f"/>
      </object_component>
      <object_component id="oc-177">
         <name>.text</name>
         <load_address>0x3036cd</load_address>
         <run_address>0x3036cd</run_address>
         <size>0x2a</size>
         <input_file_ref idref="fl-46"/>
      </object_component>
      <object_component id="oc-327">
         <name>.text:_ti_sysbios_family_c28_Timer_getExpiredCounts64__E</name>
         <load_address>0x3036f7</load_address>
         <run_address>0x3036f7</run_address>
         <size>0x29</size>
         <input_file_ref idref="fl-23"/>
      </object_component>
      <object_component id="oc-2f9">
         <name>.text</name>
         <load_address>0x303720</load_address>
         <run_address>0x303720</run_address>
         <size>0x29</size>
         <input_file_ref idref="fl-4b"/>
      </object_component>
      <object_component id="oc-379">
         <name>.text:_xdc_runtime_Text_xprintf__I</name>
         <load_address>0x303749</load_address>
         <run_address>0x303749</run_address>
         <size>0x28</size>
         <input_file_ref idref="fl-33"/>
      </object_component>
      <object_component id="oc-2ec">
         <name>.text:_ti_sysbios_heaps_HeapMem_init__I</name>
         <load_address>0x303771</load_address>
         <run_address>0x303771</run_address>
         <size>0x27</size>
         <input_file_ref idref="fl-23"/>
      </object_component>
      <object_component id="oc-2f5">
         <name>.text:_InitSpiaGpio</name>
         <load_address>0x303798</load_address>
         <run_address>0x303798</run_address>
         <size>0x26</size>
         <input_file_ref idref="fl-11"/>
      </object_component>
      <object_component id="oc-325">
         <name>.text:_xdc_runtime_SysMin_flush__E</name>
         <load_address>0x3037be</load_address>
         <run_address>0x3037be</run_address>
         <size>0x26</size>
         <input_file_ref idref="fl-32"/>
      </object_component>
      <object_component id="oc-39e">
         <name>.text:_ti_sysbios_family_c28_TaskSupport_buildTaskStack</name>
         <load_address>0x3037e4</load_address>
         <run_address>0x3037e4</run_address>
         <size>0x25</size>
         <input_file_ref idref="fl-27"/>
      </object_component>
      <object_component id="oc-328">
         <name>.text:_ti_sysbios_family_c28_Timer_getExpiredCounts__E</name>
         <load_address>0x303809</load_address>
         <run_address>0x303809</run_address>
         <size>0x25</size>
         <input_file_ref idref="fl-23"/>
      </object_component>
      <object_component id="oc-391">
         <name>.text:_ti_sysbios_family_c28_Hwi_disableInterrupt__E</name>
         <load_address>0x30382e</load_address>
         <run_address>0x30382e</run_address>
         <size>0x24</size>
         <input_file_ref idref="fl-23"/>
      </object_component>
      <object_component id="oc-294">
         <name>.text:_ti_sysbios_knl_Swi_post__E</name>
         <load_address>0x303852</load_address>
         <run_address>0x303852</run_address>
         <size>0x24</size>
         <input_file_ref idref="fl-23"/>
      </object_component>
      <object_component id="oc-240">
         <name>.text</name>
         <load_address>0x303876</load_address>
         <run_address>0x303876</run_address>
         <size>0x24</size>
         <input_file_ref idref="fl-47"/>
      </object_component>
      <object_component id="oc-35f">
         <name>.text</name>
         <load_address>0x30389a</load_address>
         <run_address>0x30389a</run_address>
         <size>0x24</size>
         <input_file_ref idref="fl-6c"/>
      </object_component>
      <object_component id="oc-268">
         <name>.text:_xdc_runtime_System_processAtExit__E</name>
         <load_address>0x3038be</load_address>
         <run_address>0x3038be</run_address>
         <size>0x23</size>
         <input_file_ref idref="fl-31"/>
      </object_component>
      <object_component id="oc-270">
         <name>.text:_ti_sysbios_heaps_HeapMem_free__E</name>
         <load_address>0x3038e1</load_address>
         <run_address>0x3038e1</run_address>
         <size>0x21</size>
         <input_file_ref idref="fl-23"/>
      </object_component>
      <object_component id="oc-302">
         <name>.text:_ti_sysbios_knl_Task_allBlockedFunction__I</name>
         <load_address>0x303902</load_address>
         <run_address>0x303902</run_address>
         <size>0x21</size>
         <input_file_ref idref="fl-23"/>
      </object_component>
      <object_component id="oc-212">
         <name>.text</name>
         <load_address>0x303923</load_address>
         <run_address>0x303923</run_address>
         <size>0x21</size>
         <input_file_ref idref="fl-64"/>
      </object_component>
      <object_component id="oc-37f">
         <name>.text:_ti_sysbios_family_c28_Timer_setPrescale__E</name>
         <load_address>0x303944</load_address>
         <run_address>0x303944</run_address>
         <size>0x20</size>
         <input_file_ref idref="fl-23"/>
      </object_component>
      <object_component id="oc-2e6">
         <name>.text:_ti_sysbios_knl_Task_yield__E</name>
         <load_address>0x303964</load_address>
         <run_address>0x303964</run_address>
         <size>0x20</size>
         <input_file_ref idref="fl-23"/>
      </object_component>
      <object_component id="oc-281">
         <name>.text:_xdc_runtime_System_atexit__E</name>
         <load_address>0x303984</load_address>
         <run_address>0x303984</run_address>
         <size>0x20</size>
         <input_file_ref idref="fl-31"/>
      </object_component>
      <object_component id="oc-381">
         <name>.text:_ti_sysbios_knl_Task_exit__E</name>
         <load_address>0x3039a4</load_address>
         <run_address>0x3039a4</run_address>
         <size>0x1f</size>
         <input_file_ref idref="fl-23"/>
      </object_component>
      <object_component id="oc-2c2">
         <name>.text:_xdc_runtime_LoggerBuf_filterOutEvent__I</name>
         <load_address>0x3039c3</load_address>
         <run_address>0x3039c3</run_address>
         <size>0x1f</size>
         <input_file_ref idref="fl-2e"/>
      </object_component>
      <object_component id="oc-217">
         <name>.text</name>
         <load_address>0x3039e2</load_address>
         <run_address>0x3039e2</run_address>
         <size>0x1f</size>
         <input_file_ref idref="fl-65"/>
      </object_component>
      <object_component id="oc-2e3">
         <name>.text:_ti_sysbios_knl_Task_blockI__E</name>
         <load_address>0x303a01</load_address>
         <run_address>0x303a01</run_address>
         <size>0x1e</size>
         <input_file_ref idref="fl-23"/>
      </object_component>
      <object_component id="oc-364">
         <name>.text:_xdc_runtime_SysMin_putch__E</name>
         <load_address>0x303a1f</load_address>
         <run_address>0x303a1f</run_address>
         <size>0x1e</size>
         <input_file_ref idref="fl-32"/>
      </object_component>
      <object_component id="oc-221">
         <name>.text</name>
         <load_address>0x303a3d</load_address>
         <run_address>0x303a3d</run_address>
         <size>0x1e</size>
         <input_file_ref idref="fl-67"/>
      </object_component>
      <object_component id="oc-263">
         <name>.text</name>
         <load_address>0x303a5b</load_address>
         <run_address>0x303a5b</run_address>
         <size>0x1e</size>
         <input_file_ref idref="fl-48"/>
      </object_component>
      <object_component id="oc-335">
         <name>.text:_ti_sysbios_family_c28_TaskSupport_swap__E</name>
         <load_address>0x303a79</load_address>
         <run_address>0x303a79</run_address>
         <size>0x1d</size>
         <input_file_ref idref="fl-27"/>
      </object_component>
      <object_component id="oc-226">
         <name>.text</name>
         <load_address>0x303a96</load_address>
         <run_address>0x303a96</run_address>
         <size>0x1d</size>
         <input_file_ref idref="fl-68"/>
      </object_component>
      <object_component id="oc-338">
         <name>.text:_ti_sysbios_hal_Hwi_checkStack</name>
         <load_address>0x303ab3</load_address>
         <run_address>0x303ab3</run_address>
         <size>0x1c</size>
         <input_file_ref idref="fl-23"/>
      </object_component>
      <object_component id="oc-35c">
         <name>.text:_xdc_runtime_SysMin_output__I</name>
         <load_address>0x303acf</load_address>
         <run_address>0x303acf</run_address>
         <size>0x1c</size>
         <input_file_ref idref="fl-1b"/>
      </object_component>
      <object_component id="oc-230">
         <name>.text</name>
         <load_address>0x303aeb</load_address>
         <run_address>0x303aeb</run_address>
         <size>0x1c</size>
         <input_file_ref idref="fl-6a"/>
      </object_component>
      <object_component id="oc-22b">
         <name>.text</name>
         <load_address>0x303b07</load_address>
         <run_address>0x303b07</run_address>
         <size>0x1c</size>
         <input_file_ref idref="fl-69"/>
      </object_component>
      <object_component id="oc-399">
         <name>.text:_ti_sysbios_family_c28_Hwi_switchAndDispatch__I</name>
         <load_address>0x303b23</load_address>
         <run_address>0x303b23</run_address>
         <size>0x1b</size>
         <input_file_ref idref="fl-24"/>
      </object_component>
      <object_component id="oc-2ed">
         <name>.text:_ti_sysbios_hal_Hwi_initStack</name>
         <load_address>0x303b3e</load_address>
         <run_address>0x303b3e</run_address>
         <size>0x1b</size>
         <input_file_ref idref="fl-23"/>
      </object_component>
      <object_component id="oc-392">
         <name>.text:_ti_sysbios_knl_Task_processVitalTaskFlag__I</name>
         <load_address>0x303b59</load_address>
         <run_address>0x303b59</run_address>
         <size>0x1b</size>
         <input_file_ref idref="fl-23"/>
      </object_component>
      <object_component id="oc-28a">
         <name>.text:_ti_sysbios_gates_GateMutex_enter__E</name>
         <load_address>0x303b74</load_address>
         <run_address>0x303b74</run_address>
         <size>0x1a</size>
         <input_file_ref idref="fl-23"/>
      </object_component>
      <object_component id="oc-2e2">
         <name>.text:_ti_sysbios_knl_Clock_addI__E</name>
         <load_address>0x303b8e</load_address>
         <run_address>0x303b8e</run_address>
         <size>0x1a</size>
         <input_file_ref idref="fl-23"/>
      </object_component>
      <object_component id="oc-37a">
         <name>.text:_xdc_runtime_System_avprintf__E</name>
         <load_address>0x303ba8</load_address>
         <run_address>0x303ba8</run_address>
         <size>0x1a</size>
         <input_file_ref idref="fl-31"/>
      </object_component>
      <object_component id="oc-2b1">
         <name>.text:_Init_i2c</name>
         <load_address>0x303bc2</load_address>
         <run_address>0x303bc2</run_address>
         <size>0x19</size>
         <input_file_ref idref="fl-14"/>
      </object_component>
      <object_component id="oc-273">
         <name>.text:_start_SPI</name>
         <load_address>0x303bdb</load_address>
         <run_address>0x303bdb</run_address>
         <size>0x19</size>
         <input_file_ref idref="fl-8"/>
      </object_component>
      <object_component id="oc-2d7">
         <name>.text:_ti_sysbios_knl_Swi_restore__E</name>
         <load_address>0x303bf4</load_address>
         <run_address>0x303bf4</run_address>
         <size>0x19</size>
         <input_file_ref idref="fl-23"/>
      </object_component>
      <object_component id="oc-398">
         <name>.text:_xdc_runtime_System_putchar__I</name>
         <load_address>0x303c0d</load_address>
         <run_address>0x303c0d</run_address>
         <size>0x19</size>
         <input_file_ref idref="fl-31"/>
      </object_component>
      <object_component id="oc-37b">
         <name>.text:_xdc_runtime_System_vprintf__E</name>
         <load_address>0x303c26</load_address>
         <run_address>0x303c26</run_address>
         <size>0x19</size>
         <input_file_ref idref="fl-31"/>
      </object_component>
      <object_component id="oc-243">
         <name>.text</name>
         <load_address>0x303c3f</load_address>
         <run_address>0x303c3f</run_address>
         <size>0x19</size>
         <input_file_ref idref="fl-4d"/>
      </object_component>
      <object_component id="oc-2b2">
         <name>.text:_post_init</name>
         <load_address>0x303c58</load_address>
         <run_address>0x303c58</run_address>
         <size>0x18</size>
         <input_file_ref idref="fl-4"/>
      </object_component>
      <object_component id="oc-30d">
         <name>.text:_ti_sysbios_family_xxx_Hwi_switchAndRunFunc</name>
         <load_address>0x303c70</load_address>
         <run_address>0x303c70</run_address>
         <size>0x18</size>
         <input_file_ref idref="fl-24"/>
      </object_component>
      <object_component id="oc-367">
         <name>.text:_xdc_runtime_LoggerBuf_reset__E</name>
         <load_address>0x303c88</load_address>
         <run_address>0x303c88</run_address>
         <size>0x18</size>
         <input_file_ref idref="fl-2e"/>
      </object_component>
      <object_component id="oc-38c">
         <name>.text:_xdc_runtime_Text_printVisFxn__I</name>
         <load_address>0x303ca0</load_address>
         <run_address>0x303ca0</run_address>
         <size>0x18</size>
         <input_file_ref idref="fl-33"/>
      </object_component>
      <object_component id="oc-21c">
         <name>.text</name>
         <load_address>0x303cb8</load_address>
         <run_address>0x303cb8</run_address>
         <size>0x18</size>
         <input_file_ref idref="fl-66"/>
      </object_component>
      <object_component id="oc-283">
         <name>.text:_ti_sysbios_family_c28_Timer_startup__E</name>
         <load_address>0x303cd0</load_address>
         <run_address>0x303cd0</run_address>
         <size>0x17</size>
         <input_file_ref idref="fl-23"/>
      </object_component>
      <object_component id="oc-252">
         <name>.text:_ti_sysbios_knl_Clock_doTick__I</name>
         <load_address>0x303ce7</load_address>
         <run_address>0x303ce7</run_address>
         <size>0x17</size>
         <input_file_ref idref="fl-1b"/>
      </object_component>
      <object_component id="oc-307">
         <name>.text:_ti_sysbios_knl_Semaphore_pendTimeout__I</name>
         <load_address>0x303cfe</load_address>
         <run_address>0x303cfe</run_address>
         <size>0x17</size>
         <input_file_ref idref="fl-23"/>
      </object_component>
      <object_component id="oc-2e4">
         <name>.text:_ti_sysbios_knl_Task_restore__E</name>
         <load_address>0x303d15</load_address>
         <run_address>0x303d15</run_address>
         <size>0x17</size>
         <input_file_ref idref="fl-23"/>
      </object_component>
      <object_component id="oc-309">
         <name>.text:_ti_sysbios_knl_Task_unblockI__E</name>
         <load_address>0x303d2c</load_address>
         <run_address>0x303d2c</run_address>
         <size>0x17</size>
         <input_file_ref idref="fl-23"/>
      </object_component>
      <object_component id="oc-352">
         <name>.text:_xdc_runtime_LoggerBuf_Module_startup__E</name>
         <load_address>0x303d43</load_address>
         <run_address>0x303d43</run_address>
         <size>0x17</size>
         <input_file_ref idref="fl-2e"/>
      </object_component>
      <object_component id="oc-2b0">
         <name>.text:_InitI2CGpio</name>
         <load_address>0x303d5a</load_address>
         <run_address>0x303d5a</run_address>
         <size>0x16</size>
         <input_file_ref idref="fl-14"/>
      </object_component>
      <object_component id="oc-2f4">
         <name>.text:_clkg_delay_loop</name>
         <load_address>0x303d70</load_address>
         <run_address>0x303d70</run_address>
         <size>0x16</size>
         <input_file_ref idref="fl-f"/>
      </object_component>
      <object_component id="oc-2f3">
         <name>.text:_delay_loop</name>
         <load_address>0x303d86</load_address>
         <run_address>0x303d86</run_address>
         <size>0x16</size>
         <input_file_ref idref="fl-f"/>
      </object_component>
      <object_component id="oc-280">
         <name>.text:_ti_sysbios_BIOS_atExitFunc__I</name>
         <load_address>0x303d9c</load_address>
         <run_address>0x303d9c</run_address>
         <size>0x16</size>
         <input_file_ref idref="fl-1b"/>
      </object_component>
      <object_component id="oc-357">
         <name>.text:_ti_sysbios_family_c28_Timer_Module_startup__E</name>
         <load_address>0x303db2</load_address>
         <run_address>0x303db2</run_address>
         <size>0x16</size>
         <input_file_ref idref="fl-23"/>
      </object_component>
      <object_component id="oc-350">
         <name>.text:_xdc_runtime_SysMin_abort__E</name>
         <load_address>0x303dc8</load_address>
         <run_address>0x303dc8</run_address>
         <size>0x16</size>
         <input_file_ref idref="fl-32"/>
      </object_component>
      <object_component id="oc-24c">
         <name>.text:_ti_sysbios_BIOS_startFunc__I</name>
         <load_address>0x303dde</load_address>
         <run_address>0x303dde</run_address>
         <size>0x15</size>
         <input_file_ref idref="fl-1b"/>
      </object_component>
      <object_component id="oc-359">
         <name>.text:_ti_sysbios_knl_Swi_Module_startup__E</name>
         <load_address>0x303df3</load_address>
         <run_address>0x303df3</run_address>
         <size>0x15</size>
         <input_file_ref idref="fl-23"/>
      </object_component>
      <object_component id="oc-298">
         <name>.text:_ti_sysbios_knl_Idle_run__E</name>
         <load_address>0x303e08</load_address>
         <run_address>0x303e08</run_address>
         <size>0x14</size>
         <input_file_ref idref="fl-23"/>
      </object_component>
      <object_component id="oc-2a3">
         <name>.text:_MemCopy</name>
         <load_address>0x303e1c</load_address>
         <run_address>0x303e1c</run_address>
         <size>0x13</size>
         <input_file_ref idref="fl-16"/>
      </object_component>
      <object_component id="oc-260">
         <name>.text:_xdc_runtime_Error_raiseX__E</name>
         <load_address>0x303e2f</load_address>
         <run_address>0x303e2f</run_address>
         <size>0x13</size>
         <input_file_ref idref="fl-2c"/>
      </object_component>
      <object_component id="oc-358">
         <name>.text:_ti_sysbios_knl_Clock_Module_startup__E</name>
         <load_address>0x303e42</load_address>
         <run_address>0x303e42</run_address>
         <size>0x12</size>
         <input_file_ref idref="fl-23"/>
      </object_component>
      <object_component id="oc-2f2">
         <name>.text:_init_buffer</name>
         <load_address>0x303e54</load_address>
         <run_address>0x303e54</run_address>
         <size>0x11</size>
         <input_file_ref idref="fl-7"/>
      </object_component>
      <object_component id="oc-39a">
[...]
         <name>_ti_catalog_c2800_init_Boot_disableWatchdog</name>
         <value>0x303ea6</value>
         <object_component_ref idref="oc-261"/>
      </symbol>
      <symbol id="sm-96f">
         <name>_ti_catalog_c2800_init_Boot_defaultLimpAbortFunction</name>
         <value>0x3041ee</value>
         <object_component_ref idref="oc-2ea"/>
      </symbol>
      <symbol id="sm-9b3">
         <name>_xdc_runtime_Error_getSite__E</name>
         <value>0x3041f8</value>
         <object_component_ref idref="oc-360"/>
      </symbol>
      <symbol id="sm-9b4">
         <name>_xdc_runtime_Error_print__E</name>
         <value>0x30336d</value>
         <object_component_ref idref="oc-34f"/>
      </symbol>
      <symbol id="sm-9b5">
         <name>_xdc_runtime_Error_policyDefault__E</name>
         <value>0x301ff8</value>
         <object_component_ref idref="oc-2e9"/>
      </symbol>
      <symbol id="sm-9b6">
         <name>_xdc_runtime_Error_init__E</name>
         <value>0x304060</value>
         <object_component_ref idref="oc-2c8"/>
      </symbol>
      <symbol id="sm-9b7">
         <name>_xdc_runtime_Error_raiseX__E</name>
         <value>0x303e2f</value>
         <object_component_ref idref="oc-260"/>
      </symbol>
      <symbol id="sm-9b8">
         <name>_xdc_runtime_Error_setX__E</name>
         <value>0x30339d</value>
         <object_component_ref idref="oc-311"/>
      </symbol>
      <symbol id="sm-9c6">
         <name>_xdc_runtime_Gate_leaveSystem__E</name>
         <value>0x304160</value>
         <object_component_ref idref="oc-2d1"/>
      </symbol>
      <symbol id="sm-9c7">
         <name>_xdc_runtime_Gate_enterSystem__E</name>
         <value>0x30415a</value>
         <object_component_ref idref="oc-2b4"/>
      </symbol>
      <symbol id="sm-a10">
         <name>_xdc_runtime_LoggerBuf_write0__E</name>
         <value>0x303f76</value>
         <object_component_ref idref="oc-277"/>
      </symbol>
      <symbol id="sm-a11">
         <name>_xdc_runtime_LoggerBuf_Module_startup__E</name>
         <value>0x303d43</value>
         <object_component_ref idref="oc-352"/>
      </symbol>
      <symbol id="sm-a12">
         <name>_xdc_runtime_LoggerBuf_reset__E</name>
         <value>0x303c88</value>
         <object_component_ref idref="oc-367"/>
      </symbol>
      <symbol id="sm-a13">
         <name>_xdc_runtime_LoggerBuf_write4__E</name>
         <value>0x30237b</value>
         <object_component_ref idref="oc-27a"/>
      </symbol>
      <symbol id="sm-a14">
         <name>_xdc_runtime_LoggerBuf_getFilterLevel__E</name>
         <value>0x30303d</value>
         <object_component_ref idref="oc-27d"/>
      </symbol>
      <symbol id="sm-a15">
         <name>_xdc_runtime_LoggerBuf_disable__E</name>
         <value>0x304176</value>
         <object_component_ref idref="oc-276"/>
      </symbol>
      <symbol id="sm-a16">
         <name>_xdc_runtime_LoggerBuf_setFilterLevel__E</name>
         <value>0x3030b6</value>
         <object_component_ref idref="oc-27c"/>
      </symbol>
      <symbol id="sm-a17">
         <name>_xdc_runtime_LoggerBuf_write8__E</name>
         <value>0x301b84</value>
         <object_component_ref idref="oc-27b"/>
      </symbol>
      <symbol id="sm-a18">
         <name>_xdc_runtime_LoggerBuf_write2__E</name>
         <value>0x303ec4</value>
         <object_component_ref idref="oc-279"/>
      </symbol>
      <symbol id="sm-a19">
         <name>_xdc_runtime_LoggerBuf_filterOutEvent__I</name>
         <value>0x3039c3</value>
         <object_component_ref idref="oc-2c2"/>
      </symbol>
      <symbol id="sm-a1a">
         <name>_xdc_runtime_LoggerBuf_write1__E</name>
         <value>0x303f83</value>
         <object_component_ref idref="oc-278"/>
      </symbol>
      <symbol id="sm-a1b">
         <name>_xdc_runtime_LoggerBuf_enable__E</name>
         <value>0x304166</value>
         <object_component_ref idref="oc-275"/>
      </symbol>
      <symbol id="sm-a46">
         <name>_xdc_runtime_Startup_startMods__I</name>
         <value>0x30279f</value>
         <object_component_ref idref="oc-2ee"/>
      </symbol>
      <symbol id="sm-a47">
         <name>_xdc_runtime_Startup_rtsDone__E</name>
         <value>0x304190</value>
         <object_component_ref idref="oc-27e"/>
      </symbol>
      <symbol id="sm-a48">
         <name>_xdc_runtime_Startup_exec__E</name>
         <value>0x3033fd</value>
         <object_component_ref idref="oc-241"/>
      </symbol>
      <symbol id="sm-aca">
         <name>_xdc_runtime_System_formatNum__I</name>
         <value>0x3030f2</value>
         <object_component_ref idref="oc-397"/>
      </symbol>
      <symbol id="sm-acb">
         <name>_xdc_runtime_System_exit__E</name>
         <value>0x304055</value>
         <object_component_ref idref="oc-244"/>
      </symbol>
      <symbol id="sm-acc">
         <name>_xdc_runtime_System_exitStd__E</name>
         <value>0x3041eb</value>
         <object_component_ref idref="oc-2b6"/>
      </symbol>
      <symbol id="sm-acd">
         <name>_xdc_runtime_System_printf_va__F</name>
         <value>0x303c26</value>
         <object_component_ref idref="oc-37b"/>
      </symbol>
      <symbol id="sm-ace">
         <name>_xdc_runtime_System_atexit__E</name>
         <value>0x303984</value>
         <object_component_ref idref="oc-281"/>
      </symbol>
      <symbol id="sm-acf">
         <name>_xdc_runtime_System_abortStd__E</name>
         <value>0x3041e8</value>
         <object_component_ref idref="oc-351"/>
      </symbol>
      <symbol id="sm-ad0">
         <name>_xdc_runtime_System_putchar__I</name>
         <value>0x303c0d</value>
         <object_component_ref idref="oc-398"/>
      </symbol>
      <symbol id="sm-ad1">
         <name>_xdc_runtime_System_snprintf_va__F</name>
         <value>0x30406a</value>
         <object_component_ref idref="oc-38d"/>
      </symbol>
      <symbol id="sm-ad2">
         <name>_xdc_runtime_System_Module_startup__E</name>
         <value>0x3041d9</value>
         <object_component_ref idref="oc-353"/>
      </symbol>
      <symbol id="sm-ad3">
         <name>_xdc_runtime_System_avprintf__E</name>
         <value>0x303ba8</value>
         <object_component_ref idref="oc-37a"/>
      </symbol>
      <symbol id="sm-ad4">
         <name>_xdc_runtime_System_vprintf__E</name>
         <value>0x303c26</value>
         <object_component_ref idref="oc-37b"/>
      </symbol>
      <symbol id="sm-ad5">
         <name>_xdc_runtime_System_aprintf_va__F</name>
         <value>0x303ba8</value>
         <object_component_ref idref="oc-37a"/>
      </symbol>
      <symbol id="sm-ad6">
         <name>_xdc_runtime_System_doPrint__I</name>
         <value>0x300eaa</value>
         <object_component_ref idref="oc-38f"/>
      </symbol>
      <symbol id="sm-ad7">
         <name>_xdc_runtime_System_processAtExit__E</name>
         <value>0x3038be</value>
         <object_component_ref idref="oc-268"/>
      </symbol>
      <symbol id="sm-ad8">
         <name>_xdc_runtime_System_vsnprintf__E</name>
         <value>0x30406a</value>
         <object_component_ref idref="oc-38d"/>
      </symbol>
      <symbol id="sm-ad9">
         <name>_xdc_runtime_System_abort__E</name>
         <value>0x303f90</value>
         <object_component_ref idref="oc-31c"/>
      </symbol>
      <symbol id="sm-af8">
         <name>_xdc_runtime_SysMin_abort__E</name>
         <value>0x303dc8</value>
         <object_component_ref idref="oc-350"/>
      </symbol>
      <symbol id="sm-af9">
         <name>_xdc_runtime_SysMin_ready__E</name>
         <value>0x30410a</value>
         <object_component_ref idref="oc-395"/>
      </symbol>
      <symbol id="sm-afa">
         <name>_xdc_runtime_SysMin_flush__E</name>
         <value>0x3037be</value>
         <object_component_ref idref="oc-325"/>
      </symbol>
      <symbol id="sm-afb">
         <name>_xdc_runtime_SysMin_Module_startup__E</name>
         <value>0x303e96</value>
         <object_component_ref idref="oc-354"/>
      </symbol>
      <symbol id="sm-afc">
         <name>_xdc_runtime_SysMin_putch__E</name>
         <value>0x303a1f</value>
         <object_component_ref idref="oc-364"/>
      </symbol>
      <symbol id="sm-afd">
         <name>_xdc_runtime_SysMin_exit__E</name>
         <value>0x30404a</value>
         <object_component_ref idref="oc-2f8"/>
      </symbol>
      <symbol id="sm-b3f">
         <name>_xdc_runtime_Text_putLab__E</name>
         <value>0x302d8e</value>
         <object_component_ref idref="oc-3a5"/>
      </symbol>
      <symbol id="sm-b40">
         <name>_xdc_runtime_Text_printVisFxn__I</name>
         <value>0x303ca0</value>
         <object_component_ref idref="oc-38c"/>
      </symbol>
      <symbol id="sm-b41">
         <name>_xdc_runtime_Text_putMod__E</name>
         <value>0x302fc0</value>
         <object_component_ref idref="oc-378"/>
      </symbol>
      <symbol id="sm-b42">
         <name>_xdc_runtime_Text_xprintf__I</name>
         <value>0x303749</value>
         <object_component_ref idref="oc-379"/>
      </symbol>
      <symbol id="sm-b43">
         <name>_xdc_runtime_Text_visitRope2__I</name>
         <value>0x3032d9</value>
         <object_component_ref idref="oc-39f"/>
      </symbol>
      <symbol id="sm-b44">
         <name>_xdc_runtime_Text_ropeText__E</name>
         <value>0x304074</value>
         <object_component_ref idref="oc-33a"/>
      </symbol>
      <symbol id="sm-b45">
         <name>_xdc_runtime_Text_putSite__E</name>
         <value>0x3028f8</value>
         <object_component_ref idref="oc-361"/>
      </symbol>
      <symbol id="sm-b51">
         <name>___xdc__init</name>
         <value>0x304194</value>
         <object_component_ref idref="oc-245"/>
      </symbol>
      <symbol id="sm-b7e">
         <name>_xdc_runtime_Registry_findById__E</name>
         <value>0x303ed3</value>
         <object_component_ref idref="oc-38a"/>
      </symbol>
      <symbol id="sm-b99">
         <name>_c_int00</name>
         <value>0x302963</value>
         <object_component_ref idref="oc-49"/>
      </symbol>
      <symbol id="sm-b9a">
         <name>__stack</name>
         <value>0x98e2</value>
         <object_component_ref idref="oc-168"/>
      </symbol>
      <symbol id="sm-bab">
         <name>FS$$DIV</name>
         <value>0x302491</value>
         <object_component_ref idref="oc-16d"/>
      </symbol>
      <symbol id="sm-bd7">
         <name>ULL$$MOD</name>
         <value>0x30192b</value>
         <object_component_ref idref="oc-172"/>
      </symbol>
      <symbol id="sm-bd8">
         <name>ULL$$DIV</name>
         <value>0x3018fc</value>
         <object_component_ref idref="oc-172"/>
      </symbol>
      <symbol id="sm-bd9">
         <name>LL$$MOD</name>
         <value>0x3018c2</value>
         <object_component_ref idref="oc-172"/>
      </symbol>
      <symbol id="sm-bda">
         <name>LL$$DIV</name>
         <value>0x301886</value>
         <object_component_ref idref="oc-172"/>
      </symbol>
      <symbol id="sm-be6">
         <name>UL$$MOD</name>
         <value>0x3036f1</value>
         <object_component_ref idref="oc-177"/>
      </symbol>
      <symbol id="sm-be7">
         <name>L$$MOD</name>
         <value>0x3036dc</value>
         <object_component_ref idref="oc-177"/>
      </symbol>
      <symbol id="sm-be8">
         <name>L$$DIV</name>
         <value>0x3036cd</value>
         <object_component_ref idref="oc-177"/>
      </symbol>
      <symbol id="sm-be9">
         <name>UL$$DIV</name>
         <value>0x3036ea</value>
         <object_component_ref idref="oc-177"/>
      </symbol>
      <symbol id="sm-bf8">
         <name>_copy_in</name>
         <value>0x303876</value>
         <object_component_ref idref="oc-240"/>
      </symbol>
      <symbol id="sm-c09">
         <name>_memcpy</name>
         <value>0x303a5b</value>
         <object_component_ref idref="oc-263"/>
      </symbol>
      <symbol id="sm-c15">
         <name>__system_pre_init</name>
         <value>0x3041fa</value>
         <object_component_ref idref="oc-23e"/>
      </symbol>
      <symbol id="sm-c21">
         <name>__system_post_cinit</name>
         <value>0x3041ff</value>
         <object_component_ref idref="oc-242"/>
      </symbol>
      <symbol id="sm-c35">
         <name>C$$EXIT</name>
         <value>0x303720</value>
         <object_component_ref idref="oc-2f9"/>
      </symbol>
      <symbol id="sm-c36">
         <name>_exit</name>
         <value>0x303722</value>
         <object_component_ref idref="oc-2f9"/>
      </symbol>
      <symbol id="sm-c37">
         <name>___TI_cleanup_ptr</name>
         <value>0x8d3c</value>
         <object_component_ref idref="oc-192"/>
      </symbol>
      <symbol id="sm-c38">
         <name>___TI_enable_exit_profile_output</name>
         <value>0x8d3a</value>
         <object_component_ref idref="oc-192"/>
      </symbol>
      <symbol id="sm-c39">
         <name>_abort</name>
         <value>0x303720</value>
         <object_component_ref idref="oc-2f9"/>
      </symbol>
      <symbol id="sm-c3a">
         <name>___TI_dtors_ptr</name>
         <value>0x8d3e</value>
         <object_component_ref idref="oc-192"/>
      </symbol>
      <symbol id="sm-c4e">
         <name>__unlock</name>
         <value>0x97e6</value>
         <object_component_ref idref="oc-2fb"/>
      </symbol>
      <symbol id="sm-c4f">
         <name>__lock</name>
         <value>0x97e4</value>
         <object_component_ref idref="oc-2fc"/>
      </symbol>
      <symbol id="sm-c50">
         <name>__register_lock</name>
         <value>0x3040dc</value>
         <object_component_ref idref="oc-2cd"/>
      </symbol>
      <symbol id="sm-c51">
         <name>__nop</name>
         <value>0x3040e0</value>
         <object_component_ref idref="oc-2cd"/>
      </symbol>
      <symbol id="sm-c52">
         <name>__register_unlock</name>
         <value>0x3040d8</value>
         <object_component_ref idref="oc-2cd"/>
      </symbol>
      <symbol id="sm-c61">
         <name>__args_main</name>
         <value>0x303c3f</value>
         <object_component_ref idref="oc-243"/>
      </symbol>
      <symbol id="sm-c6f">
         <name>_memset</name>
         <value>0x303fda</value>
         <object_component_ref idref="oc-349"/>
      </symbol>
      <symbol id="sm-c85">
         <name>_strlen</name>
         <value>0x304112</value>
         <object_component_ref idref="oc-30b"/>
      </symbol>
      <symbol id="sm-c92">
         <name>_HOSTwrite</name>
         <value>0x303168</value>
         <object_component_ref idref="oc-377"/>
      </symbol>
      <symbol id="sm-cab">
         <name>___TI_readmsg</name>
         <value>0x302224</value>
         <object_component_ref idref="oc-387"/>
      </symbol>
      <symbol id="sm-cac">
         <name>C$$IO$$</name>
         <value>0x30221f</value>
         <object_component_ref idref="oc-387"/>
      </symbol>
      <symbol id="sm-cad">
         <name>__CIOBUF_</name>
         <value>0xa680</value>
         <object_component_ref idref="oc-1b6"/>
      </symbol>
      <symbol id="sm-cae">
         <name>___TI_writemsg</name>
         <value>0x3021cc</value>
         <object_component_ref idref="oc-387"/>
      </symbol>
      <symbol id="sm-cbc">
         <name>_vsprintf</name>
         <value>0x3033cd</value>
         <object_component_ref idref="oc-30a"/>
      </symbol>
      <symbol id="sm-de8">
         <name>___TI_printfi</name>
         <value>0x300ae2</value>
         <object_component_ref idref="oc-336"/>
      </symbol>
      <symbol id="sm-dfc">
         <name>_atoi</name>
         <value>0x30333c</value>
         <object_component_ref idref="oc-344"/>
      </symbol>
      <symbol id="sm-e04">
         <name>__ctypes_</name>
         <value>0x305a18</value>
         <object_component_ref idref="oc-35e"/>
      </symbol>
      <symbol id="sm-e12">
         <name>_ltoa</name>
         <value>0x303540</value>
         <object_component_ref idref="oc-345"/>
      </symbol>
      <symbol id="sm-e21">
         <name>_memccpy</name>
         <value>0x303f9d</value>
         <object_component_ref idref="oc-34b"/>
      </symbol>
      <symbol id="sm-e30">
         <name>_strchr</name>
         <value>0x303fe6</value>
         <object_component_ref idref="oc-348"/>
      </symbol>
      <symbol id="sm-e3d">
         <name>_strcpy</name>
         <value>0x30417b</value>
         <object_component_ref idref="oc-34a"/>
      </symbol>
      <symbol id="sm-e49">
         <name>_parmbuf</name>
         <value>0x8d32</value>
         <object_component_ref idref="oc-1e3"/>
      </symbol>
      <symbol id="sm-e5c">
         <name>_frexpl</name>
         <value>0x302b4d</value>
         <object_component_ref idref="oc-346"/>
      </symbol>
      <symbol id="sm-e79">
         <name>_scalbnl</name>
         <value>0x301ddd</value>
         <object_component_ref idref="oc-347"/>
      </symbol>
      <symbol id="sm-e7a">
         <name>_ldexpl</name>
         <value>0x301ddd</value>
         <object_component_ref idref="oc-347"/>
      </symbol>
      <symbol id="sm-e95">
         <name>FD$$ADD</name>
         <value>0x302094</value>
         <object_component_ref idref="oc-1f4"/>
      </symbol>
      <symbol id="sm-ea5">
         <name>FD$$CMP</name>
         <value>0x3036a3</value>
         <object_component_ref idref="oc-1f9"/>
      </symbol>
      <symbol id="sm-ebc">
         <name>FD$$DIV</name>
         <value>0x302406</value>
         <object_component_ref idref="oc-1fe"/>
      </symbol>
      <symbol id="sm-ece">
         <name>FD$$MPY</name>
         <value>0x3025a0</value>
         <object_component_ref idref="oc-203"/>
      </symbol>
      <symbol id="sm-edb">
         <name>FD$$NEG</name>
         <value>0x3040e1</value>
         <object_component_ref idref="oc-208"/>
      </symbol>
      <symbol id="sm-ee7">
         <name>FD$$SUB</name>
         <value>0x303f1a</value>
         <object_component_ref idref="oc-20d"/>
      </symbol>
      <symbol id="sm-ef6">
         <name>FD$$TOI</name>
         <value>0x303923</value>
         <object_component_ref idref="oc-212"/>
      </symbol>
      <symbol id="sm-f05">
         <name>FD$$TOL</name>
         <value>0x3039e2</value>
         <object_component_ref idref="oc-217"/>
      </symbol>
      <symbol id="sm-f11">
         <name>LL$$AND</name>
         <value>0x303cb8</value>
         <object_component_ref idref="oc-21c"/>
      </symbol>
      <symbol id="sm-f12">
         <name>LL$$OR</name>
         <value>0x303cc0</value>
         <object_component_ref idref="oc-21c"/>
      </symbol>
      <symbol id="sm-f13">
         <name>LL$$XOR</name>
         <value>0x303cc8</value>
         <object_component_ref idref="oc-21c"/>
      </symbol>
      <symbol id="sm-f21">
         <name>ULL$$CMP</name>
         <value>0x303a4f</value>
         <object_component_ref idref="oc-221"/>
      </symbol>
      <symbol id="sm-f22">
         <name>LL$$CMP</name>
         <value>0x303a3d</value>
         <object_component_ref idref="oc-221"/>
      </symbol>
      <symbol id="sm-f32">
         <name>I$$TOFD</name>
         <value>0x303a96</value>
         <object_component_ref idref="oc-226"/>
      </symbol>
      <symbol id="sm-f42">
         <name>L$$TOFD</name>
         <value>0x303b07</value>
         <object_component_ref idref="oc-22b"/>
      </symbol>
      <symbol id="sm-f52">
         <name>FS$$TOFD</name>
         <value>0x303aeb</value>
         <object_component_ref idref="oc-230"/>
      </symbol>
      <symbol id="sm-f5c">
         <name>_errno</name>
         <value>0x8d03</value>
         <object_component_ref idref="oc-237"/>
      </symbol>
      <symbol id="sm-f69">
         <name>_copysignl</name>
         <value>0x30389a</value>
         <object_component_ref idref="oc-35f"/>
      </symbol>
   </symbol_table>
   <title>Link successful</title>
</link_info>
