<?xml version="1.0"?>
<link_info>
   <banner>TMS320C2000 Linker PC v17.6.0.STS</banner>
   <copyright>Copyright (c) 1996-2017 Texas Instruments Incorporated</copyright>
   <link_time>0x5ccdf47d</link_time>
   <link_errors>0x0</link_errors>
   <output_file>Lab3.out</output_file>
   <entry_point>
      <name>_c_int00</name>
      <address>0x301c79</address>
   </entry_point>
   <input_file_list>
      <input_file id="fl-2">
         <path>.\</path>
         <kind>object</kind>
         <file>28335_dma.obj</file>
         <name>28335_dma.obj</name>
      </input_file>
      <input_file id="fl-3">
         <path>.\</path>
         <kind>object</kind>
         <file>28335_eqep.obj</file>
         <name>28335_eqep.obj</name>
      </input_file>
      <input_file id="fl-4">
         <path>.\</path>
         <kind>object</kind>
         <file>28335_inits.obj</file>
         <name>28335_inits.obj</name>
      </input_file>
      <input_file id="fl-5">
         <path>.\</path>
         <kind>object</kind>
         <file>28335_mcbsp.obj</file>
         <name>28335_mcbsp.obj</name>
      </input_file>
      <input_file id="fl-6">
         <path>.\</path>
         <kind>object</kind>
         <file>28335_pwm.obj</file>
         <name>28335_pwm.obj</name>
      </input_file>
      <input_file id="fl-7">
         <path>.\</path>
         <kind>object</kind>
         <file>28335_serial.obj</file>
         <name>28335_serial.obj</name>
      </input_file>
      <input_file id="fl-8">
         <path>.\</path>
         <kind>object</kind>
         <file>28335_spi.obj</file>
         <name>28335_spi.obj</name>
      </input_file>
      <input_file id="fl-9">
         <path>.\</path>
         <kind>object</kind>
         <file>DSP2833x_ADC_cal.obj</file>
         <name>DSP2833x_ADC_cal.obj</name>
      </input_file>
      <input_file id="fl-a">
         <path>.\</path>
         <kind>object</kind>
         <file>DSP2833x_Adc.obj</file>
         <name>DSP2833x_Adc.obj</name>
      </input_file>
      <input_file id="fl-b">
         <path>.\</path>
         <kind>object</kind>
         <file>DSP2833x_CSMPasswords.obj</file>
         <name>DSP2833x_CSMPasswords.obj</name>
      </input_file>
      <input_file id="fl-c">
         <path>.\</path>
         <kind>object</kind>
         <file>DSP2833x_CodeStartBranch.obj</file>
         <name>DSP2833x_CodeStartBranch.obj</name>
      </input_file>
      <input_file id="fl-d">
         <path>.\</path>
         <kind>object</kind>
         <file>DSP2833x_CpuTimers.obj</file>
         <name>DSP2833x_CpuTimers.obj</name>
      </input_file>
      <input_file id="fl-e">
         <path>.\</path>
         <kind>object</kind>
         <file>DSP2833x_GlobalVariableDefs.obj</file>
         <name>DSP2833x_GlobalVariableDefs.obj</name>
      </input_file>
      <input_file id="fl-f">
         <path>.\</path>
         <kind>object</kind>
         <file>DSP2833x_Mcbsp.obj</file>
         <name>DSP2833x_Mcbsp.obj</name>
      </input_file>
      <input_file id="fl-10">
         <path>.\</path>
         <kind>object</kind>
         <file>DSP2833x_PieCtrl.obj</file>
         <name>DSP2833x_PieCtrl.obj</name>
      </input_file>
      <input_file id="fl-11">
         <path>.\</path>
         <kind>object</kind>
         <file>DSP2833x_Spi.obj</file>
         <name>DSP2833x_Spi.obj</name>
      </input_file>
      <input_file id="fl-12">
         <path>.\</path>
         <kind>object</kind>
         <file>DSP2833x_SysCtrl.obj</file>
         <name>DSP2833x_SysCtrl.obj</name>
      </input_file>
      <input_file id="fl-13">
         <path>.\</path>
         <kind>object</kind>
         <file>DSP2833x_usDelay.obj</file>
         <name>DSP2833x_usDelay.obj</name>
      </input_file>
      <input_file id="fl-14">
         <path>.\</path>
         <kind>object</kind>
         <file>i2c.obj</file>
         <name>i2c.obj</name>
      </input_file>
      <input_file id="fl-15">
         <path>.\</path>
         <kind>object</kind>
         <file>lcd.obj</file>
         <name>lcd.obj</name>
      </input_file>
      <input_file id="fl-16">
         <path>.\</path>
         <kind>object</kind>
         <file>user_Lab3.obj</file>
         <name>user_Lab3.obj</name>
      </input_file>
      <input_file id="fl-1b">
         <path>C:\hzhou39_decamar2_ashwina2\SE423Repo\Labs\Lab3\Lab3Project\Debug\configPkg\package\cfg\</path>
         <kind>object</kind>
         <file>Lab3_p28FP.o28FP</file>
         <name>Lab3_p28FP.o28FP</name>
      </input_file>
      <input_file id="fl-22">
         <kind>object</kind>
         <file>&lt;internal&gt;</file>
         <name>&lt;internal&gt;</name>
      </input_file>
      <input_file id="fl-23">
         <path>C:\hzhou39_decamar2_ashwina2\SE423Repo\Labs\Lab3\SYSBIOS\src\sysbios\</path>
         <kind>archive</kind>
         <file>sysbios.a28FP</file>
         <name>BIOS.obj</name>
      </input_file>
      <input_file id="fl-24">
         <path>C:\hzhou39_decamar2_ashwina2\SE423Repo\Labs\Lab3\SYSBIOS\src\sysbios\</path>
         <kind>archive</kind>
         <file>sysbios.a28FP</file>
         <name>c28_Hwi_asm.obj</name>
      </input_file>
      <input_file id="fl-25">
         <path>C:\hzhou39_decamar2_ashwina2\SE423Repo\Labs\Lab3\SYSBIOS\src\sysbios\</path>
         <kind>archive</kind>
         <file>sysbios.a28FP</file>
         <name>c28_Hwi_disp_asm.obj</name>
      </input_file>
      <input_file id="fl-26">
         <path>C:\hzhou39_decamar2_ashwina2\SE423Repo\Labs\Lab3\SYSBIOS\src\sysbios\</path>
         <kind>archive</kind>
         <file>sysbios.a28FP</file>
         <name>c28_IntrinsicsSupport_asm.obj</name>
      </input_file>
      <input_file id="fl-27">
         <path>C:\hzhou39_decamar2_ashwina2\SE423Repo\Labs\Lab3\SYSBIOS\src\sysbios\</path>
         <kind>archive</kind>
         <file>sysbios.a28FP</file>
         <name>c28_TaskSupport_asm.obj</name>
      </input_file>
      <input_file id="fl-28">
         <path>C:\CCStudio_v8\bios_6_70_01_03\packages\ti\catalog\c2800\init\lib\</path>
         <kind>archive</kind>
         <file>Boot.a28FP</file>
         <name>Boot.o28FP</name>
      </input_file>
      <input_file id="fl-29">
         <path>C:\CCStudio_v8\bios_6_70_01_03\packages\ti\targets\rts2800\lib\</path>
         <kind>archive</kind>
         <file>ti.targets.rts2800.a28FP</file>
         <name>Core-smem.o28FP</name>
      </input_file>
      <input_file id="fl-2a">
         <path>C:\CCStudio_v8\bios_6_70_01_03\packages\ti\targets\rts2800\lib\</path>
         <kind>archive</kind>
         <file>ti.targets.rts2800.a28FP</file>
         <name>Core-label.o28FP</name>
      </input_file>
      <input_file id="fl-2b">
         <path>C:\CCStudio_v8\bios_6_70_01_03\packages\ti\targets\rts2800\lib\</path>
         <kind>archive</kind>
         <file>ti.targets.rts2800.a28FP</file>
         <name>Core-params.o28FP</name>
      </input_file>
      <input_file id="fl-2c">
         <path>C:\CCStudio_v8\bios_6_70_01_03\packages\ti\targets\rts2800\lib\</path>
         <kind>archive</kind>
         <file>ti.targets.rts2800.a28FP</file>
         <name>Error.o28FP</name>
      </input_file>
      <input_file id="fl-2d">
         <path>C:\CCStudio_v8\bios_6_70_01_03\packages\ti\targets\rts2800\lib\</path>
         <kind>archive</kind>
         <file>ti.targets.rts2800.a28FP</file>
         <name>Gate.o28FP</name>
      </input_file>
      <input_file id="fl-2e">
         <path>C:\CCStudio_v8\bios_6_70_01_03\packages\ti\targets\rts2800\lib\</path>
         <kind>archive</kind>
         <file>ti.targets.rts2800.a28FP</file>
         <name>LoggerBuf.o28FP</name>
      </input_file>
      <input_file id="fl-2f">
         <path>C:\CCStudio_v8\bios_6_70_01_03\packages\ti\targets\rts2800\lib\</path>
         <kind>archive</kind>
         <file>ti.targets.rts2800.a28FP</file>
         <name>Memory.o28FP</name>
      </input_file>
      <input_file id="fl-30">
         <path>C:\CCStudio_v8\bios_6_70_01_03\packages\ti\targets\rts2800\lib\</path>
         <kind>archive</kind>
         <file>ti.targets.rts2800.a28FP</file>
         <name>Startup.o28FP</name>
      </input_file>
      <input_file id="fl-31">
         <path>C:\CCStudio_v8\bios_6_70_01_03\packages\ti\targets\rts2800\lib\</path>
         <kind>archive</kind>
         <file>ti.targets.rts2800.a28FP</file>
         <name>System.o28FP</name>
      </input_file>
      <input_file id="fl-32">
         <path>C:\CCStudio_v8\bios_6_70_01_03\packages\ti\targets\rts2800\lib\</path>
         <kind>archive</kind>
         <file>ti.targets.rts2800.a28FP</file>
         <name>SysMin.o28FP</name>
      </input_file>
      <input_file id="fl-33">
         <path>C:\CCStudio_v8\bios_6_70_01_03\packages\ti\targets\rts2800\lib\</path>
         <kind>archive</kind>
         <file>ti.targets.rts2800.a28FP</file>
         <name>Text.o28FP</name>
      </input_file>
      <input_file id="fl-34">
         <path>C:\CCStudio_v8\bios_6_70_01_03\packages\ti\targets\rts2800\lib\</path>
         <kind>archive</kind>
         <file>ti.targets.rts2800.a28FP</file>
         <name>xdc_noinit.o28FP</name>
      </input_file>
      <input_file id="fl-35">
         <path>C:\CCStudio_v8\bios_6_70_01_03\packages\ti\targets\rts2800\lib\</path>
         <kind>archive</kind>
         <file>ti.targets.rts2800.a28FP</file>
         <name>Assert.o28FP</name>
      </input_file>
      <input_file id="fl-36">
         <path>C:\CCStudio_v8\bios_6_70_01_03\packages\ti\targets\rts2800\lib\</path>
         <kind>archive</kind>
         <file>ti.targets.rts2800.a28FP</file>
         <name>Log.o28FP</name>
      </input_file>
      <input_file id="fl-37">
         <path>C:\CCStudio_v8\bios_6_70_01_03\packages\ti\targets\rts2800\lib\</path>
         <kind>archive</kind>
         <file>ti.targets.rts2800.a28FP</file>
         <name>Registry.o28FP</name>
      </input_file>
      <input_file id="fl-38">
         <path>C:\CCStudio_v8\bios_6_70_01_03\packages\ti\targets\rts2800\lib\</path>
         <kind>archive</kind>
         <file>boot.a28FP</file>
         <name>boot_cg.o28FP</name>
      </input_file>
      <input_file id="fl-44">
         <path>C:\CCStudio_v8\ccsv8\tools\compiler\ti-cgt-c2000_17.6.0.STS\lib\</path>
         <kind>archive</kind>
         <file>rts2800_fpu32.lib</file>
         <name>fs_div28.obj</name>
      </input_file>
      <input_file id="fl-45">
         <path>C:\CCStudio_v8\ccsv8\tools\compiler\ti-cgt-c2000_17.6.0.STS\lib\</path>
         <kind>archive</kind>
         <file>rts2800_fpu32.lib</file>
         <name>ll_div28.obj</name>
      </input_file>
      <input_file id="fl-46">
         <path>C:\CCStudio_v8\ccsv8\tools\compiler\ti-cgt-c2000_17.6.0.STS\lib\</path>
         <kind>archive</kind>
         <file>rts2800_fpu32.lib</file>
         <name>l_div28.obj</name>
      </input_file>
      <input_file id="fl-47">
         <path>C:\CCStudio_v8\ccsv8\tools\compiler\ti-cgt-c2000_17.6.0.STS\lib\</path>
         <kind>archive</kind>
         <file>rts2800_fpu32.lib</file>
         <name>cpy_tbl.obj</name>
      </input_file>
      <input_file id="fl-48">
         <path>C:\CCStudio_v8\ccsv8\tools\compiler\ti-cgt-c2000_17.6.0.STS\lib\</path>
         <kind>archive</kind>
         <file>rts2800_fpu32.lib</file>
         <name>memcpy.obj</name>
      </input_file>
      <input_file id="fl-49">
         <path>C:\CCStudio_v8\ccsv8\tools\compiler\ti-cgt-c2000_17.6.0.STS\lib\</path>
         <kind>archive</kind>
         <file>rts2800_fpu32.lib</file>
         <name>pre_init.obj</name>
      </input_file>
      <input_file id="fl-4a">
         <path>C:\CCStudio_v8\ccsv8\tools\compiler\ti-cgt-c2000_17.6.0.STS\lib\</path>
         <kind>archive</kind>
         <file>rts2800_fpu32.lib</file>
         <name>startup.obj</name>
      </input_file>
      <input_file id="fl-4b">
         <path>C:\CCStudio_v8\ccsv8\tools\compiler\ti-cgt-c2000_17.6.0.STS\lib\</path>
         <kind>archive</kind>
         <file>rts2800_fpu32.lib</file>
         <name>exit.obj</name>
      </input_file>
      <input_file id="fl-4c">
         <path>C:\CCStudio_v8\ccsv8\tools\compiler\ti-cgt-c2000_17.6.0.STS\lib\</path>
         <kind>archive</kind>
         <file>rts2800_fpu32.lib</file>
         <name>_lock.obj</name>
      </input_file>
      <input_file id="fl-4d">
         <path>C:\CCStudio_v8\ccsv8\tools\compiler\ti-cgt-c2000_17.6.0.STS\lib\</path>
         <kind>archive</kind>
         <file>rts2800_fpu32.lib</file>
         <name>args_main.obj</name>
      </input_file>
      <input_file id="fl-4e">
         <path>C:\CCStudio_v8\ccsv8\tools\compiler\ti-cgt-c2000_17.6.0.STS\lib\</path>
         <kind>archive</kind>
         <file>rts2800_fpu32.lib</file>
         <name>memset.obj</name>
      </input_file>
      <input_file id="fl-4f">
         <path>C:\CCStudio_v8\ccsv8\tools\compiler\ti-cgt-c2000_17.6.0.STS\lib\</path>
         <kind>archive</kind>
         <file>rts2800_fpu32.lib</file>
         <name>strcmp.obj</name>
      </input_file>
      <input_file id="fl-50">
         <path>C:\CCStudio_v8\ccsv8\tools\compiler\ti-cgt-c2000_17.6.0.STS\lib\</path>
         <kind>archive</kind>
         <file>rts2800_fpu32.lib</file>
         <name>strlen.obj</name>
      </input_file>
      <input_file id="fl-51">
         <path>C:\CCStudio_v8\ccsv8\tools\compiler\ti-cgt-c2000_17.6.0.STS\lib\</path>
         <kind>archive</kind>
         <file>rts2800_fpu32.lib</file>
         <name>hostwrite.obj</name>
      </input_file>
      <input_file id="fl-52">
         <path>C:\CCStudio_v8\ccsv8\tools\compiler\ti-cgt-c2000_17.6.0.STS\lib\</path>
         <kind>archive</kind>
         <file>rts2800_fpu32.lib</file>
         <name>trgmsg.obj</name>
      </input_file>
      <input_file id="fl-53">
         <path>C:\CCStudio_v8\ccsv8\tools\compiler\ti-cgt-c2000_17.6.0.STS\lib\</path>
         <kind>archive</kind>
         <file>rts2800_fpu32.lib</file>
         <name>vsprintf.obj</name>
      </input_file>
      <input_file id="fl-54">
         <path>C:\CCStudio_v8\ccsv8\tools\compiler\ti-cgt-c2000_17.6.0.STS\lib\</path>
         <kind>archive</kind>
         <file>rts2800_fpu32.lib</file>
         <name>_printfi.obj</name>
      </input_file>
      <input_file id="fl-55">
         <path>C:\CCStudio_v8\ccsv8\tools\compiler\ti-cgt-c2000_17.6.0.STS\lib\</path>
         <kind>archive</kind>
         <file>rts2800_fpu32.lib</file>
         <name>atoi.obj</name>
      </input_file>
      <input_file id="fl-56">
         <path>C:\CCStudio_v8\ccsv8\tools\compiler\ti-cgt-c2000_17.6.0.STS\lib\</path>
         <kind>archive</kind>
         <file>rts2800_fpu32.lib</file>
         <name>ctype.obj</name>
      </input_file>
      <input_file id="fl-57">
         <path>C:\CCStudio_v8\ccsv8\tools\compiler\ti-cgt-c2000_17.6.0.STS\lib\</path>
         <kind>archive</kind>
         <file>rts2800_fpu32.lib</file>
         <name>ltoa.obj</name>
      </input_file>
      <input_file id="fl-58">
         <path>C:\CCStudio_v8\ccsv8\tools\compiler\ti-cgt-c2000_17.6.0.STS\lib\</path>
         <kind>archive</kind>
         <file>rts2800_fpu32.lib</file>
         <name>memccpy.obj</name>
      </input_file>
      <input_file id="fl-59">
         <path>C:\CCStudio_v8\ccsv8\tools\compiler\ti-cgt-c2000_17.6.0.STS\lib\</path>
         <kind>archive</kind>
         <file>rts2800_fpu32.lib</file>
         <name>strchr.obj</name>
      </input_file>
      <input_file id="fl-5a">
         <path>C:\CCStudio_v8\ccsv8\tools\compiler\ti-cgt-c2000_17.6.0.STS\lib\</path>
         <kind>archive</kind>
         <file>rts2800_fpu32.lib</file>
         <name>strcpy.obj</name>
      </input_file>
      <input_file id="fl-5b">
         <path>C:\CCStudio_v8\ccsv8\tools\compiler\ti-cgt-c2000_17.6.0.STS\lib\</path>
         <kind>archive</kind>
         <file>rts2800_fpu32.lib</file>
         <name>hostopen.obj</name>
      </input_file>
      <input_file id="fl-5c">
         <path>C:\CCStudio_v8\ccsv8\tools\compiler\ti-cgt-c2000_17.6.0.STS\lib\</path>
         <kind>archive</kind>
         <file>rts2800_fpu32.lib</file>
         <name>s_frexp.obj</name>
      </input_file>
      <input_file id="fl-5d">
         <path>C:\CCStudio_v8\ccsv8\tools\compiler\ti-cgt-c2000_17.6.0.STS\lib\</path>
         <kind>archive</kind>
         <file>rts2800_fpu32.lib</file>
         <name>s_scalbn.obj</name>
      </input_file>
      <input_file id="fl-5e">
         <path>C:\CCStudio_v8\ccsv8\tools\compiler\ti-cgt-c2000_17.6.0.STS\lib\</path>
         <kind>archive</kind>
         <file>rts2800_fpu32.lib</file>
         <name>fd_add28.obj</name>
      </input_file>
      <input_file id="fl-5f">
         <path>C:\CCStudio_v8\ccsv8\tools\compiler\ti-cgt-c2000_17.6.0.STS\lib\</path>
         <kind>archive</kind>
         <file>rts2800_fpu32.lib</file>
         <name>fd_cmp28.obj</name>
      </input_file>
      <input_file id="fl-60">
         <path>C:\CCStudio_v8\ccsv8\tools\compiler\ti-cgt-c2000_17.6.0.STS\lib\</path>
         <kind>archive</kind>
         <file>rts2800_fpu32.lib</file>
         <name>fd_div28.obj</name>
      </input_file>
      <input_file id="fl-61">
         <path>C:\CCStudio_v8\ccsv8\tools\compiler\ti-cgt-c2000_17.6.0.STS\lib\</path>
         <kind>archive</kind>
         <file>rts2800_fpu32.lib</file>
         <name>fd_mpy28.obj</name>
      </input_file>
      <input_file id="fl-62">
         <path>C:\CCStudio_v8\ccsv8\tools\compiler\ti-cgt-c2000_17.6.0.STS\lib\</path>
         <kind>archive</kind>
         <file>rts2800_fpu32.lib</file>
         <name>fd_neg28.obj</name>
      </input_file>
      <input_file id="fl-63">
         <path>C:\CCStudio_v8\ccsv8\tools\compiler\ti-cgt-c2000_17.6.0.STS\lib\</path>
         <kind>archive</kind>
         <file>rts2800_fpu32.lib</file>
         <name>fd_sub28.obj</name>
      </input_file>
      <input_file id="fl-64">
         <path>C:\CCStudio_v8\ccsv8\tools\compiler\ti-cgt-c2000_17.6.0.STS\lib\</path>
         <kind>archive</kind>
         <file>rts2800_fpu32.lib</file>
         <name>fd_toi28.obj</name>
      </input_file>
      <input_file id="fl-65">
         <path>C:\CCStudio_v8\ccsv8\tools\compiler\ti-cgt-c2000_17.6.0.STS\lib\</path>
         <kind>archive</kind>
         <file>rts2800_fpu32.lib</file>
         <name>fd_tol28.obj</name>
      </input_file>
      <input_file id="fl-66">
         <path>C:\CCStudio_v8\ccsv8\tools\compiler\ti-cgt-c2000_17.6.0.STS\lib\</path>
         <kind>archive</kind>
         <file>rts2800_fpu32.lib</file>
         <name>ll_aox28.obj</name>
      </input_file>
      <input_file id="fl-67">
         <path>C:\CCStudio_v8\ccsv8\tools\compiler\ti-cgt-c2000_17.6.0.STS\lib\</path>
         <kind>archive</kind>
         <file>rts2800_fpu32.lib</file>
         <name>ll_cmp28.obj</name>
      </input_file>
      <input_file id="fl-68">
         <path>C:\CCStudio_v8\ccsv8\tools\compiler\ti-cgt-c2000_17.6.0.STS\lib\</path>
         <kind>archive</kind>
         <file>rts2800_fpu32.lib</file>
         <name>i_tofd28.obj</name>
      </input_file>
      <input_file id="fl-69">
         <path>C:\CCStudio_v8\ccsv8\tools\compiler\ti-cgt-c2000_17.6.0.STS\lib\</path>
         <kind>archive</kind>
         <file>rts2800_fpu32.lib</file>
         <name>l_tofd28.obj</name>
      </input_file>
      <input_file id="fl-6a">
         <path>C:\CCStudio_v8\ccsv8\tools\compiler\ti-cgt-c2000_17.6.0.STS\lib\</path>
         <kind>archive</kind>
         <file>rts2800_fpu32.lib</file>
         <name>fs_tofdfpu32.obj</name>
      </input_file>
      <input_file id="fl-6b">
         <path>C:\CCStudio_v8\ccsv8\tools\compiler\ti-cgt-c2000_17.6.0.STS\lib\</path>
         <kind>archive</kind>
         <file>rts2800_fpu32.lib</file>
         <name>errno.obj</name>
      </input_file>
      <input_file id="fl-6c">
         <path>C:\CCStudio_v8\ccsv8\tools\compiler\ti-cgt-c2000_17.6.0.STS\lib\</path>
         <kind>archive</kind>
         <file>rts2800_fpu32.lib</file>
         <name>s_copysign.obj</name>
      </input_file>
   </input_file_list>
   <object_component_list>
      <object_component id="oc-c0">
         <name>PieVectTableFile</name>
         <uninitialized>true</uninitialized>
         <run_address>0xd00</run_address>
         <size>0x100</size>
         <input_file_ref idref="fl-e"/>
      </object_component>
      <object_component id="oc-bc">
         <name>DevEmuRegsFile</name>
         <uninitialized>true</uninitialized>
         <run_address>0x880</run_address>
         <size>0xd0</size>
         <input_file_ref idref="fl-e"/>
      </object_component>
      <object_component id="oc-92">
         <name>FlashRegsFile</name>
         <uninitialized>true</uninitialized>
         <run_address>0xa80</run_address>
         <size>0x8</size>
         <input_file_ref idref="fl-e"/>
      </object_component>
      <object_component id="oc-9c">
         <name>CsmRegsFile</name>
         <uninitialized>true</uninitialized>
         <run_address>0xae0</run_address>
         <size>0x10</size>
         <input_file_ref idref="fl-e"/>
      </object_component>
      <object_component id="oc-9b">
         <name>AdcMirrorFile</name>
         <uninitialized>true</uninitialized>
         <run_address>0xb00</run_address>
         <size>0x10</size>
         <input_file_ref idref="fl-e"/>
      </object_component>
      <object_component id="oc-9f">
         <name>XintfRegsFile</name>
         <uninitialized>true</uninitialized>
         <run_address>0xb20</run_address>
         <size>0x1e</size>
         <input_file_ref idref="fl-e"/>
      </object_component>
      <object_component id="oc-93">
         <name>CpuTimer0RegsFile</name>
         <uninitialized>true</uninitialized>
         <run_address>0xc00</run_address>
         <size>0x8</size>
         <input_file_ref idref="fl-e"/>
      </object_component>
      <object_component id="oc-91">
         <name>CpuTimer1RegsFile</name>
         <uninitialized>true</uninitialized>
         <run_address>0xc08</run_address>
         <size>0x8</size>
         <input_file_ref idref="fl-e"/>
      </object_component>
      <object_component id="oc-90">
         <name>CpuTimer2RegsFile</name>
         <uninitialized>true</uninitialized>
         <run_address>0xc10</run_address>
         <size>0x8</size>
         <input_file_ref idref="fl-e"/>
      </object_component>
      <object_component id="oc-9d">
         <name>PieCtrlRegsFile</name>
         <uninitialized>true</uninitialized>
         <run_address>0xce0</run_address>
         <size>0x1a</size>
         <input_file_ref idref="fl-e"/>
      </object_component>
      <object_component id="oc-bd">
         <name>DmaRegsFile</name>
         <uninitialized>true</uninitialized>
         <run_address>0x1000</run_address>
         <size>0xe0</size>
         <input_file_ref idref="fl-e"/>
      </object_component>
      <object_component id="oc-af">
         <name>McbspaRegsFile</name>
         <uninitialized>true</uninitialized>
         <run_address>0x5000</run_address>
         <size>0x25</size>
         <input_file_ref idref="fl-e"/>
      </object_component>
      <object_component id="oc-b0">
         <name>McbspbRegsFile</name>
         <uninitialized>true</uninitialized>
         <run_address>0x5040</run_address>
         <size>0x25</size>
         <input_file_ref idref="fl-e"/>
      </object_component>
      <object_component id="oc-b3">
         <name>ECanaRegsFile</name>
         <uninitialized>true</uninitialized>
         <run_address>0x6000</run_address>
         <size>0x34</size>
         <input_file_ref idref="fl-e"/>
      </object_component>
      <object_component id="oc-b6">
         <name>ECanaLAMRegsFile</name>
         <uninitialized>true</uninitialized>
         <run_address>0x6040</run_address>
         <size>0x40</size>
         <input_file_ref idref="fl-e"/>
      </object_component>
      <object_component id="oc-bf">
         <name>ECanaMboxesFile</name>
         <uninitialized>true</uninitialized>
         <run_address>0x6100</run_address>
         <size>0x100</size>
         <input_file_ref idref="fl-e"/>
      </object_component>
      <object_component id="oc-b7">
         <name>ECanaMOTSRegsFile</name>
         <uninitialized>true</uninitialized>
         <run_address>0x6080</run_address>
         <size>0x40</size>
         <input_file_ref idref="fl-e"/>
      </object_component>
      <object_component id="oc-b4">
         <name>ECanaMOTORegsFile</name>
         <uninitialized>true</uninitialized>
         <run_address>0x60c0</run_address>
         <size>0x40</size>
         <input_file_ref idref="fl-e"/>
      </object_component>
      <object_component id="oc-b2">
         <name>ECanbRegsFile</name>
         <uninitialized>true</uninitialized>
         <run_address>0x6200</run_address>
         <size>0x34</size>
         <input_file_ref idref="fl-e"/>
      </object_component>
      <object_component id="oc-ba">
         <name>ECanbLAMRegsFile</name>
         <uninitialized>true</uninitialized>
         <run_address>0x6240</run_address>
         <size>0x40</size>
         <input_file_ref idref="fl-e"/>
      </object_component>
      <object_component id="oc-be">
         <name>ECanbMboxesFile</name>
         <uninitialized>true</uninitialized>
         <run_address>0x6300</run_address>
         <size>0x100</size>
         <input_file_ref idref="fl-e"/>
      </object_component>
      <object_component id="oc-b5">
         <name>ECanbMOTSRegsFile</name>
         <uninitialized>true</uninitialized>
         <run_address>0x6280</run_address>
         <size>0x40</size>
         <input_file_ref idref="fl-e"/>
      </object_component>
      <object_component id="oc-b8">
         <name>ECanbMOTORegsFile</name>
         <uninitialized>true</uninitialized>
         <run_address>0x62c0</run_address>
         <size>0x40</size>
         <input_file_ref idref="fl-e"/>
      </object_component>
      <object_component id="oc-aa">
         <name>EPwm1RegsFile</name>
         <uninitialized>true</uninitialized>
         <run_address>0x6800</run_address>
         <size>0x22</size>
         <input_file_ref idref="fl-e"/>
      </object_component>
      <object_component id="oc-a9">
         <name>EPwm2RegsFile</name>
         <uninitialized>true</uninitialized>
         <run_address>0x6840</run_address>
         <size>0x22</size>
         <input_file_ref idref="fl-e"/>
      </object_component>
      <object_component id="oc-ab">
         <name>EPwm3RegsFile</name>
         <uninitialized>true</uninitialized>
         <run_address>0x6880</run_address>
         <size>0x22</size>
         <input_file_ref idref="fl-e"/>
      </object_component>
      <object_component id="oc-ad">
         <name>EPwm4RegsFile</name>
         <uninitialized>true</uninitialized>
         <run_address>0x68c0</run_address>
         <size>0x22</size>
         <input_file_ref idref="fl-e"/>
      </object_component>
      <object_component id="oc-ac">
         <name>EPwm5RegsFile</name>
         <uninitialized>true</uninitialized>
         <run_address>0x6900</run_address>
         <size>0x22</size>
         <input_file_ref idref="fl-e"/>
      </object_component>
      <object_component id="oc-ae">
         <name>EPwm6RegsFile</name>
         <uninitialized>true</uninitialized>
         <run_address>0x6940</run_address>
         <size>0x22</size>
         <input_file_ref idref="fl-e"/>
      </object_component>
      <object_component id="oc-a6">
         <name>ECap1RegsFile</name>
         <uninitialized>true</uninitialized>
         <run_address>0x6a00</run_address>
         <size>0x20</size>
         <input_file_ref idref="fl-e"/>
      </object_component>
      <object_component id="oc-a2">
         <name>ECap2RegsFile</name>
         <uninitialized>true</uninitialized>
         <run_address>0x6a20</run_address>
         <size>0x20</size>
         <input_file_ref idref="fl-e"/>
      </object_component>
      <object_component id="oc-a3">
         <name>ECap3RegsFile</name>
         <uninitialized>true</uninitialized>
         <run_address>0x6a40</run_address>
         <size>0x20</size>
         <input_file_ref idref="fl-e"/>
      </object_component>
      <object_component id="oc-a0">
         <name>ECap4RegsFile</name>
         <uninitialized>true</uninitialized>
         <run_address>0x6a60</run_address>
         <size>0x20</size>
         <input_file_ref idref="fl-e"/>
      </object_component>
      <object_component id="oc-a1">
         <name>ECap5RegsFile</name>
         <uninitialized>true</uninitialized>
         <run_address>0x6a80</run_address>
         <size>0x20</size>
         <input_file_ref idref="fl-e"/>
      </object_component>
      <object_component id="oc-a7">
         <name>ECap6RegsFile</name>
         <uninitialized>true</uninitialized>
         <run_address>0x6aa0</run_address>
         <size>0x20</size>
         <input_file_ref idref="fl-e"/>
      </object_component>
      <object_component id="oc-bb">
         <name>EQep1RegsFile</name>
         <uninitialized>true</uninitialized>
         <run_address>0x6b00</run_address>
         <size>0x40</size>
         <input_file_ref idref="fl-e"/>
      </object_component>
      <object_component id="oc-b9">
         <name>EQep2RegsFile</name>
         <uninitialized>true</uninitialized>
         <run_address>0x6b40</run_address>
         <size>0x40</size>
         <input_file_ref idref="fl-e"/>
      </object_component>
      <object_component id="oc-b1">
         <name>GpioCtrlRegsFile</name>
         <uninitialized>true</uninitialized>
         <run_address>0x6f80</run_address>
         <size>0x2e</size>
         <input_file_ref idref="fl-e"/>
      </object_component>
      <object_component id="oc-a4">
         <name>GpioDataRegsFile</name>
         <uninitialized>true</uninitialized>
         <run_address>0x6fc0</run_address>
         <size>0x20</size>
         <input_file_ref idref="fl-e"/>
      </object_component>
      <object_component id="oc-95">
         <name>GpioIntRegsFile</name>
         <uninitialized>true</uninitialized>
         <run_address>0x6fe0</run_address>
         <size>0xa</size>
         <input_file_ref idref="fl-e"/>
      </object_component>
      <object_component id="oc-a5">
         <name>SysCtrlRegsFile</name>
         <uninitialized>true</uninitialized>
         <run_address>0x7010</run_address>
         <size>0x20</size>
         <input_file_ref idref="fl-e"/>
      </object_component>
      <object_component id="oc-98">
         <name>SpiaRegsFile</name>
         <uninitialized>true</uninitialized>
         <run_address>0x7040</run_address>
         <size>0x10</size>
         <input_file_ref idref="fl-e"/>
      </object_component>
      <object_component id="oc-99">
         <name>SciaRegsFile</name>
         <uninitialized>true</uninitialized>
         <run_address>0x7050</run_address>
         <size>0x10</size>
         <input_file_ref idref="fl-e"/>
      </object_component>
      <object_component id="oc-9a">
         <name>XIntruptRegsFile</name>
         <uninitialized>true</uninitialized>
         <run_address>0x7070</run_address>
         <size>0x10</size>
         <input_file_ref idref="fl-e"/>
      </object_component>
      <object_component id="oc-9e">
         <name>AdcRegsFile</name>
         <uninitialized>true</uninitialized>
         <run_address>0x7100</run_address>
         <size>0x1e</size>
         <input_file_ref idref="fl-e"/>
      </object_component>
      <object_component id="oc-97">
         <name>ScibRegsFile</name>
         <uninitialized>true</uninitialized>
         <run_address>0x7750</run_address>
         <size>0x10</size>
         <input_file_ref idref="fl-e"/>
      </object_component>
      <object_component id="oc-96">
         <name>ScicRegsFile</name>
         <uninitialized>true</uninitialized>
         <run_address>0x7770</run_address>
         <size>0x10</size>
         <input_file_ref idref="fl-e"/>
      </object_component>
      <object_component id="oc-a8">
         <name>I2caRegsFile</name>
         <uninitialized>true</uninitialized>
         <run_address>0x7900</run_address>
         <size>0x22</size>
         <input_file_ref idref="fl-e"/>
      </object_component>
      <object_component id="oc-94">
         <name>CsmPwlFile</name>
         <uninitialized>true</uninitialized>
         <run_address>0x3f7ff8</run_address>
         <size>0x8</size>
         <input_file_ref idref="fl-e"/>
      </object_component>
      <object_component id="oc-f1">
         <name>.cinit</name>
         <load_address>0x30518b</load_address>
         <run_address>0x30518b</run_address>
         <size>0x428</size>
         <input_file_ref idref="fl-1b"/>
      </object_component>
      <object_component id="oc-ea">
         <name>.cinit</name>
         <load_address>0x3055b3</load_address>
         <run_address>0x3055b3</run_address>
         <size>0xdd</size>
         <input_file_ref idref="fl-16"/>
      </object_component>
      <object_component id="oc-5c">
         <name>.cinit</name>
         <load_address>0x305690</load_address>
         <run_address>0x305690</run_address>
         <size>0x3c</size>
         <input_file_ref idref="fl-5"/>
      </object_component>
      <object_component id="oc-71">
         <name>.cinit</name>
         <load_address>0x3056cc</load_address>
         <run_address>0x3056cc</run_address>
         <size>0x24</size>
         <input_file_ref idref="fl-8"/>
      </object_component>
      <object_component id="oc-dc">
         <name>.cinit</name>
         <load_address>0x3056f0</load_address>
         <run_address>0x3056f0</run_address>
         <size>0x11</size>
         <input_file_ref idref="fl-14"/>
      </object_component>
      <object_component id="oc-190">
         <name>.cinit</name>
         <load_address>0x305701</load_address>
         <run_address>0x305701</run_address>
         <size>0xe</size>
         <input_file_ref idref="fl-4b"/>
      </object_component>
      <object_component id="oc-64">
         <name>.cinit</name>
         <load_address>0x30570f</load_address>
         <run_address>0x30570f</run_address>
         <size>0xc</size>
         <input_file_ref idref="fl-6"/>
      </object_component>
      <object_component id="oc-55">
         <name>.cinit</name>
         <load_address>0x30571b</load_address>
         <run_address>0x30571b</run_address>
         <size>0x8</size>
         <input_file_ref idref="fl-4"/>
      </object_component>
      <object_component id="oc-2cd">
         <name>.cinit:__lock</name>
         <load_address>0x305723</load_address>
         <run_address>0x305723</run_address>
         <size>0x5</size>
         <input_file_ref idref="fl-4c"/>
      </object_component>
      <object_component id="oc-2cc">
         <name>.cinit:__unlock</name>
         <load_address>0x305728</load_address>
         <run_address>0x305728</run_address>
         <size>0x5</size>
         <input_file_ref idref="fl-4c"/>
      </object_component>
      <object_component id="oc-e3">
         <name>.cinit</name>
         <load_address>0x30572d</load_address>
         <run_address>0x30572d</run_address>
         <size>0x5</size>
         <input_file_ref idref="fl-15"/>
      </object_component>
      <object_component id="oc-235">
         <name>.cinit</name>
         <load_address>0x305732</load_address>
         <run_address>0x305732</run_address>
         <size>0x4</size>
         <input_file_ref idref="fl-6b"/>
      </object_component>
      <object_component id="oc-2a5">
         <name>.text:_init_PWM</name>
         <load_address>0x300000</load_address>
         <run_address>0x300000</run_address>
         <size>0x294</size>
         <input_file_ref idref="fl-6"/>
      </object_component>
      <object_component id="oc-381">
         <name>.text:_xdc_runtime_System_doPrint__I</name>
         <load_address>0x300294</load_address>
         <run_address>0x300294</run_address>
         <size>0x232</size>
         <input_file_ref idref="fl-31"/>
      </object_component>
      <object_component id="oc-254">
         <name>.text:_SPI_RXint</name>
         <load_address>0x3004c6</load_address>
         <run_address>0x3004c6</run_address>
         <size>0x21a</size>
         <input_file_ref idref="fl-8"/>
      </object_component>
      <object_component id="oc-2a6">
         <name>.text:_init_PWM_AS_RCSERVO</name>
         <load_address>0x3006e0</load_address>
         <run_address>0x3006e0</run_address>
         <size>0x1bc</size>
         <input_file_ref idref="fl-6"/>
      </object_component>
      <object_component id="oc-256">
         <name>.text:_McBSP_RX_INTCH2_ISR</name>
         <load_address>0x30089c</load_address>
         <run_address>0x30089c</run_address>
         <size>0x14e</size>
         <input_file_ref idref="fl-5"/>
      </object_component>
      <object_component id="oc-24e">
         <name>.text:_control</name>
         <load_address>0x3009ea</load_address>
         <run_address>0x3009ea</run_address>
         <size>0x141</size>
         <input_file_ref idref="fl-16"/>
      </object_component>
      <object_component id="oc-2a8">
         <name>.text:_init_serial</name>
         <load_address>0x300b2b</load_address>
         <run_address>0x300b2b</run_address>
         <size>0x131</size>
         <input_file_ref idref="fl-7"/>
      </object_component>
      <object_component id="oc-171">
         <name>.text</name>
         <load_address>0x300c5c</load_address>
         <run_address>0x300c5c</run_address>
         <size>0x107</size>
         <input_file_ref idref="fl-45"/>
      </object_component>
      <object_component id="oc-2ad">
         <name>.text:_init_SPI</name>
         <load_address>0x300d63</load_address>
         <run_address>0x300d63</run_address>
         <size>0x101</size>
         <input_file_ref idref="fl-8"/>
      </object_component>
      <object_component id="oc-28e">
         <name>.text:_sendData</name>
         <load_address>0x300e64</load_address>
         <run_address>0x300e64</run_address>
         <size>0xf6</size>
         <input_file_ref idref="fl-16"/>
      </object_component>
      <object_component id="oc-27a">
         <name>.text:_xdc_runtime_LoggerBuf_write8__E</name>
         <load_address>0x300f5a</load_address>
         <run_address>0x300f5a</run_address>
         <size>0xd2</size>
         <input_file_ref idref="fl-2e"/>
      </object_component>
      <object_component id="oc-266">
         <name>.text:_main</name>
         <load_address>0x30102c</load_address>
         <run_address>0x30102c</run_address>
         <size>0xc7</size>
         <input_file_ref idref="fl-16"/>
      </object_component>
      <object_component id="oc-392">
         <name>.text:_xdc_runtime_System_printfExtend__I</name>
         <load_address>0x3010f3</load_address>
         <run_address>0x3010f3</run_address>
         <size>0xc0</size>
         <input_file_ref idref="fl-1b"/>
      </object_component>
      <object_component id="oc-28c">
         <name>.text:_PWM_out</name>
         <load_address>0x3011b3</load_address>
         <run_address>0x3011b3</run_address>
         <size>0xb2</size>
         <input_file_ref idref="fl-6"/>
      </object_component>
      <object_component id="oc-2d9">
         <name>.text:_ti_sysbios_knl_Semaphore_pend__E</name>
         <load_address>0x301265</load_address>
         <run_address>0x301265</run_address>
         <size>0xa9</size>
         <input_file_ref idref="fl-23"/>
      </object_component>
      <object_component id="oc-2e6">
         <name>.text:_xdc_runtime_Error_policyDefault__E</name>
         <load_address>0x30130e</load_address>
         <run_address>0x30130e</run_address>
         <size>0x9c</size>
         <input_file_ref idref="fl-2c"/>
      </object_component>
      <object_component id="oc-1f3">
         <name>.text</name>
         <load_address>0x3013aa</load_address>
         <run_address>0x3013aa</run_address>
         <size>0x9c</size>
         <input_file_ref idref="fl-5e"/>
      </object_component>
      <object_component id="oc-36e">
         <name>.text:_ti_sysbios_family_c28_Hwi_dispatch</name>
         <load_address>0x301446</load_address>
         <run_address>0x301446</run_address>
         <size>0x9b</size>
         <input_file_ref idref="fl-25"/>
      </object_component>
      <object_component id="oc-27e">
         <name>.text:_ti_sysbios_BIOS_linkedWithIncorrectBootLibrary__E</name>
         <load_address>0x3014e1</load_address>
         <run_address>0x3014e1</run_address>
         <size>0x1</size>
         <input_file_ref idref="fl-23"/>
      </object_component>
      <object_component id="oc-379">
         <name>.text</name>
         <load_address>0x3014e2</load_address>
         <run_address>0x3014e2</run_address>
         <size>0x94</size>
         <input_file_ref idref="fl-52"/>
      </object_component>
      <object_component id="oc-28b">
         <name>.text:_updateData</name>
         <load_address>0x301576</load_address>
         <run_address>0x301576</run_address>
         <size>0x90</size>
         <input_file_ref idref="fl-16"/>
      </object_component>
      <object_component id="oc-2fd">
         <name>.text:_ti_sysbios_family_c28_Hwi_clearInterrupt__E</name>
         <load_address>0x301606</load_address>
         <run_address>0x301606</run_address>
         <size>0x8b</size>
         <input_file_ref idref="fl-23"/>
      </object_component>
      <object_component id="oc-279">
         <name>.text:_xdc_runtime_LoggerBuf_write4__E</name>
         <load_address>0x301691</load_address>
         <run_address>0x301691</run_address>
         <size>0x8b</size>
         <input_file_ref idref="fl-2e"/>
      </object_component>
      <object_component id="oc-1fd">
         <name>.text</name>
         <load_address>0x30171c</load_address>
         <run_address>0x30171c</run_address>
         <size>0x8b</size>
         <input_file_ref idref="fl-60"/>
      </object_component>
      <object_component id="oc-16c">
         <name>.text</name>
         <load_address>0x3017a7</load_address>
         <run_address>0x3017a7</run_address>
         <size>0x88</size>
         <input_file_ref idref="fl-44"/>
      </object_component>
      <object_component id="oc-2a9">
         <name>.text:_init_dma_mcbsp</name>
         <load_address>0x30182f</load_address>
         <run_address>0x30182f</run_address>
         <size>0x87</size>
         <input_file_ref idref="fl-2"/>
      </object_component>
      <object_component id="oc-202">
         <name>.text</name>
         <load_address>0x3018b6</load_address>
         <run_address>0x3018b6</run_address>
         <size>0x83</size>
         <input_file_ref idref="fl-61"/>
      </object_component>
      <object_component id="oc-2a4">
         <name>.text:_init_EQEP</name>
         <load_address>0x301939</load_address>
         <run_address>0x301939</run_address>
         <size>0x82</size>
         <input_file_ref idref="fl-3"/>
      </object_component>
      <object_component id="oc-294">
         <name>.text:_i2c_stdrecv</name>
         <load_address>0x3019bb</load_address>
         <run_address>0x3019bb</run_address>
         <size>0x80</size>
         <input_file_ref idref="fl-14"/>
      </object_component>
      <object_component id="oc-297">
         <name>.text:_RCSERVO_out</name>
         <load_address>0x301a3b</load_address>
         <run_address>0x301a3b</run_address>
         <size>0x7a</size>
         <input_file_ref idref="fl-6"/>
      </object_component>
      <object_component id="oc-2eb">
         <name>.text:_xdc_runtime_Startup_startMods__I</name>
         <load_address>0x301ab5</load_address>
         <run_address>0x301ab5</run_address>
         <size>0x79</size>
         <input_file_ref idref="fl-30"/>
      </object_component>
      <object_component id="oc-301">
         <name>.text:_ti_sysbios_knl_Task_checkStacks__E</name>
         <load_address>0x301b2e</load_address>
         <run_address>0x301b2e</run_address>
         <size>0x73</size>
         <input_file_ref idref="fl-23"/>
      </object_component>
      <object_component id="oc-28d">
         <name>.text:_writeDAC7564</name>
         <load_address>0x301ba1</load_address>
         <run_address>0x301ba1</run_address>
         <size>0x6d</size>
         <input_file_ref idref="fl-8"/>
      </object_component>
      <object_component id="oc-351">
         <name>.text:_xdc_runtime_Text_putSite__E</name>
         <load_address>0x301c0e</load_address>
         <run_address>0x301c0e</run_address>
         <size>0x6b</size>
         <input_file_ref idref="fl-33"/>
      </object_component>
      <object_component id="oc-49">
         <name>.text</name>
         <load_address>0x301c79</load_address>
         <run_address>0x301c79</run_address>
         <size>0x69</size>
         <input_file_ref idref="fl-38"/>
      </object_component>
      <object_component id="oc-36f">
         <name>.text:_ti_sysbios_family_c28_Timer_stopAndClear__I</name>
         <load_address>0x301ce2</load_address>
         <run_address>0x301ce2</run_address>
         <size>0x66</size>
         <input_file_ref idref="fl-23"/>
      </object_component>
      <object_component id="oc-295">
         <name>.text:_i2c_stdsend</name>
         <load_address>0x301d48</load_address>
         <run_address>0x301d48</run_address>
         <size>0x61</size>
         <input_file_ref idref="fl-14"/>
      </object_component>
      <object_component id="oc-2b8">
         <name>.text:_ti_sysbios_heaps_HeapMem_allocUnprotected__E</name>
         <load_address>0x301da9</load_address>
         <run_address>0x301da9</run_address>
         <size>0x5e</size>
         <input_file_ref idref="fl-23"/>
      </object_component>
      <object_component id="oc-2a7">
         <name>.text:_pre_init</name>
         <load_address>0x301e07</load_address>
         <run_address>0x301e07</run_address>
         <size>0x5c</size>
         <input_file_ref idref="fl-4"/>
      </object_component>
      <object_component id="oc-2ee">
         <name>.text:_InitPeripheralClocks</name>
         <load_address>0x301e63</load_address>
         <run_address>0x301e63</run_address>
         <size>0x56</size>
         <input_file_ref idref="fl-12"/>
      </object_component>
      <object_component id="oc-293">
         <name>.text:_ti_sysbios_knl_Task_sleep__E</name>
         <load_address>0x301eb9</load_address>
         <run_address>0x301eb9</run_address>
         <size>0x53</size>
         <input_file_ref idref="fl-23"/>
      </object_component>
      <object_component id="oc-2ed">
         <name>.text:_InitPll</name>
         <load_address>0x301f0c</load_address>
         <run_address>0x301f0c</run_address>
         <size>0x51</size>
         <input_file_ref idref="fl-12"/>
      </object_component>
      <object_component id="oc-24f">
         <name>.text:_ti_sysbios_knl_Clock_workFunc__E</name>
         <load_address>0x301f5d</load_address>
         <run_address>0x301f5d</run_address>
         <size>0x4d</size>
         <input_file_ref idref="fl-23"/>
      </object_component>
      <object_component id="oc-394">
         <name>.text:_ti_sysbios_family_c28_Hwi_dispatchCore__I</name>
         <load_address>0x301faa</load_address>
         <run_address>0x301faa</run_address>
         <size>0x4c</size>
         <input_file_ref idref="fl-23"/>
      </object_component>
      <object_component id="oc-397">
         <name>.text:_xdc_runtime_Text_putLab__E</name>
         <load_address>0x301ff6</load_address>
         <run_address>0x301ff6</run_address>
         <size>0x4b</size>
         <input_file_ref idref="fl-33"/>
      </object_component>
      <object_component id="oc-2f7">
         <name>.text:_ti_sysbios_family_c28_TimestampProvider_get64__E</name>
         <load_address>0x302041</load_address>
         <run_address>0x302041</run_address>
         <size>0x48</size>
         <input_file_ref idref="fl-23"/>
      </object_component>
      <object_component id="oc-348">
         <name>.text:_ti_sysbios_family_c28_Hwi_Module_startup__E</name>
         <load_address>0x302089</load_address>
         <run_address>0x302089</run_address>
         <size>0x47</size>
         <input_file_ref idref="fl-23"/>
      </object_component>
      <object_component id="oc-365">
         <name>.text:_ti_sysbios_knl_Task_postInit__I</name>
         <load_address>0x3020d0</load_address>
         <run_address>0x3020d0</run_address>
         <size>0x47</size>
         <input_file_ref idref="fl-23"/>
      </object_component>
      <object_component id="oc-26e">
         <name>.text:_ti_sysbios_heaps_HeapMem_alloc__E</name>
         <load_address>0x302117</load_address>
         <run_address>0x302117</run_address>
         <size>0x46</size>
         <input_file_ref idref="fl-23"/>
      </object_component>
      <object_component id="oc-331">
         <name>.text:_ti_sysbios_knl_Swi_run__I</name>
         <load_address>0x30215d</load_address>
         <run_address>0x30215d</run_address>
         <size>0x46</size>
         <input_file_ref idref="fl-23"/>
      </object_component>
      <object_component id="oc-35d">
         <name>.text:_ti_sysbios_family_c28_Timer_postInit__I</name>
         <load_address>0x3021a3</load_address>
         <run_address>0x3021a3</run_address>
         <size>0x43</size>
         <input_file_ref idref="fl-23"/>
      </object_component>
      <object_component id="oc-fc">
         <name>.text:_ti_sysbios_family_c28_Hwi_unPluggedInterrupt__I</name>
         <load_address>0x3021e6</load_address>
         <run_address>0x3021e6</run_address>
         <size>0x42</size>
         <input_file_ref idref="fl-23"/>
      </object_component>
      <object_component id="oc-369">
         <name>.text:_xdc_runtime_Text_putMod__E</name>
         <load_address>0x302228</load_address>
         <run_address>0x302228</run_address>
         <size>0x3f</size>
         <input_file_ref idref="fl-33"/>
      </object_component>
      <object_component id="oc-398">
         <name>.text:_ti_sysbios_knl_Swi_restoreHwi__E</name>
         <load_address>0x302267</load_address>
         <run_address>0x302267</run_address>
         <size>0x3e</size>
         <input_file_ref idref="fl-23"/>
      </object_component>
      <object_component id="oc-27c">
         <name>.text:_xdc_runtime_LoggerBuf_getFilterLevel__E</name>
         <load_address>0x3022a5</load_address>
         <run_address>0x3022a5</run_address>
         <size>0x3d</size>
         <input_file_ref idref="fl-2e"/>
      </object_component>
      <object_component id="oc-252">
         <name>.text:_compassTask</name>
         <load_address>0x3022e2</load_address>
         <run_address>0x3022e2</run_address>
         <size>0x3c</size>
         <input_file_ref idref="fl-14"/>
      </object_component>
      <object_component id="oc-27b">
         <name>.text:_xdc_runtime_LoggerBuf_setFilterLevel__E</name>
         <load_address>0x30231e</load_address>
         <run_address>0x30231e</run_address>
         <size>0x3c</size>
         <input_file_ref idref="fl-2e"/>
      </object_component>
      <object_component id="oc-389">
         <name>.text:_xdc_runtime_System_formatNum__I</name>
         <load_address>0x30235a</load_address>
         <run_address>0x30235a</run_address>
         <size>0x3c</size>
         <input_file_ref idref="fl-31"/>
      </object_component>
      <object_component id="oc-385">
         <name>.text:_ti_sysbios_family_c28_TaskSupport_start__E</name>
         <load_address>0x302396</load_address>
         <run_address>0x302396</run_address>
         <size>0x3a</size>
         <input_file_ref idref="fl-23"/>
      </object_component>
      <object_component id="oc-368">
         <name>.text</name>
         <load_address>0x3023d0</load_address>
         <run_address>0x3023d0</run_address>
         <size>0x38</size>
         <input_file_ref idref="fl-51"/>
      </object_component>
      <object_component id="oc-299">
         <name>.text:_serial_recv_ready</name>
         <load_address>0x302408</load_address>
         <run_address>0x302408</run_address>
         <size>0x37</size>
         <input_file_ref idref="fl-7"/>
      </object_component>
      <object_component id="oc-2bc">
         <name>.text:_ti_sysbios_heaps_HeapMem_freeUnprotected__E</name>
         <load_address>0x30243f</load_address>
         <run_address>0x30243f</run_address>
         <size>0x36</size>
         <input_file_ref idref="fl-23"/>
      </object_component>
      <object_component id="oc-2d6">
         <name>.text:_ti_sysbios_knl_Task_startCore__E</name>
         <load_address>0x302475</load_address>
         <run_address>0x302475</run_address>
         <size>0x35</size>
         <input_file_ref idref="fl-23"/>
      </object_component>
      <object_component id="oc-2fe">
         <name>.text:_ti_sysbios_family_c28_Hwi_enableInterrupt__E</name>
         <load_address>0x3024aa</load_address>
         <run_address>0x3024aa</run_address>
         <size>0x33</size>
         <input_file_ref idref="fl-23"/>
      </object_component>
      <object_component id="oc-2db">
         <name>.text:_EQEP_read</name>
         <load_address>0x3024dd</load_address>
         <run_address>0x3024dd</run_address>
         <size>0x32</size>
         <input_file_ref idref="fl-3"/>
      </object_component>
      <object_component id="oc-34c">
         <name>.text:_ti_sysbios_knl_Task_Module_startup__E</name>
         <load_address>0x30250f</load_address>
         <run_address>0x30250f</run_address>
         <size>0x32</size>
         <input_file_ref idref="fl-23"/>
      </object_component>
      <object_component id="oc-391">
         <name>.text:_xdc_runtime_Text_visitRope2__I</name>
         <load_address>0x302541</load_address>
         <run_address>0x302541</run_address>
         <size>0x32</size>
         <input_file_ref idref="fl-33"/>
      </object_component>
      <object_component id="oc-298">
         <name>.text:_serial_send</name>
         <load_address>0x302573</load_address>
         <run_address>0x302573</run_address>
         <size>0x31</size>
         <input_file_ref idref="fl-7"/>
      </object_component>
      <object_component id="oc-341">
         <name>.text:_xdc_runtime_Error_print__E</name>
         <load_address>0x3025a4</load_address>
         <run_address>0x3025a4</run_address>
         <size>0x30</size>
         <input_file_ref idref="fl-2c"/>
      </object_component>
      <object_component id="oc-30c">
         <name>.text:_xdc_runtime_Error_setX__E</name>
         <load_address>0x3025d4</load_address>
         <run_address>0x3025d4</run_address>
         <size>0x30</size>
         <input_file_ref idref="fl-2c"/>
      </object_component>
      <object_component id="oc-240">
         <name>.text:_xdc_runtime_Startup_exec__E</name>
         <load_address>0x302604</load_address>
         <run_address>0x302604</run_address>
         <size>0x2f</size>
         <input_file_ref idref="fl-30"/>
      </object_component>
      <object_component id="oc-261">
         <name>.text:.bootCodeSection:_ti_catalog_c2800_init_Boot_configurePll2802x</name>
         <load_address>0x302633</load_address>
         <run_address>0x302633</run_address>
         <size>0x2e</size>
         <input_file_ref idref="fl-28"/>
      </object_component>
      <object_component id="oc-2ab">
         <name>.text:_InitMcbspb</name>
         <load_address>0x302661</load_address>
         <run_address>0x302661</run_address>
         <size>0x2e</size>
         <input_file_ref idref="fl-f"/>
      </object_component>
      <object_component id="oc-2aa">
         <name>.text:_InitMcbspbGpio</name>
         <load_address>0x30268f</load_address>
         <run_address>0x30268f</run_address>
         <size>0x2e</size>
         <input_file_ref idref="fl-f"/>
      </object_component>
      <object_component id="oc-307">
         <name>.text:_ti_sysbios_knl_Swi_runLoop__I</name>
         <load_address>0x3026bd</load_address>
         <run_address>0x3026bd</run_address>
         <size>0x2e</size>
         <input_file_ref idref="fl-23"/>
      </object_component>
      <object_component id="oc-2dd">
         <name>.text:_ti_sysbios_knl_Swi_schedule__I</name>
         <load_address>0x3026eb</load_address>
         <run_address>0x3026eb</run_address>
         <size>0x2e</size>
         <input_file_ref idref="fl-23"/>
      </object_component>
      <object_component id="oc-30a">
         <name>.text:_ti_sysbios_knl_Task_schedule__I</name>
         <load_address>0x302719</load_address>
         <run_address>0x302719</run_address>
         <size>0x2e</size>
         <input_file_ref idref="fl-23"/>
      </object_component>
      <object_component id="oc-33c">
         <name>.text:_ti_sysbios_family_c28_Hwi_getInterruptFlag__E</name>
         <load_address>0x302747</load_address>
         <run_address>0x302747</run_address>
         <size>0x2d</size>
         <input_file_ref idref="fl-23"/>
      </object_component>
      <object_component id="oc-338">
         <name>.text:_ti_sysbios_family_c28_Hwi_getStackInfo__E</name>
         <load_address>0x302774</load_address>
         <run_address>0x302774</run_address>
         <size>0x2d</size>
         <input_file_ref idref="fl-23"/>
      </object_component>
      <object_component id="oc-271">
         <name>.text:_ti_sysbios_heaps_HeapMem_getStats__E</name>
         <load_address>0x3027a1</load_address>
         <run_address>0x3027a1</run_address>
         <size>0x2d</size>
         <input_file_ref idref="fl-23"/>
      </object_component>
      <object_component id="oc-2da">
         <name>.text:_ti_sysbios_knl_Semaphore_post__E</name>
         <load_address>0x3027ce</load_address>
         <run_address>0x3027ce</run_address>
         <size>0x2d</size>
         <input_file_ref idref="fl-23"/>
      </object_component>
      <object_component id="oc-2d3">
         <name>.text:_ti_sysbios_family_c28_Timer_start__E</name>
         <load_address>0x3027fb</load_address>
         <run_address>0x3027fb</run_address>
         <size>0x2c</size>
         <input_file_ref idref="fl-23"/>
      </object_component>
      <object_component id="oc-327">
         <name>.text:_ti_sysbios_family_c28_Hwi_disablePIEIER__E</name>
         <load_address>0x302827</load_address>
         <run_address>0x302827</run_address>
         <size>0x2b</size>
         <input_file_ref idref="fl-23"/>
      </object_component>
      <object_component id="oc-326">
         <name>.text:_ti_sysbios_family_c28_Hwi_enablePIEIER__E</name>
         <load_address>0x302852</load_address>
         <run_address>0x302852</run_address>
         <size>0x2a</size>
         <input_file_ref idref="fl-23"/>
      </object_component>
      <object_component id="oc-1f8">
         <name>.text</name>
         <load_address>0x30287c</load_address>
         <run_address>0x30287c</run_address>
         <size>0x2a</size>
         <input_file_ref idref="fl-5f"/>
      </object_component>
      <object_component id="oc-176">
         <name>.text</name>
         <load_address>0x3028a6</load_address>
         <run_address>0x3028a6</run_address>
         <size>0x2a</size>
         <input_file_ref idref="fl-46"/>
      </object_component>
      <object_component id="oc-322">
         <name>.text:_ti_sysbios_family_c28_Timer_getExpiredCounts64__E</name>
         <load_address>0x3028d0</load_address>
         <run_address>0x3028d0</run_address>
         <size>0x29</size>
         <input_file_ref idref="fl-23"/>
      </object_component>
      <object_component id="oc-2f6">
         <name>.text</name>
         <load_address>0x3028f9</load_address>
         <run_address>0x3028f9</run_address>
         <size>0x29</size>
         <input_file_ref idref="fl-4b"/>
      </object_component>
      <object_component id="oc-36a">
         <name>.text:_xdc_runtime_Text_xprintf__I</name>
         <load_address>0x302922</load_address>
         <run_address>0x302922</run_address>
         <size>0x28</size>
         <input_file_ref idref="fl-33"/>
      </object_component>
      <object_component id="oc-2e9">
         <name>.text:_ti_sysbios_heaps_HeapMem_init__I</name>
         <load_address>0x30294a</load_address>
         <run_address>0x30294a</run_address>
         <size>0x27</size>
         <input_file_ref idref="fl-23"/>
      </object_component>
      <object_component id="oc-2f2">
         <name>.text:_InitSpiaGpio</name>
         <load_address>0x302971</load_address>
         <run_address>0x302971</run_address>
         <size>0x26</size>
         <input_file_ref idref="fl-11"/>
      </object_component>
      <object_component id="oc-320">
         <name>.text:_xdc_runtime_SysMin_flush__E</name>
         <load_address>0x302997</load_address>
         <run_address>0x302997</run_address>
         <size>0x26</size>
         <input_file_ref idref="fl-32"/>
      </object_component>
      <object_component id="oc-390">
         <name>.text:_ti_sysbios_family_c28_TaskSupport_buildTaskStack</name>
         <load_address>0x3029bd</load_address>
         <run_address>0x3029bd</run_address>
         <size>0x25</size>
         <input_file_ref idref="fl-27"/>
      </object_component>
      <object_component id="oc-323">
         <name>.text:_ti_sysbios_family_c28_Timer_getExpiredCounts__E</name>
         <load_address>0x3029e2</load_address>
         <run_address>0x3029e2</run_address>
         <size>0x25</size>
         <input_file_ref idref="fl-23"/>
      </object_component>
      <object_component id="oc-383">
         <name>.text:_ti_sysbios_family_c28_Hwi_disableInterrupt__E</name>
         <load_address>0x302a07</load_address>
         <run_address>0x302a07</run_address>
         <size>0x24</size>
         <input_file_ref idref="fl-23"/>
      </object_component>
      <object_component id="oc-292">
         <name>.text:_ti_sysbios_knl_Swi_post__E</name>
         <load_address>0x302a2b</load_address>
         <run_address>0x302a2b</run_address>
         <size>0x24</size>
         <input_file_ref idref="fl-23"/>
      </object_component>
      <object_component id="oc-23f">
         <name>.text</name>
         <load_address>0x302a4f</load_address>
         <run_address>0x302a4f</run_address>
         <size>0x24</size>
         <input_file_ref idref="fl-47"/>
      </object_component>
      <object_component id="oc-267">
         <name>.text:_xdc_runtime_System_processAtExit__E</name>
         <load_address>0x302a73</load_address>
         <run_address>0x302a73</run_address>
         <size>0x23</size>
         <input_file_ref idref="fl-31"/>
      </object_component>
      <object_component id="oc-26f">
         <name>.text:_ti_sysbios_heaps_HeapMem_free__E</name>
         <load_address>0x302a96</load_address>
         <run_address>0x302a96</run_address>
         <size>0x21</size>
         <input_file_ref idref="fl-23"/>
      </object_component>
      <object_component id="oc-2ff">
         <name>.text:_ti_sysbios_knl_Task_allBlockedFunction__I</name>
         <load_address>0x302ab7</load_address>
         <run_address>0x302ab7</run_address>
         <size>0x21</size>
         <input_file_ref idref="fl-23"/>
      </object_component>
      <object_component id="oc-211">
         <name>.text</name>
         <load_address>0x302ad8</load_address>
         <run_address>0x302ad8</run_address>
         <size>0x21</size>
         <input_file_ref idref="fl-64"/>
      </object_component>
      <object_component id="oc-371">
         <name>.text:_ti_sysbios_family_c28_Timer_setPrescale__E</name>
         <load_address>0x302af9</load_address>
         <run_address>0x302af9</run_address>
         <size>0x20</size>
         <input_file_ref idref="fl-23"/>
      </object_component>
      <object_component id="oc-2e3">
         <name>.text:_ti_sysbios_knl_Task_yield__E</name>
         <load_address>0x302b19</load_address>
         <run_address>0x302b19</run_address>
         <size>0x20</size>
         <input_file_ref idref="fl-23"/>
      </object_component>
      <object_component id="oc-280">
         <name>.text:_xdc_runtime_System_atexit__E</name>
         <load_address>0x302b39</load_address>
         <run_address>0x302b39</run_address>
         <size>0x20</size>
         <input_file_ref idref="fl-31"/>
      </object_component>
      <object_component id="oc-373">
         <name>.text:_ti_sysbios_knl_Task_exit__E</name>
         <load_address>0x302b59</load_address>
         <run_address>0x302b59</run_address>
         <size>0x1f</size>
         <input_file_ref idref="fl-23"/>
      </object_component>
      <object_component id="oc-2c0">
         <name>.text:_xdc_runtime_LoggerBuf_filterOutEvent__I</name>
         <load_address>0x302b78</load_address>
         <run_address>0x302b78</run_address>
         <size>0x1f</size>
         <input_file_ref idref="fl-2e"/>
      </object_component>
      <object_component id="oc-216">
         <name>.text</name>
         <load_address>0x302b97</load_address>
         <run_address>0x302b97</run_address>
         <size>0x1f</size>
         <input_file_ref idref="fl-65"/>
      </object_component>
      <object_component id="oc-2e0">
         <name>.text:_ti_sysbios_knl_Task_blockI__E</name>
         <load_address>0x302bb6</load_address>
         <run_address>0x302bb6</run_address>
         <size>0x1e</size>
         <input_file_ref idref="fl-23"/>
      </object_component>
      <object_component id="oc-354">
         <name>.text:_xdc_runtime_SysMin_putch__E</name>
         <load_address>0x302bd4</load_address>
         <run_address>0x302bd4</run_address>
         <size>0x1e</size>
         <input_file_ref idref="fl-32"/>
      </object_component>
      <object_component id="oc-220">
         <name>.text</name>
         <load_address>0x302bf2</load_address>
         <run_address>0x302bf2</run_address>
         <size>0x1e</size>
         <input_file_ref idref="fl-67"/>
      </object_component>
      <object_component id="oc-262">
         <name>.text</name>
         <load_address>0x302c10</load_address>
         <run_address>0x302c10</run_address>
         <size>0x1e</size>
         <input_file_ref idref="fl-48"/>
      </object_component>
      <object_component id="oc-330">
         <name>.text:_ti_sysbios_family_c28_TaskSupport_swap__E</name>
         <load_address>0x302c2e</load_address>
         <run_address>0x302c2e</run_address>
         <size>0x1d</size>
         <input_file_ref idref="fl-27"/>
      </object_component>
      <object_component id="oc-225">
         <name>.text</name>
         <load_address>0x302c4b</load_address>
         <run_address>0x302c4b</run_address>
         <size>0x1d</size>
         <input_file_ref idref="fl-68"/>
      </object_component>
      <object_component id="oc-332">
         <name>.text:_ti_sysbios_hal_Hwi_checkStack</name>
         <load_address>0x302c68</load_address>
         <run_address>0x302c68</run_address>
         <size>0x1c</size>
         <input_file_ref idref="fl-23"/>
      </object_component>
      <object_component id="oc-34e">
         <name>.text:_xdc_runtime_SysMin_output__I</name>
         <load_address>0x302c84</load_address>
         <run_address>0x302c84</run_address>
         <size>0x1c</size>
         <input_file_ref idref="fl-1b"/>
      </object_component>
      <object_component id="oc-22f">
         <name>.text</name>
         <load_address>0x302ca0</load_address>
         <run_address>0x302ca0</run_address>
         <size>0x1c</size>
         <input_file_ref idref="fl-6a"/>
      </object_component>
      <object_component id="oc-22a">
         <name>.text</name>
         <load_address>0x302cbc</load_address>
         <run_address>0x302cbc</run_address>
         <size>0x1c</size>
         <input_file_ref idref="fl-69"/>
      </object_component>
      <object_component id="oc-38b">
         <name>.text:_ti_sysbios_family_c28_Hwi_switchAndDispatch__I</name>
         <load_address>0x302cd8</load_address>
         <run_address>0x302cd8</run_address>
         <size>0x1b</size>
         <input_file_ref idref="fl-24"/>
      </object_component>
      <object_component id="oc-2ea">
         <name>.text:_ti_sysbios_hal_Hwi_initStack</name>
         <load_address>0x302cf3</load_address>
         <run_address>0x302cf3</run_address>
         <size>0x1b</size>
         <input_file_ref idref="fl-23"/>
      </object_component>
      <object_component id="oc-384">
         <name>.text:_ti_sysbios_knl_Task_processVitalTaskFlag__I</name>
         <load_address>0x302d0e</load_address>
         <run_address>0x302d0e</run_address>
         <size>0x1b</size>
         <input_file_ref idref="fl-23"/>
      </object_component>
      <object_component id="oc-289">
         <name>.text:_ti_sysbios_gates_GateMutex_enter__E</name>
         <load_address>0x302d29</load_address>
         <run_address>0x302d29</run_address>
         <size>0x1a</size>
         <input_file_ref idref="fl-23"/>
      </object_component>
      <object_component id="oc-2df">
         <name>.text:_ti_sysbios_knl_Clock_addI__E</name>
         <load_address>0x302d43</load_address>
         <run_address>0x302d43</run_address>
         <size>0x1a</size>
         <input_file_ref idref="fl-23"/>
      </object_component>
      <object_component id="oc-36c">
         <name>.text:_xdc_runtime_System_avprintf__E</name>
         <load_address>0x302d5d</load_address>
         <run_address>0x302d5d</run_address>
         <size>0x1a</size>
         <input_file_ref idref="fl-31"/>
      </object_component>
      <object_component id="oc-2af">
         <name>.text:_Init_i2c</name>
         <load_address>0x302d77</load_address>
         <run_address>0x302d77</run_address>
         <size>0x19</size>
         <input_file_ref idref="fl-14"/>
      </object_component>
      <object_component id="oc-272">
         <name>.text:_start_SPI</name>
         <load_address>0x302d90</load_address>
         <run_address>0x302d90</run_address>
         <size>0x19</size>
         <input_file_ref idref="fl-8"/>
      </object_component>
      <object_component id="oc-2d5">
         <name>.text:_ti_sysbios_knl_Swi_restore__E</name>
         <load_address>0x302da9</load_address>
         <run_address>0x302da9</run_address>
         <size>0x19</size>
         <input_file_ref idref="fl-23"/>
      </object_component>
      <object_component id="oc-38a">
         <name>.text:_xdc_runtime_System_putchar__I</name>
         <load_address>0x302dc2</load_address>
         <run_address>0x302dc2</run_address>
         <size>0x19</size>
         <input_file_ref idref="fl-31"/>
      </object_component>
      <object_component id="oc-36d">
         <name>.text:_xdc_runtime_System_vprintf__E</name>
         <load_address>0x302ddb</load_address>
         <run_address>0x302ddb</run_address>
         <size>0x19</size>
         <input_file_ref idref="fl-31"/>
      </object_component>
      <object_component id="oc-242">
         <name>.text</name>
         <load_address>0x302df4</load_address>
         <run_address>0x302df4</run_address>
         <size>0x19</size>
         <input_file_ref idref="fl-4d"/>
      </object_component>
      <object_component id="oc-2b0">
         <name>.text:_post_init</name>
         <load_address>0x302e0d</load_address>
         <run_address>0x302e0d</run_address>
         <size>0x18</size>
         <input_file_ref idref="fl-4"/>
      </object_component>
      <object_component id="oc-308">
         <name>.text:_ti_sysbios_family_xxx_Hwi_switchAndRunFunc</name>
         <load_address>0x302e25</load_address>
         <run_address>0x302e25</run_address>
         <size>0x18</size>
         <input_file_ref idref="fl-24"/>
      </object_component>
      <object_component id="oc-357">
         <name>.text:_xdc_runtime_LoggerBuf_reset__E</name>
         <load_address>0x302e3d</load_address>
         <run_address>0x302e3d</run_address>
         <size>0x18</size>
         <input_file_ref idref="fl-2e"/>
      </object_component>
      <object_component id="oc-37e">
         <name>.text:_xdc_runtime_Text_printVisFxn__I</name>
         <load_address>0x302e55</load_address>
         <run_address>0x302e55</run_address>
         <size>0x18</size>
         <input_file_ref idref="fl-33"/>
      </object_component>
      <object_component id="oc-21b">
         <name>.text</name>
         <load_address>0x302e6d</load_address>
         <run_address>0x302e6d</run_address>
         <size>0x18</size>
         <input_file_ref idref="fl-66"/>
      </object_component>
      <object_component id="oc-282">
         <name>.text:_ti_sysbios_family_c28_Timer_startup__E</name>
         <load_address>0x302e85</load_address>
         <run_address>0x302e85</run_address>
         <size>0x17</size>
         <input_file_ref idref="fl-23"/>
      </object_component>
      <object_component id="oc-251">
         <name>.text:_ti_sysbios_knl_Clock_doTick__I</name>
         <load_address>0x302e9c</load_address>
         <run_address>0x302e9c</run_address>
         <size>0x17</size>
         <input_file_ref idref="fl-1b"/>
      </object_component>
      <object_component id="oc-304">
         <name>.text:_ti_sysbios_knl_Semaphore_pendTimeout__I</name>
         <load_address>0x302eb3</load_address>
         <run_address>0x302eb3</run_address>
         <size>0x17</size>
         <input_file_ref idref="fl-23"/>
      </object_component>
      <object_component id="oc-2e1">
         <name>.text:_ti_sysbios_knl_Task_restore__E</name>
         <load_address>0x302eca</load_address>
         <run_address>0x302eca</run_address>
         <size>0x17</size>
         <input_file_ref idref="fl-23"/>
      </object_component>
      <object_component id="oc-306">
         <name>.text:_ti_sysbios_knl_Task_unblockI__E</name>
         <load_address>0x302ee1</load_address>
         <run_address>0x302ee1</run_address>
         <size>0x17</size>
         <input_file_ref idref="fl-23"/>
      </object_component>
      <object_component id="oc-344">
         <name>.text:_xdc_runtime_LoggerBuf_Module_startup__E</name>
         <load_address>0x302ef8</load_address>
         <run_address>0x302ef8</run_address>
         <size>0x17</size>
         <input_file_ref idref="fl-2e"/>
      </object_component>
      <object_component id="oc-2ae">
         <name>.text:_InitI2CGpio</name>
         <load_address>0x302f0f</load_address>
         <run_address>0x302f0f</run_address>
         <size>0x16</size>
         <input_file_ref idref="fl-14"/>
      </object_component>
      <object_component id="oc-2f1">
         <name>.text:_clkg_delay_loop</name>
         <load_address>0x302f25</load_address>
         <run_address>0x302f25</run_address>
         <size>0x16</size>
         <input_file_ref idref="fl-f"/>
      </object_component>
      <object_component id="oc-2f0">
         <name>.text:_delay_loop</name>
         <load_address>0x302f3b</load_address>
         <run_address>0x302f3b</run_address>
         <size>0x16</size>
         <input_file_ref idref="fl-f"/>
      </object_component>
      <object_component id="oc-27f">
         <name>.text:_ti_sysbios_BIOS_atExitFunc__I</name>
         <load_address>0x302f51</load_address>
         <run_address>0x302f51</run_address>
         <size>0x16</size>
         <input_file_ref idref="fl-1b"/>
      </object_component>
      <object_component id="oc-349">
         <name>.text:_ti_sysbios_family_c28_Timer_Module_startup__E</name>
         <load_address>0x302f67</load_address>
         <run_address>0x302f67</run_address>
         <size>0x16</size>
         <input_file_ref idref="fl-23"/>
      </object_component>
      <object_component id="oc-342">
         <name>.text:_xdc_runtime_SysMin_abort__E</name>
         <load_address>0x302f7d</load_address>
         <run_address>0x302f7d</run_address>
         <size>0x16</size>
         <input_file_ref idref="fl-32"/>
      </object_component>
      <object_component id="oc-24b">
         <name>.text:_ti_sysbios_BIOS_startFunc__I</name>
         <load_address>0x302f93</load_address>
         <run_address>0x302f93</run_address>
         <size>0x15</size>
         <input_file_ref idref="fl-1b"/>
      </object_component>
      <object_component id="oc-34b">
         <name>.text:_ti_sysbios_knl_Swi_Module_startup__E</name>
         <load_address>0x302fa8</load_address>
         <run_address>0x302fa8</run_address>
         <size>0x15</size>
         <input_file_ref idref="fl-23"/>
      </object_component>
      <object_component id="oc-296">
         <name>.text:_ti_sysbios_knl_Idle_run__E</name>
         <load_address>0x302fbd</load_address>
         <run_address>0x302fbd</run_address>
         <size>0x14</size>
         <input_file_ref idref="fl-23"/>
      </object_component>
      <object_component id="oc-2a1">
         <name>.text:_MemCopy</name>
         <load_address>0x302fd1</load_address>
         <run_address>0x302fd1</run_address>
         <size>0x13</size>
         <input_file_ref idref="fl-16"/>
      </object_component>
      <object_component id="oc-25f">
         <name>.text:_xdc_runtime_Error_raiseX__E</name>
         <load_address>0x302fe4</load_address>
         <run_address>0x302fe4</run_address>
         <size>0x13</size>
         <input_file_ref idref="fl-2c"/>
      </object_component>
      <object_component id="oc-34a">
         <name>.text:_ti_sysbios_knl_Clock_Module_startup__E</name>
         <load_address>0x302ff7</load_address>
         <run_address>0x302ff7</run_address>
         <size>0x12</size>
         <input_file_ref idref="fl-23"/>
      </object_component>
      <object_component id="oc-2ef">
         <name>.text:_init_buffer</name>
         <load_address>0x303009</load_address>
         <run_address>0x303009</run_address>
         <size>0x11</size>
         <input_file_ref idref="fl-7"/>
      </object_component>
      <object_component id="oc-38c">
         <name>.text:_ti_sysbios_knl_Task_restoreHwi__E</name>
         <load_address>0x30301a</load_address>
         <run_address>0x30301a</run_address>
         <size>0x11</size>
         <input_file_ref idref="fl-23"/>
      </object_component>
      <object_component id="oc-335">
         <name>.text:_ti_sysbios_BIOS_errorRaiseHook__I</name>
         <load_address>0x30302b</load_address>
         <run_address>0x30302b</run_address>
         <size>0x10</size>
         <input_file_ref idref="fl-1b"/>
      </object_component>
      <object_component id="oc-370">
         <name>.text:_ti_sysbios_family_c28_Timer_stop__E</name>
         <load_address>0x30303b</load_address>
         <run_address>0x30303b</run_address>
         <size>0x10</size>
         <input_file_ref idref="fl-23"/>
      </object_component>
      <object_component id="oc-346">
         <name>.text:_xdc_runtime_SysMin_Module_startup__E</name>
         <load_address>0x30304b</load_address>
         <run_address>0x30304b</run_address>
         <size>0x10</size>
         <input_file_ref idref="fl-32"/>
      </object_component>
      <object_component id="oc-260">
         <name>.text:.bootCodeSection:_ti_catalog_c2800_init_Boot_disableWatchdog</name>
         <load_address>0x30305b</load_address>
         <run_address>0x30305b</run_address>
         <size>0xf</size>
         <input_file_ref idref="fl-28"/>
      </object_component>
      <object_component id="oc-286">
         <name>.text:_ti_sysbios_BIOS_removeRTSLock__I</name>
         <load_address>0x30306a</load_address>
         <run_address>0x30306a</run_address>
         <size>0xf</size>
         <input_file_ref idref="fl-1b"/>
      </object_component>
      <object_component id="oc-278">
         <name>.text:_xdc_runtime_LoggerBuf_write2__E</name>
         <load_address>0x303079</load_address>
         <run_address>0x303079</run_address>
         <size>0xf</size>
         <input_file_ref idref="fl-2e"/>
      </object_component>
      <object_component id="oc-37c">
[...]
         <value>0x302cd8</value>
         <object_component_ref idref="oc-38b"/>
      </symbol>
      <symbol id="sm-887">
         <name>_ti_sysbios_family_c28_Hwi_interruptReturn__I</name>
         <value>0x303387</value>
         <object_component_ref idref="oc-325"/>
      </symbol>
      <symbol id="sm-888">
         <name>_ti_sysbios_family_xxx_Hwi_switchAndRunFunc</name>
         <value>0x302e25</value>
         <object_component_ref idref="oc-308"/>
      </symbol>
      <symbol id="sm-92d">
         <name>_ti_sysbios_family_c28_Hwi_dispatchTable</name>
         <value>0x301446</value>
         <object_component_ref idref="oc-36e"/>
      </symbol>
      <symbol id="sm-92e">
         <name>_ti_sysbios_family_c28_Hwi_dispatchPie</name>
         <value>0x3014a3</value>
         <object_component_ref idref="oc-36e"/>
      </symbol>
      <symbol id="sm-93a">
         <name>_ti_sysbios_family_c28_IntrinsicsSupport_maxbit__E</name>
         <value>0x3032cb</value>
         <object_component_ref idref="oc-300"/>
      </symbol>
      <symbol id="sm-94a">
         <name>_ti_sysbios_family_c28_TaskSupport_buildTaskStack</name>
         <value>0x3029bd</value>
         <object_component_ref idref="oc-390"/>
      </symbol>
      <symbol id="sm-94b">
         <name>_ti_sysbios_family_c28_TaskSupport_swap__E</name>
         <value>0x302c2e</value>
         <object_component_ref idref="oc-330"/>
      </symbol>
      <symbol id="sm-94c">
         <name>_ti_sysbios_family_c28_TaskSupport_glue</name>
         <value>0x30323a</value>
         <object_component_ref idref="oc-395"/>
      </symbol>
      <symbol id="sm-95f">
         <name>_ti_catalog_c2800_init_Boot_configurePll2802x</name>
         <value>0x302633</value>
         <object_component_ref idref="oc-261"/>
      </symbol>
      <symbol id="sm-960">
         <name>_ti_catalog_c2800_init_Boot_disableWatchdog</name>
         <value>0x30305b</value>
         <object_component_ref idref="oc-260"/>
      </symbol>
      <symbol id="sm-961">
         <name>_ti_catalog_c2800_init_Boot_defaultLimpAbortFunction</name>
         <value>0x303378</value>
         <object_component_ref idref="oc-2e7"/>
      </symbol>
      <symbol id="sm-9a5">
         <name>_xdc_runtime_Error_getSite__E</name>
         <value>0x303382</value>
         <object_component_ref idref="oc-350"/>
      </symbol>
      <symbol id="sm-9a6">
         <name>_xdc_runtime_Error_print__E</name>
         <value>0x3025a4</value>
         <object_component_ref idref="oc-341"/>
      </symbol>
      <symbol id="sm-9a7">
         <name>_xdc_runtime_Error_policyDefault__E</name>
         <value>0x30130e</value>
         <object_component_ref idref="oc-2e6"/>
      </symbol>
      <symbol id="sm-9a8">
         <name>_xdc_runtime_Error_init__E</name>
         <value>0x3031ef</value>
         <object_component_ref idref="oc-2c6"/>
      </symbol>
      <symbol id="sm-9a9">
         <name>_xdc_runtime_Error_raiseX__E</name>
         <value>0x302fe4</value>
         <object_component_ref idref="oc-25f"/>
      </symbol>
      <symbol id="sm-9aa">
         <name>_xdc_runtime_Error_setX__E</name>
         <value>0x3025d4</value>
         <object_component_ref idref="oc-30c"/>
      </symbol>
      <symbol id="sm-9b8">
         <name>_xdc_runtime_Gate_leaveSystem__E</name>
         <value>0x3032ef</value>
         <object_component_ref idref="oc-2cf"/>
      </symbol>
      <symbol id="sm-9b9">
         <name>_xdc_runtime_Gate_enterSystem__E</name>
         <value>0x3032e9</value>
         <object_component_ref idref="oc-2b2"/>
      </symbol>
      <symbol id="sm-a02">
         <name>_xdc_runtime_LoggerBuf_write0__E</name>
         <value>0x30311e</value>
         <object_component_ref idref="oc-276"/>
      </symbol>
      <symbol id="sm-a03">
         <name>_xdc_runtime_LoggerBuf_Module_startup__E</name>
         <value>0x302ef8</value>
         <object_component_ref idref="oc-344"/>
      </symbol>
      <symbol id="sm-a04">
         <name>_xdc_runtime_LoggerBuf_reset__E</name>
         <value>0x302e3d</value>
         <object_component_ref idref="oc-357"/>
      </symbol>
      <symbol id="sm-a05">
         <name>_xdc_runtime_LoggerBuf_write4__E</name>
         <value>0x301691</value>
         <object_component_ref idref="oc-279"/>
      </symbol>
      <symbol id="sm-a06">
         <name>_xdc_runtime_LoggerBuf_getFilterLevel__E</name>
         <value>0x3022a5</value>
         <object_component_ref idref="oc-27c"/>
      </symbol>
      <symbol id="sm-a07">
         <name>_xdc_runtime_LoggerBuf_disable__E</name>
         <value>0x303305</value>
         <object_component_ref idref="oc-275"/>
      </symbol>
      <symbol id="sm-a08">
         <name>_xdc_runtime_LoggerBuf_setFilterLevel__E</name>
         <value>0x30231e</value>
         <object_component_ref idref="oc-27b"/>
      </symbol>
      <symbol id="sm-a09">
         <name>_xdc_runtime_LoggerBuf_write8__E</name>
         <value>0x300f5a</value>
         <object_component_ref idref="oc-27a"/>
      </symbol>
      <symbol id="sm-a0a">
         <name>_xdc_runtime_LoggerBuf_write2__E</name>
         <value>0x303079</value>
         <object_component_ref idref="oc-278"/>
      </symbol>
      <symbol id="sm-a0b">
         <name>_xdc_runtime_LoggerBuf_filterOutEvent__I</name>
         <value>0x302b78</value>
         <object_component_ref idref="oc-2c0"/>
      </symbol>
      <symbol id="sm-a0c">
         <name>_xdc_runtime_LoggerBuf_write1__E</name>
         <value>0x30312b</value>
         <object_component_ref idref="oc-277"/>
      </symbol>
      <symbol id="sm-a0d">
         <name>_xdc_runtime_LoggerBuf_enable__E</name>
         <value>0x3032f5</value>
         <object_component_ref idref="oc-274"/>
      </symbol>
      <symbol id="sm-a38">
         <name>_xdc_runtime_Startup_startMods__I</name>
         <value>0x301ab5</value>
         <object_component_ref idref="oc-2eb"/>
      </symbol>
      <symbol id="sm-a39">
         <name>_xdc_runtime_Startup_rtsDone__E</name>
         <value>0x30331a</value>
         <object_component_ref idref="oc-27d"/>
      </symbol>
      <symbol id="sm-a3a">
         <name>_xdc_runtime_Startup_exec__E</name>
         <value>0x302604</value>
         <object_component_ref idref="oc-240"/>
      </symbol>
      <symbol id="sm-abc">
         <name>_xdc_runtime_System_formatNum__I</name>
         <value>0x30235a</value>
         <object_component_ref idref="oc-389"/>
      </symbol>
      <symbol id="sm-abd">
         <name>_xdc_runtime_System_exit__E</name>
         <value>0x3031e4</value>
         <object_component_ref idref="oc-243"/>
      </symbol>
      <symbol id="sm-abe">
         <name>_xdc_runtime_System_exitStd__E</name>
         <value>0x303375</value>
         <object_component_ref idref="oc-2b4"/>
      </symbol>
      <symbol id="sm-abf">
         <name>_xdc_runtime_System_printf_va__F</name>
         <value>0x302ddb</value>
         <object_component_ref idref="oc-36d"/>
      </symbol>
      <symbol id="sm-ac0">
         <name>_xdc_runtime_System_atexit__E</name>
         <value>0x302b39</value>
         <object_component_ref idref="oc-280"/>
      </symbol>
      <symbol id="sm-ac1">
         <name>_xdc_runtime_System_abortStd__E</name>
         <value>0x303372</value>
         <object_component_ref idref="oc-343"/>
      </symbol>
      <symbol id="sm-ac2">
         <name>_xdc_runtime_System_putchar__I</name>
         <value>0x302dc2</value>
         <object_component_ref idref="oc-38a"/>
      </symbol>
      <symbol id="sm-ac3">
         <name>_xdc_runtime_System_snprintf_va__F</name>
         <value>0x3031f9</value>
         <object_component_ref idref="oc-37f"/>
      </symbol>
      <symbol id="sm-ac4">
         <name>_xdc_runtime_System_Module_startup__E</name>
         <value>0x303363</value>
         <object_component_ref idref="oc-345"/>
      </symbol>
      <symbol id="sm-ac5">
         <name>_xdc_runtime_System_avprintf__E</name>
         <value>0x302d5d</value>
         <object_component_ref idref="oc-36c"/>
      </symbol>
      <symbol id="sm-ac6">
         <name>_xdc_runtime_System_vprintf__E</name>
         <value>0x302ddb</value>
         <object_component_ref idref="oc-36d"/>
      </symbol>
      <symbol id="sm-ac7">
         <name>_xdc_runtime_System_aprintf_va__F</name>
         <value>0x302d5d</value>
         <object_component_ref idref="oc-36c"/>
      </symbol>
      <symbol id="sm-ac8">
         <name>_xdc_runtime_System_doPrint__I</name>
         <value>0x300294</value>
         <object_component_ref idref="oc-381"/>
      </symbol>
      <symbol id="sm-ac9">
         <name>_xdc_runtime_System_processAtExit__E</name>
         <value>0x302a73</value>
         <object_component_ref idref="oc-267"/>
      </symbol>
      <symbol id="sm-aca">
         <name>_xdc_runtime_System_vsnprintf__E</name>
         <value>0x3031f9</value>
         <object_component_ref idref="oc-37f"/>
      </symbol>
      <symbol id="sm-acb">
         <name>_xdc_runtime_System_abort__E</name>
         <value>0x303138</value>
         <object_component_ref idref="oc-317"/>
      </symbol>
      <symbol id="sm-aea">
         <name>_xdc_runtime_SysMin_abort__E</name>
         <value>0x302f7d</value>
         <object_component_ref idref="oc-342"/>
      </symbol>
      <symbol id="sm-aeb">
         <name>_xdc_runtime_SysMin_ready__E</name>
         <value>0x303299</value>
         <object_component_ref idref="oc-387"/>
      </symbol>
      <symbol id="sm-aec">
         <name>_xdc_runtime_SysMin_flush__E</name>
         <value>0x302997</value>
         <object_component_ref idref="oc-320"/>
      </symbol>
      <symbol id="sm-aed">
         <name>_xdc_runtime_SysMin_Module_startup__E</name>
         <value>0x30304b</value>
         <object_component_ref idref="oc-346"/>
      </symbol>
      <symbol id="sm-aee">
         <name>_xdc_runtime_SysMin_putch__E</name>
         <value>0x302bd4</value>
         <object_component_ref idref="oc-354"/>
      </symbol>
      <symbol id="sm-aef">
         <name>_xdc_runtime_SysMin_exit__E</name>
         <value>0x3031d9</value>
         <object_component_ref idref="oc-2f5"/>
      </symbol>
      <symbol id="sm-b31">
         <name>_xdc_runtime_Text_putLab__E</name>
         <value>0x301ff6</value>
         <object_component_ref idref="oc-397"/>
      </symbol>
      <symbol id="sm-b32">
         <name>_xdc_runtime_Text_printVisFxn__I</name>
         <value>0x302e55</value>
         <object_component_ref idref="oc-37e"/>
      </symbol>
      <symbol id="sm-b33">
         <name>_xdc_runtime_Text_putMod__E</name>
         <value>0x302228</value>
         <object_component_ref idref="oc-369"/>
      </symbol>
      <symbol id="sm-b34">
         <name>_xdc_runtime_Text_xprintf__I</name>
         <value>0x302922</value>
         <object_component_ref idref="oc-36a"/>
      </symbol>
      <symbol id="sm-b35">
         <name>_xdc_runtime_Text_visitRope2__I</name>
         <value>0x302541</value>
         <object_component_ref idref="oc-391"/>
      </symbol>
      <symbol id="sm-b36">
         <name>_xdc_runtime_Text_ropeText__E</name>
         <value>0x303203</value>
         <object_component_ref idref="oc-334"/>
      </symbol>
      <symbol id="sm-b37">
         <name>_xdc_runtime_Text_putSite__E</name>
         <value>0x301c0e</value>
         <object_component_ref idref="oc-351"/>
      </symbol>
      <symbol id="sm-b43">
         <name>___xdc__init</name>
         <value>0x30331e</value>
         <object_component_ref idref="oc-244"/>
      </symbol>
      <symbol id="sm-b70">
         <name>_xdc_runtime_Registry_findById__E</name>
         <value>0x303088</value>
         <object_component_ref idref="oc-37c"/>
      </symbol>
      <symbol id="sm-b8b">
         <name>_c_int00</name>
         <value>0x301c79</value>
         <object_component_ref idref="oc-49"/>
      </symbol>
      <symbol id="sm-b8c">
         <name>__stack</name>
         <value>0x98e2</value>
         <object_component_ref idref="oc-167"/>
      </symbol>
      <symbol id="sm-b9d">
         <name>FS$$DIV</name>
         <value>0x3017a7</value>
         <object_component_ref idref="oc-16c"/>
      </symbol>
      <symbol id="sm-bc9">
         <name>ULL$$MOD</name>
         <value>0x300d01</value>
         <object_component_ref idref="oc-171"/>
      </symbol>
      <symbol id="sm-bca">
         <name>ULL$$DIV</name>
         <value>0x300cd2</value>
         <object_component_ref idref="oc-171"/>
      </symbol>
      <symbol id="sm-bcb">
         <name>LL$$MOD</name>
         <value>0x300c98</value>
         <object_component_ref idref="oc-171"/>
      </symbol>
      <symbol id="sm-bcc">
         <name>LL$$DIV</name>
         <value>0x300c5c</value>
         <object_component_ref idref="oc-171"/>
      </symbol>
      <symbol id="sm-bd8">
         <name>UL$$MOD</name>
         <value>0x3028ca</value>
         <object_component_ref idref="oc-176"/>
      </symbol>
      <symbol id="sm-bd9">
         <name>L$$MOD</name>
         <value>0x3028b5</value>
         <object_component_ref idref="oc-176"/>
      </symbol>
      <symbol id="sm-bda">
         <name>L$$DIV</name>
         <value>0x3028a6</value>
         <object_component_ref idref="oc-176"/>
      </symbol>
      <symbol id="sm-bdb">
         <name>UL$$DIV</name>
         <value>0x3028c3</value>
         <object_component_ref idref="oc-176"/>
      </symbol>
      <symbol id="sm-bea">
         <name>_copy_in</name>
         <value>0x302a4f</value>
         <object_component_ref idref="oc-23f"/>
      </symbol>
      <symbol id="sm-bfb">
         <name>_memcpy</name>
         <value>0x302c10</value>
         <object_component_ref idref="oc-262"/>
      </symbol>
      <symbol id="sm-c07">
         <name>__system_pre_init</name>
         <value>0x303384</value>
         <object_component_ref idref="oc-23d"/>
      </symbol>
      <symbol id="sm-c13">
         <name>__system_post_cinit</name>
         <value>0x303389</value>
         <object_component_ref idref="oc-241"/>
      </symbol>
      <symbol id="sm-c27">
         <name>C$$EXIT</name>
         <value>0x3028f9</value>
         <object_component_ref idref="oc-2f6"/>
      </symbol>
      <symbol id="sm-c28">
         <name>_exit</name>
         <value>0x3028fb</value>
         <object_component_ref idref="oc-2f6"/>
      </symbol>
      <symbol id="sm-c29">
         <name>___TI_cleanup_ptr</name>
         <value>0x8d3c</value>
         <object_component_ref idref="oc-191"/>
      </symbol>
      <symbol id="sm-c2a">
         <name>___TI_enable_exit_profile_output</name>
         <value>0x8d3a</value>
         <object_component_ref idref="oc-191"/>
      </symbol>
      <symbol id="sm-c2b">
         <name>_abort</name>
         <value>0x3028f9</value>
         <object_component_ref idref="oc-2f6"/>
      </symbol>
      <symbol id="sm-c2c">
         <name>___TI_dtors_ptr</name>
         <value>0x8d3e</value>
         <object_component_ref idref="oc-191"/>
      </symbol>
      <symbol id="sm-c40">
         <name>__unlock</name>
         <value>0x97e6</value>
         <object_component_ref idref="oc-2f8"/>
      </symbol>
      <symbol id="sm-c41">
         <name>__lock</name>
         <value>0x97e4</value>
         <object_component_ref idref="oc-2f9"/>
      </symbol>
      <symbol id="sm-c42">
         <name>__register_lock</name>
         <value>0x30326b</value>
         <object_component_ref idref="oc-2cb"/>
      </symbol>
      <symbol id="sm-c43">
         <name>__nop</name>
         <value>0x30326f</value>
         <object_component_ref idref="oc-2cb"/>
      </symbol>
      <symbol id="sm-c44">
         <name>__register_unlock</name>
         <value>0x303267</value>
         <object_component_ref idref="oc-2cb"/>
      </symbol>
      <symbol id="sm-c53">
         <name>__args_main</name>
         <value>0x302df4</value>
         <object_component_ref idref="oc-242"/>
      </symbol>
      <symbol id="sm-c61">
         <name>_memset</name>
         <value>0x303175</value>
         <object_component_ref idref="oc-358"/>
      </symbol>
      <symbol id="sm-c77">
         <name>_strlen</name>
         <value>0x3032a1</value>
         <object_component_ref idref="oc-36b"/>
      </symbol>
      <symbol id="sm-c84">
         <name>_HOSTwrite</name>
         <value>0x3023d0</value>
         <object_component_ref idref="oc-368"/>
      </symbol>
      <symbol id="sm-c9d">
         <name>___TI_readmsg</name>
         <value>0x30153a</value>
         <object_component_ref idref="oc-379"/>
      </symbol>
      <symbol id="sm-c9e">
         <name>C$$IO$$</name>
         <value>0x301535</value>
         <object_component_ref idref="oc-379"/>
      </symbol>
      <symbol id="sm-c9f">
         <name>__CIOBUF_</name>
         <value>0xa680</value>
         <object_component_ref idref="oc-1b5"/>
      </symbol>
      <symbol id="sm-ca0">
         <name>___TI_writemsg</name>
         <value>0x3014e2</value>
         <object_component_ref idref="oc-379"/>
      </symbol>
      <symbol id="sm-cfe">
         <name>_parmbuf</name>
         <value>0x8d32</value>
         <object_component_ref idref="oc-1e2"/>
      </symbol>
      <symbol id="sm-d38">
         <name>FD$$ADD</name>
         <value>0x3013aa</value>
         <object_component_ref idref="oc-1f3"/>
      </symbol>
      <symbol id="sm-d48">
         <name>FD$$CMP</name>
         <value>0x30287c</value>
         <object_component_ref idref="oc-1f8"/>
      </symbol>
      <symbol id="sm-d5f">
         <name>FD$$DIV</name>
         <value>0x30171c</value>
         <object_component_ref idref="oc-1fd"/>
      </symbol>
      <symbol id="sm-d71">
         <name>FD$$MPY</name>
         <value>0x3018b6</value>
         <object_component_ref idref="oc-202"/>
      </symbol>
      <symbol id="sm-d7e">
         <name>FD$$NEG</name>
         <value>0x303270</value>
         <object_component_ref idref="oc-207"/>
      </symbol>
      <symbol id="sm-d8a">
         <name>FD$$SUB</name>
         <value>0x3030cf</value>
         <object_component_ref idref="oc-20c"/>
      </symbol>
      <symbol id="sm-d99">
         <name>FD$$TOI</name>
         <value>0x302ad8</value>
         <object_component_ref idref="oc-211"/>
      </symbol>
      <symbol id="sm-da8">
         <name>FD$$TOL</name>
         <value>0x302b97</value>
         <object_component_ref idref="oc-216"/>
      </symbol>
      <symbol id="sm-db4">
         <name>LL$$AND</name>
         <value>0x302e6d</value>
         <object_component_ref idref="oc-21b"/>
      </symbol>
      <symbol id="sm-db5">
         <name>LL$$OR</name>
         <value>0x302e75</value>
         <object_component_ref idref="oc-21b"/>
      </symbol>
      <symbol id="sm-db6">
         <name>LL$$XOR</name>
         <value>0x302e7d</value>
         <object_component_ref idref="oc-21b"/>
      </symbol>
      <symbol id="sm-dc4">
         <name>ULL$$CMP</name>
         <value>0x302c04</value>
         <object_component_ref idref="oc-220"/>
      </symbol>
      <symbol id="sm-dc5">
         <name>LL$$CMP</name>
         <value>0x302bf2</value>
         <object_component_ref idref="oc-220"/>
      </symbol>
      <symbol id="sm-dd5">
         <name>I$$TOFD</name>
         <value>0x302c4b</value>
         <object_component_ref idref="oc-225"/>
      </symbol>
      <symbol id="sm-de5">
         <name>L$$TOFD</name>
         <value>0x302cbc</value>
         <object_component_ref idref="oc-22a"/>
      </symbol>
      <symbol id="sm-df5">
         <name>FS$$TOFD</name>
         <value>0x302ca0</value>
         <object_component_ref idref="oc-22f"/>
      </symbol>
      <symbol id="sm-dff">
         <name>_errno</name>
         <value>0x8d03</value>
         <object_component_ref idref="oc-236"/>
      </symbol>
   </symbol_table>
   <title>Link successful</title>
</link_info>
