******************************************************************************
             TMS320C2000 Linker PC v17.6.0                     
******************************************************************************
>> Linked Wed Feb  6 18:06:30 2019

OUTPUT FILE NAME:   <Lab3.out>
ENTRY POINT SYMBOL: "_c_int00"  address: 00302963


MEMORY CONFIGURATION

         name            origin    length      used     unused   attr    fill
----------------------  --------  ---------  --------  --------  ----  --------
PAGE 0:
  FLASH                 00300000   0003ff80  000066e6  0003989a  RWIX
  CSM_RSVD              0033ff80   00000076  00000076  00000000  RWIX
  BEGIN                 0033fff6   00000002  00000002  00000000  RWIX
  CSM_PWL               0033fff8   00000008  00000008  00000000  RWIX
  ADC_CAL               00380080   00000009  00000007  00000002  RWIX
  OTP                   00380400   00000400  00000000  00000400  RWIX
  IQTABLES              003fe000   00000b50  00000000  00000b50  RWIX
  IQTABLES2             003feb50   0000008c  00000000  0000008c  RWIX
  FPUTABLES             003febdc   000006a0  00000000  000006a0  RWIX
  ROM                   003ff27c   00000d44  00000000  00000d44  RWIX
  RESET                 003fffc0   00000002  00000000  00000002  RWIX
  VECTORS               003fffc2   0000003e  00000000  0000003e  RWIX

PAGE 1:
  M01SARAM              00000000   00000800  00000000  00000800  RWIX
  DEV_EMU               00000880   00000180  000000d0  000000b0  RWIX
  FLASH_REGS            00000a80   00000060  00000008  00000058  RWIX
  CSM                   00000ae0   00000010  00000010  00000000  RWIX
  ADC_MIRROR            00000b00   00000010  00000010  00000000  RWIX
  XINTF                 00000b20   00000020  0000001e  00000002  RWIX
  CPU_TIMER0            00000c00   00000008  00000008  00000000  RWIX
  CPU_TIMER1            00000c08   00000008  00000008  00000000  RWIX
  CPU_TIMER2            00000c10   00000008  00000008  00000000  RWIX
  PIE_CTRL              00000ce0   00000020  0000001a  00000006  RWIX
  PIEVECT               00000d00   00000100  00000000  00000100  RWIX
  DMA                   00001000   00000200  000000e0  00000120  RWIX
  MCBSPA                00005000   00000040  00000025  0000001b  RWIX
  MCBSPB                00005040   00000040  00000025  0000001b  RWIX
  ECANA                 00006000   00000040  00000034  0000000c  RWIX
  ECANA_LAM             00006040   00000040  00000040  00000000  RWIX
  ECANA_MOTS            00006080   00000040  00000040  00000000  RWIX
  ECANA_MOTO            000060c0   00000040  00000040  00000000  RWIX
  ECANA_MBOX            00006100   00000100  00000100  00000000  RWIX
  ECANB                 00006200   00000040  00000034  0000000c  RWIX
  ECANB_LAM             00006240   00000040  00000040  00000000  RWIX
  ECANB_MOTS            00006280   00000040  00000040  00000000  RWIX
  ECANB_MOTO            000062c0   00000040  00000040  00000000  RWIX
  ECANB_MBOX            00006300   00000100  00000100  00000000  RWIX
  EPWM1                 00006800   00000022  00000022  00000000  RWIX
  EPWM2                 00006840   00000022  00000022  00000000  RWIX
  EPWM3                 00006880   00000022  00000022  00000000  RWIX
  EPWM4                 000068c0   00000022  00000022  00000000  RWIX
  EPWM5                 00006900   00000022  00000022  00000000  RWIX
  EPWM6                 00006940   00000022  00000022  00000000  RWIX
  ECAP1                 00006a00   00000020  00000020  00000000  RWIX
  ECAP2                 00006a20   00000020  00000020  00000000  RWIX
  ECAP3                 00006a40   00000020  00000020  00000000  RWIX
  ECAP4                 00006a60   00000020  00000020  00000000  RWIX
  ECAP5                 00006a80   00000020  00000020  00000000  RWIX
  ECAP6                 00006aa0   00000020  00000020  00000000  RWIX
  EQEP1                 00006b00   00000040  00000040  00000000  RWIX
  EQEP2                 00006b40   00000040  00000040  00000000  RWIX
  GPIOCTRL              00006f80   00000040  0000002e  00000012  RWIX
  GPIODAT               00006fc0   00000020  00000020  00000000  RWIX
  GPIOINT               00006fe0   00000020  0000000a  00000016  RWIX
  SYSTEM                00007010   00000020  00000020  00000000  RWIX
  SPIA                  00007040   00000010  00000010  00000000  RWIX
  SCIA                  00007050   00000010  00000010  00000000  RWIX
  XINTRUPT              00007070   00000010  00000010  00000000  RWIX
  ADC                   00007100   00000020  0000001e  00000002  RWIX
  SCIB                  00007750   00000010  00000010  00000000  RWIX
  SCIC                  00007770   00000010  00000010  00000000  RWIX
  I2CA                  00007900   00000040  00000022  0000001e  RWIX
  L07SARAM              00008000   00007e00  0000276c  00005694  RWIX
  MEM_forDMA            0000fe00   00000200  0000008e  00000172  RWIX
  CSM_PWL               003f7ff8   00000008  00000008  00000000  RWIX


SECTION ALLOCATION MAP

 output                                  attributes/
section   page    origin      length       input sections
--------  ----  ----------  ----------   ----------------
PieVectTableFile 
*          1    00000d00    00000100     DSECT
                  00000d00    00000100     DSP2833x_GlobalVariableDefs.obj (PieVectTableFile)

.econst    0    00304200    00001db3     
                  00304200    00001818     Lab3_p28FP.o28FP (.econst:xdc_runtime_Text_charTab__A)
                  00305a18    00000101     rts2800_fpu32.lib : ctype.obj (.econst:.string:__ctypes_)
                  00305b19    00000001     Lab3_p28FP.o28FP (.econst:ti_sysbios_family_c28_Hwi_Module__id__C)
                  00305b1a    00000100     Lab3_p28FP.o28FP (.econst:_ti_sysbios_family_c28_Hwi_vectors)
                  00305c1a    00000094     Lab3_p28FP.o28FP (.econst:.string)
                  00305cae    00000058     ti.targets.rts2800.a28FP : Error.o28FP (.econst:.string)
                  00305d06    00000052     Lab3_p28FP.o28FP (.econst:xdc_runtime_Text_nodeTab__A)
                  00305d58    00000047     ti.targets.rts2800.a28FP : Log.o28FP (.econst:.string)
                  00305d9f    00000001     Lab3_p28FP.o28FP (.econst:ti_sysbios_family_c28_Hwi_NUM_INTERRUPTS_ALL__C)
                  00305da0    00000043     ti.targets.rts2800.a28FP : Text.o28FP (.econst:.string)
                  00305de3    00000001     Lab3_p28FP.o28FP (.econst:ti_sysbios_family_c28_Hwi_Object__count__C)
                  00305de4    0000002a     ti.targets.rts2800.a28FP : Startup.o28FP (.econst:.string)
                  00305e0e    00000026     rts2800_fpu32.lib : _printfi.obj (.econst:.string)
                  00305e34    0000001e     Lab3_p28FP.o28FP (.econst:xdc_runtime_LoggerBuf_Module__FXNS__C)
                  00305e52    0000001c     rts2800_fpu32.lib : _printfi.obj (.econst)
                  00305e6e    0000001c                       : s_scalbn.obj (.econst)
                  00305e8a    0000001b     user_Lab3.obj (.econst:.string)
                  00305ea5    00000001     Lab3_p28FP.o28FP (.econst:ti_sysbios_family_c28_TaskSupport_Module__id__C)
                  00305ea6    00000019     ti.targets.rts2800.a28FP : System.o28FP (.econst:.string)
                  00305ebf    00000001     Lab3_p28FP.o28FP (.econst:ti_sysbios_family_c28_Timer_startupNeeded__C)
                  00305ec0    00000018     Lab3_p28FP.o28FP (.econst)
                  00305ed8    00000014     Lab3_p28FP.o28FP (.econst:ti_sysbios_heaps_HeapMem_Module__FXNS__C)
                  00305eec    00000014     Lab3_p28FP.o28FP (.econst:xdc_runtime_Startup_sfxnTab__A)
                  00305f00    00000012     Lab3_p28FP.o28FP (.econst:ti_sysbios_gates_GateHwi_Module__FXNS__C)
                  00305f12    00000012     Lab3_p28FP.o28FP (.econst:ti_sysbios_gates_GateMutex_Module__FXNS__C)
                  00305f24    0000000a     Lab3_p28FP.o28FP (.econst:xdc_runtime_Startup_sfxnRts__A)
                  00305f2e    00000008     rts2800_fpu32.lib : s_frexp.obj (.econst)
                  00305f36    00000005     ti.targets.rts2800.a28FP : Assert.o28FP (.econst:.string)
                  00305f3b    00000001     Lab3_p28FP.o28FP (.econst:ti_sysbios_family_c28_TimestampProvider_useClockTimer__C)
                  00305f3c    00000004     Lab3_p28FP.o28FP (.econst:ti_sysbios_knl_Idle_funcList__C)
                  00305f40    00000004     Lab3_p28FP.o28FP (.econst:xdc_runtime_Startup_firstFxns__A)
                  00305f44    00000004     Lab3_p28FP.o28FP (.econst:xdc_runtime_Startup_firstFxns__C)
                  00305f48    00000004     Lab3_p28FP.o28FP (.econst:xdc_runtime_Startup_lastFxns__C)
                  00305f4c    00000002     Lab3_p28FP.o28FP (.econst:ti_sysbios_family_c28_Hwi_E_unpluggedInterrupt__C)
                  00305f4e    00000002     Lab3_p28FP.o28FP (.econst:ti_sysbios_family_c28_TaskSupport_E_invalidStack__C)
                  00305f50    00000002     Lab3_p28FP.o28FP (.econst:ti_sysbios_gates_GateMutex_Instance_State_sem__O)
                  00305f52    00000002     Lab3_p28FP.o28FP (.econst:ti_sysbios_hal_Hwi_E_stackOverflow__C)
                  00305f54    00000002     Lab3_p28FP.o28FP (.econst:ti_sysbios_heaps_HeapMem_E_memory__C)
                  00305f56    00000002     Lab3_p28FP.o28FP (.econst:ti_sysbios_heaps_HeapMem_Module__gateObj__C)
                  00305f58    00000002     Lab3_p28FP.o28FP (.econst:ti_sysbios_knl_Clock_Module_State_clockQ__O)
                  00305f5a    00000002     Lab3_p28FP.o28FP (.econst:ti_sysbios_knl_Idle_funcList__A)
                  00305f5c    00000002     Lab3_p28FP.o28FP (.econst:ti_sysbios_knl_Semaphore_Instance_State_pendQ__O)
                  00305f5e    00000002     Lab3_p28FP.o28FP (.econst:ti_sysbios_knl_Task_E_spOutOfBounds__C)
                  00305f60    00000002     Lab3_p28FP.o28FP (.econst:ti_sysbios_knl_Task_E_stackOverflow__C)
                  00305f62    00000002     Lab3_p28FP.o28FP (.econst:ti_sysbios_knl_Task_Module_State_inactiveQ__O)
                  00305f64    00000002     Lab3_p28FP.o28FP (.econst:ti_sysbios_knl_Task_allBlockedFunc__C)
                  00305f66    00000002     Lab3_p28FP.o28FP (.econst:xdc_runtime_Error_Module__diagsEnabled__C)
                  00305f68    00000002     Lab3_p28FP.o28FP (.econst:xdc_runtime_Error_Module__diagsIncluded__C)
                  00305f6a    00000002     Lab3_p28FP.o28FP (.econst:xdc_runtime_Error_Module__diagsMask__C)
                  00305f6c    00000002     Lab3_p28FP.o28FP (.econst:xdc_runtime_Error_Module__loggerFxn8__C)
                  00305f6e    00000002     Lab3_p28FP.o28FP (.econst:xdc_runtime_Error_Module__loggerObj__C)
                  00305f70    00000002     Lab3_p28FP.o28FP (.econst:xdc_runtime_Error_policyFxn__C)
                  00305f72    00000002     Lab3_p28FP.o28FP (.econst:xdc_runtime_Error_raiseHook__C)
                  00305f74    00000002     Lab3_p28FP.o28FP (.econst:xdc_runtime_IFilterLogger_Interface__BASE__C)
                  00305f76    00000002     Lab3_p28FP.o28FP (.econst:xdc_runtime_IGateProvider_Interface__BASE__C)
                  00305f78    00000002     Lab3_p28FP.o28FP (.econst:xdc_runtime_IHeap_Interface__BASE__C)
                  00305f7a    00000002     Lab3_p28FP.o28FP (.econst:xdc_runtime_ILogger_Interface__BASE__C)
                  00305f7c    00000002     Lab3_p28FP.o28FP (.econst:xdc_runtime_IModule_Interface__BASE__C)
                  00305f7e    00000002     Lab3_p28FP.o28FP (.econst:xdc_runtime_Log_L_error__C)
                  00305f80    00000002     Lab3_p28FP.o28FP (.econst:xdc_runtime_LoggerBuf_E_badLevel__C)
                  00305f82    00000002     Lab3_p28FP.o28FP (.econst:xdc_runtime_LoggerBuf_Module__gateObj__C)
                  00305f84    00000002     Lab3_p28FP.o28FP (.econst:xdc_runtime_LoggerBuf_statusLogger__C)
                  00305f86    00000002     Lab3_p28FP.o28FP (.econst:xdc_runtime_Startup_execImpl__C)
                  00305f88    00000002     Lab3_p28FP.o28FP (.econst:xdc_runtime_Startup_lastFxns__A)
                  00305f8a    00000002     Lab3_p28FP.o28FP (.econst:xdc_runtime_Startup_sfxnRts__C)
                  00305f8c    00000002     Lab3_p28FP.o28FP (.econst:xdc_runtime_Startup_sfxnTab__C)
                  00305f8e    00000002     Lab3_p28FP.o28FP (.econst:xdc_runtime_SysMin_bufSize__C)
                  00305f90    00000002     Lab3_p28FP.o28FP (.econst:xdc_runtime_SysMin_outputFunc__C)
                  00305f92    00000002     Lab3_p28FP.o28FP (.econst:xdc_runtime_System_Module__gateObj__C)
                  00305f94    00000002     Lab3_p28FP.o28FP (.econst:xdc_runtime_System_abortFxn__C)
                  00305f96    00000002     Lab3_p28FP.o28FP (.econst:xdc_runtime_System_exitFxn__C)
                  00305f98    00000002     Lab3_p28FP.o28FP (.econst:xdc_runtime_System_extendFxn__C)
                  00305f9a    00000002     Lab3_p28FP.o28FP (.econst:xdc_runtime_Text_charTab__C)
                  00305f9c    00000002     Lab3_p28FP.o28FP (.econst:xdc_runtime_Text_nodeTab__C)
                  00305f9e    00000002     Lab3_p28FP.o28FP (.econst:xdc_runtime_Text_visitRopeFxn__C)
                  00305fa0    00000001     Lab3_p28FP.o28FP (.econst:ti_sysbios_hal_Hwi_Module__id__C)
                  00305fa1    00000001     Lab3_p28FP.o28FP (.econst:ti_sysbios_heaps_HeapMem_Module__id__C)
                  00305fa2    00000001     Lab3_p28FP.o28FP (.econst:ti_sysbios_heaps_HeapMem_Object__count__C)
                  00305fa3    00000001     Lab3_p28FP.o28FP (.econst:ti_sysbios_knl_Swi_Object__count__C)
                  00305fa4    00000001     Lab3_p28FP.o28FP (.econst:ti_sysbios_knl_Task_Module__id__C)
                  00305fa5    00000001     Lab3_p28FP.o28FP (.econst:ti_sysbios_knl_Task_Object__count__C)
                  00305fa6    00000001     Lab3_p28FP.o28FP (.econst:ti_sysbios_knl_Task_numConstructedTasks__C)
                  00305fa7    00000001     Lab3_p28FP.o28FP (.econst:xdc_runtime_Error_Module__loggerDefined__C)
                  00305fa8    00000001     Lab3_p28FP.o28FP (.econst:xdc_runtime_Error_maxDepth__C)
                  00305fa9    00000001     Lab3_p28FP.o28FP (.econst:xdc_runtime_Error_policy__C)
                  00305faa    00000001     Lab3_p28FP.o28FP (.econst:xdc_runtime_LoggerBuf_Module__id__C)
                  00305fab    00000001     Lab3_p28FP.o28FP (.econst:xdc_runtime_LoggerBuf_Object__count__C)
                  00305fac    00000001     Lab3_p28FP.o28FP (.econst:xdc_runtime_LoggerBuf_filterByLevel__C)
                  00305fad    00000001     Lab3_p28FP.o28FP (.econst:xdc_runtime_Startup_maxPasses__C)
                  00305fae    00000001     Lab3_p28FP.o28FP (.econst:xdc_runtime_SysMin_flushAtExit__C)
                  00305faf    00000001     Lab3_p28FP.o28FP (.econst:xdc_runtime_System_maxAtexitHandlers__C)
                  00305fb0    00000001     Lab3_p28FP.o28FP (.econst:xdc_runtime_Text_isLoaded__C)
                  00305fb1    00000001     Lab3_p28FP.o28FP (.econst:xdc_runtime_Text_registryModsLastId__C)
                  00305fb2    00000001     Lab3_p28FP.o28FP (.econst:xdc_runtime_Text_unnamedModsLastId__C)

ramfuncs   0    00305fb3    0000016a     RUN ADDR = 0000a4e2
                  00305fb3    0000003f     28335_serial.obj (ramfuncs:_TXAINT_data_sent)
                  00305ff2    0000003f     28335_serial.obj (ramfuncs:_TXBINT_data_sent)
                  00306031    0000003f     28335_serial.obj (ramfuncs:_TXCINT_data_sent)
                  00306070    00000025     28335_serial.obj (ramfuncs:_buf_write_1)
                  00306095    00000023     28335_serial.obj (ramfuncs:_buf_remove)
                  003060b8    0000001f     28335_serial.obj (ramfuncs:_buf_read_1)
                  003060d7    0000001b     DSP2833x_SysCtrl.obj (ramfuncs:_InitFlash)
                  003060f2    0000000d     28335_serial.obj (ramfuncs:_RXAINT_recv_ready)
                  003060ff    0000000d     28335_serial.obj (ramfuncs:_RXBINT_recv_ready)
                  0030610c    0000000d     28335_serial.obj (ramfuncs:_RXCINT_recv_ready)
                  00306119    00000004     DSP2833x_usDelay.obj (ramfuncs)

.cinit     0    0030611d    000005ad     
                  0030611d    00000428     Lab3_p28FP.o28FP (.cinit)
                  00306545    000000dd     user_Lab3.obj (.cinit)
                  00306622    0000003c     28335_mcbsp.obj (.cinit)
                  0030665e    00000024     28335_spi.obj (.cinit)
                  00306682    00000011     i2c.obj (.cinit)
                  00306693    0000000e     rts2800_fpu32.lib : exit.obj (.cinit)
                  003066a1    0000000c     28335_pwm.obj (.cinit)
                  003066ad    00000008     28335_inits.obj (.cinit)
                  003066b5    00000005     rts2800_fpu32.lib : _lock.obj (.cinit:__lock)
                  003066ba    00000005                       : _lock.obj (.cinit:__unlock)
                  003066bf    00000005     lcd.obj (.cinit)
                  003066c4    00000004     rts2800_fpu32.lib : errno.obj (.cinit)
                  003066c8    00000002     --HOLE-- [fill = 0]

.switch    0    003066ca    0000001c     
                  003066ca    0000001c     sysbios.a28FP : BIOS.obj (.switch:_ti_sysbios_family_c28_Hwi_clearInterrupt__E)

csm_rsvd   0    0033ff80    00000076     
                  0033ff80    00000076     DSP2833x_CSMPasswords.obj (csm_rsvd)

DevEmuRegsFile 
*          1    00000880    000000d0     UNINITIALIZED
                  00000880    000000d0     DSP2833x_GlobalVariableDefs.obj (DevEmuRegsFile)

FlashRegsFile 
*          1    00000a80    00000008     UNINITIALIZED
                  00000a80    00000008     DSP2833x_GlobalVariableDefs.obj (FlashRegsFile)

CsmRegsFile 
*          1    00000ae0    00000010     UNINITIALIZED
                  00000ae0    00000010     DSP2833x_GlobalVariableDefs.obj (CsmRegsFile)

AdcMirrorFile 
*          1    00000b00    00000010     UNINITIALIZED
                  00000b00    00000010     DSP2833x_GlobalVariableDefs.obj (AdcMirrorFile)

XintfRegsFile 
*          1    00000b20    0000001e     UNINITIALIZED
                  00000b20    0000001e     DSP2833x_GlobalVariableDefs.obj (XintfRegsFile)

CpuTimer0RegsFile 
*          1    00000c00    00000008     UNINITIALIZED
                  00000c00    00000008     DSP2833x_GlobalVariableDefs.obj (CpuTimer0RegsFile)

CpuTimer1RegsFile 
*          1    00000c08    00000008     UNINITIALIZED
                  00000c08    00000008     DSP2833x_GlobalVariableDefs.obj (CpuTimer1RegsFile)

CpuTimer2RegsFile 
*          1    00000c10    00000008     UNINITIALIZED
                  00000c10    00000008     DSP2833x_GlobalVariableDefs.obj (CpuTimer2RegsFile)

PieCtrlRegsFile 
*          1    00000ce0    0000001a     UNINITIALIZED
                  00000ce0    0000001a     DSP2833x_GlobalVariableDefs.obj (PieCtrlRegsFile)

DmaRegsFile 
*          1    00001000    000000e0     UNINITIALIZED
                  00001000    000000e0     DSP2833x_GlobalVariableDefs.obj (DmaRegsFile)

McbspaRegsFile 
*          1    00005000    00000025     UNINITIALIZED
                  00005000    00000025     DSP2833x_GlobalVariableDefs.obj (McbspaRegsFile)

McbspbRegsFile 
*          1    00005040    00000025     UNINITIALIZED
                  00005040    00000025     DSP2833x_GlobalVariableDefs.obj (McbspbRegsFile)

ECanaRegsFile 
*          1    00006000    00000034     UNINITIALIZED
                  00006000    00000034     DSP2833x_GlobalVariableDefs.obj (ECanaRegsFile)

ECanaLAMRegsFile 
*          1    00006040    00000040     UNINITIALIZED
                  00006040    00000040     DSP2833x_GlobalVariableDefs.obj (ECanaLAMRegsFile)

ECanaMOTSRegsFile 
*          1    00006080    00000040     UNINITIALIZED
                  00006080    00000040     DSP2833x_GlobalVariableDefs.obj (ECanaMOTSRegsFile)

ECanaMOTORegsFile 
*          1    000060c0    00000040     UNINITIALIZED
                  000060c0    00000040     DSP2833x_GlobalVariableDefs.obj (ECanaMOTORegsFile)

ECanaMboxesFile 
*          1    00006100    00000100     UNINITIALIZED
                  00006100    00000100     DSP2833x_GlobalVariableDefs.obj (ECanaMboxesFile)

ECanbRegsFile 
*          1    00006200    00000034     UNINITIALIZED
                  00006200    00000034     DSP2833x_GlobalVariableDefs.obj (ECanbRegsFile)

ECanbLAMRegsFile 
*          1    00006240    00000040     UNINITIALIZED
                  00006240    00000040     DSP2833x_GlobalVariableDefs.obj (ECanbLAMRegsFile)

ECanbMOTSRegsFile 
*          1    00006280    00000040     UNINITIALIZED
                  00006280    00000040     DSP2833x_GlobalVariableDefs.obj (ECanbMOTSRegsFile)

ECanbMOTORegsFile 
*          1    000062c0    00000040     UNINITIALIZED
                  000062c0    00000040     DSP2833x_GlobalVariableDefs.obj (ECanbMOTORegsFile)

ECanbMboxesFile 
*          1    00006300    00000100     UNINITIALIZED
                  00006300    00000100     DSP2833x_GlobalVariableDefs.obj (ECanbMboxesFile)

EPwm1RegsFile 
*          1    00006800    00000022     UNINITIALIZED
                  00006800    00000022     DSP2833x_GlobalVariableDefs.obj (EPwm1RegsFile)

EPwm2RegsFile 
*          1    00006840    00000022     UNINITIALIZED
                  00006840    00000022     DSP2833x_GlobalVariableDefs.obj (EPwm2RegsFile)

EPwm3RegsFile 
*          1    00006880    00000022     UNINITIALIZED
                  00006880    00000022     DSP2833x_GlobalVariableDefs.obj (EPwm3RegsFile)

EPwm4RegsFile 
*          1    000068c0    00000022     UNINITIALIZED
                  000068c0    00000022     DSP2833x_GlobalVariableDefs.obj (EPwm4RegsFile)

EPwm5RegsFile 
*          1    00006900    00000022     UNINITIALIZED
                  00006900    00000022     DSP2833x_GlobalVariableDefs.obj (EPwm5RegsFile)

EPwm6RegsFile 
*          1    00006940    00000022     UNINITIALIZED
                  00006940    00000022     DSP2833x_GlobalVariableDefs.obj (EPwm6RegsFile)

ECap1RegsFile 
*          1    00006a00    00000020     UNINITIALIZED
                  00006a00    00000020     DSP2833x_GlobalVariableDefs.obj (ECap1RegsFile)

ECap2RegsFile 
*          1    00006a20    00000020     UNINITIALIZED
                  00006a20    00000020     DSP2833x_GlobalVariableDefs.obj (ECap2RegsFile)

ECap3RegsFile 
*          1    00006a40    00000020     UNINITIALIZED
                  00006a40    00000020     DSP2833x_GlobalVariableDefs.obj (ECap3RegsFile)

ECap4RegsFile 
*          1    00006a60    00000020     UNINITIALIZED
                  00006a60    00000020     DSP2833x_GlobalVariableDefs.obj (ECap4RegsFile)

ECap5RegsFile 
*          1    00006a80    00000020     UNINITIALIZED
                  00006a80    00000020     DSP2833x_GlobalVariableDefs.obj (ECap5RegsFile)

ECap6RegsFile 
*          1    00006aa0    00000020     UNINITIALIZED
                  00006aa0    00000020     DSP2833x_GlobalVariableDefs.obj (ECap6RegsFile)

EQep1RegsFile 
*          1    00006b00    00000040     UNINITIALIZED
                  00006b00    00000040     DSP2833x_GlobalVariableDefs.obj (EQep1RegsFile)

EQep2RegsFile 
*          1    00006b40    00000040     UNINITIALIZED
                  00006b40    00000040     DSP2833x_GlobalVariableDefs.obj (EQep2RegsFile)

GpioCtrlRegsFile 
*          1    00006f80    0000002e     UNINITIALIZED
                  00006f80    0000002e     DSP2833x_GlobalVariableDefs.obj (GpioCtrlRegsFile)

GpioDataRegsFile 
*          1    00006fc0    00000020     UNINITIALIZED
                  00006fc0    00000020     DSP2833x_GlobalVariableDefs.obj (GpioDataRegsFile)

GpioIntRegsFile 
*          1    00006fe0    0000000a     UNINITIALIZED
                  00006fe0    0000000a     DSP2833x_GlobalVariableDefs.obj (GpioIntRegsFile)

SysCtrlRegsFile 
*          1    00007010    00000020     UNINITIALIZED
                  00007010    00000020     DSP2833x_GlobalVariableDefs.obj (SysCtrlRegsFile)

SpiaRegsFile 
*          1    00007040    00000010     UNINITIALIZED
                  00007040    00000010     DSP2833x_GlobalVariableDefs.obj (SpiaRegsFile)

SciaRegsFile 
*          1    00007050    00000010     UNINITIALIZED
                  00007050    00000010     DSP2833x_GlobalVariableDefs.obj (SciaRegsFile)

XIntruptRegsFile 
*          1    00007070    00000010     UNINITIALIZED
                  00007070    00000010     DSP2833x_GlobalVariableDefs.obj (XIntruptRegsFile)

AdcRegsFile 
*          1    00007100    0000001e     UNINITIALIZED
                  00007100    0000001e     DSP2833x_GlobalVariableDefs.obj (AdcRegsFile)

ScibRegsFile 
*          1    00007750    00000010     UNINITIALIZED
                  00007750    00000010     DSP2833x_GlobalVariableDefs.obj (ScibRegsFile)

ScicRegsFile 
*          1    00007770    00000010     UNINITIALIZED
                  00007770    00000010     DSP2833x_GlobalVariableDefs.obj (ScicRegsFile)

I2caRegsFile 
*          1    00007900    00000022     UNINITIALIZED
                  00007900    00000022     DSP2833x_GlobalVariableDefs.obj (I2caRegsFile)

CsmPwlFile 
*          1    003f7ff8    00000008     UNINITIALIZED
                  003f7ff8    00000008     DSP2833x_GlobalVariableDefs.obj (CsmPwlFile)

.pinit     0    00300000    00000000     UNINITIALIZED

.text      0    00300000    00004200     
                  00300000    00000c16     rts2800_fpu32.lib : _printfi.obj (.text)
                  00300c16    00000294     28335_pwm.obj (.text:_init_PWM)
                  00300eaa    00000232     ti.targets.rts2800.a28FP : System.o28FP (.text:_xdc_runtime_System_doPrint__I)
                  003010dc    0000021a     28335_spi.obj (.text:_SPI_RXint)
                  003012f6    000001bc     28335_pwm.obj (.text:_init_PWM_AS_RCSERVO)
                  003014b2    00000155     user_Lab3.obj (.text:_control)
                  00301607    0000014e     28335_mcbsp.obj (.text:_McBSP_RX_INTCH2_ISR)
                  00301755    00000131     28335_serial.obj (.text:_init_serial)
                  00301886    00000107     rts2800_fpu32.lib : ll_div28.obj (.text)
                  0030198d    00000101     28335_spi.obj (.text:_init_SPI)
                  00301a8e    000000f6     user_Lab3.obj (.text:_sendData)
                  00301b84    000000d2     ti.targets.rts2800.a28FP : LoggerBuf.o28FP (.text:_xdc_runtime_LoggerBuf_write8__E)
                  00301c56    000000c7     user_Lab3.obj (.text:_main)
                  00301d1d    000000c0     Lab3_p28FP.o28FP (.text:_xdc_runtime_System_printfExtend__I)
                  00301ddd    000000c0     rts2800_fpu32.lib : s_scalbn.obj (.text)
                  00301e9d    000000b2     28335_pwm.obj (.text:_PWM_out)
                  00301f4f    000000a9     sysbios.a28FP : BIOS.obj (.text:_ti_sysbios_knl_Semaphore_pend__E)
                  00301ff8    0000009c     ti.targets.rts2800.a28FP : Error.o28FP (.text:_xdc_runtime_Error_policyDefault__E)
                  00302094    0000009c     rts2800_fpu32.lib : fd_add28.obj (.text)
                  00302130    0000009b     sysbios.a28FP : c28_Hwi_disp_asm.obj (.text:_ti_sysbios_family_c28_Hwi_dispatch)
                  003021cb    00000001                   : BIOS.obj (.text:_ti_sysbios_BIOS_linkedWithIncorrectBootLibrary__E)
                  003021cc    00000094     rts2800_fpu32.lib : trgmsg.obj (.text)
                  00302260    00000090     user_Lab3.obj (.text:_updateData)
                  003022f0    0000008b     sysbios.a28FP : BIOS.obj (.text:_ti_sysbios_family_c28_Hwi_clearInterrupt__E)
                  0030237b    0000008b     ti.targets.rts2800.a28FP : LoggerBuf.o28FP (.text:_xdc_runtime_LoggerBuf_write4__E)
                  00302406    0000008b     rts2800_fpu32.lib : fd_div28.obj (.text)
                  00302491    00000088                       : fs_div28.obj (.text)
                  00302519    00000087     28335_dma.obj (.text:_init_dma_mcbsp)
                  003025a0    00000083     rts2800_fpu32.lib : fd_mpy28.obj (.text)
                  00302623    00000082     28335_eqep.obj (.text:_init_EQEP)
                  003026a5    00000080     i2c.obj (.text:_i2c_stdrecv)
                  00302725    0000007a     28335_pwm.obj (.text:_RCSERVO_out)
                  0030279f    00000079     ti.targets.rts2800.a28FP : Startup.o28FP (.text:_xdc_runtime_Startup_startMods__I)
                  00302818    00000073     sysbios.a28FP : BIOS.obj (.text:_ti_sysbios_knl_Task_checkStacks__E)
                  0030288b    0000006d     28335_spi.obj (.text:_writeDAC7564)
                  003028f8    0000006b     ti.targets.rts2800.a28FP : Text.o28FP (.text:_xdc_runtime_Text_putSite__E)
                  00302963    00000069     boot.a28FP : boot_cg.o28FP (.text)
                  003029cc    00000066     sysbios.a28FP : BIOS.obj (.text:_ti_sysbios_family_c28_Timer_stopAndClear__I)
                  00302a32    00000061     i2c.obj (.text:_i2c_stdsend)
                  00302a93    0000005e     sysbios.a28FP : BIOS.obj (.text:_ti_sysbios_heaps_HeapMem_allocUnprotected__E)
                  00302af1    0000005c     28335_inits.obj (.text:_pre_init)
                  00302b4d    0000005a     rts2800_fpu32.lib : s_frexp.obj (.text)
                  00302ba7    00000056     DSP2833x_SysCtrl.obj (.text:_InitPeripheralClocks)
                  00302bfd    00000054     28335_serial.obj (.text:_LCDvPrintfLine)
                  00302c51    00000053     sysbios.a28FP : BIOS.obj (.text:_ti_sysbios_knl_Task_sleep__E)
                  00302ca4    00000051     DSP2833x_SysCtrl.obj (.text:_InitPll)
                  00302cf5    0000004d     sysbios.a28FP : BIOS.obj (.text:_ti_sysbios_knl_Clock_workFunc__E)
                  00302d42    0000004c                   : BIOS.obj (.text:_ti_sysbios_family_c28_Hwi_dispatchCore__I)
                  00302d8e    0000004b     ti.targets.rts2800.a28FP : Text.o28FP (.text:_xdc_runtime_Text_putLab__E)
                  00302dd9    00000048     sysbios.a28FP : BIOS.obj (.text:_ti_sysbios_family_c28_TimestampProvider_get64__E)
                  00302e21    00000047                   : BIOS.obj (.text:_ti_sysbios_family_c28_Hwi_Module_startup__E)
                  00302e68    00000047                   : BIOS.obj (.text:_ti_sysbios_knl_Task_postInit__I)
                  00302eaf    00000046                   : BIOS.obj (.text:_ti_sysbios_heaps_HeapMem_alloc__E)
                  00302ef5    00000046                   : BIOS.obj (.text:_ti_sysbios_knl_Swi_run__I)
                  00302f3b    00000043                   : BIOS.obj (.text:_ti_sysbios_family_c28_Timer_postInit__I)
                  00302f7e    00000042                   : BIOS.obj (.text:_ti_sysbios_family_c28_Hwi_unPluggedInterrupt__I)
                  00302fc0    0000003f     ti.targets.rts2800.a28FP : Text.o28FP (.text:_xdc_runtime_Text_putMod__E)
                  00302fff    0000003e     sysbios.a28FP : BIOS.obj (.text:_ti_sysbios_knl_Swi_restoreHwi__E)
                  0030303d    0000003d     ti.targets.rts2800.a28FP : LoggerBuf.o28FP (.text:_xdc_runtime_LoggerBuf_getFilterLevel__E)
                  0030307a    0000003c     i2c.obj (.text:_compassTask)
                  003030b6    0000003c     ti.targets.rts2800.a28FP : LoggerBuf.o28FP (.text:_xdc_runtime_LoggerBuf_setFilterLevel__E)
                  003030f2    0000003c                              : System.o28FP (.text:_xdc_runtime_System_formatNum__I)
                  0030312e    0000003a     sysbios.a28FP : BIOS.obj (.text:_ti_sysbios_family_c28_TaskSupport_start__E)
                  00303168    00000038     rts2800_fpu32.lib : hostwrite.obj (.text)
                  003031a0    00000037     28335_serial.obj (.text:_serial_recv_ready)
                  003031d7    00000036     sysbios.a28FP : BIOS.obj (.text:_ti_sysbios_heaps_HeapMem_freeUnprotected__E)
                  0030320d    00000035                   : BIOS.obj (.text:_ti_sysbios_knl_Task_startCore__E)
                  00303242    00000033                   : BIOS.obj (.text:_ti_sysbios_family_c28_Hwi_enableInterrupt__E)
                  00303275    00000032     28335_eqep.obj (.text:_EQEP_read)
                  003032a7    00000032     sysbios.a28FP : BIOS.obj (.text:_ti_sysbios_knl_Task_Module_startup__E)
                  003032d9    00000032     ti.targets.rts2800.a28FP : Text.o28FP (.text:_xdc_runtime_Text_visitRope2__I)
                  0030330b    00000031     28335_serial.obj (.text:_serial_send)
                  0030333c    00000031     rts2800_fpu32.lib : atoi.obj (.text)
                  0030336d    00000030     ti.targets.rts2800.a28FP : Error.o28FP (.text:_xdc_runtime_Error_print__E)
                  0030339d    00000030                              : Error.o28FP (.text:_xdc_runtime_Error_setX__E)
                  003033cd    00000030     rts2800_fpu32.lib : vsprintf.obj (.text)
                  003033fd    0000002f     ti.targets.rts2800.a28FP : Startup.o28FP (.text:_xdc_runtime_Startup_exec__E)
                  0030342c    0000002e     Boot.a28FP : Boot.o28FP (.text:.bootCodeSection:_ti_catalog_c2800_init_Boot_configurePll2802x)
                  0030345a    0000002e     DSP2833x_Mcbsp.obj (.text:_InitMcbspb)
                  00303488    0000002e     DSP2833x_Mcbsp.obj (.text:_InitMcbspbGpio)
                  003034b6    0000002e     sysbios.a28FP : BIOS.obj (.text:_ti_sysbios_knl_Swi_runLoop__I)
                  003034e4    0000002e                   : BIOS.obj (.text:_ti_sysbios_knl_Swi_schedule__I)
                  00303512    0000002e                   : BIOS.obj (.text:_ti_sysbios_knl_Task_schedule__I)
                  00303540    0000002e     rts2800_fpu32.lib : ltoa.obj (.text)
                  0030356e    0000002d     sysbios.a28FP : BIOS.obj (.text:_ti_sysbios_family_c28_Hwi_getInterruptFlag__E)
                  0030359b    0000002d                   : BIOS.obj (.text:_ti_sysbios_family_c28_Hwi_getStackInfo__E)
                  003035c8    0000002d                   : BIOS.obj (.text:_ti_sysbios_heaps_HeapMem_getStats__E)
                  003035f5    0000002d                   : BIOS.obj (.text:_ti_sysbios_knl_Semaphore_post__E)
                  00303622    0000002c                   : BIOS.obj (.text:_ti_sysbios_family_c28_Timer_start__E)
                  0030364e    0000002b                   : BIOS.obj (.text:_ti_sysbios_family_c28_Hwi_disablePIEIER__E)
                  00303679    0000002a                   : BIOS.obj (.text:_ti_sysbios_family_c28_Hwi_enablePIEIER__E)
                  003036a3    0000002a     rts2800_fpu32.lib : fd_cmp28.obj (.text)
                  003036cd    0000002a                       : l_div28.obj (.text)
                  003036f7    00000029     sysbios.a28FP : BIOS.obj (.text:_ti_sysbios_family_c28_Timer_getExpiredCounts64__E)
                  00303720    00000029     rts2800_fpu32.lib : exit.obj (.text)
                  00303749    00000028     ti.targets.rts2800.a28FP : Text.o28FP (.text:_xdc_runtime_Text_xprintf__I)
                  00303771    00000027     sysbios.a28FP : BIOS.obj (.text:_ti_sysbios_heaps_HeapMem_init__I)
                  00303798    00000026     DSP2833x_Spi.obj (.text:_InitSpiaGpio)
                  003037be    00000026     ti.targets.rts2800.a28FP : SysMin.o28FP (.text:_xdc_runtime_SysMin_flush__E)
                  003037e4    00000025     sysbios.a28FP : c28_TaskSupport_asm.obj (.text:_ti_sysbios_family_c28_TaskSupport_buildTaskStack)
                  00303809    00000025                   : BIOS.obj (.text:_ti_sysbios_family_c28_Timer_getExpiredCounts__E)
                  0030382e    00000024                   : BIOS.obj (.text:_ti_sysbios_family_c28_Hwi_disableInterrupt__E)
                  00303852    00000024                   : BIOS.obj (.text:_ti_sysbios_knl_Swi_post__E)
                  00303876    00000024     rts2800_fpu32.lib : cpy_tbl.obj (.text)
                  0030389a    00000024                       : s_copysign.obj (.text)
                  003038be    00000023     ti.targets.rts2800.a28FP : System.o28FP (.text:_xdc_runtime_System_processAtExit__E)
                  003038e1    00000021     sysbios.a28FP : BIOS.obj (.text:_ti_sysbios_heaps_HeapMem_free__E)
                  00303902    00000021                   : BIOS.obj (.text:_ti_sysbios_knl_Task_allBlockedFunction__I)
                  00303923    00000021     rts2800_fpu32.lib : fd_toi28.obj (.text)
                  00303944    00000020     sysbios.a28FP : BIOS.obj (.text:_ti_sysbios_family_c28_Timer_setPrescale__E)
                  00303964    00000020                   : BIOS.obj (.text:_ti_sysbios_knl_Task_yield__E)
                  00303984    00000020     ti.targets.rts2800.a28FP : System.o28FP (.text:_xdc_runtime_System_atexit__E)
                  003039a4    0000001f     sysbios.a28FP : BIOS.obj (.text:_ti_sysbios_knl_Task_exit__E)
                  003039c3    0000001f     ti.targets.rts2800.a28FP : LoggerBuf.o28FP (.text:_xdc_runtime_LoggerBuf_filterOutEvent__I)
                  003039e2    0000001f     rts2800_fpu32.lib : fd_tol28.obj (.text)
                  00303a01    0000001e     sysbios.a28FP : BIOS.obj (.text:_ti_sysbios_knl_Task_blockI__E)
                  00303a1f    0000001e     ti.targets.rts2800.a28FP : SysMin.o28FP (.text:_xdc_runtime_SysMin_putch__E)
                  00303a3d    0000001e     rts2800_fpu32.lib : ll_cmp28.obj (.text)
                  00303a5b    0000001e                       : memcpy.obj (.text)
                  00303a79    0000001d     sysbios.a28FP : c28_TaskSupport_asm.obj (.text:_ti_sysbios_family_c28_TaskSupport_swap__E)
                  00303a96    0000001d     rts2800_fpu32.lib : i_tofd28.obj (.text)
                  00303ab3    0000001c     sysbios.a28FP : BIOS.obj (.text:_ti_sysbios_hal_Hwi_checkStack)
                  00303acf    0000001c     Lab3_p28FP.o28FP (.text:_xdc_runtime_SysMin_output__I)
                  00303aeb    0000001c     rts2800_fpu32.lib : fs_tofdfpu32.obj (.text)
                  00303b07    0000001c                       : l_tofd28.obj (.text)
                  00303b23    0000001b     sysbios.a28FP : c28_Hwi_asm.obj (.text:_ti_sysbios_family_c28_Hwi_switchAndDispatch__I)
                  00303b3e    0000001b                   : BIOS.obj (.text:_ti_sysbios_hal_Hwi_initStack)
                  00303b59    0000001b                   : BIOS.obj (.text:_ti_sysbios_knl_Task_processVitalTaskFlag__I)
                  00303b74    0000001a                   : BIOS.obj (.text:_ti_sysbios_gates_GateMutex_enter__E)
                  00303b8e    0000001a                   : BIOS.obj (.text:_ti_sysbios_knl_Clock_addI__E)
                  00303ba8    0000001a     ti.targets.rts2800.a28FP : System.o28FP (.text:_xdc_runtime_System_avprintf__E)
                  00303bc2    00000019     i2c.obj (.text:_Init_i2c)
                  00303bdb    00000019     28335_spi.obj (.text:_start_SPI)
                  00303bf4    00000019     sysbios.a28FP : BIOS.obj (.text:_ti_sysbios_knl_Swi_restore__E)
                  00303c0d    00000019     ti.targets.rts2800.a28FP : System.o28FP (.text:_xdc_runtime_System_putchar__I)
                  00303c26    00000019                              : System.o28FP (.text:_xdc_runtime_System_vprintf__E)
                  00303c3f    00000019     rts2800_fpu32.lib : args_main.obj (.text)
                  00303c58    00000018     28335_inits.obj (.text:_post_init)
                  00303c70    00000018     sysbios.a28FP : c28_Hwi_asm.obj (.text:_ti_sysbios_family_xxx_Hwi_switchAndRunFunc)
                  00303c88    00000018     ti.targets.rts2800.a28FP : LoggerBuf.o28FP (.text:_xdc_runtime_LoggerBuf_reset__E)
                  00303ca0    00000018                              : Text.o28FP (.text:_xdc_runtime_Text_printVisFxn__I)
                  00303cb8    00000018     rts2800_fpu32.lib : ll_aox28.obj (.text)
                  00303cd0    00000017     sysbios.a28FP : BIOS.obj (.text:_ti_sysbios_family_c28_Timer_startup__E)
                  00303ce7    00000017     Lab3_p28FP.o28FP (.text:_ti_sysbios_knl_Clock_doTick__I)
                  00303cfe    00000017     sysbios.a28FP : BIOS.obj (.text:_ti_sysbios_knl_Semaphore_pendTimeout__I)
                  00303d15    00000017                   : BIOS.obj (.text:_ti_sysbios_knl_Task_restore__E)
                  00303d2c    00000017                   : BIOS.obj (.text:_ti_sysbios_knl_Task_unblockI__E)
                  00303d43    00000017     ti.targets.rts2800.a28FP : LoggerBuf.o28FP (.text:_xdc_runtime_LoggerBuf_Module_startup__E)
                  00303d5a    00000016     i2c.obj (.text:_InitI2CGpio)
                  00303d70    00000016     DSP2833x_Mcbsp.obj (.text:_clkg_delay_loop)
                  00303d86    00000016     DSP2833x_Mcbsp.obj (.text:_delay_loop)
                  00303d9c    00000016     Lab3_p28FP.o28FP (.text:_ti_sysbios_BIOS_atExitFunc__I)
                  00303db2    00000016     sysbios.a28FP : BIOS.obj (.text:_ti_sysbios_family_c28_Timer_Module_startup__E)
                  00303dc8    00000016     ti.targets.rts2800.a28FP : SysMin.o28FP (.text:_xdc_runtime_SysMin_abort__E)
                  00303dde    00000015     Lab3_p28FP.o28FP (.text:_ti_sysbios_BIOS_startFunc__I)
                  00303df3    00000015     sysbios.a28FP : BIOS.obj (.text:_ti_sysbios_knl_Swi_Module_startup__E)
                  00303e08    00000014                   : BIOS.obj (.text:_ti_sysbios_knl_Idle_run__E)
                  00303e1c    00000013     user_Lab3.obj (.text:_MemCopy)
                  00303e2f    00000013     ti.targets.rts2800.a28FP : Error.o28FP (.text:_xdc_runtime_Error_raiseX__E)
                  00303e42    00000012     sysbios.a28FP : BIOS.obj (.text:_ti_sysbios_knl_Clock_Module_startup__E)
                  00303e54    00000011     28335_serial.obj (.text:_init_buffer)
                  00303e65    00000011     sysbios.a28FP : BIOS.obj (.text:_ti_sysbios_knl_Task_restoreHwi__E)
                  00303e76    00000010     Lab3_p28FP.o28FP (.text:_ti_sysbios_BIOS_errorRaiseHook__I)
                  00303e86    00000010     sysbios.a28FP : BIOS.obj (.text:_ti_sysbios_family_c28_Timer_stop__E)
                  00303e96    00000010     ti.targets.rts2800.a28FP : SysMin.o28FP (.text:_xdc_runtime_SysMin_Module_startup__E)
                  00303ea6    0000000f     Boot.a28FP : Boot.o28FP (.text:.bootCodeSection:_ti_catalog_c2800_init_Boot_disableWatchdog)
                  00303eb5    0000000f     Lab3_p28FP.o28FP (.text:_ti_sysbios_BIOS_removeRTSLock__I)
                  00303ec4    0000000f     ti.targets.rts2800.a28FP : LoggerBuf.o28FP (.text:_xdc_runtime_LoggerBuf_write2__E)
                  00303ed3    0000000f                              : Registry.o28FP (.text:_xdc_runtime_Registry_findById__E)
                  00303ee2    0000000e     Lab3_p28FP.o28FP (.text:_ti_sysbios_heaps_HeapMem_Object__get__S)
                  00303ef0    0000000e     Lab3_p28FP.o28FP (.text:_ti_sysbios_knl_Swi_Object__get__S)
                  00303efe    0000000e     Lab3_p28FP.o28FP (.text:_ti_sysbios_knl_Task_Object__get__S)
                  00303f0c    0000000e     Lab3_p28FP.o28FP (.text:_xdc_runtime_LoggerBuf_Object__get__S)
                  00303f1a    0000000e     rts2800_fpu32.lib : fd_sub28.obj (.text)
                  00303f28    0000000d     28335_serial.obj (.text:_LCDPrintfLine)
                  00303f35    0000000d     Lab3_p28FP.o28FP (.text:_ti_sysbios_BIOS_registerRTSLock__I)
                  00303f42    0000000d     Lab3_p28FP.o28FP (.text:_ti_sysbios_BIOS_rtsLock__I)
                  00303f4f    0000000d     sysbios.a28FP : BIOS.obj (.text:_ti_sysbios_family_c28_Hwi_dispatchC__I)
                  00303f5c    0000000d                   : BIOS.obj (.text:_ti_sysbios_family_c28_TimestampProvider_Module_startup__E)
                  00303f69    0000000d                   : BIOS.obj (.text:_ti_sysbios_knl_Task_enter__I)
                  00303f76    0000000d     ti.targets.rts2800.a28FP : LoggerBuf.o28FP (.text:_xdc_runtime_LoggerBuf_write0__E)
                  00303f83    0000000d                              : LoggerBuf.o28FP (.text:_xdc_runtime_LoggerBuf_write1__E)
                  00303f90    0000000d                              : System.o28FP (.text:_xdc_runtime_System_abort__E)
                  00303f9d    0000000d     rts2800_fpu32.lib : memccpy.obj (.text)
                  00303faa    0000000c     Lab3_p28FP.o28FP (.text:_ti_sysbios_BIOS_exitFunc__I)
                  00303fb6    0000000c     Lab3_p28FP.o28FP (.text:_ti_sysbios_family_c28_Hwi_disableIER__E)
                  00303fc2    0000000c     sysbios.a28FP : BIOS.obj (.text:_ti_sysbios_gates_GateMutex_leave__E)
                  00303fce    0000000c                   : BIOS.obj (.text:_ti_sysbios_knl_Queue_put__E)
                  00303fda    0000000c     rts2800_fpu32.lib : memset.obj (.text)
                  00303fe6    0000000c                       : strchr.obj (.text)
                  00303ff2    0000000b     DSP2833x_Mcbsp.obj (.text:_InitMcbspb32bit)
                  00303ffd    0000000b     Lab3_p28FP.o28FP (.text:_ti_sysbios_family_c28_Hwi_Module__startupDone__F)
                  00304008    0000000b     Lab3_p28FP.o28FP (.text:_ti_sysbios_family_c28_Hwi_Object__get__S)
                  00304013    0000000b     Lab3_p28FP.o28FP (.text:_ti_sysbios_family_c28_Hwi_enableIER__E)
                  0030401e    0000000b     Lab3_p28FP.o28FP (.text:_ti_sysbios_family_c28_Timer_Module__startupDone__F)
                  00304029    0000000b     Lab3_p28FP.o28FP (.text:_ti_sysbios_knl_Queue_Object__get__S)
                  00304034    0000000b     Lab3_p28FP.o28FP (.text:_ti_sysbios_knl_Task_SupportProxy_start__E)
                  0030403f    0000000b     sysbios.a28FP : BIOS.obj (.text:_ti_sysbios_knl_Task_sleepTimeout__I)
                  0030404a    0000000b     ti.targets.rts2800.a28FP : SysMin.o28FP (.text:_xdc_runtime_SysMin_exit__E)
                  00304055    0000000b                              : System.o28FP (.text:_xdc_runtime_System_exit__E)
                  00304060    0000000a                              : Error.o28FP (.text:_xdc_runtime_Error_init__E)
                  0030406a    0000000a                              : System.o28FP (.text:_xdc_runtime_System_vsnprintf__E)
                  00304074    0000000a                              : Text.o28FP (.text:_xdc_runtime_Text_ropeText__E)
                  0030407e    00000009     DSP2833x_SysCtrl.obj (.text:_InitSysCtrl)
                  00304087    00000009     28335_mcbsp.obj (.text:_McBSP_TX_INTCH1_ISR)
                  00304090    00000009     Lab3_p28FP.o28FP (.text:_ti_sysbios_BIOS_rtsUnlock__I)
                  00304099    00000009     Lab3_p28FP.o28FP (.text:_ti_sysbios_family_c28_Hwi_restoreIER__E)
                  003040a2    00000009     sysbios.a28FP : BIOS.obj (.text:_ti_sysbios_family_c28_TaskSupport_checkStack__E)
                  003040ab    00000009                   : c28_TaskSupport_asm.obj (.text:_ti_sysbios_family_c28_TaskSupport_glue)
                  003040b4    00000009                   : BIOS.obj (.text:_ti_sysbios_hal_Hwi_Module_startup__E)
                  003040bd    00000009                   : BIOS.obj (.text:_ti_sysbios_knl_Task_unblock__E)
                  003040c6    00000009     Lab3_p28FP.o28FP (.text:_xdc_runtime_Startup_exec__I)
                  003040cf    00000009     Lab3_p28FP.o28FP (.text:_xdc_runtime_Text_visitRope__I)
                  003040d8    00000009     rts2800_fpu32.lib : _lock.obj (.text)
                  003040e1    00000009                       : fd_neg28.obj (.text)
                  003040ea    00000008     DSP2833x_CodeStartBranch.obj (.text)
                  003040f2    00000008     DSP2833x_SysCtrl.obj (.text:_DisableDog)
                  003040fa    00000008     28335_dma.obj (.text:_start_dma)
                  00304102    00000008     sysbios.a28FP : BIOS.obj (.text:_ti_sysbios_BIOS_setThreadType__E)
                  0030410a    00000008     ti.targets.rts2800.a28FP : SysMin.o28FP (.text:_xdc_runtime_SysMin_ready__E)
                  00304112    00000008     rts2800_fpu32.lib : strlen.obj (.text)
                  0030411a    00000007     Lab3_p28FP.o28FP (.text:.bootCodeSection:_ti_catalog_c2800_init_Boot_init)
                  00304121    00000007     sysbios.a28FP : BIOS.obj (.text:_ti_sysbios_knl_Queue_empty__E)
                  00304128    00000007     Lab3_p28FP.o28FP (.text:_xdc_runtime_System_aprintf__E)
                  0030412f    00000007     Lab3_p28FP.o28FP (.text:_xdc_runtime_System_printf__E)
                  00304136    00000006     sysbios.a28FP : BIOS.obj (.text:_ti_sysbios_BIOS_start__E)
                  0030413c    00000006                   : c28_IntrinsicsSupport_asm.obj (.text:_ti_sysbios_family_c28_IntrinsicsSupport_maxbit__E)
                  00304142    00000006                   : BIOS.obj (.text:_ti_sysbios_family_c28_TimestampProvider_rolloverFunc__E)
                  00304148    00000006                   : BIOS.obj (.text:_ti_sysbios_family_c28_TimestampProvider_startTimer__E)
                  0030414e    00000006                   : BIOS.obj (.text:_ti_sysbios_knl_Swi_disable__E)
                  00304154    00000006                   : BIOS.obj (.text:_ti_sysbios_knl_Task_disable__E)
                  0030415a    00000006     ti.targets.rts2800.a28FP : Gate.o28FP (.text:_xdc_runtime_Gate_enterSystem__E)
                  00304160    00000006                              : Gate.o28FP (.text:_xdc_runtime_Gate_leaveSystem__E)
                  00304166    00000006                              : LoggerBuf.o28FP (.text:_xdc_runtime_LoggerBuf_enable__E)
                  0030416c    00000005     sysbios.a28FP : BIOS.obj (.text:_ti_sysbios_family_c28_Hwi_switchFromBootStack__E)
                  00304171    00000005                   : BIOS.obj (.text:_ti_sysbios_gates_GateHwi_enter__E)
                  00304176    00000005     ti.targets.rts2800.a28FP : LoggerBuf.o28FP (.text:_xdc_runtime_LoggerBuf_disable__E)
                  0030417b    00000005     rts2800_fpu32.lib : strcpy.obj (.text)
                  00304180    00000004     Lab3_p28FP.o28FP (.text:_ti_sysbios_family_c28_Hwi_startup__E)
                  00304184    00000004     sysbios.a28FP : BIOS.obj (.text:_ti_sysbios_heaps_HeapMem_isBlocking__E)
                  00304188    00000004                   : BIOS.obj (.text:_ti_sysbios_knl_Clock_getTicks__E)
                  0030418c    00000004                   : BIOS.obj (.text:_ti_sysbios_knl_Swi_startup__E)
                  00304190    00000004     ti.targets.rts2800.a28FP : Startup.o28FP (.text:_xdc_runtime_Startup_rtsDone__E)
                  00304194    00000003                              : xdc_noinit.o28FP (.text:___xdc__init)
                  00304197    00000003     user_Lab3.obj (.text:_start_dataCollection)
                  0030419a    00000003     Lab3_p28FP.o28FP (.text:_ti_catalog_c2800_init_Boot_limpAbort)
                  0030419d    00000003     Lab3_p28FP.o28FP (.text:_ti_sysbios_BIOS_RtsGateProxy_enter__E)
                  003041a0    00000003     Lab3_p28FP.o28FP (.text:_ti_sysbios_BIOS_RtsGateProxy_leave__E)
                  003041a3    00000003     sysbios.a28FP : c28_Hwi_asm.obj (.text:_ti_sysbios_family_c28_Hwi_getIFR__I)
                  003041a6    00000003                   : BIOS.obj (.text:_ti_sysbios_gates_GateHwi_leave__E)
                  003041a9    00000003     Lab3_p28FP.o28FP (.text:_ti_sysbios_hal_Hwi_HwiProxy_getStackInfo__E)
                  003041ac    00000003     Lab3_p28FP.o28FP (.text:_ti_sysbios_hal_Hwi_HwiProxy_switchFromBootStack__E)
                  003041af    00000003     sysbios.a28FP : BIOS.obj (.text:_ti_sysbios_hal_Hwi_startup__E)
                  003041b2    00000003     Lab3_p28FP.o28FP (.text:_ti_sysbios_heaps_HeapMem_Module_GateProxy_enter__E)
                  003041b5    00000003     Lab3_p28FP.o28FP (.text:_ti_sysbios_heaps_HeapMem_Module_GateProxy_leave__E)
                  003041b8    00000003     Lab3_p28FP.o28FP (.text:_ti_sysbios_heaps_HeapMem_Module_GateProxy_query__E)
                  003041bb    00000003     Lab3_p28FP.o28FP (.text:_ti_sysbios_knl_Clock_TimerProxy_getMaxTicks__E)
                  003041be    00000003     sysbios.a28FP : BIOS.obj (.text:_ti_sysbios_knl_Idle_loop__E)
                  003041c1    00000003     Lab3_p28FP.o28FP (.text:_ti_sysbios_knl_Task_SupportProxy_checkStack__E)
                  003041c4    00000003     Lab3_p28FP.o28FP (.text:_ti_sysbios_knl_Task_SupportProxy_swap__E)
                  003041c7    00000003     sysbios.a28FP : BIOS.obj (.text:_ti_sysbios_knl_Task_startup__E)
                  003041ca    00000003     Lab3_p28FP.o28FP (.text:_xdc_runtime_LoggerBuf_Module_GateProxy_enter__E)
                  003041cd    00000003     Lab3_p28FP.o28FP (.text:_xdc_runtime_LoggerBuf_Module_GateProxy_leave__E)
                  003041d0    00000003     Lab3_p28FP.o28FP (.text:_xdc_runtime_LoggerBuf_TimestampProxy_get64__E)
                  003041d3    00000003     Lab3_p28FP.o28FP (.text:_xdc_runtime_System_Module_GateProxy_enter__E)
                  003041d6    00000003     Lab3_p28FP.o28FP (.text:_xdc_runtime_System_Module_GateProxy_leave__E)
                  003041d9    00000003     ti.targets.rts2800.a28FP : System.o28FP (.text:_xdc_runtime_System_Module_startup__E)
                  003041dc    00000003     Lab3_p28FP.o28FP (.text:_xdc_runtime_System_SupportProxy_abort__E)
                  003041df    00000003     Lab3_p28FP.o28FP (.text:_xdc_runtime_System_SupportProxy_exit__E)
                  003041e2    00000003     Lab3_p28FP.o28FP (.text:_xdc_runtime_System_SupportProxy_putch__E)
                  003041e5    00000003     Lab3_p28FP.o28FP (.text:_xdc_runtime_System_SupportProxy_ready__E)
                  003041e8    00000003     ti.targets.rts2800.a28FP : System.o28FP (.text:_xdc_runtime_System_abortStd__E)
                  003041eb    00000003                              : System.o28FP (.text:_xdc_runtime_System_exitStd__E)
                  003041ee    00000002     Boot.a28FP : Boot.o28FP (.text:_ti_catalog_c2800_init_Boot_defaultLimpAbortFunction)
                  003041f0    00000002     Lab3_p28FP.o28FP (.text:_ti_sysbios_family_c28_TaskSupport_Module__startupDone__S)
                  003041f2    00000002     sysbios.a28FP : BIOS.obj (.text:_ti_sysbios_family_c28_Timer_getMaxTicks__E)
                  003041f4    00000002                   : BIOS.obj (.text:_ti_sysbios_gates_GateHwi_query__E)
                  003041f6    00000002                   : BIOS.obj (.text:_ti_sysbios_gates_GateMutex_query__E)
                  003041f8    00000002     ti.targets.rts2800.a28FP : Error.o28FP (.text:_xdc_runtime_Error_getSite__E)
                  003041fa    00000002     rts2800_fpu32.lib : pre_init.obj (.text)
                  003041fc    00000001     Lab3_p28FP.o28FP (.text:_ti_sysbios_BIOS_nullFunc__I)
                  003041fd    00000001     sysbios.a28FP : c28_Hwi_asm.obj (.text:_ti_sysbios_family_c28_Hwi_interruptReturn__I)
                  003041fe    00000001                   : BIOS.obj (.text:_ti_sysbios_knl_Clock_logTick__E)
                  003041ff    00000001     rts2800_fpu32.lib : startup.obj (.text)

codestart 
*          0    0033fff6    00000002     
                  0033fff6    00000002     DSP2833x_CodeStartBranch.obj (codestart)

csmpasswds 
*          0    0033fff8    00000008     
                  0033fff8    00000008     DSP2833x_CSMPasswords.obj (csmpasswds)

.ebss      1    00008000    000018e2     UNINITIALIZED
                  00008000    00000d03     Lab3_p28FP.o28FP (.ebss:taskStackSection)
                  00008d03    00000001     rts2800_fpu32.lib : errno.obj (.ebss)
                  00008d04    00000018     DSP2833x_CpuTimers.obj (.ebss)
                  00008d1c    00000016     28335_mcbsp.obj (.ebss)
                  00008d32    00000008     rts2800_fpu32.lib : hostopen.obj (.ebss)
                  00008d3a    00000006                       : exit.obj (.ebss)
                  00008d40    00000880     Lab3_p28FP.o28FP (.ebss)
                  000095c0    00000208     28335_serial.obj (.ebss)
                  000097c8    00000016     28335_spi.obj (.ebss)
                  000097de    00000003     28335_pwm.obj (.ebss)
                  000097e1    00000002     28335_inits.obj (.ebss)
                  000097e3    00000001     --HOLE--
                  000097e4    00000002     rts2800_fpu32.lib : _lock.obj (.ebss:__lock)
                  000097e6    00000002                       : _lock.obj (.ebss:__unlock)
                  000097e8    00000002     lcd.obj (.ebss)
                  000097ea    00000016     --HOLE--
                  00009800    00000080     i2c.obj (.ebss)
                  00009880    00000062     user_Lab3.obj (.ebss)

.stack     1    000098e2    00000c00     UNINITIALIZED
                  000098e2    00000c00     --HOLE--

.cio       1    0000a680    00000120     UNINITIALIZED
                  0000a680    00000120     rts2800_fpu32.lib : trgmsg.obj (.cio)

.adc_cal   0    00380080    00000007     NOLOAD SECTION
                  00380080    00000007     DSP2833x_ADC_cal.obj (.adc_cal)

.dmaram    1    0000fe00    0000008e     UNINITIALIZED
                  0000fe00    0000008e     28335_mcbsp.obj (.dmaram)

xdc.meta   0    00000000    000000f6     COPY SECTION
                  00000000    000000f6     Lab3_p28FP.o28FP (xdc.meta)

.binit     0    00300000    00000000     

MODULE SUMMARY

       Module                            code    initialized data   uninitialized data
       ------                            ----    ----------------   ------------------
    .\
       DSP2833x_GlobalVariableDefs.obj   0       0                  2422              
       28335_serial.obj                  1185    0                  520               
       28335_pwm.obj                     1404    12                 3                 
       user_Lab3.obj                     952     248                98                
       28335_spi.obj                     929     36                 22                
       28335_mcbsp.obj                   343     60                 164               
       i2c.obj                           332     17                 128               
       DSP2833x_SysCtrl.obj              238     0                  0                 
       28335_eqep.obj                    180     0                  0                 
       DSP2833x_Mcbsp.obj                147     0                  0                 
       28335_dma.obj                     143     0                  0                 
       28335_inits.obj                   116     8                  2                 
       DSP2833x_CSMPasswords.obj         0       126                0                 
       DSP2833x_Spi.obj                  38      0                  0                 
       DSP2833x_CpuTimers.obj            0       0                  24                
       DSP2833x_CodeStartBranch.obj      10      0                  0                 
       DSP2833x_usDelay.obj              8       0                  0                 
       DSP2833x_ADC_cal.obj              7       0                  0                 
       lcd.obj                           0       5                  2                 
    +--+---------------------------------+-------+------------------+--------------------+
       Total:                            6032    512                3385              
                                                                                      
    C:\hzhou39_decamar2_ashwina2\SE423Repo\Labs\Lab3\Lab3Project\Debug\configPkg\package\cfg\
       Lab3_p28FP.o28FP                  613     7983               5507              
    +--+---------------------------------+-------+------------------+--------------------+
       Total:                            613     7983               5507              
                                                                                      
    C:\CCStudio_v8\bios_6_70_01_03\packages\ti\catalog\c2800\init\lib\Boot.a28FP
       Boot.o28FP                        63      0                  0                 
    +--+---------------------------------+-------+------------------+--------------------+
       Total:                            63      0                  0                 
                                                                                      
    C:\CCStudio_v8\bios_6_70_01_03\packages\ti\targets\rts2800\lib\boot.a28FP
       boot_cg.o28FP                     105     0                  0                 
    +--+---------------------------------+-------+------------------+--------------------+
       Total:                            105     0                  0                 
                                                                                      
    C:\CCStudio_v8\bios_6_70_01_03\packages\ti\targets\rts2800\lib\ti.targets.rts2800.a28FP
       System.o28FP                      808     25                 0                 
       LoggerBuf.o28FP                   600     0                  0                 
       Text.o28FP                        369     67                 0                 
       Error.o28FP                       283     88                 0                 
       Startup.o28FP                     172     42                 0                 
       SysMin.o28FP                      125     0                  0                 
       Log.o28FP                         0       71                 0                 
       Registry.o28FP                    15      0                  0                 
       Gate.o28FP                        12      0                  0                 
       Assert.o28FP                      0       5                  0                 
       xdc_noinit.o28FP                  3       0                  0                 
    +--+---------------------------------+-------+------------------+--------------------+
       Total:                            2387    298                0                 
                                                                                      
    C:\CCStudio_v8\ccsv8\tools\compiler\ti-cgt-c2000_17.6.0.STS\lib\rts2800_fpu32.lib
       _printfi.obj                      3094    66                 0                 
       trgmsg.obj                        148     0                  288               
       ll_div28.obj                      263     0                  0                 
       ctype.obj                         0       257                0                 
       s_scalbn.obj                      192     28                 0                 
       fd_add28.obj                      156     0                  0                 
       fd_div28.obj                      139     0                  0                 
       fs_div28.obj                      136     0                  0                 
       fd_mpy28.obj                      131     0                  0                 
       s_frexp.obj                       90      8                  0                 
       exit.obj                          41      14                 6                 
       hostwrite.obj                     56      0                  0                 
       atoi.obj                          49      0                  0                 
       vsprintf.obj                      48      0                  0                 
       ltoa.obj                          46      0                  0                 
       fd_cmp28.obj                      42      0                  0                 
       l_div28.obj                       42      0                  0                 
       cpy_tbl.obj                       36      0                  0                 
       s_copysign.obj                    36      0                  0                 
       fd_toi28.obj                      33      0                  0                 
       fd_tol28.obj                      31      0                  0                 
       ll_cmp28.obj                      30      0                  0                 
       memcpy.obj                        30      0                  0                 
       i_tofd28.obj                      29      0                  0                 
       fs_tofdfpu32.obj                  28      0                  0                 
       l_tofd28.obj                      28      0                  0                 
       args_main.obj                     25      0                  0                 
       ll_aox28.obj                      24      0                  0                 
       _lock.obj                         9       10                 4                 
       fd_sub28.obj                      14      0                  0                 
       memccpy.obj                       13      0                  0                 
       memset.obj                        12      0                  0                 
       strchr.obj                        12      0                  0                 
       fd_neg28.obj                      9       0                  0                 
       hostopen.obj                      0       0                  8                 
       strlen.obj                        8       0                  0                 
       errno.obj                         0       4                  1                 
       strcpy.obj                        5       0                  0                 
       pre_init.obj                      2       0                  0                 
       startup.obj                       1       0                  0                 
    +--+---------------------------------+-------+------------------+--------------------+
       Total:                            5088    387                307               
                                                                                      
    C:\hzhou39_decamar2_ashwina2\SE423Repo\Labs\Lab3\SYSBIOS\src\sysbios\sysbios.a28FP
       BIOS.obj                          3050    28                 0                 
       c28_Hwi_disp_asm.obj              155     0                  0                 
       c28_TaskSupport_asm.obj           75      0                  0                 
       c28_Hwi_asm.obj                   55      0                  0                 
       c28_IntrinsicsSupport_asm.obj     6       0                  0                 
    +--+---------------------------------+-------+------------------+--------------------+
       Total:                            3341    28                 0                 
                                                                                      
       Stack:                            0       0                  3072              
    +--+---------------------------------+-------+------------------+--------------------+
       Grand Total:                      17629   9208               12271             


GLOBAL DATA SYMBOLS: SORTED BY DATA PAGE

address     data page           name
--------    ----------------    ----
00000000       0 (00000000)     ___ISA__
00000013       0 (00000000)     ___TARG__
00000037       0 (00000000)     ___PLAT__

0000005d       1 (00000040)     ___TRDR__

00000084       2 (00000080)     ___ASM__

00000880      22 (00000880)     _DevEmuRegs

00000a80      2a (00000a80)     _FlashRegs

00000ae0      2b (00000ac0)     _CsmRegs

00000b00      2c (00000b00)     _AdcMirror
00000b20      2c (00000b00)     _XintfRegs

00000c00      30 (00000c00)     _CpuTimer0Regs
00000c08      30 (00000c00)     _CpuTimer1Regs
00000c10      30 (00000c00)     _CpuTimer2Regs

00000ce0      33 (00000cc0)     _PieCtrlRegs

00000d00      34 (00000d00)     _PieVectTable

00001000      40 (00001000)     _DmaRegs

00005000     140 (00005000)     _McbspaRegs

00005040     141 (00005040)     _McbspbRegs

00006000     180 (00006000)     _ECanaRegs

00006040     181 (00006040)     _ECanaLAMRegs

00006080     182 (00006080)     _ECanaMOTSRegs

000060c0     183 (000060c0)     _ECanaMOTORegs

00006100     184 (00006100)     _ECanaMboxes

00006200     188 (00006200)     _ECanbRegs

00006240     189 (00006240)     _ECanbLAMRegs

00006280     18a (00006280)     _ECanbMOTSRegs

000062c0     18b (000062c0)     _ECanbMOTORegs

00006300     18c (00006300)     _ECanbMboxes

00006800     1a0 (00006800)     _EPwm1Regs

00006840     1a1 (00006840)     _EPwm2Regs

00006880     1a2 (00006880)     _EPwm3Regs

000068c0     1a3 (000068c0)     _EPwm4Regs

00006900     1a4 (00006900)     _EPwm5Regs

00006940     1a5 (00006940)     _EPwm6Regs

00006a00     1a8 (00006a00)     _ECap1Regs
00006a20     1a8 (00006a00)     _ECap2Regs

00006a40     1a9 (00006a40)     _ECap3Regs
00006a60     1a9 (00006a40)     _ECap4Regs

00006a80     1aa (00006a80)     _ECap5Regs
00006aa0     1aa (00006a80)     _ECap6Regs

00006b00     1ac (00006b00)     _EQep1Regs

00006b40     1ad (00006b40)     _EQep2Regs

00006f80     1be (00006f80)     _GpioCtrlRegs

00006fc0     1bf (00006fc0)     _GpioDataRegs
00006fe0     1bf (00006fc0)     _GpioIntRegs

00007010     1c0 (00007000)     _SysCtrlRegs

00007040     1c1 (00007040)     _SpiaRegs
00007050     1c1 (00007040)     _SciaRegs
00007070     1c1 (00007040)     _XIntruptRegs

00007100     1c4 (00007100)     _AdcRegs

00007750     1dd (00007740)     _ScibRegs
00007770     1dd (00007740)     _ScicRegs

00007900     1e4 (00007900)     _I2caRegs

00008000     200 (00008000)     _ti_sysbios_knl_Task_Instance_State_1_stack__A

00008100     204 (00008100)     _ti_sysbios_knl_Task_Instance_State_0_stack__A

00008500     214 (00008500)     _ti_sysbios_heaps_HeapMem_Instance_State_0_buf__A

00008d03     234 (00008d00)     _errno
00008d04     234 (00008d00)     _CpuTimer1
00008d0c     234 (00008d00)     _CpuTimer2
00008d14     234 (00008d00)     _CpuTimer0
00008d1c     234 (00008d00)     _PIVEL_enable
00008d1d     234 (00008d00)     _nocomm
00008d1e     234 (00008d00)     _McBSPB_rdy
00008d1f     234 (00008d00)     _McBSP_RecGoodData_ReadyTX
00008d20     234 (00008d00)     _newOMAPdata
00008d22     234 (00008d00)     _McBSP_COMerr
00008d24     234 (00008d00)     _mcbsp_turn
00008d26     234 (00008d00)     _mcbsp_vref
00008d28     234 (00008d00)     _mcbsp_dac2
00008d2a     234 (00008d00)     _McBSPb_int_count
00008d2c     234 (00008d00)     _mcbsp_pwm2
00008d2e     234 (00008d00)     _mcbsp_dac1
00008d30     234 (00008d00)     _mcbsp_pwm1
00008d32     234 (00008d00)     _parmbuf
00008d3a     234 (00008d00)     ___TI_enable_exit_profile_output
00008d3c     234 (00008d00)     ___TI_cleanup_ptr
00008d3e     234 (00008d00)     ___TI_dtors_ptr

00008d40     235 (00008d40)     _xdc_runtime_Error_Module__state__V
00008d42     235 (00008d40)     _ti_sysbios_knl_Task_Module_State_0_idleTask__A
00008d44     235 (00008d40)     ___xdc__init__addr
00008d46     235 (00008d40)     _xdc_runtime_Memory_Module__state__V
00008d48     235 (00008d40)     _ti_sysbios_gates_GateHwi_Object__table__V
00008d4a     235 (00008d40)     _xdc_runtime_LoggerBuf_Module__state__V
00008d4e     235 (00008d40)     _xdc_runtime_Text_Module__state__V
00008d52     235 (00008d40)     _xdc_runtime_Registry_Module__state__V
00008d56     235 (00008d40)     _ti_sysbios_family_c28_TimestampProvider_Module__state__V
00008d5a     235 (00008d40)     _xdc_runtime_SysMin_Module__state__V
00008d5e     235 (00008d40)     _xdc_runtime_Startup_Module__state__V
00008d62     235 (00008d40)     _xdc_runtime_System_Module__state__V
00008d66     235 (00008d40)     _ti_sysbios_family_c28_Timer_Module__state__V
00008d6e     235 (00008d40)     _xdc_runtime_System_Module_State_0_atexitHandlers__A

00008d80     236 (00008d80)     _ti_sysbios_knl_Swi_Module__state__V
00008d8c     236 (00008d80)     _ti_sysbios_heaps_HeapMem_Object__table__V
00008d98     236 (00008d80)     _ti_sysbios_family_c28_Hwi_Module__state__V
00008da8     236 (00008d80)     _xdc_runtime_Error_IgnoreBlock

00008dc0     237 (00008dc0)     _ti_sysbios_knl_Clock_Object__table__V
00008dd0     237 (00008dc0)     _xdc_runtime_LoggerBuf_Object__table__V
00008de2     237 (00008dc0)     _ti_sysbios_BIOS_Module__state__V

00008e00     238 (00008e00)     _ti_sysbios_knl_Clock_Module__state__V
00008e16     238 (00008e00)     _ti_sysbios_gates_GateMutex_Object__table__V

00008e40     239 (00008e40)     _ti_sysbios_knl_Task_Module__state__V

00008e80     23a (00008e80)     _ti_sysbios_knl_Swi_Object__table__V

00008ec0     23b (00008ec0)     _ti_sysbios_family_c28_Timer_Object__table__V

00008f00     23c (00008f00)     _ti_sysbios_knl_Swi_Module_State_0_readyQ__A

00008f40     23d (00008f40)     _ti_sysbios_knl_Task_Module_State_0_readyQ__A

00008f80     23e (00008f80)     _ti_sysbios_knl_Task_Object__table__V

00009000     240 (00009000)     _ti_sysbios_family_c28_Hwi_Object__table__V

000090c0     243 (000090c0)     _ti_sysbios_family_c28_Hwi_Module_State_0_dispatchTable__A

000091c0     247 (000091c0)     _xdc_runtime_LoggerBuf_Instance_State_0_entryArr__A

000093c0     24f (000093c0)     _xdc_runtime_SysMin_Module_State_0_outbuf__A

000095c0     257 (000095c0)     _SerialB

00009680     25a (00009680)     _SerialA

00009740     25d (00009740)     _SerialC

000097c8     25f (000097c0)     _SPIenc_state_errors
000097c9     25f (000097c0)     _SPIenc_state
000097ca     25f (000097c0)     _dac2data
000097cb     25f (000097c0)     _dac1data
000097cc     25f (000097c0)     _SPIenc1_reading
000097ce     25f (000097c0)     _SPIbyte5
000097d0     25f (000097c0)     _SPIenc3_reading
000097d2     25f (000097c0)     _SPIenc2_reading
000097d4     25f (000097c0)     _SPIenc4_reading
000097d6     25f (000097c0)     _SPIbyte1
000097d8     25f (000097c0)     _SPIbyte3
000097da     25f (000097c0)     _SPIbyte2
000097dc     25f (000097c0)     _SPIbyte4
000097de     25f (000097c0)     _PWM4setupasRCservo
000097df     25f (000097c0)     _PWM3setupasRCservo
000097e0     25f (000097c0)     _PWM5setupasRCservo
000097e1     25f (000097c0)     _McBSPb_read2
000097e2     25f (000097c0)     _McBSPb_read1
000097e4     25f (000097c0)     __lock
000097e6     25f (000097c0)     __unlock
000097e8     25f (000097c0)     _LCD_serial

00009800     260 (00009800)     _I2Cbusy
00009801     260 (00009800)     _CompassNew
00009802     260 (00009800)     _getIRs_err
00009803     260 (00009800)     _getI2C_err
00009804     260 (00009800)     _task_state
00009806     260 (00009800)     _Compassbuff

00009840     261 (00009840)     _I2Ctxbuffer

00009880     262 (00009880)     _raw_adc_B0
00009881     262 (00009880)     _omap_PIVEL_enable
00009882     262 (00009880)     _raw_adc_B2
00009883     262 (00009880)     _raw_adc_B1
00009884     262 (00009880)     _raw_adc_B5
00009885     262 (00009880)     _raw_adc_B6
00009886     262 (00009880)     _raw_adc_B7
00009887     262 (00009880)     _raw_adc_B4
00009888     262 (00009880)     _raw_adc_B3
00009889     262 (00009880)     _raw_adc_A1
0000988a     262 (00009880)     _raw_adc_A0
0000988b     262 (00009880)     _raw_adc_A5
0000988c     262 (00009880)     _raw_adc_A4
0000988d     262 (00009880)     _raw_adc_A7
0000988e     262 (00009880)     _raw_adc_A6
0000988f     262 (00009880)     _raw_adc_A3
00009890     262 (00009880)     _raw_adc_A2
00009891     262 (00009880)     _switchstate
00009892     262 (00009880)     _newF28335_Extra
00009894     262 (00009880)     _p1_current
00009896     262 (00009880)     _p1_old
00009898     262 (00009880)     _u1
0000989a     262 (00009880)     _u2
0000989c     262 (00009880)     _v1
0000989e     262 (00009880)     _v2
000098a0     262 (00009880)     _p2_current
000098a2     262 (00009880)     _p2_old
000098a4     262 (00009880)     _omap_pwm2
000098a6     262 (00009880)     _omap_dac1
000098a8     262 (00009880)     _omap_turn
000098aa     262 (00009880)     _omap_pwm1
000098ac     262 (00009880)     _value_enc2
000098ae     262 (00009880)     _count
000098b0     262 (00009880)     _omap_dac2
000098b2     262 (00009880)     _value_enc1
000098b4     262 (00009880)     _omap_vref
000098b6     262 (00009880)     _timeint
000098b8     262 (00009880)     _Enc2_rad
000098ba     262 (00009880)     _Enc1_rad
000098bc     262 (00009880)     _Enc3_rad
000098be     262 (00009880)     _F28335_Extra1

000098c0     263 (000098c0)     _Enc4_rad
000098c2     263 (000098c0)     _F28335_Extra3
000098c4     263 (000098c0)     _F28335_Extra4
000098c6     263 (000098c0)     _noi2c
000098c8     263 (000098c0)     _gyro_y
000098ca     263 (000098c0)     _gyro_x
000098cc     263 (000098c0)     _F28335_Extra2
000098ce     263 (000098c0)     _enc2
000098d8     263 (000098c0)     _enc1
000098e2     263 (000098c0)     __stack

0000a680     29a (0000a680)     __CIOBUF_

0000fe00     3f8 (0000fe00)     _RXBuff

0000fe40     3f9 (0000fe40)     _TXBuff

00304200    c108 (00304200)     _xdc_runtime_Text_charTab__A

00305a18    c168 (00305a00)     __ctypes_

00305b19    c16c (00305b00)     _ti_sysbios_family_c28_Hwi_Module__id__C
00305b1a    c16c (00305b00)     _ti_sysbios_family_c28_Hwi_vectors

00305d06    c174 (00305d00)     _xdc_runtime_Text_nodeTab__A

00305d9f    c176 (00305d80)     _ti_sysbios_family_c28_Hwi_NUM_INTERRUPTS_ALL__C

00305de3    c177 (00305dc0)     _ti_sysbios_family_c28_Hwi_Object__count__C

00305e34    c178 (00305e00)     _xdc_runtime_LoggerBuf_Module__FXNS__C

00305ea5    c17a (00305e80)     _ti_sysbios_family_c28_TaskSupport_Module__id__C
00305ebf    c17a (00305e80)     _ti_sysbios_family_c28_Timer_startupNeeded__C

00305ec0    c17b (00305ec0)     _hwi99_TXB
00305ec2    c17b (00305ec0)     _hwi98_RXB
00305ec4    c17b (00305ec0)     _hwi96_RXA
00305ec6    c17b (00305ec0)     _hwi97_TXA
00305ec8    c17b (00305ec0)     _hwi80_McBSPTX
00305eca    c17b (00305ec0)     _task_compass
00305ecc    c17b (00305ec0)     _hwi72_SPIRX
00305ece    c17b (00305ec0)     _swi_control
00305ed0    c17b (00305ec0)     _hwi81_McBSPRX
00305ed2    c17b (00305ec0)     _clock_StartADC
00305ed4    c17b (00305ec0)     _hwi93_TXC
00305ed6    c17b (00305ec0)     _hwi92_RXC
00305ed8    c17b (00305ec0)     _ti_sysbios_heaps_HeapMem_Module__FXNS__C
00305eec    c17b (00305ec0)     _xdc_runtime_Startup_sfxnTab__A

00305f00    c17c (00305f00)     _ti_sysbios_gates_GateHwi_Module__FXNS__C
00305f12    c17c (00305f00)     _ti_sysbios_gates_GateMutex_Module__FXNS__C
00305f24    c17c (00305f00)     _xdc_runtime_Startup_sfxnRts__A
00305f3b    c17c (00305f00)     _ti_sysbios_family_c28_TimestampProvider_useClockTimer__C
00305f3c    c17c (00305f00)     _ti_sysbios_knl_Idle_funcList__C

00305f40    c17d (00305f40)     _xdc_runtime_Startup_firstFxns__A
00305f44    c17d (00305f40)     _xdc_runtime_Startup_firstFxns__C
00305f48    c17d (00305f40)     _xdc_runtime_Startup_lastFxns__C
00305f4c    c17d (00305f40)     _ti_sysbios_family_c28_Hwi_E_unpluggedInterrupt__C
00305f4e    c17d (00305f40)     _ti_sysbios_family_c28_TaskSupport_E_invalidStack__C
00305f50    c17d (00305f40)     _ti_sysbios_gates_GateMutex_Instance_State_sem__O
00305f52    c17d (00305f40)     _ti_sysbios_hal_Hwi_E_stackOverflow__C
00305f54    c17d (00305f40)     _ti_sysbios_heaps_HeapMem_E_memory__C
00305f56    c17d (00305f40)     _ti_sysbios_heaps_HeapMem_Module__gateObj__C
00305f58    c17d (00305f40)     _ti_sysbios_knl_Clock_Module_State_clockQ__O
00305f5a    c17d (00305f40)     _ti_sysbios_knl_Idle_funcList__A
00305f5c    c17d (00305f40)     _ti_sysbios_knl_Semaphore_Instance_State_pendQ__O
[...]
0     00305f54  _ti_sysbios_heaps_HeapMem_E_memory__C                     
0     00305f56  _ti_sysbios_heaps_HeapMem_Module__gateObj__C              
0     00305f58  _ti_sysbios_knl_Clock_Module_State_clockQ__O              
0     00305f5a  _ti_sysbios_knl_Idle_funcList__A                          
0     00305f5c  _ti_sysbios_knl_Semaphore_Instance_State_pendQ__O         
0     00305f5e  _ti_sysbios_knl_Task_E_spOutOfBounds__C                   
0     00305f60  _ti_sysbios_knl_Task_E_stackOverflow__C                   
0     00305f62  _ti_sysbios_knl_Task_Module_State_inactiveQ__O            
0     00305f64  _ti_sysbios_knl_Task_allBlockedFunc__C                    
0     00305f66  _xdc_runtime_Error_Module__diagsEnabled__C                
0     00305f68  _xdc_runtime_Error_Module__diagsIncluded__C               
0     00305f6a  _xdc_runtime_Error_Module__diagsMask__C                   
0     00305f6c  _xdc_runtime_Error_Module__loggerFxn8__C                  
0     00305f6e  _xdc_runtime_Error_Module__loggerObj__C                   
0     00305f70  _xdc_runtime_Error_policyFxn__C                           
0     00305f72  _xdc_runtime_Error_raiseHook__C                           
0     00305f74  _xdc_runtime_IFilterLogger_Interface__BASE__C             
0     00305f76  _xdc_runtime_IGateProvider_Interface__BASE__C             
0     00305f78  _xdc_runtime_IHeap_Interface__BASE__C                     
0     00305f7a  _xdc_runtime_ILogger_Interface__BASE__C                   
0     00305f7c  _xdc_runtime_IModule_Interface__BASE__C                   
0     00305f7e  _xdc_runtime_Log_L_error__C                               
0     00305f80  _xdc_runtime_LoggerBuf_E_badLevel__C                      
0     00305f82  _xdc_runtime_LoggerBuf_Module__gateObj__C                 
0     00305f84  _xdc_runtime_LoggerBuf_statusLogger__C                    
0     00305f86  _xdc_runtime_Startup_execImpl__C                          
0     00305f88  _xdc_runtime_Startup_lastFxns__A                          
0     00305f8a  _xdc_runtime_Startup_sfxnRts__C                           
0     00305f8c  _xdc_runtime_Startup_sfxnTab__C                           
0     00305f8e  _xdc_runtime_SysMin_bufSize__C                            
0     00305f90  _xdc_runtime_SysMin_outputFunc__C                         
0     00305f92  _xdc_runtime_System_Module__gateObj__C                    
0     00305f94  _xdc_runtime_System_abortFxn__C                           
0     00305f96  _xdc_runtime_System_exitFxn__C                            
0     00305f98  _xdc_runtime_System_extendFxn__C                          
0     00305f9a  _xdc_runtime_Text_charTab__C                              
0     00305f9c  _xdc_runtime_Text_nodeTab__C                              
0     00305f9e  _xdc_runtime_Text_visitRopeFxn__C                         
0     00305fa0  _ti_sysbios_hal_Hwi_Module__id__C                         
0     00305fa1  _ti_sysbios_heaps_HeapMem_Module__id__C                   
0     00305fa2  _ti_sysbios_heaps_HeapMem_Object__count__C                
0     00305fa3  _ti_sysbios_knl_Swi_Object__count__C                      
0     00305fa4  _ti_sysbios_knl_Task_Module__id__C                        
0     00305fa5  _ti_sysbios_knl_Task_Object__count__C                     
0     00305fa6  _ti_sysbios_knl_Task_numConstructedTasks__C               
0     00305fa7  _xdc_runtime_Error_Module__loggerDefined__C               
0     00305fa8  _xdc_runtime_Error_maxDepth__C                            
0     00305fa9  _xdc_runtime_Error_policy__C                              
0     00305faa  _xdc_runtime_LoggerBuf_Module__id__C                      
0     00305fab  _xdc_runtime_LoggerBuf_Object__count__C                   
0     00305fac  _xdc_runtime_LoggerBuf_filterByLevel__C                   
0     00305fad  _xdc_runtime_Startup_maxPasses__C                         
0     00305fae  _xdc_runtime_SysMin_flushAtExit__C                        
0     00305faf  _xdc_runtime_System_maxAtexitHandlers__C                  
0     00305fb0  _xdc_runtime_Text_isLoaded__C                             
0     00305fb1  _xdc_runtime_Text_registryModsLastId__C                   
0     00305fb2  _xdc_runtime_Text_unnamedModsLastId__C                    
0     00305fb3  _RamfuncsLoadStart                                        
0     0030611d  _RamfuncsLoadEnd                                          
0     0030611d  ___cinit__                                                
0     0030611d  cinit                                                     
0     0033fff6  code_start                                                
0     00380080  _ADC_cal                                                  
1     00000880  _DevEmuRegs                                               
1     00000a80  _FlashRegs                                                
1     00000ae0  _CsmRegs                                                  
1     00000b00  _AdcMirror                                                
1     00000b20  _XintfRegs                                                
1     00000c00  _CpuTimer0Regs                                            
1     00000c08  _CpuTimer1Regs                                            
1     00000c10  _CpuTimer2Regs                                            
1     00000ce0  _PieCtrlRegs                                              
1     00001000  _DmaRegs                                                  
1     00005000  _McbspaRegs                                               
1     00005040  _McbspbRegs                                               
1     00006000  _ECanaRegs                                                
1     00006040  _ECanaLAMRegs                                             
1     00006080  _ECanaMOTSRegs                                            
1     000060c0  _ECanaMOTORegs                                            
1     00006100  _ECanaMboxes                                              
1     00006200  _ECanbRegs                                                
1     00006240  _ECanbLAMRegs                                             
1     00006280  _ECanbMOTSRegs                                            
1     000062c0  _ECanbMOTORegs                                            
1     00006300  _ECanbMboxes                                              
1     00006800  _EPwm1Regs                                                
1     00006840  _EPwm2Regs                                                
1     00006880  _EPwm3Regs                                                
1     000068c0  _EPwm4Regs                                                
1     00006900  _EPwm5Regs                                                
1     00006940  _EPwm6Regs                                                
1     00006a00  _ECap1Regs                                                
1     00006a20  _ECap2Regs                                                
1     00006a40  _ECap3Regs                                                
1     00006a60  _ECap4Regs                                                
1     00006a80  _ECap5Regs                                                
1     00006aa0  _ECap6Regs                                                
1     00006b00  _EQep1Regs                                                
1     00006b40  _EQep2Regs                                                
1     00006f80  _GpioCtrlRegs                                             
1     00006fc0  _GpioDataRegs                                             
1     00006fe0  _GpioIntRegs                                              
1     00007010  _SysCtrlRegs                                              
1     00007040  _SpiaRegs                                                 
1     00007050  _SciaRegs                                                 
1     00007070  _XIntruptRegs                                             
1     00007100  _AdcRegs                                                  
1     00007750  _ScibRegs                                                 
1     00007770  _ScicRegs                                                 
1     00007900  _I2caRegs                                                 
1     00008000  _ti_sysbios_knl_Task_Instance_State_1_stack__A            
1     00008100  _ti_sysbios_knl_Task_Instance_State_0_stack__A            
1     00008500  _ti_sysbios_heaps_HeapMem_Instance_State_0_buf__A         
1     00008d03  _errno                                                    
1     00008d04  _CpuTimer1                                                
1     00008d0c  _CpuTimer2                                                
1     00008d14  _CpuTimer0                                                
1     00008d1c  _PIVEL_enable                                             
1     00008d1d  _nocomm                                                   
1     00008d1e  _McBSPB_rdy                                               
1     00008d1f  _McBSP_RecGoodData_ReadyTX                                
1     00008d20  _newOMAPdata                                              
1     00008d22  _McBSP_COMerr                                             
1     00008d24  _mcbsp_turn                                               
1     00008d26  _mcbsp_vref                                               
1     00008d28  _mcbsp_dac2                                               
1     00008d2a  _McBSPb_int_count                                         
1     00008d2c  _mcbsp_pwm2                                               
1     00008d2e  _mcbsp_dac1                                               
1     00008d30  _mcbsp_pwm1                                               
1     00008d32  _parmbuf                                                  
1     00008d3a  ___TI_enable_exit_profile_output                          
1     00008d3c  ___TI_cleanup_ptr                                         
1     00008d3e  ___TI_dtors_ptr                                           
1     00008d40  _xdc_runtime_Error_Module__state__V                       
1     00008d42  _ti_sysbios_knl_Task_Module_State_0_idleTask__A           
1     00008d44  ___xdc__init__addr                                        
1     00008d46  _xdc_runtime_Memory_Module__state__V                      
1     00008d48  _ti_sysbios_gates_GateHwi_Object__table__V                
1     00008d4a  _xdc_runtime_LoggerBuf_Module__state__V                   
1     00008d4e  _xdc_runtime_Text_Module__state__V                        
1     00008d52  _xdc_runtime_Registry_Module__state__V                    
1     00008d56  _ti_sysbios_family_c28_TimestampProvider_Module__state__V 
1     00008d5a  _xdc_runtime_SysMin_Module__state__V                      
1     00008d5e  _xdc_runtime_Startup_Module__state__V                     
1     00008d62  _xdc_runtime_System_Module__state__V                      
1     00008d66  _ti_sysbios_family_c28_Timer_Module__state__V             
1     00008d6e  _xdc_runtime_System_Module_State_0_atexitHandlers__A      
1     00008d80  _ti_sysbios_knl_Swi_Module__state__V                      
1     00008d8c  _ti_sysbios_heaps_HeapMem_Object__table__V                
1     00008d98  _ti_sysbios_family_c28_Hwi_Module__state__V               
1     00008da8  _xdc_runtime_Error_IgnoreBlock                            
1     00008dc0  _ti_sysbios_knl_Clock_Object__table__V                    
1     00008dd0  _xdc_runtime_LoggerBuf_Object__table__V                   
1     00008de2  _ti_sysbios_BIOS_Module__state__V                         
1     00008e00  _ti_sysbios_knl_Clock_Module__state__V                    
1     00008e16  _ti_sysbios_gates_GateMutex_Object__table__V              
1     00008e40  _ti_sysbios_knl_Task_Module__state__V                     
1     00008e80  _ti_sysbios_knl_Swi_Object__table__V                      
1     00008ec0  _ti_sysbios_family_c28_Timer_Object__table__V             
1     00008f00  _ti_sysbios_knl_Swi_Module_State_0_readyQ__A              
1     00008f40  _ti_sysbios_knl_Task_Module_State_0_readyQ__A             
1     00008f80  _ti_sysbios_knl_Task_Object__table__V                     
1     00009000  _ti_sysbios_family_c28_Hwi_Object__table__V               
1     000090c0  _ti_sysbios_family_c28_Hwi_Module_State_0_dispatchTable__A
1     000091c0  _xdc_runtime_LoggerBuf_Instance_State_0_entryArr__A       
1     000093c0  _xdc_runtime_SysMin_Module_State_0_outbuf__A              
1     000095c0  _SerialB                                                  
1     00009680  _SerialA                                                  
1     00009740  _SerialC                                                  
1     000097c8  _SPIenc_state_errors                                      
1     000097c9  _SPIenc_state                                             
1     000097ca  _dac2data                                                 
1     000097cb  _dac1data                                                 
1     000097cc  _SPIenc1_reading                                          
1     000097ce  _SPIbyte5                                                 
1     000097d0  _SPIenc3_reading                                          
1     000097d2  _SPIenc2_reading                                          
1     000097d4  _SPIenc4_reading                                          
1     000097d6  _SPIbyte1                                                 
1     000097d8  _SPIbyte3                                                 
1     000097da  _SPIbyte2                                                 
1     000097dc  _SPIbyte4                                                 
1     000097de  _PWM4setupasRCservo                                       
1     000097df  _PWM3setupasRCservo                                       
1     000097e0  _PWM5setupasRCservo                                       
1     000097e1  _McBSPb_read2                                             
1     000097e2  _McBSPb_read1                                             
1     000097e4  __lock                                                    
1     000097e6  __unlock                                                  
1     000097e8  _LCD_serial                                               
1     00009800  _I2Cbusy                                                  
1     00009801  _CompassNew                                               
1     00009802  _getIRs_err                                               
1     00009803  _getI2C_err                                               
1     00009804  _task_state                                               
1     00009806  _Compassbuff                                              
1     00009840  _I2Ctxbuffer                                              
1     00009880  _raw_adc_B0                                               
1     00009881  _omap_PIVEL_enable                                        
1     00009882  _raw_adc_B2                                               
1     00009883  _raw_adc_B1                                               
1     00009884  _raw_adc_B5                                               
1     00009885  _raw_adc_B6                                               
1     00009886  _raw_adc_B7                                               
1     00009887  _raw_adc_B4                                               
1     00009888  _raw_adc_B3                                               
1     00009889  _raw_adc_A1                                               
1     0000988a  _raw_adc_A0                                               
1     0000988b  _raw_adc_A5                                               
1     0000988c  _raw_adc_A4                                               
1     0000988d  _raw_adc_A7                                               
1     0000988e  _raw_adc_A6                                               
1     0000988f  _raw_adc_A3                                               
1     00009890  _raw_adc_A2                                               
1     00009891  _switchstate                                              
1     00009892  _newF28335_Extra                                          
1     00009894  _p1_current                                               
1     00009896  _p1_old                                                   
1     00009898  _u1                                                       
1     0000989a  _u2                                                       
1     0000989c  _v1                                                       
1     0000989e  _v2                                                       
1     000098a0  _p2_current                                               
1     000098a2  _p2_old                                                   
1     000098a4  _omap_pwm2                                                
1     000098a6  _omap_dac1                                                
1     000098a8  _omap_turn                                                
1     000098aa  _omap_pwm1                                                
1     000098ac  _value_enc2                                               
1     000098ae  _count                                                    
1     000098b0  _omap_dac2                                                
1     000098b2  _value_enc1                                               
1     000098b4  _omap_vref                                                
1     000098b6  _timeint                                                  
1     000098b8  _Enc2_rad                                                 
1     000098ba  _Enc1_rad                                                 
1     000098bc  _Enc3_rad                                                 
1     000098be  _F28335_Extra1                                            
1     000098c0  _Enc4_rad                                                 
1     000098c2  _F28335_Extra3                                            
1     000098c4  _F28335_Extra4                                            
1     000098c6  _noi2c                                                    
1     000098c8  _gyro_y                                                   
1     000098ca  _gyro_x                                                   
1     000098cc  _F28335_Extra2                                            
1     000098ce  _enc2                                                     
1     000098d8  _enc1                                                     
1     000098e2  __stack                                                   
1     0000a4e2  __STACK_END                                               
1     0000a680  __CIOBUF_                                                 
1     0000fe00  _RXBuff                                                   
1     0000fe40  _TXBuff                                                   
1     003f7ff8  _CsmPwl                                                   
abs   00000001  _xdc_runtime_Startup__EXECFXN__C                          
abs   00000001  _xdc_runtime_Startup__RESETFXN__C                         
abs   0000016a  _RamfuncsLoadSize                                         
abs   00000c00  __STACK_SIZE                                              
abs   ffffffff  ___TI_pprof_out_hndl                                      
abs   ffffffff  ___TI_prof_data_size                                      
abs   ffffffff  ___TI_prof_data_start                                     
abs   ffffffff  ___binit__                                                
abs   ffffffff  ___c_args__                                               
abs   ffffffff  ___pinit__                                                
abs   ffffffff  binit                                                     
abs   ffffffff  pinit                                                     

[629 symbols]
