******************************************************************************
               TMS320C6x Linker PC v8.2.2                      
******************************************************************************
>> Linked Wed Feb  6 14:19:50 2019

OUTPUT FILE NAME:   <Lab2_Ex2new.out>
ENTRY POINT SYMBOL: "_c_int00"  address: 11815f80


MEMORY CONFIGURATION

         name            origin    length      used     unused   attr    fill
----------------------  --------  ---------  --------  --------  ----  --------
  IROM                  11700000   00100000  00000000  00100000  R  X
  IRAM                  11800000   00038000  000284ce  0000fb32  RW X
  L3_CBA_RAM            80000000   00020000  00000000  00020000  RW X
  DDR                   c3000000   01000000  00000000  01000000  RW X


SEGMENT ALLOCATION MAP

run origin  load origin   length   init length attrs members
----------  ----------- ---------- ----------- ----- -------
11800000    11800000    00019400   00019400    r-x
  11800000    11800000    000193a0   000193a0    r-x .text
  118193a0    118193a0    00000060   00000060    r-- .const.1
11819400    11819400    00008cc0   00000000    rw-
  11819400    11819400    00008cc0   00000000    rw- .far.1
118220c0    118220c0    00000040   00000040    r--
  118220c0    118220c0    00000040   00000040    r-- .const.2
11822100    11822100    00000068   00000000    rw-
  11822100    11822100    00000068   00000000    rw- .far.2
11822168    11822168    00002512   00002512    r--
  11822168    11822168    00002512   00002512    r-- .const.3
11824680    11824680    000030bf   00000000    rw-
  11824680    11824680    00002000   00000000    rw- .stack
  11826680    11826680    00000e64   00000000    rw- .fardata
  118274e4    118274e4    0000006c   00000000    rw- .bss
  11827550    11827550    000001ef   00000000    rw- .neardata
11827740    11827740    00000038   00000000    r--
  11827740    11827740    00000038   00000000    r-- .rodata
11827778    11827778    0000007c   0000007c    r--
  11827778    11827778    0000007c   0000007c    r-- .switch
11827800    11827800    00000200   00000200    r-x
  11827800    11827800    00000200   00000200    r-x .vecs
11827a00    11827a00    00000120   00000000    rw-
  11827a00    11827a00    00000120   00000000    rw- .cio
11827b20    11827b20    000009c0   000009c0    r--
  11827b20    11827b20    000009c0   000009c0    r-- .cinit


SECTION ALLOCATION MAP

 output                                  attributes/
section   page    origin      length       input sections
--------  ----  ----------  ----------   ----------------
.stack     0    11824680    00002000     UNINITIALIZED
                  11824680    00000008     boot.ae674 : boot.oe674 (.stack)
                  11824688    00001ff8     --HOLE--

.bss       0    118274e4    0000006c     UNINITIALIZED
                  118274e4    00000004     evmomapl138_bsl.lib : evmomapl138_i2c.obj (.bss)
                  118274e8    00000004     (.common:EDMA3_0_Regs)
                  118274ec    00000004     (.common:EDMA3_1_Regs)
                  118274f0    00000004     (.common:Image_data)
                  118274f4    00000004     (.common:LCD_Image)
                  118274f8    00000004     (.common:LCD_mem)
                  118274fc    00000004     (.common:Linux_Image)
                  11827500    00000004     (.common:Thres_Image)
                  11827504    00000004     (.common:blue)
                  11827508    00000004     (.common:c)
                  1182750c    00000004     (.common:cbar)
                  11827510    00000004     (.common:current)
                  11827514    00000004     (.common:delta)
                  11827518    00000004     (.common:green)
                  1182751c    00000004     (.common:hue)
                  11827520    00000004     (.common:index)
                  11827524    00000004     (.common:k)
                  11827528    00000004     (.common:largest_num_pixels)
                  1182752c    00000004     (.common:largest_object)
                  11827530    00000004     (.common:min)
                  11827534    00000004     (.common:pic_data)
                  11827538    00000004     (.common:ptrshrdmem)
                  1182753c    00000004     (.common:r)
                  11827540    00000004     (.common:rbar)
                  11827544    00000004     (.common:red)
                  11827548    00000004     (.common:sat)
                  1182754c    00000004     (.common:value)

.neardata 
*          0    11827550    000001ef     UNINITIALIZED
                  11827550    00000084     ColorVision.obj (.neardata)
                  118275d4    00000080     COECSL_edma3.obj (.neardata)
                  11827654    00000068     Ladar.obj (.neardata)
                  118276bc    0000004c     user_Lab2_Ex2new.obj (.neardata)
                  11827708    00000028     COECSL_mcbsp.obj (.neardata)
                  11827730    00000008     LCDprintf.obj (.neardata)
                  11827738    00000007     ColorLCD.obj (.neardata)

.rodata    0    11827740    00000038     UNINITIALIZED
                  11827740    00000038     Lab2_Ex2new_pe674.oe674 (.rodata)

.cinit     0    11827b20    000009c0     
                  11827b20    000008d0     (.cinit..fardata.load) [load image, compression = rle]
                  118283f0    0000005d     (.cinit..neardata.load) [load image, compression = rle]
                  1182844d    0000003e     (.cinit..rodata.load) [load image, compression = rle]
                  1182848b    0000000b     (.cinit..far.1.load) [load image, compression = rle]
                  11828496    00000009     (.cinit..bss.load) [load image, compression = rle]
                  1182849f    00000009     (.cinit..far.2.load) [load image, compression = rle]
                  118284a8    00000008     (__TI_handler_table)
                  118284b0    00000030     (__TI_cinit_table)

.init_array 
*          0    11800000    00000000     UNINITIALIZED

.vecs      0    11827800    00000200     
                  11827800    00000200     Lab2_Ex2new_pe674.oe674 (.vecs)

xdc.meta   0    11800000    00000118     COPY SECTION
                  11800000    00000118     Lab2_Ex2new_pe674.oe674 (xdc.meta)

.text      0    11800000    000193a0     
                  11800000    00001f20     Ladar.obj (.text)
                  11801f20    00001ce0     rts6740_elf.lib : _printfi.obj (.text:__TI_printfi)
                  11803c00    00001540     user_Lab2_Ex2new.obj (.text)
                  11805140    000012e0     ColorVision.obj (.text)
                  11806420    00000fe0     evmomapl138_bsl.lib : evmomapl138.obj (.text)
                  11807400    00000960     ColorLCD.obj (.text)
                  11807d60    000008a0     ti.targets.rts6000.ae674 : System.oe674 (.text:xdc_runtime_System_doPrint__I)
                  11808600    00000780     evmomapl138_bsl.lib : evmomapl138_vpif.obj (.text)
                  11808d80    00000780     sysbios.ae674 : BIOS.obj (.text:ti_sysbios_family_c64p_Exception_handler__I)
                  11809500    00000680     COECSL_mcbsp.obj (.text)
                  11809b80    00000680     rts6740_elf.lib : _printfi.obj (.text:_pconv_a)
                  1180a200    000005c0                     : divd.obj (.text:__c6xabi_divd)
                  1180a7c0    00000560     evmomapl138_bsl.lib : evmomapl138_i2c.obj (.text)
                  1180ad20    00000540                         : evmomapl138_i2c_gpio.obj (.text)
                  1180b260    00000540                         : evmomapl138_uart.obj (.text)
                  1180b7a0    00000500     rts6740_elf.lib : _printfi.obj (.text:_pconv_g)
                  1180bca0    000004c0     COECSL_edma3.obj (.text)
                  1180c160    000004a0     evmomapl138_bsl.lib : evmomapl138_spi.obj (.text)
                  1180c600    00000480                         : evmomapl138_gpio.obj (.text)
                  1180ca80    00000420     rts6740_elf.lib : _printfi.obj (.text:_pconv_e)
                  1180cea0    000003e0                     : fputs.obj (.text:fputs)
                  1180d280    000003c0     sysbios.ae674 : BIOS.obj (.text:ti_sysbios_timers_timer64_Timer_Module_startup__E)
                  1180d640    00000360     rts6740_elf.lib : fmodf.obj (.text:fmodf)
                  1180d9a0    00000340     sysbios.ae674 : BIOS.obj (.text:ti_sysbios_knl_Semaphore_pend__E)
                  1180dce0    00000340                   : BIOS.obj (.text:ti_sysbios_timers_timer64_Timer_deviceConfig__I)
                  1180e020    00000340     Lab2_Ex2new_pe674.oe674 (.text:xdc_runtime_System_printfExtend__I)
                  1180e360    00000320     rts6740_elf.lib : cos.obj (.text:cos)
                  1180e680    000002e0                     : sin.obj (.text:sin)
                  1180e960    000002e0     sysbios.ae674 : BIOS.obj (.text:ti_sysbios_timers_timer64_Timer_setPeriodMicroSecs__E)
                  1180ec40    000002c0     ti.targets.rts6000.ae674 : LoggerBuf.oe674 (.text:xdc_runtime_LoggerBuf_write8__E)
                  1180ef00    000002a0     rts6740_elf.lib : divf.obj (.text:__c6xabi_divf)
                  1180f1a0    000002a0                     : _printfi.obj (.text:_pconv_f)
                  1180f440    000002a0                     : _printfi.obj (.text:fcvt)
                  1180f6e0    00000280                     : cosf.obj (.text:cosf)
                  1180f960    00000260                     : imath64.obj (.text:__c6xabi_divull)
                  1180fbc0    00000260                     : sinf.obj (.text:sinf)
                  1180fe20    00000260     ti.targets.rts6000.ae674 : Startup.oe674 (.text:xdc_runtime_Startup_startMods__I)
                  11810080    00000240     sysbios.ae674 : BIOS.obj (.text:ti_sysbios_family_c64p_Exception_internalHandler__I)
                  118102c0    00000220     rts6740_elf.lib : fputc.obj (.text:fputc)
                  118104e0    00000220                     : setvbuf.obj (.text:setvbuf)
                  11810700    00000200                     : _printfi.obj (.text:_ltostr)
                  11810900    00000200     sysbios.ae674 : c64p_Hwi_disp_always.obj (.text:_ti_sysbios_family_c64p_Hwi_dispatchAlways)
                  11810b00    00000200     ti.targets.rts6000.ae674 : Error.oe674 (.text:xdc_runtime_Error_policyDefault__E)
                  11810d00    000001e0     sysbios.ae674 : BIOS.obj (.text:ti_sysbios_family_c64p_Cache_block__I)
                  11810ee0    000001e0     ti.targets.rts6000.ae674 : LoggerBuf.oe674 (.text:xdc_runtime_LoggerBuf_write4__E)
                  118110c0    000001e0                              : Text.oe674 (.text:xdc_runtime_Text_putSite__E)
                  118112a0    000001c0     rts6740_elf.lib : imath40.obj (.text:__c6xabi_divul)
                  11811460    000001c0                     : frexp.obj (.text:frexp)
                  11811620    000001c0     sysbios.ae674 : BIOS.obj (.text:ti_sysbios_heaps_HeapMem_alloc__E)
                  118117e0    000001c0                   : BIOS.obj (.text:ti_sysbios_knl_Task_checkStacks__E)
                  118119a0    000001a0     rts6740_elf.lib : hostrename.obj (.text:HOSTrename)
                  11811b40    000001a0     LCDprintf.obj (.text)
                  11811ce0    000001a0     rts6740_elf.lib : frexpf.obj (.text:frexpf)
                  11811e80    000001a0     sysbios.ae674 : BIOS.obj (.text:ti_sysbios_family_c64p_Cache_getL2InitSize__I)
                  11812020    000001a0                   : BIOS.obj (.text:ti_sysbios_timers_timer64_Timer_start__E)
                  118121c0    00000180     evmomapl138_bsl.lib : evmomapl138_timer.obj (.text)
                  11812340    00000180     rts6740_elf.lib : ldexp.obj (.text:ldexp)
                  118124c0    00000180                     : ldexpf.obj (.text:ldexpf)
                  11812640    00000180     sysbios.ae674 : c64p_Exception_asm.obj (.text)
                  118127c0    00000180                   : BIOS.obj (.text:ti_sysbios_knl_Task_sleep__E)
                  11812940    00000160                   : BIOS.obj (.text:ti_sysbios_heaps_HeapMem_free__E)
                  11812aa0    00000160     ti.targets.rts6000.ae674 : Text.oe674 (.text:xdc_runtime_Text_putMod__E)
                  11812c00    00000140     rts6740_elf.lib : fclose.obj (.text:__TI_closefile)
                  11812d40    00000140                     : getdevice.obj (.text:getdevice)
                  11812e80    00000140     sysbios.ae674 : BIOS.obj (.text:ti_sysbios_family_c64p_Cache_Module_startup__E)
                  11812fc0    00000140                   : BIOS.obj (.text:ti_sysbios_family_c64p_Cache_getL1DInitSize__I)
                  11813100    00000140                   : BIOS.obj (.text:ti_sysbios_family_c64p_Cache_getL1PInitSize__I)
                  11813240    00000140                   : BIOS.obj (.text:ti_sysbios_knl_Task_postInit__I)
                  11813380    00000140     ti.targets.rts6000.ae674 : LoggerBuf.oe674 (.text:xdc_runtime_LoggerBuf_setFilterLevel__E)
                  118134c0    00000140                              : Text.oe674 (.text:xdc_runtime_Text_putLab__E)
                  11813600    00000120     boot.ae674 : autoinit.oe674 (.text:_auto_init_elf)
                  11813720    00000120     rts6740_elf.lib : fseek.obj (.text:fseek)
                  11813840    00000120     sysbios.ae674 : BIOS.obj (.text:ti_sysbios_family_c64p_Hwi_Module_startup__E)
                  11813960    00000120                   : BIOS.obj (.text:ti_sysbios_knl_Clock_workFunc__E)
                  11813a80    00000120     ti.targets.rts6000.ae674 : LoggerBuf.oe674 (.text:xdc_runtime_LoggerBuf_getFilterLevel__E)
                  11813ba0    00000100     rts6740_elf.lib : copy_decompress_rle.obj (.text:__TI_decompress_rle_core)
                  11813ca0    00000100                     : _io_perm.obj (.text:__TI_wrt_ok)
                  11813da0    00000100                     : atoi.obj (.text:atoi)
                  11813ea0    00000100     pru.obj (.text)
                  11813fa0    00000100     sysbios.ae674 : BIOS.obj (.text:ti_sysbios_knl_Swi_restoreHwi__E)
                  118140a0    00000100                   : BIOS.obj (.text:ti_sysbios_timers_timer64_Timer_initDevice__I)
                  118141a0    00000100     ti.targets.rts6000.ae674 : Error.oe674 (.text:xdc_runtime_Error_print__E)
                  118142a0    00000100                              : Memory.oe674 (.text:xdc_runtime_Memory_alloc__E)
                  118143a0    00000100                              : Startup.oe674 (.text:xdc_runtime_Startup_exec__E)
                  118144a0    000000e0     rts6740_elf.lib : hostlseek.obj (.text:HOSTlseek)
                  11814580    000000e0                     : hostopen.obj (.text:HOSTopen)
                  11814660    000000e0                     : hostwrite.obj (.text:HOSTwrite)
                  11814740    000000e0                     : divi.obj (.text:__divi)
                  11814820    000000e0                     : close.obj (.text:close)
                  11814900    000000e0                     : exit.obj (.text:exit)
                  118149e0    000000e0                     : ltoa.obj (.text:ltoa)
                  11814ac0    000000e0                     : memset.obj (.text:memset)
                  11814ba0    000000e0                     : printf.obj (.text:printf)
                  11814c80    000000e0     sysbios.ae674 : BIOS.obj (.text:ti_sysbios_knl_Swi_runLoop__I)
                  11814d60    000000e0                   : BIOS.obj (.text:ti_sysbios_knl_Task_Module_startup__E)
                  11814e40    000000e0                   : BIOS.obj (.text:ti_sysbios_knl_Task_exit__E)
                  11814f20    000000e0                   : BIOS.obj (.text:ti_sysbios_knl_Task_schedule__I)
                  11815000    000000e0                   : BIOS.obj (.text:ti_sysbios_timers_timer64_Timer_startup__E)
                  118150e0    000000e0     ti.targets.rts6000.ae674 : Text.oe674 (.text:xdc_runtime_Text_visitRope2__I)
                  118151c0    000000c0     rts6740_elf.lib : hostread.obj (.text:HOSTread)
                  11815280    000000c0                     : hostunlink.obj (.text:HOSTunlink)
                  11815340    000000c0                     : fflush.obj (.text:__TI_doflush)
                  11815400    000000c0                     : divu.obj (.text:__divu)
                  118154c0    000000c0                     : _printfi.obj (.text:_ecpy)
                  11815580    000000c0     sysbios.ae674 : BIOS.obj (.text:ti_sysbios_family_c64p_Hwi_dispatchCore__I)
                  11815640    000000c0                   : BIOS.obj (.text:ti_sysbios_heaps_HeapMem_getStats__E)
                  11815700    000000c0                   : BIOS.obj (.text:ti_sysbios_knl_Semaphore_post__E)
                  118157c0    000000c0                   : BIOS.obj (.text:ti_sysbios_knl_Swi_run__I)
                  11815880    000000c0                   : BIOS.obj (.text:ti_sysbios_knl_Swi_schedule__I)
                  11815940    000000c0                   : BIOS.obj (.text:ti_sysbios_knl_Task_startCore__E)
                  11815a00    000000c0     rts6740_elf.lib : tls.obj (.text:tls:init:__TI_tls_init)
                  11815ac0    000000c0     ti.targets.rts6000.ae674 : Error.oe674 (.text:xdc_runtime_Error_setX__E)
                  11815b80    000000c0                              : SysMin.oe674 (.text:xdc_runtime_SysMin_abort__E)
                  11815c40    000000c0                              : SysMin.oe674 (.text:xdc_runtime_SysMin_flush__E)
                  11815d00    000000a0     rts6740_elf.lib : hostclose.obj (.text:HOSTclose)
                  11815da0    000000a0                     : fopen.obj (.text:__TI_cleanup)
                  11815e40    000000a0                     : round.obj (.text:__c6xabi_nround)
                  11815ee0    000000a0                     : remu.obj (.text:__remu)
                  11815f80    000000a0     boot.ae674 : boot.oe674 (.text:_c_int00)
                  11816020    000000a0     rts6740_elf.lib : memcpy64.obj (.text:memcpy)
                  118160c0    000000a0                     : modf.obj (.text:modf)
                  11816160    000000a0     sysbios.ae674 : BIOS.obj (.text:ti_sysbios_family_c64p_Exception_Module_startup__E)
                  11816200    000000a0                   : BIOS.obj (.text:ti_sysbios_family_c64p_Hwi_eventMap__E)
                  118162a0    000000a0                   : BIOS.obj (.text:ti_sysbios_family_c64p_Hwi_getStackInfo__E)
                  11816340    000000a0                   : BIOS.obj (.text:ti_sysbios_gates_GateMutex_enter__E)
                  118163e0    000000a0                   : BIOS.obj (.text:ti_sysbios_heaps_HeapMem_init__I)
                  11816480    000000a0                   : BIOS.obj (.text:ti_sysbios_knl_Task_allBlockedFunction__I)
                  11816520    000000a0                   : BIOS.obj (.text:ti_sysbios_timers_timer64_Timer_stop__E)
                  118165c0    000000a0     ti.targets.rts6000.ae674 : SysMin.oe674 (.text:xdc_runtime_SysMin_putch__E)
                  11816660    000000a0                              : System.oe674 (.text:xdc_runtime_System_formatNum__I)
                  11816700    000000a0                              : System.oe674 (.text:xdc_runtime_System_putchar__I)
                  118167a0    000000a0                              : Text.oe674 (.text:xdc_runtime_Text_printVisFxn__I)
                  11816840    000000a0                              : Text.oe674 (.text:xdc_runtime_Text_xprintf__I)
                  118168e0    00000080     rts6740_elf.lib : trgmsg.obj (.text:__TI_readmsg)
                  11816960    00000080                     : llshift.obj (.text:__c6xabi_llshl)
                  118169e0    00000080                     : roundf.obj (.text:__c6xabi_roundf)
                  11816a60    00000080     sysbios.ae674 : c62_TaskSupport_asm.obj (.text:_ti_sysbios_family_c62_TaskSupport_swap__E)
                  11816ae0    00000080     rts6740_elf.lib : getdevice.obj (.text:finddevice)
                  11816b60    00000080     sysbios.ae674 : BIOS.obj (.text:ti_sysbios_family_c64p_Cache_wait__E)
                  11816be0    00000080                   : BIOS.obj (.text:ti_sysbios_hal_Hwi_checkStack)
                  11816c60    00000080                   : BIOS.obj (.text:ti_sysbios_hal_Hwi_initStack)
                  11816ce0    00000080                   : BIOS.obj (.text:ti_sysbios_knl_Idle_run__E)
                  11816d60    00000080                   : BIOS.obj (.text:ti_sysbios_knl_Swi_post__E)
                  11816de0    00000080                   : BIOS.obj (.text:ti_sysbios_knl_Swi_startup__E)
                  11816e60    00000080                   : BIOS.obj (.text:ti_sysbios_knl_Task_processVitalTaskFlag__I)
                  11816ee0    00000080                   : BIOS.obj (.text:ti_sysbios_knl_Task_restoreHwi__E)
                  11816f60    00000080                   : BIOS.obj (.text:ti_sysbios_knl_Task_restore__E)
                  11816fe0    00000080     Lab2_Ex2new_pe674.oe674 (.text:ti_sysbios_rts_MemAlloc_alloc)
                  11817060    00000080     rts6740_elf.lib : unlink.obj (.text:unlink)
                  118170e0    00000080     ti.targets.rts6000.ae674 : LoggerBuf.oe674 (.text:xdc_runtime_LoggerBuf_Module_startup__E)
                  11817160    00000080                              : LoggerBuf.oe674 (.text:xdc_runtime_LoggerBuf_filterOutEvent__I)
                  118171e0    00000080                              : System.oe674 (.text:xdc_runtime_System_atexit__E)
                  11817260    00000080                              : System.oe674 (.text:xdc_runtime_System_avprintf__E)
                  118172e0    00000080                              : System.oe674 (.text:xdc_runtime_System_processAtExit__E)
                  11817360    00000080                              : System.oe674 (.text:xdc_runtime_System_vprintf__E)
                  118173e0    00000060     rts6740_elf.lib : trgmsg.obj (.text:__TI_writemsg)
                  11817440    00000060                     : llshift.obj (.text:__c6xabi_llshru)
                  118174a0    00000060                     : imath64.obj (.text:_subcull)
                  11817500    00000060     sysbios.ae674 : c64p_Hwi_asm_switch.obj (.text:_ti_sysbios_family_c64p_Hwi_switchAndDispatch__I)
                  11817560    00000060                   : c64p_Hwi_asm_switch.obj (.text:_ti_sysbios_family_xxx_Hwi_switchAndRunFunc)
                  118175c0    00000060     rts6740_elf.lib : lseek.obj (.text:lseek)
                  11817620    00000060                     : memccpy.obj (.text:memccpy)
                  11817680    00000060                     : modff.obj (.text:modff)
                  118176e0    00000060                     : sprintf.obj (.text:sprintf)
                  11817740    00000060     Lab2_Ex2new_pe674.oe674 (.text:ti_sysbios_BIOS_atExitFunc__I)
                  118177a0    00000060     Lab2_Ex2new_pe674.oe674 (.text:ti_sysbios_BIOS_errorRaiseHook__I)
                  11817800    00000060     Lab2_Ex2new_pe674.oe674 (.text:ti_sysbios_BIOS_rtsLock__I)
                  11817860    00000060     Lab2_Ex2new_pe674.oe674 (.text:ti_sysbios_BIOS_rtsUnlock__I)
                  118178c0    00000060     sysbios.ae674 : BIOS.obj (.text:ti_sysbios_family_c62_TaskSupport_start__E)
                  11817920    00000060                   : BIOS.obj (.text:ti_sysbios_family_c64p_Cache_marInit__I)
                  11817980    00000060                   : BIOS.obj (.text:ti_sysbios_family_c64p_Cache_setMar__E)
                  118179e0    00000060     Lab2_Ex2new_pe674.oe674 (.text:ti_sysbios_heaps_HeapMem_Object__get__S)
                  11817a40    00000060     sysbios.ae674 : BIOS.obj (.text:ti_sysbios_knl_Clock_Module_startup__E)
                  11817aa0    00000060     Lab2_Ex2new_pe674.oe674 (.text:ti_sysbios_knl_Clock_doTick__I)
                  11817b00    00000060     sysbios.ae674 : BIOS.obj (.text:ti_sysbios_knl_Semaphore_pendTimeout__I)
                  11817b60    00000060                   : BIOS.obj (.text:ti_sysbios_knl_Swi_Module_startup__E)
                  11817bc0    00000060     Lab2_Ex2new_pe674.oe674 (.text:ti_sysbios_knl_Swi_Object__get__S)
                  11817c20    00000060     Lab2_Ex2new_pe674.oe674 (.text:ti_sysbios_knl_Task_Object__get__S)
                  11817c80    00000060     sysbios.ae674 : BIOS.obj (.text:ti_sysbios_knl_Task_enter__I)
                  11817ce0    00000060                   : BIOS.obj (.text:ti_sysbios_knl_Task_unblockI__E)
                  11817d40    00000060     rts6740_elf.lib : write.obj (.text:write)
                  11817da0    00000060     Lab2_Ex2new_pe674.oe674 (.text:xdc_runtime_LoggerBuf_Object__get__S)
                  11817e00    00000060     ti.targets.rts6000.ae674 : LoggerBuf.oe674 (.text:xdc_runtime_LoggerBuf_reset__E)
                  11817e60    00000060     Lab2_Ex2new_pe674.oe674 (.text:xdc_runtime_SysMin_output__I)
                  11817ec0    00000040     rts6740_elf.lib : frcmpyd_div.obj (.text:__TI_frcmpyd_div)
                  11817f00    00000040                     : isinf.obj (.text:__c6xabi_isinf)
                  11817f40    00000040                     : _printfi.obj (.text:__c6xabi_isnan)
                  11817f80    00000040                     : args_main.obj (.text:_args_main)
                  11817fc0    00000040                     : sprintf.obj (.text:_outs)
                  11818000    00000040                     : vsprintf.obj (.text:_outs)
                  11818040    00000040     sysbios.ae674 : c62_TaskSupport_asm.obj (.text:_ti_sysbios_family_c62_TaskSupport_buildTaskStack)
                  11818080    00000040     Lab2_Ex2new_pe674.oe674 (.text:free)
                  118180c0    00000040     Lab2_Ex2new_pe674.oe674 (.text:ti_sysbios_BIOS_exitFunc__I)
                  11818100    00000040     Lab2_Ex2new_pe674.oe674 (.text:ti_sysbios_BIOS_registerRTSLock__I)
                  11818140    00000040     Lab2_Ex2new_pe674.oe674 (.text:ti_sysbios_BIOS_removeRTSLock__I)
                  11818180    00000040     Lab2_Ex2new_pe674.oe674 (.text:ti_sysbios_BIOS_startFunc__I)
                  118181c0    00000040     Lab2_Ex2new_pe674.oe674 (.text:ti_sysbios_family_c64p_Hwi_Module__startupDone__F)
                  11818200    00000040     sysbios.ae674 : BIOS.obj (.text:ti_sysbios_family_c64p_Hwi_disableInterrupt__E)
                  11818240    00000040                   : BIOS.obj (.text:ti_sysbios_family_c64p_Hwi_dispatchC__I)
                  11818280    00000040                   : BIOS.obj (.text:ti_sysbios_family_c64p_Hwi_enableInterrupt__E)
                  118182c0    00000040                   : BIOS.obj (.text:ti_sysbios_family_c64p_primus_TimerSupport_enable__E)
                  11818300    00000040                   : BIOS.obj (.text:ti_sysbios_gates_GateMutex_leave__E)
                  11818340    00000040     Lab2_Ex2new_pe674.oe674 (.text:ti_sysbios_hal_Hwi_HwiProxy_getStackInfo__E)
                  11818380    00000040     Lab2_Ex2new_pe674.oe674 (.text:ti_sysbios_knl_Clock_Module_State_clockQ)
                  118183c0    00000040     Lab2_Ex2new_pe674.oe674 (.text:ti_sysbios_knl_Queue_Object__get__S)
                  11818400    00000040     Lab2_Ex2new_pe674.oe674 (.text:ti_sysbios_timers_timer64_Timer_Module__startupDone__F)
                  11818440    00000040     rts6740_elf.lib : vsprintf.obj (.text:vsprintf)
                  11818480    00000040     ti.targets.rts6000.ae674 : Error.oe674 (.text:xdc_runtime_Error_check__E)
                  118184c0    00000040                              : Error.oe674 (.text:xdc_runtime_Error_init__E)
                  11818500    00000040     Lab2_Ex2new_pe674.oe674 (.text:xdc_runtime_IHeap_alloc)
                  11818540    00000040     Lab2_Ex2new_pe674.oe674 (.text:xdc_runtime_IHeap_free)
                  11818580    00000040     ti.targets.rts6000.ae674 : LoggerBuf.oe674 (.text:xdc_runtime_LoggerBuf_write0__E)
                  118185c0    00000040                              : LoggerBuf.oe674 (.text:xdc_runtime_LoggerBuf_write1__E)
                  11818600    00000040                              : LoggerBuf.oe674 (.text:xdc_runtime_LoggerBuf_write2__E)
                  11818640    00000040                              : Registry.oe674 (.text:xdc_runtime_Registry_findById__E)
                  11818680    00000040     Lab2_Ex2new_pe674.oe674 (.text:xdc_runtime_Startup_exec__I)
                  118186c0    00000040     ti.targets.rts6000.ae674 : SysMin.oe674 (.text:xdc_runtime_SysMin_Module_startup__E)
                  11818700    00000040                              : SysMin.oe674 (.text:xdc_runtime_SysMin_exit__E)
                  11818740    00000040                              : System.oe674 (.text:xdc_runtime_System_abort__E)
                  11818780    00000040     Lab2_Ex2new_pe674.oe674 (.text:xdc_runtime_System_aprintf__E)
                  118187c0    00000040     ti.targets.rts6000.ae674 : System.oe674 (.text:xdc_runtime_System_exit__E)
                  11818800    00000040     Lab2_Ex2new_pe674.oe674 (.text:xdc_runtime_System_printf__E)
                  11818840    00000040     Lab2_Ex2new_pe674.oe674 (.text:xdc_runtime_Text_visitRope__I)
                  11818880    00000020     rts6740_elf.lib : errno.obj (.text:__c6xabi_errno_addr)
                  118188a0    00000020                     : trunc.obj (.text:__c6xabi_trunc)
                  118188c0    00000020                     : truncf.obj (.text:__c6xabi_truncf)
                  118188e0    00000020                     : _lock.obj (.text:_nop)
                  11818900    00000020                     : printf.obj (.text:_outc)
                  11818920    00000020                     : sprintf.obj (.text:_outc)
                  11818940    00000020                     : vsprintf.obj (.text:_outc)
                  11818960    00000020                     : printf.obj (.text:_outs)
                  11818980    00000020                     : _lock.obj (.text:_register_lock)
                  118189a0    00000020                     : _lock.obj (.text:_register_unlock)
                  118189c0    00000020     sysbios.ae674 : c62_TaskSupport_asm.obj (.text:_ti_sysbios_family_c62_TaskSupport_glue)
                  118189e0    00000020     rts6740_elf.lib : exit.obj (.text:abort)
                  11818a00    00000020                     : copy_decompress_none.obj (.text:decompress:none:__TI_decompress_none)
                  11818a20    00000020                     : copy_decompress_rle.obj (.text:decompress:rle24:__TI_decompress_rle24)
                  11818a40    00000020     Lab2_Ex2new_pe674.oe674 (.text:malloc)
                  11818a60    00000020     Lab2_Ex2new_pe674.oe674 (.text:ti_sysbios_BIOS_RtsGateProxy_enter__E)
                  11818a80    00000020     Lab2_Ex2new_pe674.oe674 (.text:ti_sysbios_BIOS_RtsGateProxy_leave__E)
                  11818aa0    00000020     sysbios.ae674 : BIOS.obj (.text:ti_sysbios_BIOS_linkedWithIncorrectBootLibrary__E)
                  11818ac0    00000020     Lab2_Ex2new_pe674.oe674 (.text:ti_sysbios_BIOS_nullFunc__I)
                  11818ae0    00000020     sysbios.ae674 : BIOS.obj (.text:ti_sysbios_BIOS_setThreadType__E)
                  11818b00    00000020                   : BIOS.obj (.text:ti_sysbios_BIOS_start__E)
                  11818b20    00000020     Lab2_Ex2new_pe674.oe674 (.text:ti_sysbios_family_c62_TaskSupport_Module__startupDone__S)
                  11818b40    00000020     sysbios.ae674 : BIOS.obj (.text:ti_sysbios_family_c62_TaskSupport_checkStack__E)
                  11818b60    00000020                   : BIOS.obj (.text:ti_sysbios_family_c64p_Cache_inv__E)
                  11818b80    00000020                   : BIOS.obj (.text:ti_sysbios_family_c64p_Cache_wb__E)
                  11818ba0    00000020     Lab2_Ex2new_pe674.oe674 (.text:ti_sysbios_family_c64p_Hwi_Module__startupDone__S)
                  11818bc0    00000020     sysbios.ae674 : BIOS.obj (.text:ti_sysbios_family_c64p_Hwi_clearInterrupt__E)
                  11818be0    00000020                   : BIOS.obj (.text:ti_sysbios_family_c64p_Hwi_startup__E)
                  11818c00    00000020                   : BIOS.obj (.text:ti_sysbios_family_c64p_Hwi_switchFromBootStack__E)
                  11818c20    00000020                   : BIOS.obj (.text:ti_sysbios_family_c64p_TimestampProvider_Module_startup__E)
                  11818c40    00000020                   : BIOS.obj (.text:ti_sysbios_family_c64p_TimestampProvider_get64__E)
                  11818c60    00000020                   : BIOS.obj (.text:ti_sysbios_gates_GateHwi_enter__E)
                  11818c80    00000020                   : BIOS.obj (.text:ti_sysbios_gates_GateHwi_leave__E)
                  11818ca0    00000020                   : BIOS.obj (.text:ti_sysbios_gates_GateHwi_query__E)
                  11818cc0    00000020                   : BIOS.obj (.text:ti_sysbios_gates_GateMutex_query__E)
                  11818ce0    00000020     Lab2_Ex2new_pe674.oe674 (.text:ti_sysbios_hal_Hwi_HwiProxy_Module__startupDone__S)
                  11818d00    00000020     Lab2_Ex2new_pe674.oe674 (.text:ti_sysbios_hal_Hwi_HwiProxy_clearInterrupt__E)
                  11818d20    00000020     Lab2_Ex2new_pe674.oe674 (.text:ti_sysbios_hal_Hwi_HwiProxy_disableInterrupt__E)
                  11818d40    00000020     Lab2_Ex2new_pe674.oe674 (.text:ti_sysbios_hal_Hwi_HwiProxy_enableInterrupt__E)
                  11818d60    00000020     Lab2_Ex2new_pe674.oe674 (.text:ti_sysbios_hal_Hwi_HwiProxy_startup__E)
                  11818d80    00000020     Lab2_Ex2new_pe674.oe674 (.text:ti_sysbios_hal_Hwi_HwiProxy_switchFromBootStack__E)
                  11818da0    00000020     sysbios.ae674 : BIOS.obj (.text:ti_sysbios_hal_Hwi_Module_startup__E)
                  11818dc0    00000020     Lab2_Ex2new_pe674.oe674 (.text:ti_sysbios_heaps_HeapMem_Module_GateProxy_enter__E)
                  11818de0    00000020     Lab2_Ex2new_pe674.oe674 (.text:ti_sysbios_heaps_HeapMem_Module_GateProxy_leave__E)
                  11818e00    00000020     Lab2_Ex2new_pe674.oe674 (.text:ti_sysbios_heaps_HeapMem_Module_GateProxy_query__E)
                  11818e20    00000020     sysbios.ae674 : BIOS.obj (.text:ti_sysbios_heaps_HeapMem_isBlocking__E)
                  11818e40    00000020     Lab2_Ex2new_pe674.oe674 (.text:ti_sysbios_knl_Clock_TimerProxy_Module__startupDone__S)
                  11818e60    00000020     Lab2_Ex2new_pe674.oe674 (.text:ti_sysbios_knl_Clock_TimerProxy_getMaxTicks__E)
                  11818e80    00000020     sysbios.ae674 : BIOS.obj (.text:ti_sysbios_knl_Clock_getTicks__E)
                  11818ea0    00000020                   : BIOS.obj (.text:ti_sysbios_knl_Clock_logTick__E)
                  11818ec0    00000020                   : BIOS.obj (.text:ti_sysbios_knl_Idle_loop__E)
                  11818ee0    00000020                   : BIOS.obj (.text:ti_sysbios_knl_Queue_empty__E)
                  11818f00    00000020                   : BIOS.obj (.text:ti_sysbios_knl_Swi_disable__E)
                  11818f20    00000020     Lab2_Ex2new_pe674.oe674 (.text:ti_sysbios_knl_Task_SupportProxy_Module__startupDone__S)
                  11818f40    00000020     Lab2_Ex2new_pe674.oe674 (.text:ti_sysbios_knl_Task_SupportProxy_checkStack__E)
                  11818f60    00000020     Lab2_Ex2new_pe674.oe674 (.text:ti_sysbios_knl_Task_SupportProxy_start__E)
                  11818f80    00000020     Lab2_Ex2new_pe674.oe674 (.text:ti_sysbios_knl_Task_SupportProxy_swap__E)
                  11818fa0    00000020     sysbios.ae674 : BIOS.obj (.text:ti_sysbios_knl_Task_disable__E)
                  11818fc0    00000020                   : BIOS.obj (.text:ti_sysbios_knl_Task_sleepTimeout__I)
                  11818fe0    00000020                   : BIOS.obj (.text:ti_sysbios_knl_Task_startup__E)
                  11819000    00000020     Lab2_Ex2new_pe674.oe674 (.text:ti_sysbios_timers_timer64_Timer_Module__startupDone__S)
                  11819020    00000020     Lab2_Ex2new_pe674.oe674 (.text:ti_sysbios_timers_timer64_Timer_TimerSupportProxy_enable__E)
                  11819040    00000020     sysbios.ae674 : BIOS.obj (.text:ti_sysbios_timers_timer64_Timer_getMaxTicks__E)
                  11819060    00000020     Lab2_Ex2new_pe674.oe674 (.text:xdc_iargToPtr)
                  11819080    00000020     ti.targets.rts6000.ae674 : Error.oe674 (.text:xdc_runtime_Error_getSite__E)
                  118190a0    00000020                              : Error.oe674 (.text:xdc_runtime_Error_raiseX__E)
                  118190c0    00000020                              : Gate.oe674 (.text:xdc_runtime_Gate_enterSystem__E)
                  118190e0    00000020                              : Gate.oe674 (.text:xdc_runtime_Gate_leaveSystem__E)
                  11819100    00000020     Lab2_Ex2new_pe674.oe674 (.text:xdc_runtime_LoggerBuf_Module_GateProxy_enter__E)
                  11819120    00000020     Lab2_Ex2new_pe674.oe674 (.text:xdc_runtime_LoggerBuf_Module_GateProxy_leave__E)
                  11819140    00000020     Lab2_Ex2new_pe674.oe674 (.text:xdc_runtime_LoggerBuf_TimestampProxy_get64__E)
                  11819160    00000020     ti.targets.rts6000.ae674 : LoggerBuf.oe674 (.text:xdc_runtime_LoggerBuf_disable__E)
                  11819180    00000020                              : LoggerBuf.oe674 (.text:xdc_runtime_LoggerBuf_enable__E)
                  118191a0    00000020     Lab2_Ex2new_pe674.oe674 (.text:xdc_runtime_Memory_HeapProxy_alloc__E)
                  118191c0    00000020     Lab2_Ex2new_pe674.oe674 (.text:xdc_runtime_Memory_HeapProxy_free__E)
                  118191e0    00000020     ti.targets.rts6000.ae674 : Memory.oe674 (.text:xdc_runtime_Memory_free__E)
                  11819200    00000020                              : Memory.oe674 (.text:xdc_runtime_Memory_getMaxDefaultTypeAlign__E)
                  11819220    00000020     Lab2_Ex2new_pe674.oe674 (.text:xdc_runtime_Startup_reset__I)
                  11819240    00000020     ti.targets.rts6000.ae674 : Startup.oe674 (.text:xdc_runtime_Startup_rtsDone__E)
                  11819260    00000020                              : SysMin.oe674 (.text:xdc_runtime_SysMin_ready__E)
                  11819280    00000020     Lab2_Ex2new_pe674.oe674 (.text:xdc_runtime_System_Module_GateProxy_enter__E)
                  118192a0    00000020     Lab2_Ex2new_pe674.oe674 (.text:xdc_runtime_System_Module_GateProxy_leave__E)
                  118192c0    00000020     ti.targets.rts6000.ae674 : System.oe674 (.text:xdc_runtime_System_Module_startup__E)
                  118192e0    00000020     Lab2_Ex2new_pe674.oe674 (.text:xdc_runtime_System_SupportProxy_abort__E)
                  11819300    00000020     Lab2_Ex2new_pe674.oe674 (.text:xdc_runtime_System_SupportProxy_exit__E)
                  11819320    00000020     Lab2_Ex2new_pe674.oe674 (.text:xdc_runtime_System_SupportProxy_putch__E)
                  11819340    00000020     Lab2_Ex2new_pe674.oe674 (.text:xdc_runtime_System_SupportProxy_ready__E)
                  11819360    00000020     ti.targets.rts6000.ae674 : System.oe674 (.text:xdc_runtime_System_vsnprintf__E)
                  11819380    00000020                              : Text.oe674 (.text:xdc_runtime_Text_ropeText__E)

.const.1   0    118193a0    00000060     
                  118193a0    00000058     ti.targets.rts6000.ae674 : Error.oe674 (.const:.string)
                  118193f8    00000008     Lab2_Ex2new_pe674.oe674 (.const:ti_sysbios_knl_Idle_funcList__C)

.far.1     0    11819400    00008cc0     UNINITIALIZED
                  11819400    00002860     Lab2_Ex2new_pe674.oe674 (.far:taskStackSection)
                  1181bc60    00001000     (.common:ti_sysbios_heaps_HeapMem_Instance_State_0_buf__A)
                  1181cc60    00000fa0     (.common:enc0_array)
                  1181dc00    00000c00     (.common:object_stats)
                  1181e800    00000578     (.common:LADARinBuffer)
                  1181ed78    00000400     (.common:equivalency_objects)
                  1181f178    00000400     (.common:temp_equivalency_objects)
                  1181f578    000003e8     (.common:LADARangle)
                  1181f960    000003e8     (.common:LADARdataX)
                  1181fd48    000003e8     (.common:LADARdataY)
                  11820130    000003e8     (.common:LADARdistance)
                  11820518    000003e8     (.common:newLADARangle)
                  11820900    000003e8     (.common:newLADARdataX)
                  11820ce8    000003e8     (.common:newLADARdataY)
                  118210d0    000003e8     (.common:newLADARdistance)
                  118214b8    0000039c     (.common:final_object_stats)
                  11821854    00000004     --HOLE--
                  11821858    00000200     (.common:xdc_runtime_LoggerBuf_Instance_State_0_entryArr__A)
                  11821a58    00000200     (.common:xdc_runtime_SysMin_Module_State_0_outbuf__A)
                  11821c58    00000140     (.common:__TI_tmpnams)
                  11821d98    00000100     (.common:MyString)
                  11821e98    00000100     (.common:TXstring)
                  11821f98    00000028     (.common:i2cdata)
                  11821fc0    0000001e     (.common:LADARoutBuffer)
                  11821fde    00000002     --HOLE--
                  11821fe0    00000014     (.common:Optitrackdata)
                  11821ff4    0000000c     (.common:LADARps)
                  11822000    0000009c     (.common:f28335recData)
                  1182209c    0000000c     (.common:OPTITRACKps)
                  118220a8    0000000c     (.common:ROBOTps)
                  118220b4    00000004     --HOLE--
                  118220b8    00000008     (.common:parmbuf)

.const.2   0    118220c0    00000040     
                  118220c0    00000040     evmomapl138_bsl.lib : evmomapl138.obj (.const:.string)

.far.2     0    11822100    00000068     UNINITIALIZED
                  11822100    00000068     (.common:f28335TXData)

.const.3   0    11822168    00002512     
                  11822168    000019d3     Lab2_Ex2new_pe674.oe674 (.const:xdc_runtime_Text_charTab__A)
                  11823b3b    00000001     Lab2_Ex2new_pe674.oe674 (.const:ti_sysbios_timers_timer64_Timer_localTimerBaseId__C)
                  11823b3c    00000518     sysbios.ae674 : BIOS.obj (.const:.string)
                  11824054    00000004     Lab2_Ex2new_pe674.oe674 (.const:ti_sysbios_BIOS_installedErrorHook__C)
                  11824058    00000101     rts6740_elf.lib : ctype.obj (.const:.string:_ctypes_)
                  11824159    00000001     --HOLE-- [fill = 0]
                  1182415a    00000002     Lab2_Ex2new_pe674.oe674 (.const:ti_sysbios_family_c64p_Cache_Module__id__C)
                  1182415c    00000004     Lab2_Ex2new_pe674.oe674 (.const:ti_sysbios_family_c64p_Cache_EMIFA_BASE__C)
                  11824160    000000cc     Lab2_Ex2new_pe674.oe674 (.const:xdc_runtime_Text_nodeTab__A)
                  1182422c    00000004     Lab2_Ex2new_pe674.oe674 (.const:ti_sysbios_family_c64p_Cache_EMIFA_CFG__C)
                  11824230    00000080     evmomapl138_bsl.lib : evmomapl138.obj (.const:bitval_u32)
                  118242b0    00000044     Ladar.obj (.const:.string)
                  118242f4    00000040     ti.targets.rts6000.ae674 : Text.oe674 (.const:.string)
                  11824334    0000003c     Lab2_Ex2new_pe674.oe674 (.const:xdc_runtime_LoggerBuf_Module__FXNS__C)
                  11824370    00000038     user_Lab2_Ex2new.obj (.const:.string)
                  118243a8    00000030     Lab2_Ex2new_pe674.oe674 (.const:xdc_runtime_Startup_sfxnTab__A)
                  118243d8    0000002c     ti.targets.rts6000.ae674 : Startup.oe674 (.const:.string)
                  11824404    00000028     Lab2_Ex2new_pe674.oe674 (.const:ti_sysbios_heaps_HeapMem_Module__FXNS__C)
                  1182442c    00000024     rts6740_elf.lib : _printfi.obj (.const:.string)
                  11824450    00000024     Lab2_Ex2new_pe674.oe674 (.const:ti_sysbios_gates_GateHwi_Module__FXNS__C)
                  11824474    00000024     Lab2_Ex2new_pe674.oe674 (.const:ti_sysbios_gates_GateMutex_Module__FXNS__C)
                  11824498    00000018     ColorLCD.obj (.const:$P$T0$1)
                  118244b0    00000018     ti.targets.rts6000.ae674 : System.oe674 (.const:.string)
                  118244c8    00000018     Lab2_Ex2new_pe674.oe674 (.const:xdc_runtime_Startup_sfxnRts__A)
                  118244e0    00000010     evmomapl138_bsl.lib : evmomapl138_uart.obj (.const:.string)
                  118244f0    00000008     Lab2_Ex2new_pe674.oe674 (.const:xdc_runtime_Startup_firstFxns__A)
                  118244f8    00000008     Lab2_Ex2new_pe674.oe674 (.const:xdc_runtime_Startup_firstFxns__C)
                  11824500    00000008     Lab2_Ex2new_pe674.oe674 (.const:xdc_runtime_Startup_lastFxns__C)
                  11824508    00000004     Ladar.obj (.const:.string:$P$T0$1)
                  1182450c    00000004     Lab2_Ex2new_pe674.oe674 (.const:ti_sysbios_family_c64p_Cache_EMIFA_LENGTH__C)
                  11824510    00000004     Lab2_Ex2new_pe674.oe674 (.const:ti_sysbios_family_c64p_Cache_EMIFB_BASE__C)
                  11824514    00000004     Lab2_Ex2new_pe674.oe674 (.const:ti_sysbios_family_c64p_Cache_EMIFB_CFG__C)
                  11824518    00000004     Lab2_Ex2new_pe674.oe674 (.const:ti_sysbios_family_c64p_Cache_EMIFB_LENGTH__C)
                  1182451c    00000004     Lab2_Ex2new_pe674.oe674 (.const:ti_sysbios_family_c64p_Cache_EMIFC_BASE__C)
                  11824520    00000004     Lab2_Ex2new_pe674.oe674 (.const:ti_sysbios_family_c64p_Cache_EMIFC_CFG__C)
                  11824524    00000004     Lab2_Ex2new_pe674.oe674 (.const:ti_sysbios_family_c64p_Cache_EMIFC_LENGTH__C)
                  11824528    00000004     Lab2_Ex2new_pe674.oe674 (.const:ti_sysbios_family_c64p_Cache_E_invalidL1CacheSize__C)
                  1182452c    00000004     Lab2_Ex2new_pe674.oe674 (.const:ti_sysbios_family_c64p_Cache_E_invalidL2CacheSize__C)
                  11824530    00000004     Lab2_Ex2new_pe674.oe674 (.const:ti_sysbios_family_c64p_Cache_MAR0_31__C)
                  11824534    00000004     Lab2_Ex2new_pe674.oe674 (.const:ti_sysbios_family_c64p_Cache_MAR128_159__C)
                  11824538    00000004     Lab2_Ex2new_pe674.oe674 (.const:ti_sysbios_family_c64p_Cache_MAR160_191__C)
                  1182453c    00000004     Lab2_Ex2new_pe674.oe674 (.const:ti_sysbios_family_c64p_Cache_MAR192_223__C)
                  11824540    00000004     Lab2_Ex2new_pe674.oe674 (.const:ti_sysbios_family_c64p_Cache_MAR224_255__C)
                  11824544    00000004     Lab2_Ex2new_pe674.oe674 (.const:ti_sysbios_family_c64p_Cache_MAR32_63__C)
                  11824548    00000004     Lab2_Ex2new_pe674.oe674 (.const:ti_sysbios_family_c64p_Cache_MAR64_95__C)
                  1182454c    00000004     Lab2_Ex2new_pe674.oe674 (.const:ti_sysbios_family_c64p_Cache_MAR96_127__C)
                  11824550    00000004     Lab2_Ex2new_pe674.oe674 (.const:ti_sysbios_family_c64p_Exception_E_exceptionMax__C)
                  11824554    00000004     Lab2_Ex2new_pe674.oe674 (.const:ti_sysbios_family_c64p_Exception_exceptionHook__C)
                  11824558    00000004     Lab2_Ex2new_pe674.oe674 (.const:ti_sysbios_family_c64p_Exception_externalHook__C)
                  1182455c    00000004     Lab2_Ex2new_pe674.oe674 (.const:ti_sysbios_family_c64p_Exception_internalHook__C)
                  11824560    00000004     Lab2_Ex2new_pe674.oe674 (.const:ti_sysbios_family_c64p_Exception_nmiHook__C)
                  11824564    00000004     Lab2_Ex2new_pe674.oe674 (.const:ti_sysbios_gates_GateMutex_Instance_State_sem__O)
                  11824568    00000004     Lab2_Ex2new_pe674.oe674 (.const:ti_sysbios_hal_Hwi_E_stackOverflow__C)
                  1182456c    00000004     Lab2_Ex2new_pe674.oe674 (.const:ti_sysbios_heaps_HeapMem_E_memory__C)
                  11824570    00000004     Lab2_Ex2new_pe674.oe674 (.const:ti_sysbios_heaps_HeapMem_Module__gateObj__C)
                  11824574    00000004     Lab2_Ex2new_pe674.oe674 (.const:ti_sysbios_heaps_HeapMem_Object__count__C)
                  11824578    00000004     Lab2_Ex2new_pe674.oe674 (.const:ti_sysbios_heaps_HeapMem_Object__table__C)
                  1182457c    00000004     Lab2_Ex2new_pe674.oe674 (.const:ti_sysbios_knl_Clock_Module_State_clockQ__O)
                  11824580    00000004     Lab2_Ex2new_pe674.oe674 (.const:ti_sysbios_knl_Idle_funcList__A)
                  11824584    00000004     Lab2_Ex2new_pe674.oe674 (.const:ti_sysbios_knl_Semaphore_Instance_State_pendQ__O)
                  11824588    00000004     Lab2_Ex2new_pe674.oe674 (.const:ti_sysbios_knl_Swi_Object__count__C)
                  1182458c    00000004     Lab2_Ex2new_pe674.oe674 (.const:ti_sysbios_knl_Swi_Object__table__C)
                  11824590    00000004     Lab2_Ex2new_pe674.oe674 (.const:ti_sysbios_knl_Task_E_spOutOfBounds__C)
                  11824594    00000004     Lab2_Ex2new_pe674.oe674 (.const:ti_sysbios_knl_Task_E_stackOverflow__C)
                  11824598    00000004     Lab2_Ex2new_pe674.oe674 (.const:ti_sysbios_knl_Task_Module_State_inactiveQ__O)
                  1182459c    00000004     Lab2_Ex2new_pe674.oe674 (.const:ti_sysbios_knl_Task_Object__count__C)
                  118245a0    00000004     Lab2_Ex2new_pe674.oe674 (.const:ti_sysbios_knl_Task_Object__table__C)
                  118245a4    00000004     Lab2_Ex2new_pe674.oe674 (.const:ti_sysbios_knl_Task_allBlockedFunc__C)
                  118245a8    00000004     Lab2_Ex2new_pe674.oe674 (.const:ti_sysbios_knl_Task_numConstructedTasks__C)
                  118245ac    00000004     Lab2_Ex2new_pe674.oe674 (.const:ti_sysbios_timers_timer64_Timer_E_cannotSupport__C)
                  118245b0    00000004     Lab2_Ex2new_pe674.oe674 (.const:ti_sysbios_timers_timer64_Timer_anyMaskHigh__C)
                  118245b4    00000004     Lab2_Ex2new_pe674.oe674 (.const:ti_sysbios_timers_timer64_Timer_anyMask__C)
                  118245b8    00000004     Lab2_Ex2new_pe674.oe674 (.const:ti_sysbios_timers_timer64_Timer_freqDivisor__C)
                  118245bc    00000004     Lab2_Ex2new_pe674.oe674 (.const:ti_sysbios_timers_timer64_Timer_numLocalTimers__C)
                  118245c0    00000004     Lab2_Ex2new_pe674.oe674 (.const:ti_sysbios_timers_timer64_Timer_numTimerDevices__C)
                  118245c4    00000004     Lab2_Ex2new_pe674.oe674 (.const:xdc_runtime_Assert_E_assertFailed__C)
                  118245c8    00000004     Lab2_Ex2new_pe674.oe674 (.const:xdc_runtime_Error_E_memory__C)
                  118245cc    00000004     Lab2_Ex2new_pe674.oe674 (.const:xdc_runtime_Error_Module__diagsEnabled__C)
                  118245d0    00000004     Lab2_Ex2new_pe674.oe674 (.const:xdc_runtime_Error_Module__diagsIncluded__C)
                  118245d4    00000004     Lab2_Ex2new_pe674.oe674 (.const:xdc_runtime_Error_Module__diagsMask__C)
                  118245d8    00000004     Lab2_Ex2new_pe674.oe674 (.const:xdc_runtime_Error_Module__loggerFxn8__C)
                  118245dc    00000004     Lab2_Ex2new_pe674.oe674 (.const:xdc_runtime_Error_Module__loggerObj__C)
                  118245e0    00000004     Lab2_Ex2new_pe674.oe674 (.const:xdc_runtime_Error_policyFxn__C)
                  118245e4    00000004     Lab2_Ex2new_pe674.oe674 (.const:xdc_runtime_Error_policy__C)
                  118245e8    00000004     Lab2_Ex2new_pe674.oe674 (.const:xdc_runtime_Error_raiseHook__C)
                  118245ec    00000004     Lab2_Ex2new_pe674.oe674 (.const:xdc_runtime_IFilterLogger_Interface__BASE__C)
                  118245f0    00000004     Lab2_Ex2new_pe674.oe674 (.const:xdc_runtime_IGateProvider_Interface__BASE__C)
                  118245f4    00000004     Lab2_Ex2new_pe674.oe674 (.const:xdc_runtime_IHeap_Interface__BASE__C)
                  118245f8    00000004     Lab2_Ex2new_pe674.oe674 (.const:xdc_runtime_ILogger_Interface__BASE__C)
                  118245fc    00000004     Lab2_Ex2new_pe674.oe674 (.const:xdc_runtime_IModule_Interface__BASE__C)
                  11824600    00000004     Lab2_Ex2new_pe674.oe674 (.const:xdc_runtime_Log_L_error__C)
                  11824604    00000004     Lab2_Ex2new_pe674.oe674 (.const:xdc_runtime_LoggerBuf_E_badLevel__C)
                  11824608    00000004     Lab2_Ex2new_pe674.oe674 (.const:xdc_runtime_LoggerBuf_Module__gateObj__C)
                  1182460c    00000004     Lab2_Ex2new_pe674.oe674 (.const:xdc_runtime_LoggerBuf_Object__count__C)
                  11824610    00000004     Lab2_Ex2new_pe674.oe674 (.const:xdc_runtime_LoggerBuf_Object__table__C)
                  11824614    00000004     Lab2_Ex2new_pe674.oe674 (.const:xdc_runtime_LoggerBuf_statusLogger__C)
                  11824618    00000004     Lab2_Ex2new_pe674.oe674 (.const:xdc_runtime_Memory_defaultHeapInstance__C)
                  1182461c    00000004     Lab2_Ex2new_pe674.oe674 (.const:xdc_runtime_Startup_execImpl__C)
                  11824620    00000004     Lab2_Ex2new_pe674.oe674 (.const:xdc_runtime_Startup_maxPasses__C)
                  11824624    00000004     Lab2_Ex2new_pe674.oe674 (.const:xdc_runtime_Startup_sfxnRts__C)
                  11824628    00000004     Lab2_Ex2new_pe674.oe674 (.const:xdc_runtime_Startup_sfxnTab__C)
                  1182462c    00000004     Lab2_Ex2new_pe674.oe674 (.const:xdc_runtime_Startup_startModsFxn__C)
                  11824630    00000004     Lab2_Ex2new_pe674.oe674 (.const:xdc_runtime_SysMin_bufSize__C)
                  11824634    00000004     Lab2_Ex2new_pe674.oe674 (.const:xdc_runtime_SysMin_outputFunc__C)
                  11824638    00000004     Lab2_Ex2new_pe674.oe674 (.const:xdc_runtime_System_Module__gateObj__C)
                  1182463c    00000004     Lab2_Ex2new_pe674.oe674 (.const:xdc_runtime_System_abortFxn__C)
                  11824640    00000004     Lab2_Ex2new_pe674.oe674 (.const:xdc_runtime_System_exitFxn__C)
                  11824644    00000004     Lab2_Ex2new_pe674.oe674 (.const:xdc_runtime_System_extendFxn__C)
                  11824648    00000004     Lab2_Ex2new_pe674.oe674 (.const:xdc_runtime_System_maxAtexitHandlers__C)
                  1182464c    00000004     Lab2_Ex2new_pe674.oe674 (.const:xdc_runtime_Text_charTab__C)
                  11824650    00000004     Lab2_Ex2new_pe674.oe674 (.const:xdc_runtime_Text_nodeTab__C)
                  11824654    00000004     Lab2_Ex2new_pe674.oe674 (.const:xdc_runtime_Text_visitRopeFxn__C)
                  11824658    00000002     Lab2_Ex2new_pe674.oe674 (.const:ti_sysbios_family_c64p_Exception_Module__id__C)
                  1182465a    00000002     Lab2_Ex2new_pe674.oe674 (.const:ti_sysbios_family_c64p_Exception_useInternalBuffer__C)
                  1182465c    00000002     Lab2_Ex2new_pe674.oe674 (.const:ti_sysbios_hal_Hwi_Module__id__C)
                  1182465e    00000002     Lab2_Ex2new_pe674.oe674 (.const:ti_sysbios_heaps_HeapMem_Module__id__C)
                  11824660    00000002     Lab2_Ex2new_pe674.oe674 (.const:ti_sysbios_knl_Task_Module__id__C)
                  11824662    00000002     Lab2_Ex2new_pe674.oe674 (.const:ti_sysbios_timers_timer64_Timer_Module__id__C)
                  11824664    00000002     Lab2_Ex2new_pe674.oe674 (.const:ti_sysbios_timers_timer64_Timer_startupNeeded__C)
                  11824666    00000002     Lab2_Ex2new_pe674.oe674 (.const:ti_sysbios_timers_timer64_Timer_useTimer64pRegMap__C)
                  11824668    00000002     Lab2_Ex2new_pe674.oe674 (.const:xdc_runtime_Error_Module__loggerDefined__C)
                  1182466a    00000002     Lab2_Ex2new_pe674.oe674 (.const:xdc_runtime_Error_maxDepth__C)
                  1182466c    00000002     Lab2_Ex2new_pe674.oe674 (.const:xdc_runtime_LoggerBuf_Module__id__C)
                  1182466e    00000002     Lab2_Ex2new_pe674.oe674 (.const:xdc_runtime_LoggerBuf_filterByLevel__C)
                  11824670    00000002     Lab2_Ex2new_pe674.oe674 (.const:xdc_runtime_Memory_Module__id__C)
                  11824672    00000002     Lab2_Ex2new_pe674.oe674 (.const:xdc_runtime_SysMin_flushAtExit__C)
                  11824674    00000002     Lab2_Ex2new_pe674.oe674 (.const:xdc_runtime_Text_isLoaded__C)
                  11824676    00000002     Lab2_Ex2new_pe674.oe674 (.const:xdc_runtime_Text_registryModsLastId__C)
                  11824678    00000002     Lab2_Ex2new_pe674.oe674 (.const:xdc_runtime_Text_unnamedModsLastId__C)

.fardata   0    11826680    00000e64     UNINITIALIZED
                  11826680    0000025c     ColorVision.obj (.fardata:PRUCode)
                  118268dc    00000004     rts6740_elf.lib : _lock.obj (.fardata:_lock)
                  118268e0    000001e0                     : defs.obj (.fardata:_ftable)
                  11826ac0    00000170     Lab2_Ex2new_pe674.oe674 (.fardata:ti_sysbios_knl_Task_Object__table__V)
                  11826c30    000000c0     Lab2_Ex2new_pe674.oe674 (.fardata:ti_sysbios_knl_Swi_Object__table__V)
                  11826cf0    000000a0     rts6740_elf.lib : write.obj (.fardata:_stream)
                  11826d90    00000080     Lab2_Ex2new_pe674.oe674 (.fardata:ti_sysbios_knl_Swi_Module_State_0_readyQ__A)
                  11826e10    00000080     Lab2_Ex2new_pe674.oe674 (.fardata:ti_sysbios_knl_Task_Module_State_0_readyQ__A)
                  11826e90    00000078     rts6740_elf.lib : write.obj (.fardata:_device)
                  11826f08    00000078     Lab2_Ex2new_pe674.oe674 (.fardata:ti_sysbios_family_c64p_Hwi_Object__table__V)
                  11826f80    0000006c     Lab2_Ex2new_pe674.oe674 (.fardata:ti_sysbios_family_c64p_Hwi_Module__state__V)
                  11826fec    00000004     rts6740_elf.lib : _lock.obj (.fardata:_unlock)
                  11826ff0    00000060     Lab2_Ex2new_pe674.oe674 (.fardata:ti_sysbios_knl_Clock_Object__table__V)
                  11827050    00000060     Lab2_Ex2new_pe674.oe674 (.fardata:ti_sysbios_timers_timer64_Timer_Module_State_0_device__A)
                  118270b0    00000050     Ladar.obj (.fardata:cornersX)
                  11827100    00000050     Ladar.obj (.fardata:cornersY)
                  11827150    00000050     Lab2_Ex2new_pe674.oe674 (.fardata:ti_sysbios_timers_timer64_Timer_Object__table__V)
                  118271a0    00000048     Lab2_Ex2new_pe674.oe674 (.fardata:ti_sysbios_knl_Task_Module__state__V)
                  118271e8    00000040     rts6740_elf.lib : cos.obj (.fardata:R$1)
                  11827228    00000040                     : sin.obj (.fardata:R$1)
                  11827268    00000040     Lab2_Ex2new_pe674.oe674 (.fardata:ti_sysbios_gates_GateMutex_Object__table__V)
                  118272a8    00000030     Lab2_Ex2new_pe674.oe674 (.fardata:ti_sysbios_family_c64p_Exception_Module__state__V)
                  118272d8    0000002c     Lab2_Ex2new_pe674.oe674 (.fardata:ti_sysbios_knl_Clock_Module__state__V)
                  11827304    00000004     rts6740_elf.lib : defs.obj (.fardata)
                  11827308    00000028     Lab2_Ex2new_pe674.oe674 (.fardata:ti_sysbios_hal_Hwi_Object__table__V)
                  11827330    00000024     Lab2_Ex2new_pe674.oe674 (.fardata:ti_sysbios_BIOS_Module__state__V)
                  11827354    00000004     rts6740_elf.lib : errno.obj (.fardata)
                  11827358    00000024     Lab2_Ex2new_pe674.oe674 (.fardata:xdc_runtime_LoggerBuf_Object__table__V)
                  1182737c    00000004     Lab2_Ex2new_pe674.oe674 (.fardata:ti_sysbios_family_c64p_Cache_Module__state__V)
                  11827380    00000020     Lab2_Ex2new_pe674.oe674 (.fardata:ti_sysbios_timers_timer64_Timer_Module_State_0_gctrl__A)
                  118273a0    00000020     Lab2_Ex2new_pe674.oe674 (.fardata:ti_sysbios_timers_timer64_Timer_Module_State_0_handles__A)
                  118273c0    00000020     Lab2_Ex2new_pe674.oe674 (.fardata:ti_sysbios_timers_timer64_Timer_Module_State_0_intFreqs__A)
                  118273e0    00000020     Lab2_Ex2new_pe674.oe674 (.fardata:xdc_runtime_Error_IgnoreBlock)
                  11827400    0000001c     Lab2_Ex2new_pe674.oe674 (.fardata:ti_sysbios_knl_Swi_Module__state__V)
                  1182741c    00000004     Lab2_Ex2new_pe674.oe674 (.fardata:ti_sysbios_family_c64p_primus_TimerSupport_Module__state__V)
                  11827420    00000018     Lab2_Ex2new_pe674.oe674 (.fardata:ti_sysbios_heaps_HeapMem_Object__table__V)
                  11827438    00000018     Lab2_Ex2new_pe674.oe674 (.fardata:ti_sysbios_knl_Semaphore_Object__table__V)
                  11827450    00000018     Lab2_Ex2new_pe674.oe674 (.fardata:ti_sysbios_timers_timer64_Timer_Module__state__V)
                  11827468    00000010     rts6740_elf.lib : cosf.obj (.fardata:R$1)
                  11827478    00000010                     : sinf.obj (.fardata:R$1)
                  11827488    00000010     Lab2_Ex2new_pe674.oe674 (.fardata:xdc_runtime_System_Module_State_0_atexitHandlers__A)
                  11827498    0000000c     rts6740_elf.lib : exit.obj (.fardata)
                  118274a4    0000000c     Lab2_Ex2new_pe674.oe674 (.fardata:xdc_runtime_SysMin_Module__state__V)
                  118274b0    00000008     Lab2_Ex2new_pe674.oe674 (.fardata:ti_sysbios_family_c64p_primus_TimerSupport_Module_State_0_suspSrc__A)
                  118274b8    00000008     Lab2_Ex2new_pe674.oe674 (.fardata:xdc_runtime_Registry_Module__state__V)
                  118274c0    00000008     Lab2_Ex2new_pe674.oe674 (.fardata:xdc_runtime_Startup_Module__state__V)
                  118274c8    00000008     Lab2_Ex2new_pe674.oe674 (.fardata:xdc_runtime_System_Module__state__V)
                  118274d0    00000006     Lab2_Ex2new_pe674.oe674 (.fardata:xdc_runtime_LoggerBuf_Module__state__V)
                  118274d6    00000002     Lab2_Ex2new_pe674.oe674 (.fardata:xdc_runtime_Error_Module__state__V)
                  118274d8    00000004     Lab2_Ex2new_pe674.oe674 (.fardata:ti_sysbios_gates_GateHwi_Object__table__V)
                  118274dc    00000004     Lab2_Ex2new_pe674.oe674 (.fardata:xdc_runtime_Memory_Module__state__V)
                  118274e0    00000004     Lab2_Ex2new_pe674.oe674 (.fardata:ti_sysbios_knl_Task_Module_State_0_idleTask__A)

.switch    0    11827778    0000007c     
                  11827778    00000038     rts6740_elf.lib : _printfi.obj (.switch:__TI_printfi)
                  118277b0    00000024     evmomapl138_bsl.lib : evmomapl138_gpio.obj (.switch:getRegisterBankAndBit)
                  118277d4    00000010                         : evmomapl138_spi.obj (.switch:SPI_init)
                  118277e4    00000010     ColorVision.obj (.switch:userProcessColorImageFunc_laser)

.cio       0    11827a00    00000120     UNINITIALIZED
                  11827a00    00000120     rts6740_elf.lib : trgmsg.obj (.cio)

MODULE SUMMARY

       Module                     code     ro data   rw data
       ------                     ----     -------   -------
    .\
       Ladar.obj                  7968     72        5718   
       ColorVision.obj            4832     16        6908   
       user_Lab2_Ex2new.obj       5440     56        4624   
       COECSL_edma3.obj           1216     0         4136   
       ColorLCD.obj               2400     24        11     
       COECSL_mcbsp.obj           1664     0         300    
       LCDprintf.obj              416      0         8      
       pru.obj                    256      0         0      
    +--+--------------------------+--------+---------+---------+
       Total:                     24192    168       21705  
                                                            
    C:\hzhou39_decamar2_ashwina2\SE423Repo\Labs\Lab2_Ex2new\Lab2_Ex2newProject\Debug\configPkg\package\cfg\
       Lab2_Ex2new_pe674.oe674    4608     7528      17428  
    +--+--------------------------+--------+---------+---------+
       Total:                     4608     7528      17428  
                                                            
    C:/hzhou39_decamar2_ashwina2/SE423Repo/LabFiles/bsl_forSYSBIOS/lib/evmomapl138_bsl.lib
       evmomapl138.obj            4064     192       0      
       evmomapl138_vpif.obj       1920     0         0      
       evmomapl138_i2c.obj        1376     0         4      
       evmomapl138_uart.obj       1344     16        0      
       evmomapl138_i2c_gpio.obj   1344     0         0      
       evmomapl138_spi.obj        1184     16        0      
       evmomapl138_gpio.obj       1152     36        0      
       evmomapl138_timer.obj      384      0         0      
    +--+--------------------------+--------+---------+---------+
       Total:                     12768    260       4      
                                                            
    C:\CCStudio_v8\bios_6_70_01_03\packages\ti\targets\rts6000\lib\boot.ae674
       autoinit.oe674             288      0         0      
       boot.oe674                 160      0         0      
    +--+--------------------------+--------+---------+---------+
       Total:                     448      0         0      
                                                            
    C:\CCStudio_v8\bios_6_70_01_03\packages\ti\targets\rts6000\lib\ti.targets.rts6000.ae674
       System.oe674               3232     24        0      
       LoggerBuf.oe674            2400     0         0      
       Text.oe674                 1728     64        0      
       Error.oe674                1152     88        0      
       Startup.oe674              896      44        0      
       SysMin.oe674               704      0         0      
       Memory.oe674               320      0         0      
       Gate.oe674                 64       0         0      
       Registry.oe674             64       0         0      
    +--+--------------------------+--------+---------+---------+
       Total:                     10560    220       0      
                                                            
    C:\CCStudio_v8\ccsv8\tools\compiler\ti-cgt-c6000_8.2.2\lib\rts6740_elf.lib
       _printfi.obj               13504    92        0      
       divd.obj                   1472     0         0      
       fputs.obj                  992      0         0      
       cos.obj                    800      0         64     
       fmodf.obj                  864      0         0      
       defs.obj                   0        0         804    
       sin.obj                    736      0         64     
       imath64.obj                704      0         0      
       divf.obj                   672      0         0      
       cosf.obj                   640      0         16     
       sinf.obj                   608      0         16     
       fputc.obj                  544      0         0      
       setvbuf.obj                544      0         0      
       trgmsg.obj                 224      0         288    
       frexp.obj                  448      0         0      
       getdevice.obj              448      0         0      
       imath40.obj                448      0         0      
       frexpf.obj                 416      0         0      
       hostrename.obj             416      0         0      
       ldexp.obj                  384      0         0      
       ldexpf.obj                 384      0         0      
       write.obj                  96       0         280    
       fclose.obj                 320      0         0      
       copy_decompress_rle.obj    288      0         0      
       fseek.obj                  288      0         0      
       printf.obj                 288      0         0      
       exit.obj                   256      0         12     
       ctype.obj                  0        257       0      
       _io_perm.obj               256      0         0      
       atoi.obj                   256      0         0      
       hostopen.obj               224      0         8      
       close.obj                  224      0         0      
       divi.obj                   224      0         0      
       hostlseek.obj              224      0         0      
       hostwrite.obj              224      0         0      
       llshift.obj                224      0         0      
       ltoa.obj                   224      0         0      
       memset.obj                 224      0         0      
       divu.obj                   192      0         0      
       fflush.obj                 192      0         0      
       hostread.obj               192      0         0      
       hostunlink.obj             192      0         0      
       sprintf.obj                192      0         0      
       tls.obj                    192      0         0      
       fopen.obj                  160      0         0      
       hostclose.obj              160      0         0      
       memcpy64.obj               160      0         0      
       modf.obj                   160      0         0      
       remu.obj                   160      0         0      
       round.obj                  160      0         0      
       vsprintf.obj               160      0         0      
       roundf.obj                 128      0         0      
       unlink.obj                 128      0         0      
       _lock.obj                  96       0         8      
       lseek.obj                  96       0         0      
       memccpy.obj                96       0         0      
       modff.obj                  96       0         0      
       args_main.obj              64       0         0      
       frcmpyd_div.obj            64       0         0      
       isinf.obj                  64       0         0      
       errno.obj                  32       0         4      
       copy_decompress_none.obj   32       0         0      
       trunc.obj                  32       0         0      
       truncf.obj                 32       0         0      
    +--+--------------------------+--------+---------+---------+
       Total:                     32320    349       1564   
                                                            
    C:\hzhou39_decamar2_ashwina2\SE423Repo\Labs\Lab2_Ex2new\SYSBIOS\src\sysbios\sysbios.ae674
       BIOS.obj                   17632    1304      0      
       c64p_Hwi_disp_always.obj   512      0         0      
       c64p_Exception_asm.obj     384      0         0      
       c62_TaskSupport_asm.obj    224      0         0      
       c64p_Hwi_asm_switch.obj    192      0         0      
    +--+--------------------------+--------+---------+---------+
       Total:                     18944    1304      0      
                                                            
       Stack:                     0        0         8192   
       Linker Generated:          0        2496      0      
    +--+--------------------------+--------+---------+---------+
       Grand Total:               103840   12325     48893  


LINKER GENERATED COPY TABLES

__TI_cinit_table @ 118284b0 records: 6, size/record: 8, table size: 48
	.fardata: load addr=11827b20, load size=000008d0 bytes, run addr=11826680, run size=00000e64 bytes, compression=rle
	.neardata: load addr=118283f0, load size=0000005d bytes, run addr=11827550, run size=000001ef bytes, compression=rle
	.rodata: load addr=1182844d, load size=0000003e bytes, run addr=11827740, run size=00000038 bytes, compression=rle
	.far.1: load addr=1182848b, load size=0000000b bytes, run addr=11819400, run size=00008cc0 bytes, compression=rle
	.bss: load addr=11828496, load size=00000009 bytes, run addr=118274e4, run size=0000006c bytes, compression=rle
	.far.2: load addr=1182849f, load size=00000009 bytes, run addr=11822100, run size=00000068 bytes, compression=rle


LINKER GENERATED HANDLER TABLE

__TI_handler_table @ 118284a8 records: 2, size/record: 4, table size: 8
	index: 0, handler: __TI_decompress_rle24
	index: 1, handler: __TI_decompress_none


GLOBAL SYMBOLS: SORTED ALPHABETICALLY BY Name 

address   name                                                                
-------   ----                                                                
1180034c  Bresenhamline                                                       
118189e0  C$$EXIT                                                             
11817438  C$$IO$$                                                             
11827744  CLK_addtime                                                         
1182776c  CLK_lcd                                                             
11827748  CLK_startMcBSP                                                      
11827594  Cdifference                                                         
11805164  Check_Equivalency                                                   
11804f0c  ComWithLinux                                                        
1180be6c  EDMA3_0_ISR                                                         
118274e8  EDMA3_0_Regs                                                        
1180bd80  EDMA3_1_ISR                                                         
118274ec  EDMA3_1_Regs                                                        
118072f0  EVMOMAPL138_enableDsp                                               
11806c6c  EVMOMAPL138_init                                                    
11806ae8  EVMOMAPL138_initRAM                                                 
118069ec  EVMOMAPL138_lpscTransition                                          
118069a0  EVMOMAPL138_pinmuxConfig                                            
11827628  F28335_Extra1                                                       
1182762c  F28335_Extra2                                                       
11827630  F28335_Extra3                                                       
11827634  F28335_Extra4                                                       
118051e4  Fix_Equivalency                                                     
1180ca08  GPIO_getInput                                                       
1180c9a0  GPIO_getOutput                                                      
1180c744  GPIO_setDir                                                         
1180c7b0  GPIO_setOutput                                                      
1180c820  GPIO_toggleLoop                                                     
11815d00  HOSTclose                                                           
118144a0  HOSTlseek                                                           
11814580  HOSTopen                                                            
118151c0  HOSTread                                                            
118119a0  HOSTrename                                                          
11815280  HOSTunlink                                                          
11814660  HOSTwrite                                                           
11827758  HWI4_VPIF95                                                         
11827760  HWI5_EDMA3_1                                                        
1182775c  HWI7_PRU6                                                           
1182774c  HWI8_EDMA3_0                                                        
1180b10c  I2CGPIO_getInput                                                    
1180afb0  I2CGPIO_getInputAll                                                 
1180aec4  I2CGPIO_init                                                        
1180ad90  I2CGPIO_setOutput                                                   
1180ad20  I2CGPIO_setOutputAll                                                
1180a7c0  I2C_init                                                            
1180aa40  I2C_read                                                            
1180a8cc  I2C_write                                                           
118274f0  Image_data                                                          
11801930  LADAR_Get_and_Process_Scan                                          
118012ec  LADAR_scan                                                          
11801080  LADAR_sendG                                                         
1181f578  LADARangle                                                          
11827690  LADARcenterFt                                                       
1181f960  LADARdataX                                                          
1181fd48  LADARdataY                                                          
11801470  LADARdetections2xy                                                  
11820130  LADARdistance                                                       
1181e800  LADARinBuffer                                                       
1182768c  LADARleftFt                                                         
11821fc0  LADARoutBuffer                                                      
1182765c  LADARprocess                                                        
11821ff4  LADARps                                                             
11827658  LADARready                                                          
11827694  LADARrightFt                                                        
11801e54  LADARtask                                                           
11807958  LCD                                                                 
11811c8c  LCDPrintfLine                                                       
118274f4  LCD_Image                                                           
118274f8  LCD_mem                                                             
118002e8  LCD_saturate                                                        
11804f00  LCD_screen                                                          
11827730  LCDnewMsgLine1                                                      
11827734  LCDnewMsgLine2                                                      
11811b40  LCDvPrintfLine                                                      
118274fc  Linux_Image                                                         
11827710  McBSPrecerror                                                       
118276f0  MySize                                                              
11821d98  MyString                                                            
1182209c  OPTITRACKps                                                         
11821fe0  Optitrackdata                                                       
11826680  PRUCode                                                             
118063e0  PRU_HWI                                                             
11813f24  PRU_load                                                            
11813f00  PRU_reset                                                           
11813f10  PRU_restart                                                         
11813ef0  PRU_run                                                             
11813eac  PRU_stop                                                            
[...]
11826ac0  ti_sysbios_knl_Task_Object__table__V                                
11826c30  ti_sysbios_knl_Swi_Object__table__V                                 
11826cf0  _stream                                                             
11826d90  ti_sysbios_knl_Swi_Module_State_0_readyQ__A                         
11826e10  ti_sysbios_knl_Task_Module_State_0_readyQ__A                        
11826e90  _device                                                             
11826f08  ti_sysbios_family_c64p_Hwi_Object__table__V                         
11826f80  ti_sysbios_family_c64p_Hwi_Module__state__V                         
11826fec  _unlock                                                             
11826ff0  ti_sysbios_knl_Clock_Object__table__V                               
11827050  ti_sysbios_timers_timer64_Timer_Module_State_0_device__A            
118270b0  cornersX                                                            
11827100  cornersY                                                            
11827150  ti_sysbios_timers_timer64_Timer_Object__table__V                    
118271a0  ti_sysbios_knl_Task_Module__state__V                                
11827268  ti_sysbios_gates_GateMutex_Object__table__V                         
118272a8  ti_sysbios_family_c64p_Exception_Module__state__V                   
118272d8  ti_sysbios_knl_Clock_Module__state__V                               
11827304  __TI_ft_end                                                         
11827308  ti_sysbios_hal_Hwi_Object__table__V                                 
11827330  ti_sysbios_BIOS_Module__state__V                                    
11827354  __errno                                                             
11827354  errno                                                               
11827358  xdc_runtime_LoggerBuf_Object__table__V                              
1182737c  ti_sysbios_family_c64p_Cache_Module__state__V                       
11827380  ti_sysbios_timers_timer64_Timer_Module_State_0_gctrl__A             
118273a0  ti_sysbios_timers_timer64_Timer_Module_State_0_handles__A           
118273c0  ti_sysbios_timers_timer64_Timer_Module_State_0_intFreqs__A          
118273e0  xdc_runtime_Error_IgnoreBlock                                       
11827400  ti_sysbios_knl_Swi_Module__state__V                                 
1182741c  ti_sysbios_family_c64p_primus_TimerSupport_Module__state__V         
11827420  ti_sysbios_heaps_HeapMem_Object__table__V                           
11827438  ti_sysbios_knl_Semaphore_Object__table__V                           
11827450  ti_sysbios_timers_timer64_Timer_Module__state__V                    
11827488  xdc_runtime_System_Module_State_0_atexitHandlers__A                 
11827498  __TI_cleanup_ptr                                                    
1182749c  __TI_dtors_ptr                                                      
118274a0  __TI_enable_exit_profile_output                                     
118274a4  xdc_runtime_SysMin_Module__state__V                                 
118274b0  ti_sysbios_family_c64p_primus_TimerSupport_Module_State_0_suspSrc__A
118274b8  xdc_runtime_Registry_Module__state__V                               
118274c0  xdc_runtime_Startup_Module__state__V                                
118274c8  xdc_runtime_System_Module__state__V                                 
118274d0  xdc_runtime_LoggerBuf_Module__state__V                              
118274d6  xdc_runtime_Error_Module__state__V                                  
118274d8  ti_sysbios_gates_GateHwi_Object__table__V                           
118274dc  xdc_runtime_Memory_Module__state__V                                 
118274e0  ti_sysbios_knl_Task_Module_State_0_idleTask__A                      
118274e4  __TI_STATIC_BASE                                                    
118274e8  EDMA3_0_Regs                                                        
118274ec  EDMA3_1_Regs                                                        
118274f0  Image_data                                                          
118274f4  LCD_Image                                                           
118274f8  LCD_mem                                                             
118274fc  Linux_Image                                                         
11827500  Thres_Image                                                         
11827504  blue                                                                
11827508  c                                                                   
1182750c  cbar                                                                
11827510  current                                                             
11827514  delta                                                               
11827518  green                                                               
1182751c  hue                                                                 
11827520  index                                                               
11827524  k                                                                   
11827528  largest_num_pixels                                                  
1182752c  largest_object                                                      
11827530  min                                                                 
11827534  pic_data                                                            
11827538  ptrshrdmem                                                          
1182753c  r                                                                   
11827540  rbar                                                                
11827544  red                                                                 
11827548  sat                                                                 
1182754c  value                                                               
11827550  updateLCD                                                           
11827554  testvar                                                             
11827558  noimagefound                                                        
1182755c  object_x                                                            
11827560  object_y                                                            
11827564  new_coordata                                                        
11827568  numpels                                                             
1182756c  new_num_found_objects                                               
11827570  new_object_theta                                                    
11827574  new_C20                                                             
11827578  new_C02                                                             
1182757c  top                                                                 
11827580  left                                                                
11827584  num_unique_objects                                                  
11827588  current_object                                                      
1182758c  color                                                               
11827590  color2                                                              
11827594  Cdifference                                                         
11827598  neighbor_type                                                       
1182759c  too_many_objects                                                    
118275a0  object_detected                                                     
118275a4  print_hue                                                           
118275a5  print_sat                                                           
118275a6  print_val                                                           
118275a7  print_r                                                             
118275a8  print_b                                                             
118275a9  print_g                                                             
118275ac  specs_s                                                             
118275b0  specs_srad                                                          
118275b4  specs_v                                                             
118275b8  specs_vrad                                                          
118275bc  specs_h                                                             
118275c0  specs_h2                                                            
118275c4  specs_hrad                                                          
118275c8  VPIF_beginning_line                                                 
118275cc  equivalency                                                         
118275d0  done                                                                
118275d4  f28335RecFirsttime                                                  
118275d8  enc1                                                                
118275dc  enc2                                                                
118275e0  enc3                                                                
118275e4  enc4                                                                
118275e8  compass                                                             
118275ec  switchstate                                                         
118275f0  adcA0                                                               
118275f4  adcB0                                                               
118275f8  adcA1                                                               
118275fc  adcB1                                                               
11827600  adcA2                                                               
11827604  adcB2                                                               
11827608  adcA3                                                               
1182760c  adcB3                                                               
11827610  adcA4                                                               
11827614  adcB4                                                               
11827618  adcA5                                                               
1182761c  adcB5                                                               
11827620  adcA6                                                               
11827624  adcA7                                                               
11827628  F28335_Extra1                                                       
1182762c  F28335_Extra2                                                       
11827630  F28335_Extra3                                                       
11827634  F28335_Extra4                                                       
11827638  new_sendtolinux_F28335_Extra                                        
1182763c  send_F28335_Extra1                                                  
11827640  send_F28335_Extra2                                                  
11827644  send_F28335_Extra3                                                  
11827648  send_F28335_Extra4                                                  
1182764c  num_EDMA3_0                                                         
11827650  numofints                                                           
11827654  scalingLadar                                                        
11827658  LADARready                                                          
1182765c  LADARprocess                                                        
11827660  uart1count                                                          
11827664  numReadings                                                         
11827668  errL                                                                
1182766c  errC                                                                
11827670  errR                                                                
11827674  tLADARleftFt                                                        
11827678  tLADARcenterFt                                                      
1182767c  tLADARrightFt                                                       
11827680  cPrevLADARdata                                                      
11827681  cLADARdata                                                          
11827684  iLADARrcv                                                           
11827688  cCommandName                                                        
1182768c  LADARleftFt                                                         
11827690  LADARcenterFt                                                       
11827694  LADARrightFt                                                        
11827698  numreadings_lastscan                                                
1182769c  startAngle                                                          
118276a0  stepSize                                                            
118276a4  newLADARdata                                                        
118276a8  robotX                                                              
118276ac  robotY                                                              
118276b0  robotT                                                              
118276b4  tempSign                                                            
118276b8  tempOff                                                             
118276bc  vref                                                                
118276c0  turn                                                                
118276c4  tskcount                                                            
118276c8  trackableIDerror                                                    
118276cc  firstdata                                                           
118276d0  new_optitrack                                                       
118276d4  previous_frame                                                      
118276d8  frame_error                                                         
118276dc  temp_theta                                                          
118276e0  tempOPTITRACK_theta                                                 
118276e4  temp_trackableID                                                    
118276e8  trackableID                                                         
118276ec  errorcheck                                                          
118276f0  MySize                                                              
118276f4  timer_lcd                                                           
118276f8  i                                                                   
118276fc  semcount                                                            
11827700  timecount                                                           
11827704  whichled                                                            
11827708  servosPosted                                                        
1182770c  newServos                                                           
11827710  McBSPrecerror                                                       
11827714  firsttimeintMCBSPrec                                                
11827718  timeint                                                             
1182771c  mcbspReset                                                          
11827720  testcount                                                           
11827724  danindex                                                            
11827728  firsttimeLine1                                                      
1182772c  firsttimeLine2                                                      
11827730  LCDnewMsgLine1                                                      
11827734  LCDnewMsgLine2                                                      
11827738  bluegain                                                            
1182773c  bkgrnd_red                                                          
1182773d  bkgrnd_green                                                        
1182773e  bkgrnd_blue                                                         
11827740  SWI_RobotControl                                                    
11827744  CLK_addtime                                                         
11827748  CLK_startMcBSP                                                      
1182774c  HWI8_EDMA3_0                                                        
11827750  SWI_LCD                                                             
11827754  SWI_vision                                                          
11827758  HWI4_VPIF95                                                         
1182775c  HWI7_PRU6                                                           
11827760  HWI5_EDMA3_1                                                        
11827764  TASK_ComWithLinux                                                   
11827768  TASK_LADAR                                                          
1182776c  CLK_lcd                                                             
11827770  semtest                                                             
11827774  TASK_Sema                                                           
11827800  ti_sysbios_family_c64p_Hwi0                                         
11827800  ti_sysbios_family_c64p_Hwi_int0                                     
11827820  ti_sysbios_family_c64p_Hwi_int1                                     
11827840  ti_sysbios_family_c64p_Hwi_int2                                     
11827860  ti_sysbios_family_c64p_Hwi_int3                                     
11827880  ti_sysbios_family_c64p_Hwi_int4                                     
118278a0  ti_sysbios_family_c64p_Hwi_int5                                     
118278c0  ti_sysbios_family_c64p_Hwi_int6                                     
118278e0  ti_sysbios_family_c64p_Hwi_int7                                     
11827900  ti_sysbios_family_c64p_Hwi_int8                                     
11827920  ti_sysbios_family_c64p_Hwi_int9                                     
11827940  ti_sysbios_family_c64p_Hwi_int10                                    
11827960  ti_sysbios_family_c64p_Hwi_int11                                    
11827980  ti_sysbios_family_c64p_Hwi_int12                                    
118279a0  ti_sysbios_family_c64p_Hwi_int13                                    
118279c0  ti_sysbios_family_c64p_Hwi_int14                                    
118279e0  ti_sysbios_family_c64p_Hwi_int15                                    
11827a00  __CIOBUF_                                                           
118284a8  __TI_Handler_Table_Base                                             
118284b0  __TI_CINIT_Base                                                     
118284b0  __TI_Handler_Table_Limit                                            
118284e0  __TI_CINIT_Limit                                                    
ffffffff  __TI_pprof_out_hndl                                                 
ffffffff  __TI_prof_data_size                                                 
ffffffff  __TI_prof_data_start                                                
ffffffff  __binit__                                                           
ffffffff  __c_args__                                                          
ffffffff  binit                                                               
UNDEFED   __TI_INITARRAY_Base                                                 
UNDEFED   __TI_INITARRAY_Limit                                                
UNDEFED   __TI_TLS_INIT_Base                                                  
UNDEFED   __TI_TLS_INIT_Limit                                                 

[812 symbols]
